MCMCTREE (paml version 4.10.8.iq2mc, November 2024) AA.dummy.phy


*** Locus 1 ***
    189      1

16CI1f_Psebet                   A
23spal_Amespa2                  A
41K26_Amepic                    A
43assoi_Ameass                  A
59T3_Amedum                     A
AA001_Ameand                    A
AA003_Ameser                    A
AA005_Amespa                    A
AAP07_Aptapt                    A
ADEC02_Amedec                   A
KU201314.1_Thespe               A
KU201316.1_Staspe               A
KX091850.1_Cersau               A
KX091851.1_Creelo               A
KX091854.1_Spiocc2              A
KX091855.1_Hesspe               A
KX091863.1_Physha               A
KX091864.1_Rholat               A
KX434808.1_Miocaf               A
KX434810.1_Miryun               A
KX434811.1_Psewah               A
KX434812.1_Cammou               A
KX434813.1_Mesala2              A
KX434815.1_Gongon               A
KX434816.1_Spiocc               A
KX434817.1_Tausig               A
KX434818.1_Therub               A
KX434819.1_Hiemaj               A
KX434820.1_Iripol               A
KX434821.1_Plispe               A
KX434823.1_Hetspe               A
KX434824.1_Idolat               A
KX434825.1_Emppen               A
KX434826.1_Brubor               A
KX434828.1_Blemen               A
KX434829.1_Thecat               A
KX434830.1_Hiemul               A
KX434834.1_Derdes               A
KX434837.1_Toxhau               A
KX434838.1_Psechl               A
KX434839.1_Popspu               A
KX434840.1_Sphvir               A
KX434841.1_Psespe               A
KX434842.1_Ortmin               A
KX434843.1_Acomul               A
KX434844.1_Decspe               A
KX434845.1_Haavit               A
KX434846.1_Amochi               A
KX434847.1_Psepin2              A
KX434849.1_Themil               A
KX434850.1_Derlob               A
KX434851.1_Pnimed               A
KX434855.1_Propic               A
KX434856.1_Otospe               A
KX434857.1_Humnad2              A
KX434858.1_Neobol               A
KX434859.1_Heshof               A
KX434860.1_Singra               A
KX434861.1_Hymcor               A
KX434862.1_Tarala               A
KX434863.1_Polgri               A
KX434864.1_Idodia               A
KX434867.1_Creapi               A
KX434868.1_Prospe               A
KX434870.1_Pardav               A
KX434871.1_Metspe               A
KX619654.1_Rhospe               A
KY689113.1_Derdes2              A
KY689117.1_Parkuh               A
KY689118.1_Stepor               A
KY689119.1_Physpe               A
KY689125.1_Theele               A
KY689126.1_Calspe               A
KY689128.1_Ambund               A
KY689130.1_Haaspe               A
KY689136.1_Hiedul               A
MG888436.1_Ambpar               A
MG888437.1_Amospe               A
MG888449.1_Hymcor               A
MG888453.1_Leplac               A
MG888455.1_Metspl               A
MG888456.1_Parkuhasi            A
MG888457.1_Pargig               A
MG888464.1_Singua               A
MK400676.1_Erespe               A
MN267041.1_Mekqui               A
MT024239.1_Phybre2              A
MW222469.1_Crespe               A
MW357297.1_Asiyun               A
MW357298.1_Hiespe2              A
MW357300.1_Mesala               A
MW357301.1_Pseper               A
MW357302.1_Stabio               A
MW357303.1_Yermex               A
NC_007702.1_Tamtam              A
NC_009499.1_Retsan              A
NC_012901.1_Blager              A
NC_014274.1_Eupsin              A
NC_015800.1_Copfor              A
NC_018120.1_Masdar              A
NC_024028.1_Lepalb              A
NC_029326.1_Hiefor              A
NC_030264.1_Humnad              A
NC_030265.1_Manrel              A
NC_030266.1_Tensin              A
NC_030267.1_Cregem              A
NC_030268.1_Anazhe              A
NC_034282.1_Rhobra              A
NC_034283.1_Hiepat              A
NC_034284.1_Rhoval              A
NC_037203.1_Amanaw              A
NC_037204.1_Sphlin              A
NC_037205.1_Troten              A
NC_037206.1_Scesim              A
NC_037207.1_Schbic              A
NC_037208.1_Eomyun              A
NC_037234.1_Crejia              A
NC_037235.1_Sibpre              A
NC_037496.1_Crymer              A
NC_037697.1_Parpol              A
NC_039940.1_Perbru              A
NC_045876.1_Psybor              A
NC_048984.1_Hiemem              A
NC_051489.1_Rholon              A
NC_051490.1_Plibim              A
NC_051892.1_Arrpal              A
NC_057070.1_Amohai              A
NC_063851.1_Sinden              A
NC_065745.1_Hiechi              A
NC_065746.1_Hiezha              A
NC_065758.1_Hiemac              A
NC_065759.1_Tenang              A
NC_065760.1_Stamac              A
NC_065761.1_Stafla              A
NC_066978.1_Paragr              A
NC_069808.1_Cilhum              A
NC_069809.1_Citfal              A
NC_069810.1_Dertru              A
NC_069811.1_Pacbic              A
NC_077476.1_Caldia              A
NC_077477.1_Rapfus              A
NC_077478.1_Galamo              A
NC_077479.1_Chestr              A
NC_082459.1_Dippun              A
NC_085562.1_Acrjap              A
NC_086621.1_Otoscu              A
NC_086622.1_Phybre              A
NC_086795.1_Phypar              A
NC_086817.1_Acrhes              A
NC_086818.1_Amawuz              A
NC_086819.1_Hielat              A
NC_086820.1_Staagr              A
NC_086821.1_Psepin              A
NC_086822.1_Anasin              A
NC_086823.1_Thesin              A
NC_086824.1_Physin              A
NC_086825.1_Phywer              A
NC_086826.1_Anatia              A
NC_086827.1_Theoph              A
NC_086828.1_Arrbre              A
NC_086829.1_Arrpur              A
NC_086830.1_Astmaj              A
NC_086831.1_Gonbru              A
NC_086832.1_Themac              A
OK480879.1_Lepton               A
OK542392.1_Hielon               A
OK542393.1_Tenaribre            A
OL414957.1_Staspe2              A
OL414959.1_Hiespe               A
OM177664.1_Gonspe               A
OM202552.1_Tenspe               A
OM202554.1_Anaspe               A
OM202555.1_Anagra               A
OM202561.1_Sinspe               A
OM202562.1_Mirspe               A
OM202563.1_Arrpal2              A
OM202564.1_Thespe               A
OM202571.1_Lepspe               A
OM910846.1_Carspe               A
OZ336339.1_Bolbra               A
PP072306.1_Majmou               A
PP072307.1_Odospe               A
PP438763.1_Astbas               A
PP438765.1_Cermac               A
PP438766.1_Ceryun               A
PP438767.1_Chlles               A
PP438770.1_Panfra               A
PV564197.1_Pselob               A
RBE05_Rivbae                    A



Printing out site pattern counts


       189          1  P

16CI1f_Psebet                   A
23spal_Amespa2                  A
41K26_Amepic                    A
43assoi_Ameass                  A
59T3_Amedum                     A
AA001_Ameand                    A
AA003_Ameser                    A
AA005_Amespa                    A
AAP07_Aptapt                    A
ADEC02_Amedec                   A
KU201314.1_Thespe               A
KU201316.1_Staspe               A
KX091850.1_Cersau               A
KX091851.1_Creelo               A
KX091854.1_Spiocc2              A
KX091855.1_Hesspe               A
KX091863.1_Physha               A
KX091864.1_Rholat               A
KX434808.1_Miocaf               A
KX434810.1_Miryun               A
KX434811.1_Psewah               A
KX434812.1_Cammou               A
KX434813.1_Mesala2              A
KX434815.1_Gongon               A
KX434816.1_Spiocc               A
KX434817.1_Tausig               A
KX434818.1_Therub               A
KX434819.1_Hiemaj               A
KX434820.1_Iripol               A
KX434821.1_Plispe               A
KX434823.1_Hetspe               A
KX434824.1_Idolat               A
KX434825.1_Emppen               A
KX434826.1_Brubor               A
KX434828.1_Blemen               A
KX434829.1_Thecat               A
KX434830.1_Hiemul               A
KX434834.1_Derdes               A
KX434837.1_Toxhau               A
KX434838.1_Psechl               A
KX434839.1_Popspu               A
KX434840.1_Sphvir               A
KX434841.1_Psespe               A
KX434842.1_Ortmin               A
KX434843.1_Acomul               A
KX434844.1_Decspe               A
KX434845.1_Haavit               A
KX434846.1_Amochi               A
KX434847.1_Psepin2              A
KX434849.1_Themil               A
KX434850.1_Derlob               A
KX434851.1_Pnimed               A
KX434855.1_Propic               A
KX434856.1_Otospe               A
KX434857.1_Humnad2              A
KX434858.1_Neobol               A
KX434859.1_Heshof               A
KX434860.1_Singra               A
KX434861.1_Hymcor               A
KX434862.1_Tarala               A
KX434863.1_Polgri               A
KX434864.1_Idodia               A
KX434867.1_Creapi               A
KX434868.1_Prospe               A
KX434870.1_Pardav               A
KX434871.1_Metspe               A
KX619654.1_Rhospe               A
KY689113.1_Derdes2              A
KY689117.1_Parkuh               A
KY689118.1_Stepor               A
KY689119.1_Physpe               A
KY689125.1_Theele               A
KY689126.1_Calspe               A
KY689128.1_Ambund               A
KY689130.1_Haaspe               A
KY689136.1_Hiedul               A
MG888436.1_Ambpar               A
MG888437.1_Amospe               A
MG888449.1_Hymcor               A
MG888453.1_Leplac               A
MG888455.1_Metspl               A
MG888456.1_Parkuhasi            A
MG888457.1_Pargig               A
MG888464.1_Singua               A
MK400676.1_Erespe               A
MN267041.1_Mekqui               A
MT024239.1_Phybre2              A
MW222469.1_Crespe               A
MW357297.1_Asiyun               A
MW357298.1_Hiespe2              A
MW357300.1_Mesala               A
MW357301.1_Pseper               A
MW357302.1_Stabio               A
MW357303.1_Yermex               A
NC_007702.1_Tamtam              A
NC_009499.1_Retsan              A
NC_012901.1_Blager              A
NC_014274.1_Eupsin              A
NC_015800.1_Copfor              A
NC_018120.1_Masdar              A
NC_024028.1_Lepalb              A
NC_029326.1_Hiefor              A
NC_030264.1_Humnad              A
NC_030265.1_Manrel              A
NC_030266.1_Tensin              A
NC_030267.1_Cregem              A
NC_030268.1_Anazhe              A
NC_034282.1_Rhobra              A
NC_034283.1_Hiepat              A
NC_034284.1_Rhoval              A
NC_037203.1_Amanaw              A
NC_037204.1_Sphlin              A
NC_037205.1_Troten              A
NC_037206.1_Scesim              A
NC_037207.1_Schbic              A
NC_037208.1_Eomyun              A
NC_037234.1_Crejia              A
NC_037235.1_Sibpre              A
NC_037496.1_Crymer              A
NC_037697.1_Parpol              A
NC_039940.1_Perbru              A
NC_045876.1_Psybor              A
NC_048984.1_Hiemem              A
NC_051489.1_Rholon              A
NC_051490.1_Plibim              A
NC_051892.1_Arrpal              A
NC_057070.1_Amohai              A
NC_063851.1_Sinden              A
NC_065745.1_Hiechi              A
NC_065746.1_Hiezha              A
NC_065758.1_Hiemac              A
NC_065759.1_Tenang              A
NC_065760.1_Stamac              A
NC_065761.1_Stafla              A
NC_066978.1_Paragr              A
NC_069808.1_Cilhum              A
NC_069809.1_Citfal              A
NC_069810.1_Dertru              A
NC_069811.1_Pacbic              A
NC_077476.1_Caldia              A
NC_077477.1_Rapfus              A
NC_077478.1_Galamo              A
NC_077479.1_Chestr              A
NC_082459.1_Dippun              A
NC_085562.1_Acrjap              A
NC_086621.1_Otoscu              A
NC_086622.1_Phybre              A
NC_086795.1_Phypar              A
NC_086817.1_Acrhes              A
NC_086818.1_Amawuz              A
NC_086819.1_Hielat              A
NC_086820.1_Staagr              A
NC_086821.1_Psepin              A
NC_086822.1_Anasin              A
NC_086823.1_Thesin              A
NC_086824.1_Physin              A
NC_086825.1_Phywer              A
NC_086826.1_Anatia              A
NC_086827.1_Theoph              A
NC_086828.1_Arrbre              A
NC_086829.1_Arrpur              A
NC_086830.1_Astmaj              A
NC_086831.1_Gonbru              A
NC_086832.1_Themac              A
OK480879.1_Lepton               A
OK542392.1_Hielon               A
OK542393.1_Tenaribre            A
OL414957.1_Staspe2              A
OL414959.1_Hiespe               A
OM177664.1_Gonspe               A
OM202552.1_Tenspe               A
OM202554.1_Anaspe               A
OM202555.1_Anagra               A
OM202561.1_Sinspe               A
OM202562.1_Mirspe               A
OM202563.1_Arrpal2              A
OM202564.1_Thespe               A
OM202571.1_Lepspe               A
OM910846.1_Carspe               A
OZ336339.1_Bolbra               A
PP072306.1_Majmou               A
PP072307.1_Odospe               A
PP438763.1_Astbas               A
PP438765.1_Cermac               A
PP438766.1_Ceryun               A
PP438767.1_Chlles               A
PP438770.1_Panfra               A
PV564197.1_Pselob               A
RBE05_Rivbae                    A



Frequencies..
                                    A      R      N      D      C      Q      E      G      H      I      L      K      M      F      P      S      T      W      Y      V
16CI1f_Psebet                  1.00000 0.00000 0.00000 0.00000 0.00000 0.00000 0.00000 0.00000 0.00000 0.00000 0.00000 0.00000 0.00000 0.00000 0.00000 0.00000 0.00000 0.00000 0.00000 0.00000
23spal_Amespa2                 1.00000 0.00000 0.00000 0.00000 0.00000 0.00000 0.00000 0.00000 0.00000 0.00000 0.00000 0.00000 0.00000 0.00000 0.00000 0.00000 0.00000 0.00000 0.00000 0.00000
41K26_Amepic                   1.00000 0.00000 0.00000 0.00000 0.00000 0.00000 0.00000 0.00000 0.00000 0.00000 0.00000 0.00000 0.00000 0.00000 0.00000 0.00000 0.00000 0.00000 0.00000 0.00000
43assoi_Ameass                 1.00000 0.00000 0.00000 0.00000 0.00000 0.00000 0.00000 0.00000 0.00000 0.00000 0.00000 0.00000 0.00000 0.00000 0.00000 0.00000 0.00000 0.00000 0.00000 0.00000
59T3_Amedum                    1.00000 0.00000 0.00000 0.00000 0.00000 0.00000 0.00000 0.00000 0.00000 0.00000 0.00000 0.00000 0.00000 0.00000 0.00000 0.00000 0.00000 0.00000 0.00000 0.00000
AA001_Ameand                   1.00000 0.00000 0.00000 0.00000 0.00000 0.00000 0.00000 0.00000 0.00000 0.00000 0.00000 0.00000 0.00000 0.00000 0.00000 0.00000 0.00000 0.00000 0.00000 0.00000
AA003_Ameser                   1.00000 0.00000 0.00000 0.00000 0.00000 0.00000 0.00000 0.00000 0.00000 0.00000 0.00000 0.00000 0.00000 0.00000 0.00000 0.00000 0.00000 0.00000 0.00000 0.00000
AA005_Amespa                   1.00000 0.00000 0.00000 0.00000 0.00000 0.00000 0.00000 0.00000 0.00000 0.00000 0.00000 0.00000 0.00000 0.00000 0.00000 0.00000 0.00000 0.00000 0.00000 0.00000
AAP07_Aptapt                   1.00000 0.00000 0.00000 0.00000 0.00000 0.00000 0.00000 0.00000 0.00000 0.00000 0.00000 0.00000 0.00000 0.00000 0.00000 0.00000 0.00000 0.00000 0.00000 0.00000
ADEC02_Amedec                  1.00000 0.00000 0.00000 0.00000 0.00000 0.00000 0.00000 0.00000 0.00000 0.00000 0.00000 0.00000 0.00000 0.00000 0.00000 0.00000 0.00000 0.00000 0.00000 0.00000
KU201314.1_Thespe              1.00000 0.00000 0.00000 0.00000 0.00000 0.00000 0.00000 0.00000 0.00000 0.00000 0.00000 0.00000 0.00000 0.00000 0.00000 0.00000 0.00000 0.00000 0.00000 0.00000
KU201316.1_Staspe              1.00000 0.00000 0.00000 0.00000 0.00000 0.00000 0.00000 0.00000 0.00000 0.00000 0.00000 0.00000 0.00000 0.00000 0.00000 0.00000 0.00000 0.00000 0.00000 0.00000
KX091850.1_Cersau              1.00000 0.00000 0.00000 0.00000 0.00000 0.00000 0.00000 0.00000 0.00000 0.00000 0.00000 0.00000 0.00000 0.00000 0.00000 0.00000 0.00000 0.00000 0.00000 0.00000
KX091851.1_Creelo              1.00000 0.00000 0.00000 0.00000 0.00000 0.00000 0.00000 0.00000 0.00000 0.00000 0.00000 0.00000 0.00000 0.00000 0.00000 0.00000 0.00000 0.00000 0.00000 0.00000
KX091854.1_Spiocc2             1.00000 0.00000 0.00000 0.00000 0.00000 0.00000 0.00000 0.00000 0.00000 0.00000 0.00000 0.00000 0.00000 0.00000 0.00000 0.00000 0.00000 0.00000 0.00000 0.00000
KX091855.1_Hesspe              1.00000 0.00000 0.00000 0.00000 0.00000 0.00000 0.00000 0.00000 0.00000 0.00000 0.00000 0.00000 0.00000 0.00000 0.00000 0.00000 0.00000 0.00000 0.00000 0.00000
KX091863.1_Physha              1.00000 0.00000 0.00000 0.00000 0.00000 0.00000 0.00000 0.00000 0.00000 0.00000 0.00000 0.00000 0.00000 0.00000 0.00000 0.00000 0.00000 0.00000 0.00000 0.00000
KX091864.1_Rholat              1.00000 0.00000 0.00000 0.00000 0.00000 0.00000 0.00000 0.00000 0.00000 0.00000 0.00000 0.00000 0.00000 0.00000 0.00000 0.00000 0.00000 0.00000 0.00000 0.00000
KX434808.1_Miocaf              1.00000 0.00000 0.00000 0.00000 0.00000 0.00000 0.00000 0.00000 0.00000 0.00000 0.00000 0.00000 0.00000 0.00000 0.00000 0.00000 0.00000 0.00000 0.00000 0.00000
KX434810.1_Miryun              1.00000 0.00000 0.00000 0.00000 0.00000 0.00000 0.00000 0.00000 0.00000 0.00000 0.00000 0.00000 0.00000 0.00000 0.00000 0.00000 0.00000 0.00000 0.00000 0.00000
KX434811.1_Psewah              1.00000 0.00000 0.00000 0.00000 0.00000 0.00000 0.00000 0.00000 0.00000 0.00000 0.00000 0.00000 0.00000 0.00000 0.00000 0.00000 0.00000 0.00000 0.00000 0.00000
KX434812.1_Cammou              1.00000 0.00000 0.00000 0.00000 0.00000 0.00000 0.00000 0.00000 0.00000 0.00000 0.00000 0.00000 0.00000 0.00000 0.00000 0.00000 0.00000 0.00000 0.00000 0.00000
KX434813.1_Mesala2             1.00000 0.00000 0.00000 0.00000 0.00000 0.00000 0.00000 0.00000 0.00000 0.00000 0.00000 0.00000 0.00000 0.00000 0.00000 0.00000 0.00000 0.00000 0.00000 0.00000
KX434815.1_Gongon              1.00000 0.00000 0.00000 0.00000 0.00000 0.00000 0.00000 0.00000 0.00000 0.00000 0.00000 0.00000 0.00000 0.00000 0.00000 0.00000 0.00000 0.00000 0.00000 0.00000
KX434816.1_Spiocc              1.00000 0.00000 0.00000 0.00000 0.00000 0.00000 0.00000 0.00000 0.00000 0.00000 0.00000 0.00000 0.00000 0.00000 0.00000 0.00000 0.00000 0.00000 0.00000 0.00000
KX434817.1_Tausig              1.00000 0.00000 0.00000 0.00000 0.00000 0.00000 0.00000 0.00000 0.00000 0.00000 0.00000 0.00000 0.00000 0.00000 0.00000 0.00000 0.00000 0.00000 0.00000 0.00000
KX434818.1_Therub              1.00000 0.00000 0.00000 0.00000 0.00000 0.00000 0.00000 0.00000 0.00000 0.00000 0.00000 0.00000 0.00000 0.00000 0.00000 0.00000 0.00000 0.00000 0.00000 0.00000
KX434819.1_Hiemaj              1.00000 0.00000 0.00000 0.00000 0.00000 0.00000 0.00000 0.00000 0.00000 0.00000 0.00000 0.00000 0.00000 0.00000 0.00000 0.00000 0.00000 0.00000 0.00000 0.00000
KX434820.1_Iripol              1.00000 0.00000 0.00000 0.00000 0.00000 0.00000 0.00000 0.00000 0.00000 0.00000 0.00000 0.00000 0.00000 0.00000 0.00000 0.00000 0.00000 0.00000 0.00000 0.00000
KX434821.1_Plispe              1.00000 0.00000 0.00000 0.00000 0.00000 0.00000 0.00000 0.00000 0.00000 0.00000 0.00000 0.00000 0.00000 0.00000 0.00000 0.00000 0.00000 0.00000 0.00000 0.00000
KX434823.1_Hetspe              1.00000 0.00000 0.00000 0.00000 0.00000 0.00000 0.00000 0.00000 0.00000 0.00000 0.00000 0.00000 0.00000 0.00000 0.00000 0.00000 0.00000 0.00000 0.00000 0.00000
KX434824.1_Idolat              1.00000 0.00000 0.00000 0.00000 0.00000 0.00000 0.00000 0.00000 0.00000 0.00000 0.00000 0.00000 0.00000 0.00000 0.00000 0.00000 0.00000 0.00000 0.00000 0.00000
KX434825.1_Emppen              1.00000 0.00000 0.00000 0.00000 0.00000 0.00000 0.00000 0.00000 0.00000 0.00000 0.00000 0.00000 0.00000 0.00000 0.00000 0.00000 0.00000 0.00000 0.00000 0.00000
KX434826.1_Brubor              1.00000 0.00000 0.00000 0.00000 0.00000 0.00000 0.00000 0.00000 0.00000 0.00000 0.00000 0.00000 0.00000 0.00000 0.00000 0.00000 0.00000 0.00000 0.00000 0.00000
KX434828.1_Blemen              1.00000 0.00000 0.00000 0.00000 0.00000 0.00000 0.00000 0.00000 0.00000 0.00000 0.00000 0.00000 0.00000 0.00000 0.00000 0.00000 0.00000 0.00000 0.00000 0.00000
KX434829.1_Thecat              1.00000 0.00000 0.00000 0.00000 0.00000 0.00000 0.00000 0.00000 0.00000 0.00000 0.00000 0.00000 0.00000 0.00000 0.00000 0.00000 0.00000 0.00000 0.00000 0.00000
KX434830.1_Hiemul              1.00000 0.00000 0.00000 0.00000 0.00000 0.00000 0.00000 0.00000 0.00000 0.00000 0.00000 0.00000 0.00000 0.00000 0.00000 0.00000 0.00000 0.00000 0.00000 0.00000
KX434834.1_Derdes              1.00000 0.00000 0.00000 0.00000 0.00000 0.00000 0.00000 0.00000 0.00000 0.00000 0.00000 0.00000 0.00000 0.00000 0.00000 0.00000 0.00000 0.00000 0.00000 0.00000
KX434837.1_Toxhau              1.00000 0.00000 0.00000 0.00000 0.00000 0.00000 0.00000 0.00000 0.00000 0.00000 0.00000 0.00000 0.00000 0.00000 0.00000 0.00000 0.00000 0.00000 0.00000 0.00000
KX434838.1_Psechl              1.00000 0.00000 0.00000 0.00000 0.00000 0.00000 0.00000 0.00000 0.00000 0.00000 0.00000 0.00000 0.00000 0.00000 0.00000 0.00000 0.00000 0.00000 0.00000 0.00000
KX434839.1_Popspu              1.00000 0.00000 0.00000 0.00000 0.00000 0.00000 0.00000 0.00000 0.00000 0.00000 0.00000 0.00000 0.00000 0.00000 0.00000 0.00000 0.00000 0.00000 0.00000 0.00000
KX434840.1_Sphvir              1.00000 0.00000 0.00000 0.00000 0.00000 0.00000 0.00000 0.00000 0.00000 0.00000 0.00000 0.00000 0.00000 0.00000 0.00000 0.00000 0.00000 0.00000 0.00000 0.00000
KX434841.1_Psespe              1.00000 0.00000 0.00000 0.00000 0.00000 0.00000 0.00000 0.00000 0.00000 0.00000 0.00000 0.00000 0.00000 0.00000 0.00000 0.00000 0.00000 0.00000 0.00000 0.00000
KX434842.1_Ortmin              1.00000 0.00000 0.00000 0.00000 0.00000 0.00000 0.00000 0.00000 0.00000 0.00000 0.00000 0.00000 0.00000 0.00000 0.00000 0.00000 0.00000 0.00000 0.00000 0.00000
KX434843.1_Acomul              1.00000 0.00000 0.00000 0.00000 0.00000 0.00000 0.00000 0.00000 0.00000 0.00000 0.00000 0.00000 0.00000 0.00000 0.00000 0.00000 0.00000 0.00000 0.00000 0.00000
KX434844.1_Decspe              1.00000 0.00000 0.00000 0.00000 0.00000 0.00000 0.00000 0.00000 0.00000 0.00000 0.00000 0.00000 0.00000 0.00000 0.00000 0.00000 0.00000 0.00000 0.00000 0.00000
KX434845.1_Haavit              1.00000 0.00000 0.00000 0.00000 0.00000 0.00000 0.00000 0.00000 0.00000 0.00000 0.00000 0.00000 0.00000 0.00000 0.00000 0.00000 0.00000 0.00000 0.00000 0.00000
KX434846.1_Amochi              1.00000 0.00000 0.00000 0.00000 0.00000 0.00000 0.00000 0.00000 0.00000 0.00000 0.00000 0.00000 0.00000 0.00000 0.00000 0.00000 0.00000 0.00000 0.00000 0.00000
KX434847.1_Psepin2             1.00000 0.00000 0.00000 0.00000 0.00000 0.00000 0.00000 0.00000 0.00000 0.00000 0.00000 0.00000 0.00000 0.00000 0.00000 0.00000 0.00000 0.00000 0.00000 0.00000
KX434849.1_Themil              1.00000 0.00000 0.00000 0.00000 0.00000 0.00000 0.00000 0.00000 0.00000 0.00000 0.00000 0.00000 0.00000 0.00000 0.00000 0.00000 0.00000 0.00000 0.00000 0.00000
KX434850.1_Derlob              1.00000 0.00000 0.00000 0.00000 0.00000 0.00000 0.00000 0.00000 0.00000 0.00000 0.00000 0.00000 0.00000 0.00000 0.00000 0.00000 0.00000 0.00000 0.00000 0.00000
KX434851.1_Pnimed              1.00000 0.00000 0.00000 0.00000 0.00000 0.00000 0.00000 0.00000 0.00000 0.00000 0.00000 0.00000 0.00000 0.00000 0.00000 0.00000 0.00000 0.00000 0.00000 0.00000
KX434855.1_Propic              1.00000 0.00000 0.00000 0.00000 0.00000 0.00000 0.00000 0.00000 0.00000 0.00000 0.00000 0.00000 0.00000 0.00000 0.00000 0.00000 0.00000 0.00000 0.00000 0.00000
KX434856.1_Otospe              1.00000 0.00000 0.00000 0.00000 0.00000 0.00000 0.00000 0.00000 0.00000 0.00000 0.00000 0.00000 0.00000 0.00000 0.00000 0.00000 0.00000 0.00000 0.00000 0.00000
KX434857.1_Humnad2             1.00000 0.00000 0.00000 0.00000 0.00000 0.00000 0.00000 0.00000 0.00000 0.00000 0.00000 0.00000 0.00000 0.00000 0.00000 0.00000 0.00000 0.00000 0.00000 0.00000
KX434858.1_Neobol              1.00000 0.00000 0.00000 0.00000 0.00000 0.00000 0.00000 0.00000 0.00000 0.00000 0.00000 0.00000 0.00000 0.00000 0.00000 0.00000 0.00000 0.00000 0.00000 0.00000
KX434859.1_Heshof              1.00000 0.00000 0.00000 0.00000 0.00000 0.00000 0.00000 0.00000 0.00000 0.00000 0.00000 0.00000 0.00000 0.00000 0.00000 0.00000 0.00000 0.00000 0.00000 0.00000
KX434860.1_Singra              1.00000 0.00000 0.00000 0.00000 0.00000 0.00000 0.00000 0.00000 0.00000 0.00000 0.00000 0.00000 0.00000 0.00000 0.00000 0.00000 0.00000 0.00000 0.00000 0.00000
KX434861.1_Hymcor              1.00000 0.00000 0.00000 0.00000 0.00000 0.00000 0.00000 0.00000 0.00000 0.00000 0.00000 0.00000 0.00000 0.00000 0.00000 0.00000 0.00000 0.00000 0.00000 0.00000
KX434862.1_Tarala              1.00000 0.00000 0.00000 0.00000 0.00000 0.00000 0.00000 0.00000 0.00000 0.00000 0.00000 0.00000 0.00000 0.00000 0.00000 0.00000 0.00000 0.00000 0.00000 0.00000
KX434863.1_Polgri              1.00000 0.00000 0.00000 0.00000 0.00000 0.00000 0.00000 0.00000 0.00000 0.00000 0.00000 0.00000 0.00000 0.00000 0.00000 0.00000 0.00000 0.00000 0.00000 0.00000
KX434864.1_Idodia              1.00000 0.00000 0.00000 0.00000 0.00000 0.00000 0.00000 0.00000 0.00000 0.00000 0.00000 0.00000 0.00000 0.00000 0.00000 0.00000 0.00000 0.00000 0.00000 0.00000
KX434867.1_Creapi              1.00000 0.00000 0.00000 0.00000 0.00000 0.00000 0.00000 0.00000 0.00000 0.00000 0.00000 0.00000 0.00000 0.00000 0.00000 0.00000 0.00000 0.00000 0.00000 0.00000
KX434868.1_Prospe              1.00000 0.00000 0.00000 0.00000 0.00000 0.00000 0.00000 0.00000 0.00000 0.00000 0.00000 0.00000 0.00000 0.00000 0.00000 0.00000 0.00000 0.00000 0.00000 0.00000
KX434870.1_Pardav              1.00000 0.00000 0.00000 0.00000 0.00000 0.00000 0.00000 0.00000 0.00000 0.00000 0.00000 0.00000 0.00000 0.00000 0.00000 0.00000 0.00000 0.00000 0.00000 0.00000
KX434871.1_Metspe              1.00000 0.00000 0.00000 0.00000 0.00000 0.00000 0.00000 0.00000 0.00000 0.00000 0.00000 0.00000 0.00000 0.00000 0.00000 0.00000 0.00000 0.00000 0.00000 0.00000
KX619654.1_Rhospe              1.00000 0.00000 0.00000 0.00000 0.00000 0.00000 0.00000 0.00000 0.00000 0.00000 0.00000 0.00000 0.00000 0.00000 0.00000 0.00000 0.00000 0.00000 0.00000 0.00000
KY689113.1_Derdes2             1.00000 0.00000 0.00000 0.00000 0.00000 0.00000 0.00000 0.00000 0.00000 0.00000 0.00000 0.00000 0.00000 0.00000 0.00000 0.00000 0.00000 0.00000 0.00000 0.00000
KY689117.1_Parkuh              1.00000 0.00000 0.00000 0.00000 0.00000 0.00000 0.00000 0.00000 0.00000 0.00000 0.00000 0.00000 0.00000 0.00000 0.00000 0.00000 0.00000 0.00000 0.00000 0.00000
KY689118.1_Stepor              1.00000 0.00000 0.00000 0.00000 0.00000 0.00000 0.00000 0.00000 0.00000 0.00000 0.00000 0.00000 0.00000 0.00000 0.00000 0.00000 0.00000 0.00000 0.00000 0.00000
KY689119.1_Physpe              1.00000 0.00000 0.00000 0.00000 0.00000 0.00000 0.00000 0.00000 0.00000 0.00000 0.00000 0.00000 0.00000 0.00000 0.00000 0.00000 0.00000 0.00000 0.00000 0.00000
KY689125.1_Theele              1.00000 0.00000 0.00000 0.00000 0.00000 0.00000 0.00000 0.00000 0.00000 0.00000 0.00000 0.00000 0.00000 0.00000 0.00000 0.00000 0.00000 0.00000 0.00000 0.00000
KY689126.1_Calspe              1.00000 0.00000 0.00000 0.00000 0.00000 0.00000 0.00000 0.00000 0.00000 0.00000 0.00000 0.00000 0.00000 0.00000 0.00000 0.00000 0.00000 0.00000 0.00000 0.00000
KY689128.1_Ambund              1.00000 0.00000 0.00000 0.00000 0.00000 0.00000 0.00000 0.00000 0.00000 0.00000 0.00000 0.00000 0.00000 0.00000 0.00000 0.00000 0.00000 0.00000 0.00000 0.00000
KY689130.1_Haaspe              1.00000 0.00000 0.00000 0.00000 0.00000 0.00000 0.00000 0.00000 0.00000 0.00000 0.00000 0.00000 0.00000 0.00000 0.00000 0.00000 0.00000 0.00000 0.00000 0.00000
KY689136.1_Hiedul              1.00000 0.00000 0.00000 0.00000 0.00000 0.00000 0.00000 0.00000 0.00000 0.00000 0.00000 0.00000 0.00000 0.00000 0.00000 0.00000 0.00000 0.00000 0.00000 0.00000
MG888436.1_Ambpar              1.00000 0.00000 0.00000 0.00000 0.00000 0.00000 0.00000 0.00000 0.00000 0.00000 0.00000 0.00000 0.00000 0.00000 0.00000 0.00000 0.00000 0.00000 0.00000 0.00000
MG888437.1_Amospe              1.00000 0.00000 0.00000 0.00000 0.00000 0.00000 0.00000 0.00000 0.00000 0.00000 0.00000 0.00000 0.00000 0.00000 0.00000 0.00000 0.00000 0.00000 0.00000 0.00000
MG888449.1_Hymcor              1.00000 0.00000 0.00000 0.00000 0.00000 0.00000 0.00000 0.00000 0.00000 0.00000 0.00000 0.00000 0.00000 0.00000 0.00000 0.00000 0.00000 0.00000 0.00000 0.00000
MG888453.1_Leplac              1.00000 0.00000 0.00000 0.00000 0.00000 0.00000 0.00000 0.00000 0.00000 0.00000 0.00000 0.00000 0.00000 0.00000 0.00000 0.00000 0.00000 0.00000 0.00000 0.00000
MG888455.1_Metspl              1.00000 0.00000 0.00000 0.00000 0.00000 0.00000 0.00000 0.00000 0.00000 0.00000 0.00000 0.00000 0.00000 0.00000 0.00000 0.00000 0.00000 0.00000 0.00000 0.00000
MG888456.1_Parkuhasi           1.00000 0.00000 0.00000 0.00000 0.00000 0.00000 0.00000 0.00000 0.00000 0.00000 0.00000 0.00000 0.00000 0.00000 0.00000 0.00000 0.00000 0.00000 0.00000 0.00000
MG888457.1_Pargig              1.00000 0.00000 0.00000 0.00000 0.00000 0.00000 0.00000 0.00000 0.00000 0.00000 0.00000 0.00000 0.00000 0.00000 0.00000 0.00000 0.00000 0.00000 0.00000 0.00000
MG888464.1_Singua              1.00000 0.00000 0.00000 0.00000 0.00000 0.00000 0.00000 0.00000 0.00000 0.00000 0.00000 0.00000 0.00000 0.00000 0.00000 0.00000 0.00000 0.00000 0.00000 0.00000
MK400676.1_Erespe              1.00000 0.00000 0.00000 0.00000 0.00000 0.00000 0.00000 0.00000 0.00000 0.00000 0.00000 0.00000 0.00000 0.00000 0.00000 0.00000 0.00000 0.00000 0.00000 0.00000
MN267041.1_Mekqui              1.00000 0.00000 0.00000 0.00000 0.00000 0.00000 0.00000 0.00000 0.00000 0.00000 0.00000 0.00000 0.00000 0.00000 0.00000 0.00000 0.00000 0.00000 0.00000 0.00000
MT024239.1_Phybre2             1.00000 0.00000 0.00000 0.00000 0.00000 0.00000 0.00000 0.00000 0.00000 0.00000 0.00000 0.00000 0.00000 0.00000 0.00000 0.00000 0.00000 0.00000 0.00000 0.00000
MW222469.1_Crespe              1.00000 0.00000 0.00000 0.00000 0.00000 0.00000 0.00000 0.00000 0.00000 0.00000 0.00000 0.00000 0.00000 0.00000 0.00000 0.00000 0.00000 0.00000 0.00000 0.00000
MW357297.1_Asiyun              1.00000 0.00000 0.00000 0.00000 0.00000 0.00000 0.00000 0.00000 0.00000 0.00000 0.00000 0.00000 0.00000 0.00000 0.00000 0.00000 0.00000 0.00000 0.00000 0.00000
MW357298.1_Hiespe2             1.00000 0.00000 0.00000 0.00000 0.00000 0.00000 0.00000 0.00000 0.00000 0.00000 0.00000 0.00000 0.00000 0.00000 0.00000 0.00000 0.00000 0.00000 0.00000 0.00000
MW357300.1_Mesala              1.00000 0.00000 0.00000 0.00000 0.00000 0.00000 0.00000 0.00000 0.00000 0.00000 0.00000 0.00000 0.00000 0.00000 0.00000 0.00000 0.00000 0.00000 0.00000 0.00000
MW357301.1_Pseper              1.00000 0.00000 0.00000 0.00000 0.00000 0.00000 0.00000 0.00000 0.00000 0.00000 0.00000 0.00000 0.00000 0.00000 0.00000 0.00000 0.00000 0.00000 0.00000 0.00000
MW357302.1_Stabio              1.00000 0.00000 0.00000 0.00000 0.00000 0.00000 0.00000 0.00000 0.00000 0.00000 0.00000 0.00000 0.00000 0.00000 0.00000 0.00000 0.00000 0.00000 0.00000 0.00000
MW357303.1_Yermex              1.00000 0.00000 0.00000 0.00000 0.00000 0.00000 0.00000 0.00000 0.00000 0.00000 0.00000 0.00000 0.00000 0.00000 0.00000 0.00000 0.00000 0.00000 0.00000 0.00000
NC_007702.1_Tamtam             1.00000 0.00000 0.00000 0.00000 0.00000 0.00000 0.00000 0.00000 0.00000 0.00000 0.00000 0.00000 0.00000 0.00000 0.00000 0.00000 0.00000 0.00000 0.00000 0.00000
NC_009499.1_Retsan             1.00000 0.00000 0.00000 0.00000 0.00000 0.00000 0.00000 0.00000 0.00000 0.00000 0.00000 0.00000 0.00000 0.00000 0.00000 0.00000 0.00000 0.00000 0.00000 0.00000
NC_012901.1_Blager             1.00000 0.00000 0.00000 0.00000 0.00000 0.00000 0.00000 0.00000 0.00000 0.00000 0.00000 0.00000 0.00000 0.00000 0.00000 0.00000 0.00000 0.00000 0.00000 0.00000
NC_014274.1_Eupsin             1.00000 0.00000 0.00000 0.00000 0.00000 0.00000 0.00000 0.00000 0.00000 0.00000 0.00000 0.00000 0.00000 0.00000 0.00000 0.00000 0.00000 0.00000 0.00000 0.00000
NC_015800.1_Copfor             1.00000 0.00000 0.00000 0.00000 0.00000 0.00000 0.00000 0.00000 0.00000 0.00000 0.00000 0.00000 0.00000 0.00000 0.00000 0.00000 0.00000 0.00000 0.00000 0.00000
NC_018120.1_Masdar             1.00000 0.00000 0.00000 0.00000 0.00000 0.00000 0.00000 0.00000 0.00000 0.00000 0.00000 0.00000 0.00000 0.00000 0.00000 0.00000 0.00000 0.00000 0.00000 0.00000
NC_024028.1_Lepalb             1.00000 0.00000 0.00000 0.00000 0.00000 0.00000 0.00000 0.00000 0.00000 0.00000 0.00000 0.00000 0.00000 0.00000 0.00000 0.00000 0.00000 0.00000 0.00000 0.00000
NC_029326.1_Hiefor             1.00000 0.00000 0.00000 0.00000 0.00000 0.00000 0.00000 0.00000 0.00000 0.00000 0.00000 0.00000 0.00000 0.00000 0.00000 0.00000 0.00000 0.00000 0.00000 0.00000
NC_030264.1_Humnad             1.00000 0.00000 0.00000 0.00000 0.00000 0.00000 0.00000 0.00000 0.00000 0.00000 0.00000 0.00000 0.00000 0.00000 0.00000 0.00000 0.00000 0.00000 0.00000 0.00000
NC_030265.1_Manrel             1.00000 0.00000 0.00000 0.00000 0.00000 0.00000 0.00000 0.00000 0.00000 0.00000 0.00000 0.00000 0.00000 0.00000 0.00000 0.00000 0.00000 0.00000 0.00000 0.00000
NC_030266.1_Tensin             1.00000 0.00000 0.00000 0.00000 0.00000 0.00000 0.00000 0.00000 0.00000 0.00000 0.00000 0.00000 0.00000 0.00000 0.00000 0.00000 0.00000 0.00000 0.00000 0.00000
NC_030267.1_Cregem             1.00000 0.00000 0.00000 0.00000 0.00000 0.00000 0.00000 0.00000 0.00000 0.00000 0.00000 0.00000 0.00000 0.00000 0.00000 0.00000 0.00000 0.00000 0.00000 0.00000
NC_030268.1_Anazhe             1.00000 0.00000 0.00000 0.00000 0.00000 0.00000 0.00000 0.00000 0.00000 0.00000 0.00000 0.00000 0.00000 0.00000 0.00000 0.00000 0.00000 0.00000 0.00000 0.00000
NC_034282.1_Rhobra             1.00000 0.00000 0.00000 0.00000 0.00000 0.00000 0.00000 0.00000 0.00000 0.00000 0.00000 0.00000 0.00000 0.00000 0.00000 0.00000 0.00000 0.00000 0.00000 0.00000
NC_034283.1_Hiepat             1.00000 0.00000 0.00000 0.00000 0.00000 0.00000 0.00000 0.00000 0.00000 0.00000 0.00000 0.00000 0.00000 0.00000 0.00000 0.00000 0.00000 0.00000 0.00000 0.00000
NC_034284.1_Rhoval             1.00000 0.00000 0.00000 0.00000 0.00000 0.00000 0.00000 0.00000 0.00000 0.00000 0.00000 0.00000 0.00000 0.00000 0.00000 0.00000 0.00000 0.00000 0.00000 0.00000
NC_037203.1_Amanaw             1.00000 0.00000 0.00000 0.00000 0.00000 0.00000 0.00000 0.00000 0.00000 0.00000 0.00000 0.00000 0.00000 0.00000 0.00000 0.00000 0.00000 0.00000 0.00000 0.00000
NC_037204.1_Sphlin             1.00000 0.00000 0.00000 0.00000 0.00000 0.00000 0.00000 0.00000 0.00000 0.00000 0.00000 0.00000 0.00000 0.00000 0.00000 0.00000 0.00000 0.00000 0.00000 0.00000
NC_037205.1_Troten             1.00000 0.00000 0.00000 0.00000 0.00000 0.00000 0.00000 0.00000 0.00000 0.00000 0.00000 0.00000 0.00000 0.00000 0.00000 0.00000 0.00000 0.00000 0.00000 0.00000
NC_037206.1_Scesim             1.00000 0.00000 0.00000 0.00000 0.00000 0.00000 0.00000 0.00000 0.00000 0.00000 0.00000 0.00000 0.00000 0.00000 0.00000 0.00000 0.00000 0.00000 0.00000 0.00000
NC_037207.1_Schbic             1.00000 0.00000 0.00000 0.00000 0.00000 0.00000 0.00000 0.00000 0.00000 0.00000 0.00000 0.00000 0.00000 0.00000 0.00000 0.00000 0.00000 0.00000 0.00000 0.00000
NC_037208.1_Eomyun             1.00000 0.00000 0.00000 0.00000 0.00000 0.00000 0.00000 0.00000 0.00000 0.00000 0.00000 0.00000 0.00000 0.00000 0.00000 0.00000 0.00000 0.00000 0.00000 0.00000
NC_037234.1_Crejia             1.00000 0.00000 0.00000 0.00000 0.00000 0.00000 0.00000 0.00000 0.00000 0.00000 0.00000 0.00000 0.00000 0.00000 0.00000 0.00000 0.00000 0.00000 0.00000 0.00000
NC_037235.1_Sibpre             1.00000 0.00000 0.00000 0.00000 0.00000 0.00000 0.00000 0.00000 0.00000 0.00000 0.00000 0.00000 0.00000 0.00000 0.00000 0.00000 0.00000 0.00000 0.00000 0.00000
NC_037496.1_Crymer             1.00000 0.00000 0.00000 0.00000 0.00000 0.00000 0.00000 0.00000 0.00000 0.00000 0.00000 0.00000 0.00000 0.00000 0.00000 0.00000 0.00000 0.00000 0.00000 0.00000
NC_037697.1_Parpol             1.00000 0.00000 0.00000 0.00000 0.00000 0.00000 0.00000 0.00000 0.00000 0.00000 0.00000 0.00000 0.00000 0.00000 0.00000 0.00000 0.00000 0.00000 0.00000 0.00000
NC_039940.1_Perbru             1.00000 0.00000 0.00000 0.00000 0.00000 0.00000 0.00000 0.00000 0.00000 0.00000 0.00000 0.00000 0.00000 0.00000 0.00000 0.00000 0.00000 0.00000 0.00000 0.00000
NC_045876.1_Psybor             1.00000 0.00000 0.00000 0.00000 0.00000 0.00000 0.00000 0.00000 0.00000 0.00000 0.00000 0.00000 0.00000 0.00000 0.00000 0.00000 0.00000 0.00000 0.00000 0.00000
NC_048984.1_Hiemem             1.00000 0.00000 0.00000 0.00000 0.00000 0.00000 0.00000 0.00000 0.00000 0.00000 0.00000 0.00000 0.00000 0.00000 0.00000 0.00000 0.00000 0.00000 0.00000 0.00000
NC_051489.1_Rholon             1.00000 0.00000 0.00000 0.00000 0.00000 0.00000 0.00000 0.00000 0.00000 0.00000 0.00000 0.00000 0.00000 0.00000 0.00000 0.00000 0.00000 0.00000 0.00000 0.00000
NC_051490.1_Plibim             1.00000 0.00000 0.00000 0.00000 0.00000 0.00000 0.00000 0.00000 0.00000 0.00000 0.00000 0.00000 0.00000 0.00000 0.00000 0.00000 0.00000 0.00000 0.00000 0.00000
NC_051892.1_Arrpal             1.00000 0.00000 0.00000 0.00000 0.00000 0.00000 0.00000 0.00000 0.00000 0.00000 0.00000 0.00000 0.00000 0.00000 0.00000 0.00000 0.00000 0.00000 0.00000 0.00000
NC_057070.1_Amohai             1.00000 0.00000 0.00000 0.00000 0.00000 0.00000 0.00000 0.00000 0.00000 0.00000 0.00000 0.00000 0.00000 0.00000 0.00000 0.00000 0.00000 0.00000 0.00000 0.00000
NC_063851.1_Sinden             1.00000 0.00000 0.00000 0.00000 0.00000 0.00000 0.00000 0.00000 0.00000 0.00000 0.00000 0.00000 0.00000 0.00000 0.00000 0.00000 0.00000 0.00000 0.00000 0.00000
NC_065745.1_Hiechi             1.00000 0.00000 0.00000 0.00000 0.00000 0.00000 0.00000 0.00000 0.00000 0.00000 0.00000 0.00000 0.00000 0.00000 0.00000 0.00000 0.00000 0.00000 0.00000 0.00000
NC_065746.1_Hiezha             1.00000 0.00000 0.00000 0.00000 0.00000 0.00000 0.00000 0.00000 0.00000 0.00000 0.00000 0.00000 0.00000 0.00000 0.00000 0.00000 0.00000 0.00000 0.00000 0.00000
NC_065758.1_Hiemac             1.00000 0.00000 0.00000 0.00000 0.00000 0.00000 0.00000 0.00000 0.00000 0.00000 0.00000 0.00000 0.00000 0.00000 0.00000 0.00000 0.00000 0.00000 0.00000 0.00000
NC_065759.1_Tenang             1.00000 0.00000 0.00000 0.00000 0.00000 0.00000 0.00000 0.00000 0.00000 0.00000 0.00000 0.00000 0.00000 0.00000 0.00000 0.00000 0.00000 0.00000 0.00000 0.00000
NC_065760.1_Stamac             1.00000 0.00000 0.00000 0.00000 0.00000 0.00000 0.00000 0.00000 0.00000 0.00000 0.00000 0.00000 0.00000 0.00000 0.00000 0.00000 0.00000 0.00000 0.00000 0.00000
NC_065761.1_Stafla             1.00000 0.00000 0.00000 0.00000 0.00000 0.00000 0.00000 0.00000 0.00000 0.00000 0.00000 0.00000 0.00000 0.00000 0.00000 0.00000 0.00000 0.00000 0.00000 0.00000
NC_066978.1_Paragr             1.00000 0.00000 0.00000 0.00000 0.00000 0.00000 0.00000 0.00000 0.00000 0.00000 0.00000 0.00000 0.00000 0.00000 0.00000 0.00000 0.00000 0.00000 0.00000 0.00000
NC_069808.1_Cilhum             1.00000 0.00000 0.00000 0.00000 0.00000 0.00000 0.00000 0.00000 0.00000 0.00000 0.00000 0.00000 0.00000 0.00000 0.00000 0.00000 0.00000 0.00000 0.00000 0.00000
NC_069809.1_Citfal             1.00000 0.00000 0.00000 0.00000 0.00000 0.00000 0.00000 0.00000 0.00000 0.00000 0.00000 0.00000 0.00000 0.00000 0.00000 0.00000 0.00000 0.00000 0.00000 0.00000
NC_069810.1_Dertru             1.00000 0.00000 0.00000 0.00000 0.00000 0.00000 0.00000 0.00000 0.00000 0.00000 0.00000 0.00000 0.00000 0.00000 0.00000 0.00000 0.00000 0.00000 0.00000 0.00000
NC_069811.1_Pacbic             1.00000 0.00000 0.00000 0.00000 0.00000 0.00000 0.00000 0.00000 0.00000 0.00000 0.00000 0.00000 0.00000 0.00000 0.00000 0.00000 0.00000 0.00000 0.00000 0.00000
NC_077476.1_Caldia             1.00000 0.00000 0.00000 0.00000 0.00000 0.00000 0.00000 0.00000 0.00000 0.00000 0.00000 0.00000 0.00000 0.00000 0.00000 0.00000 0.00000 0.00000 0.00000 0.00000
NC_077477.1_Rapfus             1.00000 0.00000 0.00000 0.00000 0.00000 0.00000 0.00000 0.00000 0.00000 0.00000 0.00000 0.00000 0.00000 0.00000 0.00000 0.00000 0.00000 0.00000 0.00000 0.00000
NC_077478.1_Galamo             1.00000 0.00000 0.00000 0.00000 0.00000 0.00000 0.00000 0.00000 0.00000 0.00000 0.00000 0.00000 0.00000 0.00000 0.00000 0.00000 0.00000 0.00000 0.00000 0.00000
NC_077479.1_Chestr             1.00000 0.00000 0.00000 0.00000 0.00000 0.00000 0.00000 0.00000 0.00000 0.00000 0.00000 0.00000 0.00000 0.00000 0.00000 0.00000 0.00000 0.00000 0.00000 0.00000
NC_082459.1_Dippun             1.00000 0.00000 0.00000 0.00000 0.00000 0.00000 0.00000 0.00000 0.00000 0.00000 0.00000 0.00000 0.00000 0.00000 0.00000 0.00000 0.00000 0.00000 0.00000 0.00000
NC_085562.1_Acrjap             1.00000 0.00000 0.00000 0.00000 0.00000 0.00000 0.00000 0.00000 0.00000 0.00000 0.00000 0.00000 0.00000 0.00000 0.00000 0.00000 0.00000 0.00000 0.00000 0.00000
NC_086621.1_Otoscu             1.00000 0.00000 0.00000 0.00000 0.00000 0.00000 0.00000 0.00000 0.00000 0.00000 0.00000 0.00000 0.00000 0.00000 0.00000 0.00000 0.00000 0.00000 0.00000 0.00000
NC_086622.1_Phybre             1.00000 0.00000 0.00000 0.00000 0.00000 0.00000 0.00000 0.00000 0.00000 0.00000 0.00000 0.00000 0.00000 0.00000 0.00000 0.00000 0.00000 0.00000 0.00000 0.00000
NC_086795.1_Phypar             1.00000 0.00000 0.00000 0.00000 0.00000 0.00000 0.00000 0.00000 0.00000 0.00000 0.00000 0.00000 0.00000 0.00000 0.00000 0.00000 0.00000 0.00000 0.00000 0.00000
NC_086817.1_Acrhes             1.00000 0.00000 0.00000 0.00000 0.00000 0.00000 0.00000 0.00000 0.00000 0.00000 0.00000 0.00000 0.00000 0.00000 0.00000 0.00000 0.00000 0.00000 0.00000 0.00000
NC_086818.1_Amawuz             1.00000 0.00000 0.00000 0.00000 0.00000 0.00000 0.00000 0.00000 0.00000 0.00000 0.00000 0.00000 0.00000 0.00000 0.00000 0.00000 0.00000 0.00000 0.00000 0.00000
NC_086819.1_Hielat             1.00000 0.00000 0.00000 0.00000 0.00000 0.00000 0.00000 0.00000 0.00000 0.00000 0.00000 0.00000 0.00000 0.00000 0.00000 0.00000 0.00000 0.00000 0.00000 0.00000
NC_086820.1_Staagr             1.00000 0.00000 0.00000 0.00000 0.00000 0.00000 0.00000 0.00000 0.00000 0.00000 0.00000 0.00000 0.00000 0.00000 0.00000 0.00000 0.00000 0.00000 0.00000 0.00000
NC_086821.1_Psepin             1.00000 0.00000 0.00000 0.00000 0.00000 0.00000 0.00000 0.00000 0.00000 0.00000 0.00000 0.00000 0.00000 0.00000 0.00000 0.00000 0.00000 0.00000 0.00000 0.00000
NC_086822.1_Anasin             1.00000 0.00000 0.00000 0.00000 0.00000 0.00000 0.00000 0.00000 0.00000 0.00000 0.00000 0.00000 0.00000 0.00000 0.00000 0.00000 0.00000 0.00000 0.00000 0.00000
NC_086823.1_Thesin             1.00000 0.00000 0.00000 0.00000 0.00000 0.00000 0.00000 0.00000 0.00000 0.00000 0.00000 0.00000 0.00000 0.00000 0.00000 0.00000 0.00000 0.00000 0.00000 0.00000
NC_086824.1_Physin             1.00000 0.00000 0.00000 0.00000 0.00000 0.00000 0.00000 0.00000 0.00000 0.00000 0.00000 0.00000 0.00000 0.00000 0.00000 0.00000 0.00000 0.00000 0.00000 0.00000
NC_086825.1_Phywer             1.00000 0.00000 0.00000 0.00000 0.00000 0.00000 0.00000 0.00000 0.00000 0.00000 0.00000 0.00000 0.00000 0.00000 0.00000 0.00000 0.00000 0.00000 0.00000 0.00000
NC_086826.1_Anatia             1.00000 0.00000 0.00000 0.00000 0.00000 0.00000 0.00000 0.00000 0.00000 0.00000 0.00000 0.00000 0.00000 0.00000 0.00000 0.00000 0.00000 0.00000 0.00000 0.00000
NC_086827.1_Theoph             1.00000 0.00000 0.00000 0.00000 0.00000 0.00000 0.00000 0.00000 0.00000 0.00000 0.00000 0.00000 0.00000 0.00000 0.00000 0.00000 0.00000 0.00000 0.00000 0.00000
NC_086828.1_Arrbre             1.00000 0.00000 0.00000 0.00000 0.00000 0.00000 0.00000 0.00000 0.00000 0.00000 0.00000 0.00000 0.00000 0.00000 0.00000 0.00000 0.00000 0.00000 0.00000 0.00000
NC_086829.1_Arrpur             1.00000 0.00000 0.00000 0.00000 0.00000 0.00000 0.00000 0.00000 0.00000 0.00000 0.00000 0.00000 0.00000 0.00000 0.00000 0.00000 0.00000 0.00000 0.00000 0.00000
NC_086830.1_Astmaj             1.00000 0.00000 0.00000 0.00000 0.00000 0.00000 0.00000 0.00000 0.00000 0.00000 0.00000 0.00000 0.00000 0.00000 0.00000 0.00000 0.00000 0.00000 0.00000 0.00000
NC_086831.1_Gonbru             1.00000 0.00000 0.00000 0.00000 0.00000 0.00000 0.00000 0.00000 0.00000 0.00000 0.00000 0.00000 0.00000 0.00000 0.00000 0.00000 0.00000 0.00000 0.00000 0.00000
NC_086832.1_Themac             1.00000 0.00000 0.00000 0.00000 0.00000 0.00000 0.00000 0.00000 0.00000 0.00000 0.00000 0.00000 0.00000 0.00000 0.00000 0.00000 0.00000 0.00000 0.00000 0.00000
OK480879.1_Lepton              1.00000 0.00000 0.00000 0.00000 0.00000 0.00000 0.00000 0.00000 0.00000 0.00000 0.00000 0.00000 0.00000 0.00000 0.00000 0.00000 0.00000 0.00000 0.00000 0.00000
OK542392.1_Hielon              1.00000 0.00000 0.00000 0.00000 0.00000 0.00000 0.00000 0.00000 0.00000 0.00000 0.00000 0.00000 0.00000 0.00000 0.00000 0.00000 0.00000 0.00000 0.00000 0.00000
OK542393.1_Tenaribre           1.00000 0.00000 0.00000 0.00000 0.00000 0.00000 0.00000 0.00000 0.00000 0.00000 0.00000 0.00000 0.00000 0.00000 0.00000 0.00000 0.00000 0.00000 0.00000 0.00000
OL414957.1_Staspe2             1.00000 0.00000 0.00000 0.00000 0.00000 0.00000 0.00000 0.00000 0.00000 0.00000 0.00000 0.00000 0.00000 0.00000 0.00000 0.00000 0.00000 0.00000 0.00000 0.00000
OL414959.1_Hiespe              1.00000 0.00000 0.00000 0.00000 0.00000 0.00000 0.00000 0.00000 0.00000 0.00000 0.00000 0.00000 0.00000 0.00000 0.00000 0.00000 0.00000 0.00000 0.00000 0.00000
OM177664.1_Gonspe              1.00000 0.00000 0.00000 0.00000 0.00000 0.00000 0.00000 0.00000 0.00000 0.00000 0.00000 0.00000 0.00000 0.00000 0.00000 0.00000 0.00000 0.00000 0.00000 0.00000
OM202552.1_Tenspe              1.00000 0.00000 0.00000 0.00000 0.00000 0.00000 0.00000 0.00000 0.00000 0.00000 0.00000 0.00000 0.00000 0.00000 0.00000 0.00000 0.00000 0.00000 0.00000 0.00000
OM202554.1_Anaspe              1.00000 0.00000 0.00000 0.00000 0.00000 0.00000 0.00000 0.00000 0.00000 0.00000 0.00000 0.00000 0.00000 0.00000 0.00000 0.00000 0.00000 0.00000 0.00000 0.00000
OM202555.1_Anagra              1.00000 0.00000 0.00000 0.00000 0.00000 0.00000 0.00000 0.00000 0.00000 0.00000 0.00000 0.00000 0.00000 0.00000 0.00000 0.00000 0.00000 0.00000 0.00000 0.00000
OM202561.1_Sinspe              1.00000 0.00000 0.00000 0.00000 0.00000 0.00000 0.00000 0.00000 0.00000 0.00000 0.00000 0.00000 0.00000 0.00000 0.00000 0.00000 0.00000 0.00000 0.00000 0.00000
OM202562.1_Mirspe              1.00000 0.00000 0.00000 0.00000 0.00000 0.00000 0.00000 0.00000 0.00000 0.00000 0.00000 0.00000 0.00000 0.00000 0.00000 0.00000 0.00000 0.00000 0.00000 0.00000
OM202563.1_Arrpal2             1.00000 0.00000 0.00000 0.00000 0.00000 0.00000 0.00000 0.00000 0.00000 0.00000 0.00000 0.00000 0.00000 0.00000 0.00000 0.00000 0.00000 0.00000 0.00000 0.00000
OM202564.1_Thespe              1.00000 0.00000 0.00000 0.00000 0.00000 0.00000 0.00000 0.00000 0.00000 0.00000 0.00000 0.00000 0.00000 0.00000 0.00000 0.00000 0.00000 0.00000 0.00000 0.00000
OM202571.1_Lepspe              1.00000 0.00000 0.00000 0.00000 0.00000 0.00000 0.00000 0.00000 0.00000 0.00000 0.00000 0.00000 0.00000 0.00000 0.00000 0.00000 0.00000 0.00000 0.00000 0.00000
OM910846.1_Carspe              1.00000 0.00000 0.00000 0.00000 0.00000 0.00000 0.00000 0.00000 0.00000 0.00000 0.00000 0.00000 0.00000 0.00000 0.00000 0.00000 0.00000 0.00000 0.00000 0.00000
OZ336339.1_Bolbra              1.00000 0.00000 0.00000 0.00000 0.00000 0.00000 0.00000 0.00000 0.00000 0.00000 0.00000 0.00000 0.00000 0.00000 0.00000 0.00000 0.00000 0.00000 0.00000 0.00000
PP072306.1_Majmou              1.00000 0.00000 0.00000 0.00000 0.00000 0.00000 0.00000 0.00000 0.00000 0.00000 0.00000 0.00000 0.00000 0.00000 0.00000 0.00000 0.00000 0.00000 0.00000 0.00000
PP072307.1_Odospe              1.00000 0.00000 0.00000 0.00000 0.00000 0.00000 0.00000 0.00000 0.00000 0.00000 0.00000 0.00000 0.00000 0.00000 0.00000 0.00000 0.00000 0.00000 0.00000 0.00000
PP438763.1_Astbas              1.00000 0.00000 0.00000 0.00000 0.00000 0.00000 0.00000 0.00000 0.00000 0.00000 0.00000 0.00000 0.00000 0.00000 0.00000 0.00000 0.00000 0.00000 0.00000 0.00000
PP438765.1_Cermac              1.00000 0.00000 0.00000 0.00000 0.00000 0.00000 0.00000 0.00000 0.00000 0.00000 0.00000 0.00000 0.00000 0.00000 0.00000 0.00000 0.00000 0.00000 0.00000 0.00000
PP438766.1_Ceryun              1.00000 0.00000 0.00000 0.00000 0.00000 0.00000 0.00000 0.00000 0.00000 0.00000 0.00000 0.00000 0.00000 0.00000 0.00000 0.00000 0.00000 0.00000 0.00000 0.00000
PP438767.1_Chlles              1.00000 0.00000 0.00000 0.00000 0.00000 0.00000 0.00000 0.00000 0.00000 0.00000 0.00000 0.00000 0.00000 0.00000 0.00000 0.00000 0.00000 0.00000 0.00000 0.00000
PP438770.1_Panfra              1.00000 0.00000 0.00000 0.00000 0.00000 0.00000 0.00000 0.00000 0.00000 0.00000 0.00000 0.00000 0.00000 0.00000 0.00000 0.00000 0.00000 0.00000 0.00000 0.00000
PV564197.1_Pselob              1.00000 0.00000 0.00000 0.00000 0.00000 0.00000 0.00000 0.00000 0.00000 0.00000 0.00000 0.00000 0.00000 0.00000 0.00000 0.00000 0.00000 0.00000 0.00000 0.00000
RBE05_Rivbae                   1.00000 0.00000 0.00000 0.00000 0.00000 0.00000 0.00000 0.00000 0.00000 0.00000 0.00000 0.00000 0.00000 0.00000 0.00000 0.00000 0.00000 0.00000 0.00000 0.00000

Homogeneity statistic: X2 = 0.00000 G = -0.00000 

Average                        1.00000 0.00000 0.00000 0.00000 0.00000 0.00000 0.00000 0.00000 0.00000 0.00000 0.00000 0.00000 0.00000 0.00000 0.00000 0.00000 0.00000 0.00000 0.00000 0.00000

# constant sites:      1 (100.00%)
Time used: 32:22:27

mean of parameters using all iterations
 330.32269 184.20130 166.15305 158.37495 147.20633 139.17319 128.07374 123.43350 115.79014  99.09196  90.24759  83.73221  75.91483  60.53792  53.81940  40.35386  17.39093  16.05120  21.09586   9.88672   1.98343   4.11179  67.73472  39.01295  19.60160  14.00908  73.37787  55.61685  76.31603  80.16483 110.42359 104.99777  97.71750  94.09320  55.00481  51.89457  38.64278  18.74995   8.20099   1.11565   2.99618  47.24562  37.75549  32.85889  29.75396  26.54867  20.02707  16.67780   8.15235  14.79359  13.41121   8.63534   4.94903   1.58673  10.83493  15.04010  11.27134  20.58682  17.61599  11.08138   7.96262   6.18600  20.14473   0.06751  43.81609  35.83323  25.56014  20.24752  15.95237   1.38892  22.00437  15.00227   2.72447   2.13498  31.53881  17.91309  33.28126  21.69714  46.52979  89.88156  85.44723  80.20765  76.51924  73.21982  68.81415  58.34832   0.82809  60.23980   0.19683  68.45119  13.23027   9.01450   0.18120  61.11960  45.24601  29.73792   6.46184  19.83564  17.59981   0.56143  62.75880  56.78975   4.83880  18.34114   3.12864  55.66870  81.55876  75.95354  67.10842  62.22073  23.29350  18.81154   6.45888   0.50899  50.55990  38.85809  29.61994  15.56070   9.01198  13.35578   6.35876  58.07752  49.38724  65.03057  29.16471  10.60483   6.97301   3.53214  73.16629  57.03271  44.84992  52.28899  83.87019  93.72472  82.50357   2.25100  63.53424   8.97086  99.44620  70.63282  59.55146  59.23151 114.92544  81.04458  64.40446   2.14749  12.11959   8.08900  86.40190  55.13720   0.65033  63.56107  33.60493  24.81294 122.60211  84.74664  69.21082  55.82202  32.28019  13.33344 102.85235  82.44589  63.20505   0.96973  73.75485  62.35644  89.75638  17.22510  13.55452  54.77547  42.30920  10.23820  65.77762 128.76952 101.18080  65.19703  52.98769  50.07650 136.21108  64.50288  56.80853 171.90223 144.74802 121.26564  94.44625  34.90706 124.86740  82.56102   0.00267   0.14464

Species tree for FigTree.  Branch lengths = posterior mean times; 95% CIs = labels
((((((((((((((((1_16CI1f_Psebet, (2_23spal_Amespa2, 3_AA005_Amespa) 206 ) 205 , (4_59T3_Amedum, 5_ADEC02_Amedec) 207 ) 204 , (((6_41K26_Amepic, 7_43assoi_Ameass) 210 , (8_AA001_Ameand, 9_AA003_Ameser) 211 ) 209 , 10_AAP07_Aptapt) 208 ) 203 , (((11_KX434837.1_Toxhau, 12_KY689118.1_Stepor) 214 , (13_MG888457.1_Pargig, 14_NC_037697.1_Parpol) 215 ) 213 , 15_NC_077479.1_Chestr) 212 ) 202 , ((16_KX434820.1_Iripol, 17_KX434823.1_Hetspe) 217 , 18_MW357303.1_Yermex) 216 ) 201 , (19_KX434841.1_Psespe, 20_NC_037207.1_Schbic) 218 ) 200 , (21_OZ336339.1_Bolbra, 22_RBE05_Rivbae) 219 ) 199 , ((((((((((23_KU201316.1_Staspe, 24_NC_065761.1_Stafla) 229 , 25_OL414957.1_Staspe2) 228 , (26_NC_065760.1_Stamac, 27_NC_086820.1_Staagr) 230 ) 227 , 28_NC_030265.1_Manrel) 226 , ((((((((29_KX091864.1_Rholat, 30_NC_034284.1_Rhoval) 238 , ((((31_NC_029326.1_Hiefor, 32_NC_065745.1_Hiechi) 242 , (33_NC_051489.1_Rholon, 34_OK542392.1_Hielon) 243 ) 241 , (35_NC_065746.1_Hiezha, 36_OL414959.1_Hiespe) 244 ) 240 , 37_NC_086819.1_Hielat) 239 ) 237 , (38_KX434819.1_Hiemaj, (39_MW357298.1_Hiespe2, 40_NC_007702.1_Tamtam) 246 ) 245 ) 236 , (((((41_KX434830.1_Hiemul, 42_NC_034283.1_Hiepat) 251 , 43_NC_065758.1_Hiemac) 250 , 44_KX434851.1_Pnimed) 249 , 45_NC_034282.1_Rhobra) 248 , 46_KX619654.1_Rhospe) 247 ) 235 , ((47_KX434813.1_Mesala2, 48_MW357300.1_Mesala) 253 , 49_NC_048984.1_Hiemem) 252 ) 234 , 50_MN267041.1_Mekqui) 233 , 51_KX434812.1_Cammou) 232 , (((((52_KX434821.1_Plispe, (53_KX434855.1_Propic, 54_KX434868.1_Prospe) 259 ) 258 , 55_KX434863.1_Polgri) 257 , (56_KY689136.1_Hiedul, ((57_NC_030266.1_Tensin, (58_OK542393.1_Tenaribre, 59_OM202552.1_Tenspe) 263 ) 262 , 60_NC_065759.1_Tenang) 261 ) 260 ) 256 , ((61_KX434840.1_Sphvir, 62_NC_037204.1_Sphlin) 265 , 63_KX434862.1_Tarala) 264 ) 255 , ((64_KX434838.1_Psechl, 65_MW357301.1_Pseper) 267 , 66_MW357302.1_Stabio) 266 ) 254 ) 231 ) 225 , (67_KX434842.1_Ortmin, 68_MW357297.1_Asiyun) 268 ) 224 , ((((((((69_KX091850.1_Cersau, 70_PP438766.1_Ceryun) 276 , 71_NC_069811.1_Pacbic) 275 , ((72_KY689117.1_Parkuh, 73_MG888456.1_Parkuhasi) 278 , 74_NC_086795.1_Phypar) 277 ) 274 , ((75_KX091855.1_Hesspe, (76_KX434859.1_Heshof, (77_NC_086830.1_Astmaj, 78_PP438763.1_Astbas) 282 ) 281 ) 280 , ((((79_KX091863.1_Physha, 80_NC_086824.1_Physin) 286 , 81_NC_086825.1_Phywer) 285 , (82_MT024239.1_Phybre2, 83_NC_086622.1_Phybre) 287 ) 284 , (84_KY689119.1_Physpe, 85_PP438765.1_Cermac) 288 ) 283 ) 279 ) 273 , (86_KX434856.1_Otospe, 87_NC_086621.1_Otoscu) 289 ) 272 , (((88_KY689128.1_Ambund, 89_MG888436.1_Ambpar) 292 , (90_NC_069809.1_Citfal, (91_NC_085562.1_Acrjap, 92_NC_086817.1_Acrhes) 294 ) 293 ) 291 , (93_NC_045876.1_Psybor, 94_PP072306.1_Majmou) 295 ) 290 ) 271 , ((((((95_KX091851.1_Creelo, (96_NC_030267.1_Cregem, 97_NC_037234.1_Crejia) 302 ) 301 , (98_KX434867.1_Creapi, 99_MW222469.1_Crespe) 303 ) 300 , ((100_KX434818.1_Therub, (((101_KX434829.1_Thecat, 102_NC_086823.1_Thesin) 308 , 103_OM202564.1_Thespe) 307 , 104_KY689125.1_Theele) 306 ) 305 , ((105_KX434861.1_Hymcor, 106_MG888449.1_Hymcor) 310 , 107_KX434870.1_Pardav) 309 ) 304 ) 299 , (108_KX434811.1_Psewah, (109_PP438767.1_Chlles, 110_PP438770.1_Panfra) 312 ) 311 ) 298 , ((111_NC_030268.1_Anazhe, 112_PP072307.1_Odospe) 314 , (113_NC_086822.1_Anasin, (114_NC_086826.1_Anatia, (115_OM202554.1_Anaspe, 116_OM202555.1_Anagra) 317 ) 316 ) 315 ) 313 ) 297 , 117_NC_037235.1_Sibpre) 296 ) 270 , (((118_KX434815.1_Gongon, 119_KX434825.1_Emppen) 320 , 120_KX434824.1_Idolat) 319 , (121_KX434828.1_Blemen, 122_KX434864.1_Idodia) 321 ) 318 ) 269 ) 223 , (123_KX434839.1_Popspu, 124_NC_077478.1_Galamo) 322 ) 222 , (((125_KX434834.1_Derdes, 126_KY689113.1_Derdes2) 325 , (127_KX434850.1_Derlob, 128_NC_069810.1_Dertru) 326 ) 324 , (129_KX434847.1_Psepin2, 130_NC_086821.1_Psepin) 327 ) 323 ) 221 , (((131_KX434808.1_Miocaf, 132_KX434817.1_Tausig) 330 , (133_NC_066978.1_Paragr, 134_NC_069808.1_Cilhum) 331 ) 329 , 135_KX434858.1_Neobol) 328 ) 220 ) 198 , (((136_KU201314.1_Thespe, (137_KX434857.1_Humnad2, 138_NC_030264.1_Humnad) 335 ) 334 , ((139_KX434849.1_Themil, 140_NC_086832.1_Themac) 337 , 141_NC_086827.1_Theoph) 336 ) 333 , (((142_KX434860.1_Singra, 143_MG888464.1_Singua) 340 , 144_OM202561.1_Sinspe) 339 , (((145_NC_051892.1_Arrpal, 146_NC_086829.1_Arrpur) 343 , 147_NC_086828.1_Arrbre) 342 , 148_OM202563.1_Arrpal2) 341 ) 338 ) 332 ) 197 , ((149_KX091854.1_Spiocc2, ((150_KX434816.1_Spiocc, (151_NC_086831.1_Gonbru, 152_OM177664.1_Gonspe) 348 ) 347 , (153_NC_037203.1_Amanaw, 154_NC_086818.1_Amawuz) 349 ) 346 ) 345 , ((((155_KX434810.1_Miryun, 156_NC_051490.1_Plibim) 353 , 157_NC_037206.1_Scesim) 352 , (158_NC_037205.1_Troten, (159_NC_037208.1_Eomyun, 160_NC_063851.1_Sinden) 355 ) 354 ) 351 , ((161_KX434846.1_Amochi, (162_MG888437.1_Amospe, 163_NC_057070.1_Amohai) 358 ) 357 , (164_MG888453.1_Leplac, ((165_NC_024028.1_Lepalb, 166_OK480879.1_Lepton) 361 , 167_OM202571.1_Lepspe) 360 ) 359 ) 356 ) 350 ) 344 ) 196 , (168_KY689126.1_Calspe, 169_OM202562.1_Mirspe) 362 ) 195 , (170_KX434826.1_Brubor, ((171_KX434843.1_Acomul, (172_NC_077476.1_Caldia, 173_NC_077477.1_Rapfus) 366 ) 365 , (174_KX434844.1_Decspe, 175_PV564197.1_Pselob) 367 ) 364 ) 363 ) 194 , ((176_KX434845.1_Haavit, 177_KY689130.1_Haaspe) 369 , 178_OM910846.1_Carspe) 368 ) 193 , 179_MK400676.1_Erespe) 192 , (180_KX434871.1_Metspe, 181_MG888455.1_Metspl) 370 ) 191 , (((((182_NC_009499.1_Retsan, 183_NC_015800.1_Copfor) 375 , 184_NC_018120.1_Masdar) 374 , 185_NC_037496.1_Crymer) 373 , ((186_NC_012901.1_Blager, 187_NC_082459.1_Dippun) 377 , 188_NC_039940.1_Perbru) 376 ) 372 , 189_NC_014274.1_Eupsin) 371 ) 190 ;

((((((((((((((((16CI1f_Psebet: 40.353857, (23spal_Amespa2: 17.390931, AA005_Amespa: 17.390931): 22.962926): 13.465541, (59T3_Amedum: 16.051204, ADEC02_Amedec: 16.051204): 37.768194): 6.718520, (((41K26_Amepic: 1.983427, 43assoi_Ameass: 1.983427): 7.903290, (AA001_Ameand: 4.111787, AA003_Ameser: 4.111787): 5.774930): 11.209138, AAP07_Aptapt: 21.095855): 39.442062): 15.376911, (((KX434837.1_Toxhau: 19.601600, KY689118.1_Stepor: 19.601600): 19.411353, (MG888457.1_Pargig: 14.009075, NC_037697.1_Parpol: 14.009075): 25.003878): 28.721764, NC_077479.1_Chestr: 67.734717): 8.180112): 7.817378, ((KX434820.1_Iripol: 55.616846, KX434823.1_Hetspe: 55.616846): 17.761027, MW357303.1_Yermex: 73.377873): 10.354333): 6.515382, (KX434841.1_Psespe: 76.316034, NC_037207.1_Schbic: 76.316034): 13.931554): 8.844374, (OZ336339.1_Bolbra: 80.164828, RBE05_Rivbae: 80.164828): 18.927134): 16.698173, ((((((((((KU201316.1_Staspe: 1.115651, NC_065761.1_Stafla: 1.115651): 7.085337, OL414957.1_Staspe2: 8.200988): 10.548961, (NC_065760.1_Stamac: 2.996179, NC_086820.1_Staagr: 2.996179): 15.753770): 19.892833, NC_030265.1_Manrel: 38.642782): 13.251785, ((((((((KX091864.1_Rholat: 8.152352, NC_034284.1_Rhoval: 8.152352): 8.525443, ((((NC_029326.1_Hiefor: 4.949025, NC_065745.1_Hiechi: 4.949025): 3.686315, (NC_051489.1_Rholon: 1.586733, OK542392.1_Hielon: 1.586733): 7.048607): 4.775866, (NC_065746.1_Hiezha: 10.834928, OL414959.1_Hiespe: 10.834928): 2.576278): 1.382381, NC_086819.1_Hielat: 14.793587): 1.884208): 3.349273, (KX434819.1_Hiemaj: 15.040096, (MW357298.1_Hiespe2: 11.271336, NC_007702.1_Tamtam: 11.271336): 3.768760): 4.986972): 6.521601, (((((KX434830.1_Hiemul: 6.186005, NC_034283.1_Hiepat: 6.186005): 1.776614, NC_065758.1_Hiemac: 7.962618): 3.118762, KX434851.1_Pnimed: 11.081380): 6.534610, NC_034282.1_Rhobra: 17.615991): 2.970824, KX619654.1_Rhospe: 20.586815): 5.961854): 3.205292, ((KX434813.1_Mesala2: 0.067512, MW357300.1_Mesala: 0.067512): 20.077217, NC_048984.1_Hiemem: 20.144729): 9.609232): 3.104933, MN267041.1_Mekqui: 32.858895): 4.896598, KX434812.1_Cammou: 37.755493): 9.490131, (((((KX434821.1_Plispe: 15.952368, (KX434855.1_Propic: 1.388922, KX434868.1_Prospe: 1.388922): 14.563446): 4.295153, KX434863.1_Polgri: 20.247521): 5.312623, (KY689136.1_Hiedul: 22.004372, ((NC_030266.1_Tensin: 2.724467, (OK542393.1_Tenaribre: 2.134982, OM202552.1_Tenspe: 2.134982): 0.589485): 12.277807, NC_065759.1_Tenang: 15.002274): 7.002099): 3.555771): 10.273085, ((KX434840.1_Sphvir: 17.913087, NC_037204.1_Sphlin: 17.913087): 13.625725, KX434862.1_Tarala: 31.538812): 4.294417): 7.982861, ((KX434838.1_Psechl: 21.697145, MW357301.1_Pseper: 21.697145): 11.584116, MW357302.1_Stabio: 33.281261): 10.534829): 3.429534): 4.648943): 3.110241, (KX434842.1_Ortmin: 46.529786, MW357297.1_Asiyun: 46.529786): 8.475023): 39.088393, ((((((((KX091850.1_Cersau: 0.828089, PP438766.1_Ceryun: 0.828089): 57.520229, NC_069811.1_Pacbic: 58.348317): 10.465831, ((KY689117.1_Parkuh: 0.196830, MG888456.1_Parkuhasi: 0.196830): 60.042966, NC_086795.1_Phypar: 60.239795): 8.574353): 4.405672, ((KX091855.1_Hesspe: 13.230268, (KX434859.1_Heshof: 9.014502, (NC_086830.1_Astmaj: 0.181201, PP438763.1_Astbas: 0.181201): 8.833300): 4.215766): 55.220920, ((((KX091863.1_Physha: 6.461838, NC_086824.1_Physin: 6.461838): 23.276085, NC_086825.1_Phywer: 29.737922): 15.508092, (MT024239.1_Phybre2: 19.835644, NC_086622.1_Phybre: 19.835644): 25.410370): 15.873583, (KY689119.1_Physpe: 17.599807, PP438765.1_Cermac: 17.599807): 43.519791): 7.331591): 4.768633): 3.299416, (KX434856.1_Otospe: 0.561427, NC_086621.1_Otoscu: 0.561427): 75.957810): 3.688409, (((KY689128.1_Ambund: 4.838797, MG888436.1_Ambpar: 4.838797): 51.950954, (NC_069809.1_Citfal: 18.341136, (NC_085562.1_Acrjap: 3.128644, NC_086817.1_Acrhes: 3.128644): 15.212491): 38.448615): 5.969049, (NC_045876.1_Psybor: 55.668700, PP072306.1_Majmou: 55.668700): 7.090100): 17.448846): 5.239581, ((((((KX091851.1_Creelo: 18.811536, (NC_030267.1_Cregem: 6.458885, NC_037234.1_Crejia: 6.458885): 12.352651): 4.481959, (KX434867.1_Creapi: 0.508994, MW222469.1_Crespe: 0.508994): 22.784501): 38.927231, ((KX434818.1_Therub: 38.858087, (((KX434829.1_Thecat: 9.011980, NC_086823.1_Thesin: 9.011980): 6.548717, OM202564.1_Thespe: 15.560697): 14.059242, KY689125.1_Theele: 29.619939): 9.238148): 11.701808, ((KX434861.1_Hymcor: 6.358764, MG888449.1_Hymcor: 6.358764): 6.997017, KX434870.1_Pardav: 13.355781): 37.204114): 11.660831): 4.887693, (KX434811.1_Psewah: 58.077519, (PP438767.1_Chlles: 49.387236, PP438770.1_Panfra: 49.387236): 8.690284): 9.030900): 8.845117, ((NC_030268.1_Anazhe: 29.164710, PP072307.1_Odospe: 29.164710): 35.865858, (NC_086822.1_Anasin: 10.604833, (NC_086826.1_Anatia: 6.973012, (OM202554.1_Anaspe: 3.532141, OM202555.1_Anagra: 3.532141): 3.440870): 3.631821): 54.425735): 10.922968): 5.605226, NC_037235.1_Sibpre: 81.558763): 3.888464): 4.434333, (((KX434815.1_Gongon: 44.849925, KX434825.1_Emppen: 44.849925): 12.182781, KX434824.1_Idolat: 57.032706): 16.133581, (KX434828.1_Blemen: 52.288995, KX434864.1_Idodia: 52.288995): 20.877293): 16.715272): 4.211642): 3.624294, (KX434839.1_Popspu: 83.870188, NC_077478.1_Galamo: 83.870188): 13.847307): 7.280276, (((KX434834.1_Derdes: 2.251003, KY689113.1_Derdes2: 2.251003): 80.252567, (KX434850.1_Derlob: 63.534238, NC_069810.1_Dertru: 63.534238): 18.969332): 11.221149, (KX434847.1_Psepin2: 8.970857, NC_086821.1_Psepin: 8.970857): 84.753862): 11.273052): 5.425820, (((KX434808.1_Miocaf: 59.551464, KX434817.1_Tausig: 59.551464): 11.081358, (NC_066978.1_Paragr: 59.231514, NC_069808.1_Cilhum: 59.231514): 11.401308): 28.813374, KX434858.1_Neobol: 99.446196): 10.977395): 5.366544): 7.643362, (((KU201314.1_Thespe: 64.404463, (KX434857.1_Humnad2: 2.147490, NC_030264.1_Humnad: 2.147490): 62.256973): 16.640115, ((KX434849.1_Themil: 8.089004, NC_086832.1_Themac: 8.089004): 4.030584, NC_086827.1_Theoph: 12.119588): 68.924990): 33.880864, (((KX434860.1_Singra: 0.650332, MG888464.1_Singua: 0.650332): 54.486863, OM202561.1_Sinspe: 55.137196): 31.264699, (((NC_051892.1_Arrpal: 24.812940, NC_086829.1_Arrpur: 24.812940): 8.791986, NC_086828.1_Arrbre: 33.604926): 29.956144, OM202563.1_Arrpal2: 63.561070): 22.840825): 28.523547): 8.508055): 4.640239, ((KX091854.1_Spiocc2: 84.746636, ((KX434816.1_Spiocc: 55.822015, (NC_086831.1_Gonbru: 32.280191, OM177664.1_Gonspe: 32.280191): 23.541825): 13.388808, (NC_037203.1_Amanaw: 13.333442, NC_086818.1_Amawuz: 13.333442): 55.877381): 15.535813): 37.855473, ((((KX434810.1_Miryun: 0.969725, NC_051490.1_Plibim: 0.969725): 62.235328, NC_037206.1_Scesim: 63.205053): 19.240839, (NC_037205.1_Troten: 73.754849, (NC_037208.1_Eomyun: 62.356442, NC_063851.1_Sinden: 62.356442): 11.398408): 8.691042): 20.406457, ((KX434846.1_Amochi: 17.225097, (MG888437.1_Amospe: 13.554517, NC_057070.1_Amohai: 13.554517): 3.670581): 72.531279, (MG888453.1_Leplac: 54.775467, ((NC_024028.1_Lepalb: 10.238204, OK480879.1_Lepton: 10.238204): 32.071001, OM202571.1_Lepspe: 42.309205): 12.466263): 34.980909): 13.095973): 19.749759): 5.471628): 11.099452, (KY689126.1_Calspe: 65.777621, OM202562.1_Mirspe: 65.777621): 73.395569): 8.033138, (KX434826.1_Brubor: 128.769523, ((KX434843.1_Acomul: 65.197034, (NC_077476.1_Caldia: 52.987692, NC_077477.1_Rapfus: 52.987692): 12.209342): 35.983764, (KX434844.1_Decspe: 50.076495, PV564197.1_Pselob: 50.076495): 51.104303): 27.588724): 18.436804): 11.168619, ((KX434845.1_Haavit: 64.502881, KY689130.1_Haaspe: 64.502881): 71.708199, OM910846.1_Carspe: 136.211079): 22.163867): 7.778103, MK400676.1_Erespe: 166.153049): 18.048254, (KX434871.1_Metspe: 56.808526, MG888455.1_Metspl: 56.808526): 127.392778): 146.121385, (((((NC_009499.1_Retsan: 34.907057, NC_015800.1_Copfor: 34.907057): 59.539191, NC_018120.1_Masdar: 94.446248): 26.819392, NC_037496.1_Crymer: 121.265640): 23.482375, ((NC_012901.1_Blager: 82.561020, NC_082459.1_Dippun: 82.561020): 42.306380, NC_039940.1_Perbru: 124.867400): 19.880615): 27.154212, NC_014274.1_Eupsin: 171.902227): 158.420461);

((((((((((((((((16CI1f_Psebet: 40.353857, (23spal_Amespa2: 17.390931, AA005_Amespa: 17.390931) [&95%HPD={8.9878, 26.6989}]: 22.962926) [&95%HPD={25.4426, 55.2976}]: 13.465541, (59T3_Amedum: 16.051204, ADEC02_Amedec: 16.051204) [&95%HPD={7.87261, 25.1769}]: 37.768194) [&95%HPD={37.1111, 69.8333}]: 6.718520, (((41K26_Amepic: 1.983427, 43assoi_Ameass: 1.983427) [&95%HPD={0.725719, 3.34518}]: 7.903290, (AA001_Ameand: 4.111787, AA003_Ameser: 4.111787) [&95%HPD={1.8584, 6.63462}]: 5.774930) [&95%HPD={5.57416, 14.5167}]: 11.209138, AAP07_Aptapt: 21.095855) [&95%HPD={12.2255, 31.2792}]: 39.442062) [&95%HPD={42.9281, 77.5433}]: 15.376911, (((KX434837.1_Toxhau: 19.601600, KY689118.1_Stepor: 19.601600) [&95%HPD={10.539, 29.4786}]: 19.411353, (MG888457.1_Pargig: 14.009075, NC_037697.1_Parpol: 14.009075) [&95%HPD={7.29559, 21.6546}]: 25.003878) [&95%HPD={25.1848, 52.9528}]: 28.721764, NC_077479.1_Chestr: 67.734717) [&95%HPD={49.925, 86.4392}]: 8.180112) [&95%HPD={56.5324, 95.1059}]: 7.817378, ((KX434820.1_Iripol: 55.616846, KX434823.1_Hetspe: 55.616846) [&95%HPD={34.9733, 74.9578}]: 17.761027, MW357303.1_Yermex: 73.377873) [&95%HPD={52.964, 93.2375}]: 10.354333) [&95%HPD={63.5437, 105.283}]: 6.515382, (KX434841.1_Psespe: 76.316034, NC_037207.1_Schbic: 76.316034) [&95%HPD={54.7376, 98.6626}]: 13.931554) [&95%HPD={68.5702, 112.99}]: 8.844374, (OZ336339.1_Bolbra: 80.164828, RBE05_Rivbae: 80.164828) [&95%HPD={55.4872, 104.234}]: 18.927134) [&95%HPD={74.6836, 122.61}]: 16.698173, ((((((((((KU201316.1_Staspe: 1.115651, NC_065761.1_Stafla: 1.115651) [&95%HPD={0.331941, 2.03595}]: 7.085337, OL414957.1_Staspe2: 8.200988) [&95%HPD={4.35138, 12.7029}]: 10.548961, (NC_065760.1_Stamac: 2.996179, NC_086820.1_Staagr: 2.996179) [&95%HPD={1.25186, 4.99657}]: 15.753770) [&95%HPD={11.9342, 26.823}]: 19.892833, NC_030265.1_Manrel: 38.642782) [&95%HPD={27.2783, 50.6664}]: 13.251785, ((((((((KX091864.1_Rholat: 8.152352, NC_034284.1_Rhoval: 8.152352) [&95%HPD={4.4388, 12.0606}]: 8.525443, ((((NC_029326.1_Hiefor: 4.949025, NC_065745.1_Hiechi: 4.949025) [&95%HPD={2.47986, 7.51314}]: 3.686315, (NC_051489.1_Rholon: 1.586733, OK542392.1_Hielon: 1.586733) [&95%HPD={0.639101, 2.73836}]: 7.048607) [&95%HPD={5.42275, 11.8963}]: 4.775866, (NC_065746.1_Hiezha: 10.834928, OL414959.1_Hiespe: 10.834928) [&95%HPD={6.85015, 14.8223}]: 2.576278) [&95%HPD={9.54813, 17.6852}]: 1.382381, NC_086819.1_Hielat: 14.793587) [&95%HPD={10.6821, 19.2762}]: 1.884208) [&95%HPD={12.3071, 21.6207}]: 3.349273, (KX434819.1_Hiemaj: 15.040096, (MW357298.1_Hiespe2: 11.271336, NC_007702.1_Tamtam: 11.271336) [&95%HPD={6.80731, 16.0585}]: 3.768760) [&95%HPD={10.0185, 19.9767}]: 4.986972) [&95%HPD={14.7991, 25.5165}]: 6.521601, (((((KX434830.1_Hiemul: 6.186005, NC_034283.1_Hiepat: 6.186005) [&95%HPD={3.32849, 9.22021}]: 1.776614, NC_065758.1_Hiemac: 7.962618) [&95%HPD={4.8071, 11.322}]: 3.118762, KX434851.1_Pnimed: 11.081380) [&95%HPD={7.22609, 15.3156}]: 6.534610, NC_034282.1_Rhobra: 17.615991) [&95%HPD={12.0163, 23.3684}]: 2.970824, KX619654.1_Rhospe: 20.586815) [&95%HPD={14.6426, 26.885}]: 5.961854) [&95%HPD={19.8532, 33.5339}]: 3.205292, ((KX434813.1_Mesala2: 0.067512, MW357300.1_Mesala: 0.067512) [&95%HPD={4.3e-06, 0.208197}]: 20.077217, NC_048984.1_Hiemem: 20.144729) [&95%HPD={12.4863, 28.0359}]: 9.609232) [&95%HPD={21.8819, 36.8817}]: 3.104933, MN267041.1_Mekqui: 32.858895) [&95%HPD={24.4677, 41.0004}]: 4.896598, KX434812.1_Cammou: 37.755493) [&95%HPD={28.8048, 47.2888}]: 9.490131, (((((KX434821.1_Plispe: 15.952368, (KX434855.1_Propic: 1.388922, KX434868.1_Prospe: 1.388922) [&95%HPD={0.510882, 2.39169}]: 14.563446) [&95%HPD={10.1313, 22.2534}]: 4.295153, KX434863.1_Polgri: 20.247521) [&95%HPD={13.7451, 27.1877}]: 5.312623, (KY689136.1_Hiedul: 22.004372, ((NC_030266.1_Tensin: 2.724467, (OK542393.1_Tenaribre: 2.134982, OM202552.1_Tenspe: 2.134982) [&95%HPD={0.974895, 3.39791}]: 0.589485) [&95%HPD={1.41405, 4.30418}]: 12.277807, NC_065759.1_Tenang: 15.002274) [&95%HPD={8.73609, 21.3287}]: 7.002099) [&95%HPD={15.0651, 29.3135}]: 3.555771) [&95%HPD={18.4126, 33.2691}]: 10.273085, ((KX434840.1_Sphvir: 17.913087, NC_037204.1_Sphlin: 17.913087) [&95%HPD={9.72117, 26.1508}]: 13.625725, KX434862.1_Tarala: 31.538812) [&95%HPD={22.427, 40.873}]: 4.294417) [&95%HPD={26.9104, 45.2467}]: 7.982861, ((KX434838.1_Psechl: 21.697145, MW357301.1_Pseper: 21.697145) [&95%HPD={13.753, 30.2798}]: 11.584116, MW357302.1_Stabio: 33.281261) [&95%HPD={24.0008, 42.9089}]: 10.534829) [&95%HPD={33.8256, 53.9405}]: 3.429534) [&95%HPD={36.8605, 57.5946}]: 4.648943) [&95%HPD={40.8384, 62.7415}]: 3.110241, (KX434842.1_Ortmin: 46.529786, MW357297.1_Asiyun: 46.529786) [&95%HPD={33.8461, 59.1213}]: 8.475023) [&95%HPD={43.8209, 66.2223}]: 39.088393, ((((((((KX091850.1_Cersau: 0.828089, PP438766.1_Ceryun: 0.828089) [&95%HPD={0.246645, 1.55564}]: 57.520229, NC_069811.1_Pacbic: 58.348317) [&95%HPD={42.0843, 74.1194}]: 10.465831, ((KY689117.1_Parkuh: 0.196830, MG888456.1_Parkuhasi: 0.196830) [&95%HPD={0.0002019, 0.479297}]: 60.042966, NC_086795.1_Phypar: 60.239795) [&95%HPD={44.2795, 75.7683}]: 8.574353) [&95%HPD={51.5601, 84.6236}]: 4.405672, ((KX091855.1_Hesspe: 13.230268, (KX434859.1_Heshof: 9.014502, (NC_086830.1_Astmaj: 0.181201, PP438763.1_Astbas: 0.181201) [&95%HPD={6.61e-05, 0.447675}]: 8.833300) [&95%HPD={4.72913, 14.1504}]: 4.215766) [&95%HPD={7.69838, 19.4003}]: 55.220920, ((((KX091863.1_Physha: 6.461838, NC_086824.1_Physin: 6.461838) [&95%HPD={2.98856, 10.3402}]: 23.276085, NC_086825.1_Phywer: 29.737922) [&95%HPD={18.0394, 42.5308}]: 15.508092, (MT024239.1_Phybre2: 19.835644, NC_086622.1_Phybre: 19.835644) [&95%HPD={10.637, 29.7453}]: 25.410370) [&95%HPD={31.0162, 60.2792}]: 15.873583, (KY689119.1_Physpe: 17.599807, PP438765.1_Cermac: 17.599807) [&95%HPD={9.52068, 26.8881}]: 43.519791) [&95%HPD={45.7927, 76.5859}]: 7.331591) [&95%HPD={52.2273, 85.2747}]: 4.768633) [&95%HPD={55.8507, 90.205}]: 3.299416, (KX434856.1_Otospe: 0.561427, NC_086621.1_Otoscu: 0.561427) [&95%HPD={0.0556386, 1.1903}]: 75.957810) [&95%HPD={58.6379, 93.937}]: 3.688409, (((KY689128.1_Ambund: 4.838797, MG888436.1_Ambpar: 4.838797) [&95%HPD={2.06689, 8.04519}]: 51.950954, (NC_069809.1_Citfal: 18.341136, (NC_085562.1_Acrjap: 3.128644, NC_086817.1_Acrhes: 3.128644) [&95%HPD={1.3293, 5.29564}]: 15.212491) [&95%HPD={9.23226, 29.3446}]: 38.448615) [&95%HPD={32.6692, 75.4222}]: 5.969049, (NC_045876.1_Psybor: 55.668700, PP072306.1_Majmou: 55.668700) [&95%HPD={31.9793, 74.4257}]: 7.090100) [&95%HPD={38.411, 81.7865}]: 17.448846) [&95%HPD={61.9266, 98.7926}]: 5.239581, ((((((KX091851.1_Creelo: 18.811536, (NC_030267.1_Cregem: 6.458885, NC_037234.1_Crejia: 6.458885) [&95%HPD={3.20026, 10.1468}]: 12.352651) [&95%HPD={11.2271, 27.2176}]: 4.481959, (KX434867.1_Creapi: 0.508994, MW222469.1_Crespe: 0.508994) [&95%HPD={0.0980766, 1.03985}]: 22.784501) [&95%HPD={14.3977, 32.6303}]: 38.927231, ((KX434818.1_Therub: 38.858087, (((KX434829.1_Thecat: 9.011980, NC_086823.1_Thesin: 9.011980) [&95%HPD={4.84838, 13.596}]: 6.548717, OM202564.1_Thespe: 15.560697) [&95%HPD={9.76237, 22.1057}]: 14.059242, KY689125.1_Theele: 29.619939) [&95%HPD={19.5381, 40.101}]: 9.238148) [&95%HPD={26.8221, 51.7707}]: 11.701808, ((KX434861.1_Hymcor: 6.358764, MG888449.1_Hymcor: 6.358764) [&95%HPD={3.05548, 10.0578}]: 6.997017, KX434870.1_Pardav: 13.355781) [&95%HPD={7.06117, 20.1855}]: 37.204114) [&95%HPD={35.7799, 65.8328}]: 11.660831) [&95%HPD={46.4765, 78.2181}]: 4.887693, (KX434811.1_Psewah: 58.077519, (PP438767.1_Chlles: 49.387236, PP438770.1_Panfra: 49.387236) [&95%HPD={32.682, 66.106}]: 8.690284) [&95%HPD={41.2756, 74.0013}]: 9.030900) [&95%HPD={50.2512, 83.3154}]: 8.845117, ((NC_030268.1_Anazhe: 29.164710, PP072307.1_Odospe: 29.164710) [&95%HPD={15.8418, 43.7102}]: 35.865858, (NC_086822.1_Anasin: 10.604833, (NC_086826.1_Anatia: 6.973012, (OM202554.1_Anaspe: 3.532141, OM202555.1_Anagra: 3.532141) [&95%HPD={1.69785, 5.67577}]: 3.440870) [&95%HPD={3.97062, 10.24}]: 3.631821) [&95%HPD={6.31095, 15.3115}]: 54.425735) [&95%HPD={48.1155, 82.8304}]: 10.922968) [&95%HPD={58.3398, 94.6202}]: 5.605226, NC_037235.1_Sibpre: 81.558763) [&95%HPD={62.4963, 100.786}]: 3.888464) [&95%HPD={66.2078, 105.397}]: 4.434333, (((KX434815.1_Gongon: 44.849925, KX434825.1_Emppen: 44.849925) [&95%HPD={25.7856, 65.2168}]: 12.182781, KX434824.1_Idolat: 57.032706) [&95%HPD={36.5171, 75.8691}]: 16.133581, (KX434828.1_Blemen: 52.288995, KX434864.1_Idodia: 52.288995) [&95%HPD={31.6656, 71.6579}]: 20.877293) [&95%HPD={53.8891, 93.6368}]: 16.715272) [&95%HPD={69.466, 110.719}]: 4.211642) [&95%HPD={73.2157, 116.323}]: 3.624294, (KX434839.1_Popspu: 83.870188, NC_077478.1_Galamo: 83.870188) [&95%HPD={60.7171, 107.478}]: 13.847307) [&95%HPD={75.451, 120.087}]: 7.280276, (((KX434834.1_Derdes: 2.251003, KY689113.1_Derdes2: 2.251003) [&95%HPD={0.941438, 3.83933}]: 80.252567, (KX434850.1_Derlob: 63.534238, NC_069810.1_Dertru: 63.534238) [&95%HPD={44.6361, 83.8}]: 18.969332) [&95%HPD={61.077, 104.617}]: 11.221149, (KX434847.1_Psepin2: 8.970857, NC_086821.1_Psepin: 8.970857) [&95%HPD={4.30564, 14.5672}]: 84.753862) [&95%HPD={70.9499, 116.677}]: 11.273052) [&95%HPD={80.8794, 128.895}]: 5.425820, (((KX434808.1_Miocaf: 59.551464, KX434817.1_Tausig: 59.551464) [&95%HPD={38.8074, 78.8113}]: 11.081358, (NC_066978.1_Paragr: 59.231514, NC_069808.1_Cilhum: 59.231514) [&95%HPD={39.1189, 79.4029}]: 11.401308) [&95%HPD={50.5305, 91.3216}]: 28.813374, KX434858.1_Neobol: 99.446196) [&95%HPD={75.3431, 124.417}]: 10.977395) [&95%HPD={84.6093, 134.878}]: 5.366544) [&95%HPD={89.1364, 141.444}]: 7.643362, (((KU201314.1_Thespe: 64.404463, (KX434857.1_Humnad2: 2.147490, NC_030264.1_Humnad: 2.147490) [&95%HPD={0.841327, 3.67505}]: 62.256973) [&95%HPD={43.0708, 85.4344}]: 16.640115, ((KX434849.1_Themil: 8.089004, NC_086832.1_Themac: 8.089004) [&95%HPD={4.10202, 12.5591}]: 4.030584, NC_086827.1_Theoph: 12.119588) [&95%HPD={6.92565, 17.7266}]: 68.924990) [&95%HPD={57.1549, 104.069}]: 33.880864, (((KX434860.1_Singra: 0.650332, MG888464.1_Singua: 0.650332) [&95%HPD={0.155481, 1.22802}]: 54.486863, OM202561.1_Sinspe: 55.137196) [&95%HPD={32.4061, 75.8632}]: 31.264699, (((NC_051892.1_Arrpal: 24.812940, NC_086829.1_Arrpur: 24.812940) [&95%HPD={13.9053, 36.9883}]: 8.791986, NC_086828.1_Arrbre: 33.604926) [&95%HPD={20.9153, 47.6154}]: 29.956144, OM202563.1_Arrpal2: 63.561070) [&95%HPD={44.4749, 83.9925}]: 22.840825) [&95%HPD={63.1289, 110.032}]: 28.523547) [&95%HPD={88.283, 141.742}]: 8.508055) [&95%HPD={95.4928, 151.196}]: 4.640239, ((KX091854.1_Spiocc2: 84.746636, ((KX434816.1_Spiocc: 55.822015, (NC_086831.1_Gonbru: 32.280191, OM177664.1_Gonspe: 32.280191) [&95%HPD={16.8783, 48.7716}]: 23.541825) [&95%HPD={34.7592, 75.009}]: 13.388808, (NC_037203.1_Amanaw: 13.333442, NC_086818.1_Amawuz: 13.333442) [&95%HPD={6.44489, 21.7251}]: 55.877381) [&95%HPD={47.7867, 92.3989}]: 15.535813) [&95%HPD={59.2515, 111.563}]: 37.855473, ((((KX434810.1_Miryun: 0.969725, NC_051490.1_Plibim: 0.969725) [&95%HPD={0.307542, 1.76741}]: 62.235328, NC_037206.1_Scesim: 63.205053) [&95%HPD={41.2638, 84.869}]: 19.240839, (NC_037205.1_Troten: 73.754849, (NC_037208.1_Eomyun: 62.356442, NC_063851.1_Sinden: 62.356442) [&95%HPD={42.1463, 83.2898}]: 11.398408) [&95%HPD={52.8838, 96.1043}]: 8.691042) [&95%HPD={58.9905, 104.733}]: 20.406457, ((KX434846.1_Amochi: 17.225097, (MG888437.1_Amospe: 13.554517, NC_057070.1_Amohai: 13.554517) [&95%HPD={7.43343, 20.6281}]: 3.670581) [&95%HPD={10.1368, 25.1309}]: 72.531279, (MG888453.1_Leplac: 54.775467, ((NC_024028.1_Lepalb: 10.238204, OK480879.1_Lepton: 10.238204) [&95%HPD={4.83269, 16.4402}]: 32.071001, OM202571.1_Lepspe: 42.309205) [&95%HPD={23.8839, 62.7909}]: 12.466263) [&95%HPD={33.8788, 75.2715}]: 34.980909) [&95%HPD={65.2047, 114.071}]: 13.095973) [&95%HPD={76.6522, 128.507}]: 19.749759) [&95%HPD={93.624, 150.266}]: 5.471628) [&95%HPD={98.164, 156.055}]: 11.099452, (KY689126.1_Calspe: 65.777621, OM202562.1_Mirspe: 65.777621) [&95%HPD={38.5537, 92.673}]: 73.395569) [&95%HPD={107.344, 171.574}]: 8.033138, (KX434826.1_Brubor: 128.769523, ((KX434843.1_Acomul: 65.197034, (NC_077476.1_Caldia: 52.987692, NC_077477.1_Rapfus: 52.987692) [&95%HPD={31.2051, 73.8137}]: 12.209342) [&95%HPD={42.7024, 88.0999}]: 35.983764, (KX434844.1_Decspe: 50.076495, PV564197.1_Pselob: 50.076495) [&95%HPD={26.5153, 73.0329}]: 51.104303) [&95%HPD={71.7336, 129.129}]: 27.588724) [&95%HPD={96.2319, 161.002}]: 18.436804) [&95%HPD={112.189, 180.48}]: 11.168619, ((KX434845.1_Haavit: 64.502881, KY689130.1_Haaspe: 64.502881) [&95%HPD={38.9692, 91.3465}]: 71.708199, OM910846.1_Carspe: 136.211079) [&95%HPD={101.874, 173.313}]: 22.163867) [&95%HPD={121.035, 195.678}]: 7.778103, MK400676.1_Erespe: 166.153049) [&95%HPD={127.098, 206.059}]: 18.048254, (KX434871.1_Metspe: 56.808526, MG888455.1_Metspl: 56.808526) [&95%HPD={26.9008, 84.892}]: 127.392778) [&95%HPD={138.801, 228.808}]: 146.121385, (((((NC_009499.1_Retsan: 34.907057, NC_015800.1_Copfor: 34.907057) [&95%HPD={17.2041, 56.0605}]: 59.539191, NC_018120.1_Masdar: 94.446248) [&95%HPD={63.0049, 128.063}]: 26.819392, NC_037496.1_Crymer: 121.265640) [&95%HPD={84.5836, 158.107}]: 23.482375, ((NC_012901.1_Blager: 82.561020, NC_082459.1_Dippun: 82.561020) [&95%HPD={50.5497, 117.231}]: 42.306380, NC_039940.1_Perbru: 124.867400) [&95%HPD={86.1988, 163.582}]: 19.880615) [&95%HPD={103.532, 184.034}]: 27.154212, NC_014274.1_Eupsin: 171.902227) [&95%HPD={125.078, 218.98}]: 158.420461) [&95%HPD={303.23, 373.447}];


Posterior mean (95% Equal-tail CI) (95% HPD CI) HPD-CI-width

t_n190       330.3981 (306.9533, 382.9806) (303.2305, 373.4470) 70.2165 (Jnode 376)
t_n191       184.2746 (138.8232, 228.8675) (138.8014, 228.8083) 90.0070 (Jnode 375)
t_n192       166.2095 (125.7309, 204.9285) (127.0983, 206.0593) 78.9611 (Jnode 374)
t_n193       158.3964 (120.1221, 195.0337) (121.0348, 195.6782) 74.6434 (Jnode 373)
t_n194       147.2522 (112.2560, 180.6114) (112.1893, 180.4805) 68.2912 (Jnode 372)
t_n195       139.2146 (106.1409, 170.4919) (107.3438, 171.5739) 64.2301 (Jnode 371)
t_n196       128.1081 (98.0679, 156.0213) (98.1640, 156.0554) 57.8915 (Jnode 370)
t_n197       123.4714 (94.3923, 150.4261) (95.4928, 151.1964) 55.7036 (Jnode 369)
t_n198       115.8315 (88.6374, 141.0011) (89.1364, 141.4437) 52.3073 (Jnode 368)
t_n199        99.1118 (74.7462, 122.7447) (74.6836, 122.6100) 47.9264 (Jnode 367)
t_n200        90.2927 (67.6688, 112.3072) (68.5702, 112.9899) 44.4197 (Jnode 366)
t_n201        83.7578 (62.7170, 104.4870) (63.5437, 105.2830) 41.7393 (Jnode 365)
t_n202        75.9468 (56.6193, 95.3238) (56.5324, 95.1059) 38.5734 (Jnode 364)
t_n203        60.5845 (43.0276, 77.7469) (42.9281, 77.5433) 34.6152 (Jnode 363)
t_n204        53.8670 (37.1655, 69.9331) (37.1111, 69.8333) 32.7222 (Jnode 362)
t_n205        40.3383 (26.2721, 56.3974) (25.4426, 55.2976) 29.8550 (Jnode 361)
t_n206        17.3934 ( 9.6988, 27.8770) ( 8.9878, 26.6989) 17.7111 (Jnode 360)
t_n207        16.0155 ( 8.6726, 26.4853) ( 7.8726, 25.1769) 17.3042 (Jnode 359)
t_n208        21.1189 (12.9175, 32.5494) (12.2255, 31.2792) 19.0537 (Jnode 358)
t_n209         9.8862 ( 5.9986, 15.1732) ( 5.5742, 14.5167)  8.9425 (Jnode 357)
t_n210         1.9828 ( 0.9036,  3.6599) ( 0.7257,  3.3452)  2.6195 (Jnode 356)
t_n211         4.1123 ( 2.0886,  7.0492) ( 1.8584,  6.6346)  4.7762 (Jnode 355)
t_n212        67.7414 (49.8739, 86.4066) (49.9250, 86.4392) 36.5142 (Jnode 354)
t_n213        38.9996 (26.3359, 54.3435) (25.1848, 52.9528) 27.7681 (Jnode 353)
t_n214        19.5950 (11.1742, 30.4444) (10.5390, 29.4786) 18.9397 (Jnode 352)
t_n215        13.9923 ( 7.7861, 22.6267) ( 7.2956, 21.6546) 14.3590 (Jnode 351)
t_n216        73.4097 (53.3804, 93.7407) (52.9640, 93.2375) 40.2736 (Jnode 350)
t_n217        55.6635 (34.5036, 74.5500) (34.9733, 74.9578) 39.9845 (Jnode 349)
t_n218        76.3704 (54.6710, 98.6317) (54.7376, 98.6626) 43.9250 (Jnode 348)
t_n219        80.1982 (55.9735, 104.8259) (55.4872, 104.2338) 48.7466 (Jnode 347)
t_n220       110.4408 (84.4061, 134.7200) (84.6093, 134.8785) 50.2692 (Jnode 346)
t_n221       105.0084 (80.0579, 128.3167) (80.8794, 128.8947) 48.0153 (Jnode 345)
t_n222        97.7634 (74.6057, 119.4012) (75.4510, 120.0872) 44.6363 (Jnode 344)
t_n223        94.1096 (71.6533, 114.9938) (73.2157, 116.3230) 43.1073 (Jnode 343)
t_n224        55.0246 (42.5361, 65.5499) (43.8209, 66.2223) 22.4014 (Jnode 342)
t_n225        51.9052 (39.9939, 62.2398) (40.8384, 62.7415) 21.9030 (Jnode 341)
t_n226        38.6423 (26.9650, 50.3875) (27.2783, 50.6664) 23.3881 (Jnode 340)
t_n227        18.7618 (12.1176, 27.1033) (11.9342, 26.8230) 14.8889 (Jnode 339)
t_n228         8.2185 ( 4.6731, 13.1675) ( 4.3514, 12.7029)  8.3515 (Jnode 338)
t_n229         1.1204 ( 0.4399,  2.2592) ( 0.3319,  2.0360)  1.7040 (Jnode 337)
t_n230         3.0059 ( 1.4803,  5.4463) ( 1.2519,  4.9966)  3.7447 (Jnode 336)
t_n231        47.2692 (36.2425, 57.1311) (36.8605, 57.5946) 20.7341 (Jnode 335)
t_n232        37.7789 (28.5161, 47.0343) (28.8048, 47.2888) 18.4840 (Jnode 334)
t_n233        32.8597 (24.6643, 41.2417) (24.4677, 41.0004) 16.5327 (Jnode 333)
t_n234        29.7506 (22.3426, 37.4194) (21.8819, 36.8817) 14.9999 (Jnode 332)
t_n235        26.5620 (19.8928, 33.6357) (19.8532, 33.5339) 13.6807 (Jnode 331)
t_n236        20.0429 (14.8158, 25.5442) (14.7991, 25.5165) 10.7174 (Jnode 330)
t_n237        16.6761 (12.2184, 21.5409) (12.3071, 21.6207)  9.3136 (Jnode 329)
t_n238         8.1602 ( 4.7252, 12.4722) ( 4.4388, 12.0606)  7.6218 (Jnode 328)
t_n239        14.7899 (10.7075, 19.3282) (10.6821, 19.2762)  8.5941 (Jnode 327)
t_n240        13.4132 ( 9.5732, 17.7254) ( 9.5481, 17.6852)  8.1371 (Jnode 326)
t_n241         8.6463 ( 5.6810, 12.2331) ( 5.4228, 11.8963)  6.4735 (Jnode 325)
t_n242         4.9504 ( 2.7406,  7.8756) ( 2.4799,  7.5131)  5.0333 (Jnode 324)
t_n243         1.5853 ( 0.7184,  2.9039) ( 0.6391,  2.7384)  2.0993 (Jnode 323)
t_n244        10.8358 ( 7.0609, 15.0782) ( 6.8502, 14.8223)  7.9721 (Jnode 322)
t_n245        15.0459 (10.2967, 20.2734) (10.0185, 19.9767)  9.9582 (Jnode 321)
t_n246        11.2903 ( 6.9974, 16.3453) ( 6.8073, 16.0585)  9.2512 (Jnode 320)
t_n247        20.5854 (14.7315, 26.9897) (14.6426, 26.8850) 12.2424 (Jnode 319)
t_n248        17.6175 (12.2514, 23.6678) (12.0163, 23.3684) 11.3521 (Jnode 318)
t_n249        11.0848 ( 7.3820, 15.5781) ( 7.2261, 15.3156)  8.0895 (Jnode 317)
t_n250         7.9787 ( 5.0523, 11.6008) ( 4.8071, 11.3220)  6.5149 (Jnode 316)
t_n251         6.2027 ( 3.5842,  9.5728) ( 3.3285,  9.2202)  5.8917 (Jnode 315)
t_n252        20.1393 (12.6291, 28.2703) (12.4863, 28.0359) 15.5496 (Jnode 314)
t_n253         0.0670 ( 0.0017,  0.2568) ( 0.0000,  0.2082)  0.2082 (Jnode 313)
t_n254        43.8348 (33.3470, 53.5423) (33.8256, 53.9405) 20.1148 (Jnode 312)
t_n255        35.8352 (26.6682, 45.0218) (26.9104, 45.2467) 18.3363 (Jnode 311)
t_n256        25.5688 (18.4654, 33.3387) (18.4126, 33.2691) 14.8565 (Jnode 310)
t_n257        20.2544 (13.8854, 27.4379) (13.7451, 27.1877) 13.4427 (Jnode 309)
t_n258        15.9631 (10.3264, 22.5421) (10.1313, 22.2534) 12.1221 (Jnode 308)
t_n259         1.3890 ( 0.6238,  2.6150) ( 0.5109,  2.3917)  1.8808 (Jnode 307)
t_n260        21.9924 (15.2403, 29.5407) (15.0651, 29.3135) 14.2484 (Jnode 306)
t_n261        15.0090 ( 9.2300, 21.9943) ( 8.7361, 21.3287) 12.5926 (Jnode 305)
t_n262         2.7204 ( 1.4876,  4.4484) ( 1.4140,  4.3042)  2.8901 (Jnode 304)
t_n263         2.1331 ( 1.1108,  3.6200) ( 0.9749,  3.3979)  2.4230 (Jnode 303)
t_n264        31.5509 (22.3953, 40.8550) (22.4270, 40.8730) 18.4460 (Jnode 302)
t_n265        17.9151 (10.3962, 26.8846) ( 9.7212, 26.1508) 16.4297 (Jnode 301)
t_n266        33.2961 (23.9706, 42.8994) (24.0008, 42.9089) 18.9081 (Jnode 300)
t_n267        21.7059 (14.0424, 30.6726) (13.7530, 30.2798) 16.5268 (Jnode 299)
t_n268        46.5449 (33.2261, 58.7006) (33.8461, 59.1213) 25.2752 (Jnode 298)
t_n269        89.8920 (68.4472, 109.8011) (69.4660, 110.7188) 41.2527 (Jnode 297)
t_n270        85.4694 (65.1157, 104.5301) (66.2078, 105.3967) 39.1889 (Jnode 296)
t_n271        80.2301 (60.9812, 97.9981) (61.9266, 98.7926) 36.8660 (Jnode 295)
t_n272        76.5432 (58.1310, 93.6295) (58.6379, 93.9370) 35.2991 (Jnode 294)
t_n273        73.2464 (55.4307, 89.8978) (55.8507, 90.2050) 34.3543 (Jnode 293)
t_n274        68.8404 (51.8064, 84.9120) (51.5601, 84.6236) 33.0635 (Jnode 292)
t_n275        58.3442 (41.5875, 73.6696) (42.0843, 74.1194) 32.0351 (Jnode 291)
t_n276         0.8273 ( 0.3105,  1.6849) ( 0.2466,  1.5556)  1.3090 (Jnode 290)
t_n277        60.2206 (44.2543, 75.7551) (44.2795, 75.7683) 31.4888 (Jnode 289)
t_n278         0.1979 ( 0.0202,  0.5686) ( 0.0002,  0.4793)  0.4791 (Jnode 288)
t_n279        68.4642 (51.5202, 84.7295) (52.2273, 85.2747) 33.0474 (Jnode 287)
t_n280        13.2276 ( 8.1635, 20.1598) ( 7.6984, 19.4003) 11.7019 (Jnode 286)
t_n281         9.0124 ( 5.0168, 14.7433) ( 4.7291, 14.1504)  9.4212 (Jnode 285)
t_n282         0.1814 ( 0.0165,  0.5339) ( 0.0001,  0.4477)  0.4476 (Jnode 284)
t_n283        61.1242 (45.7166, 76.5407) (45.7927, 76.5859) 30.7932 (Jnode 283)
t_n284        45.2292 (31.7681, 61.1784) (31.0162, 60.2792) 29.2630 (Jnode 282)
t_n285        29.7549 (18.6937, 43.5513) (18.0394, 42.5308) 24.4915 (Jnode 281)
t_n286         6.4756 ( 3.3879, 11.0761) ( 2.9886, 10.3402)  7.3517 (Jnode 280)
t_n287        19.8213 (11.4423, 31.0392) (10.6370, 29.7453) 19.1083 (Jnode 279)
t_n288        17.5793 (10.0308, 27.6647) ( 9.5207, 26.8881) 17.3674 (Jnode 278)
t_n289         0.5621 ( 0.1268,  1.3624) ( 0.0556,  1.1903)  1.1347 (Jnode 277)
t_n290        62.7760 (37.3807, 81.2810) (38.4110, 81.7865) 43.3755 (Jnode 276)
t_n291        56.8030 (32.0040, 74.9040) (32.6692, 75.4222) 42.7531 (Jnode 275)
t_n292         4.8427 ( 2.3999,  8.7048) ( 2.0669,  8.0452)  5.9783 (Jnode 274)
t_n293        18.3657 ( 9.9335, 30.8752) ( 9.2323, 29.3446) 20.1123 (Jnode 273)
t_n294         3.1252 ( 1.5061,  5.6708) ( 1.3293,  5.2956)  3.9663 (Jnode 272)
t_n295        55.6545 (30.9625, 73.6780) (31.9793, 74.4257) 42.4464 (Jnode 271)
t_n296        81.5791 (61.7214, 100.1123) (62.4963, 100.7860) 38.2897 (Jnode 270)
t_n297        75.9738 (57.3323, 93.7103) (58.3398, 94.6202) 36.2804 (Jnode 269)
t_n298        67.1262 (50.3163, 83.4414) (50.2512, 83.3154) 33.0641 (Jnode 268)
t_n299        62.2495 (46.2862, 78.0659) (46.4765, 78.2181) 31.7416 (Jnode 267)
t_n300        23.2727 (15.0191, 33.6142) (14.3977, 32.6303) 18.2326 (Jnode 266)
t_n301        18.8008 (11.7268, 27.9877) (11.2271, 27.2176) 15.9906 (Jnode 265)
t_n302         6.4694 ( 3.5011, 10.6785) ( 3.2003, 10.1468)  6.9466 (Jnode 264)
t_n303         0.5077 ( 0.1409,  1.1549) ( 0.0981,  1.0398)  0.9418 (Jnode 263)
t_n304        50.5621 (35.9323, 66.0285) (35.7799, 65.8328) 30.0529 (Jnode 262)
t_n305        38.8383 (26.9886, 52.0541) (26.8221, 51.7707) 24.9486 (Jnode 261)
t_n306        29.6369 (20.0556, 40.8186) (19.5381, 40.1010) 20.5628 (Jnode 260)
t_n307        15.5478 (10.0356, 22.6040) ( 9.7624, 22.1057) 12.3433 (Jnode 259)
t_n308         9.0073 ( 5.2082, 14.1431) ( 4.8484, 13.5960)  8.7476 (Jnode 258)
t_n309        13.3846 ( 7.8956, 21.3234) ( 7.0612, 20.1855) 13.1243 (Jnode 257)
t_n310         6.3523 ( 3.4063, 10.6715) ( 3.0555, 10.0578)  7.0023 (Jnode 256)
t_n311        58.0596 (41.2410, 73.9978) (41.2756, 74.0013) 32.7257 (Jnode 255)
t_n312        49.3778 (32.6820, 66.1060) (32.6820, 66.1060) 33.4239 (Jnode 254)
t_n313        65.0400 (47.7011, 82.5259) (48.1155, 82.8304) 34.7149 (Jnode 253)
t_n314        29.2358 (16.7973, 45.1061) (15.8418, 43.7102) 27.8683 (Jnode 252)
t_n315        10.5987 ( 6.6595, 15.8679) ( 6.3109, 15.3115)  9.0005 (Jnode 251)
t_n316         6.9693 ( 4.2433, 10.6316) ( 3.9706, 10.2400)  6.2694 (Jnode 250)
t_n317         3.5314 ( 1.8539,  5.9485) ( 1.6979,  5.6758)  3.9779 (Jnode 249)
t_n318        73.1323 (52.8083, 92.7910) (53.8891, 93.6368) 39.7477 (Jnode 248)
t_n319        57.0383 (36.7865, 76.2579) (36.5171, 75.8691) 39.3520 (Jnode 247)
t_n320        44.8678 (26.1390, 65.6924) (25.7856, 65.2168) 39.4312 (Jnode 246)
t_n321        52.2797 (31.3531, 71.4181) (31.6656, 71.6579) 39.9924 (Jnode 245)
t_n322        83.9470 (59.9224, 106.7283) (60.7171, 107.4780) 46.7609 (Jnode 244)
t_n323        93.7382 (70.4080, 116.2394) (70.9499, 116.6770) 45.7271 (Jnode 243)
t_n324        82.5350 (60.6940, 104.3080) (61.0770, 104.6172) 43.5402 (Jnode 242)
t_n325         2.2462 ( 1.0671,  4.1217) ( 0.9414,  3.8393)  2.8979 (Jnode 241)
t_n326        63.5339 (44.5292, 83.7352) (44.6361, 83.8000) 39.1639 (Jnode 240)
t_n327         8.9664 ( 4.7306, 15.4252) ( 4.3056, 14.5672) 10.2616 (Jnode 239)
t_n328        99.4518 (74.3233, 123.5891) (75.3431, 124.4170) 49.0740 (Jnode 238)
t_n329        70.6665 (50.0351, 90.9689) (50.5305, 91.3216) 40.7912 (Jnode 237)
t_n330        59.5721 (39.0986, 79.1418) (38.8074, 78.8113) 40.0038 (Jnode 236)
t_n331        59.2147 (38.2383, 78.8750) (39.1189, 79.4029) 40.2840 (Jnode 235)
t_n332       114.9458 (87.1649, 140.8235) (88.2830, 141.7423) 53.4592 (Jnode 234)
t_n333        80.9981 (57.9281, 105.1205) (57.1549, 104.0690) 46.9141 (Jnode 233)
t_n334        64.3626 (44.0659, 86.6415) (43.0708, 85.4344) 42.3635 (Jnode 232)
t_n335         2.1553 ( 1.0087,  4.0028) ( 0.8413,  3.6751)  2.8337 (Jnode 231)
t_n336        12.1444 ( 7.4040, 18.4910) ( 6.9257, 17.7266) 10.8010 (Jnode 230)
t_n337         8.1137 ( 4.5031, 13.2663) ( 4.1020, 12.5591)  8.4571 (Jnode 229)
t_n338        86.4582 (63.1558, 110.0739) (63.1289, 110.0321) 46.9032 (Jnode 228)
t_n339        55.1704 (32.7657, 76.3242) (32.4061, 75.8632) 43.4572 (Jnode 227)
t_n340         0.6486 ( 0.2236,  1.3663) ( 0.1555,  1.2280)  1.0725 (Jnode 226)
t_n341        63.5963 (44.8866, 84.4903) (44.4749, 83.9925) 39.5177 (Jnode 225)
t_n342        33.6412 (21.5205, 48.5845) (20.9153, 47.6154) 26.7001 (Jnode 224)
t_n343        24.8606 (14.5946, 38.0361) (13.9053, 36.9883) 23.0830 (Jnode 223)
t_n344       122.6315 (93.3669, 150.0904) (93.6240, 150.2660) 56.6420 (Jnode 222)
t_n345        84.7887 (59.4928, 111.9355) (59.2515, 111.5627) 52.3111 (Jnode 221)
t_n346        69.2426 (47.9929, 92.7334) (47.7867, 92.3989) 44.6122 (Jnode 220)
t_n347        55.8642 (35.7556, 76.3406) (34.7592, 75.0090) 40.2498 (Jnode 219)
t_n348        32.2852 (18.1361, 50.8488) (16.8783, 48.7716) 31.8933 (Jnode 218)
t_n349        13.3709 ( 7.0110, 23.0673) ( 6.4449, 21.7251) 15.2802 (Jnode 217)
t_n350       102.8969 (76.7969, 128.6853) (76.6522, 128.5074) 51.8553 (Jnode 216)
t_n351        82.4893 (59.9900, 105.9134) (58.9905, 104.7334) 45.7429 (Jnode 215)
t_n352        63.2446 (41.8025, 85.5826) (41.2638, 84.8690) 43.6051 (Jnode 214)
t_n353         0.9727 ( 0.3925,  1.9482) ( 0.3075,  1.7674)  1.4599 (Jnode 213)
t_n354        73.7934 (52.8296, 96.0986) (52.8838, 96.1043) 43.2205 (Jnode 212)
t_n355        62.3574 (42.2934, 83.5082) (42.1463, 83.2898) 41.1434 (Jnode 211)
t_n356        89.7789 (65.5510, 114.4794) (65.2047, 114.0710) 48.8663 (Jnode 210)
t_n357        17.2559 (10.7082, 25.9462) (10.1368, 25.1309) 14.9940 (Jnode 209)
t_n358        13.5568 ( 7.9330, 21.3885) ( 7.4334, 20.6281) 13.1947 (Jnode 208)
t_n359        54.7913 (34.7700, 76.3681) (33.8788, 75.2715) 41.3927 (Jnode 207)
t_n360        42.3421 (25.0775, 64.4250) (23.8839, 62.7909) 38.9070 (Jnode 206)
t_n361        10.2399 ( 5.3925, 17.4459) ( 4.8327, 16.4402) 11.6076 (Jnode 205)
t_n362        65.8250 (40.4862, 95.3131) (38.5537, 92.6730) 54.1193 (Jnode 204)
t_n363       128.7770 (95.9429, 160.8176) (96.2319, 161.0015) 64.7697 (Jnode 203)
t_n364       101.1584 (72.8376, 130.3478) (71.7336, 129.1291) 57.3955 (Jnode 202)
t_n365        65.2101 (42.6149, 88.0853) (42.7024, 88.0999) 45.3975 (Jnode 201)
t_n366        52.9986 (31.3895, 74.0550) (31.2051, 73.8137) 42.6086 (Jnode 200)
t_n367        50.0624 (27.3608, 74.2563) (26.5153, 73.0329) 46.5176 (Jnode 199)
t_n368       136.2232 (100.4680, 172.1068) (101.8741, 173.3130) 71.4388 (Jnode 198)
t_n369        64.4912 (39.6033, 92.2071) (38.9692, 91.3465) 52.3773 (Jnode 197)
t_n370        56.8528 (28.6540, 88.2586) (26.9008, 84.8920) 57.9912 (Jnode 196)
t_n371       171.9367 (126.4496, 220.8485) (125.0776, 218.9797) 93.9020 (Jnode 195)
t_n372       144.8189 (105.4311, 186.2098) (103.5318, 184.0344) 80.5026 (Jnode 194)
t_n373       121.2688 (85.8986, 159.6612) (84.5836, 158.1066) 73.5231 (Jnode 193)
t_n374        94.4859 (64.2538, 129.9323) (63.0049, 128.0626) 65.0577 (Jnode 192)
t_n375        34.9098 (19.5296, 60.5467) (17.2041, 56.0605) 38.8564 (Jnode 191)
t_n376       124.9213 (87.5341, 165.2197) (86.1988, 163.5815) 77.3827 (Jnode 190)
t_n377        82.6558 (53.0640, 120.3146) (50.5497, 117.2309) 66.6812 (Jnode 189)
mu             0.0027 ( 0.0022,  0.0034) ( 0.0021,  0.0033)  0.0012
sigma2         0.1446 ( 0.1149,  0.1811) ( 0.1122,  0.1775)  0.0654
lnL         -189.1086 (-216.5480, -163.4640) (-216.6020, -163.5780) 53.0240
