MCMCTREE (paml version 4.10.8.iq2mc, November 2024) AA.dummy.phy


*** Locus 1 ***
    189      1

16CI1f_Psebet                   A
23spal_Amespa2                  A
41K26_Amepic                    A
43assoi_Ameass                  A
59T3_Amedum                     A
AA001_Ameand                    A
AA003_Ameser                    A
AA005_Amespa                    A
AAP07_Aptapt                    A
ADEC02_Amedec                   A
KU201314.1_Thespe               A
KU201316.1_Staspe               A
KX091850.1_Cersau               A
KX091851.1_Creelo               A
KX091854.1_Spiocc2              A
KX091855.1_Hesspe               A
KX091863.1_Physha               A
KX091864.1_Rholat               A
KX434808.1_Miocaf               A
KX434810.1_Miryun               A
KX434811.1_Psewah               A
KX434812.1_Cammou               A
KX434813.1_Mesala2              A
KX434815.1_Gongon               A
KX434816.1_Spiocc               A
KX434817.1_Tausig               A
KX434818.1_Therub               A
KX434819.1_Hiemaj               A
KX434820.1_Iripol               A
KX434821.1_Plispe               A
KX434823.1_Hetspe               A
KX434824.1_Idolat               A
KX434825.1_Emppen               A
KX434826.1_Brubor               A
KX434828.1_Blemen               A
KX434829.1_Thecat               A
KX434830.1_Hiemul               A
KX434834.1_Derdes               A
KX434837.1_Toxhau               A
KX434838.1_Psechl               A
KX434839.1_Popspu               A
KX434840.1_Sphvir               A
KX434841.1_Psespe               A
KX434842.1_Ortmin               A
KX434843.1_Acomul               A
KX434844.1_Decspe               A
KX434845.1_Haavit               A
KX434846.1_Amochi               A
KX434847.1_Psepin2              A
KX434849.1_Themil               A
KX434850.1_Derlob               A
KX434851.1_Pnimed               A
KX434855.1_Propic               A
KX434856.1_Otospe               A
KX434857.1_Humnad2              A
KX434858.1_Neobol               A
KX434859.1_Heshof               A
KX434860.1_Singra               A
KX434861.1_Hymcor               A
KX434862.1_Tarala               A
KX434863.1_Polgri               A
KX434864.1_Idodia               A
KX434867.1_Creapi               A
KX434868.1_Prospe               A
KX434870.1_Pardav               A
KX434871.1_Metspe               A
KX619654.1_Rhospe               A
KY689113.1_Derdes2              A
KY689117.1_Parkuh               A
KY689118.1_Stepor               A
KY689119.1_Physpe               A
KY689125.1_Theele               A
KY689126.1_Calspe               A
KY689128.1_Ambund               A
KY689130.1_Haaspe               A
KY689136.1_Hiedul               A
MG888436.1_Ambpar               A
MG888437.1_Amospe               A
MG888449.1_Hymcor               A
MG888453.1_Leplac               A
MG888455.1_Metspl               A
MG888456.1_Parkuhasi            A
MG888457.1_Pargig               A
MG888464.1_Singua               A
MK400676.1_Erespe               A
MN267041.1_Mekqui               A
MT024239.1_Phybre2              A
MW222469.1_Crespe               A
MW357297.1_Asiyun               A
MW357298.1_Hiespe2              A
MW357300.1_Mesala               A
MW357301.1_Pseper               A
MW357302.1_Stabio               A
MW357303.1_Yermex               A
NC_007702.1_Tamtam              A
NC_009499.1_Retsan              A
NC_012901.1_Blager              A
NC_014274.1_Eupsin              A
NC_015800.1_Copfor              A
NC_018120.1_Masdar              A
NC_024028.1_Lepalb              A
NC_029326.1_Hiefor              A
NC_030264.1_Humnad              A
NC_030265.1_Manrel              A
NC_030266.1_Tensin              A
NC_030267.1_Cregem              A
NC_030268.1_Anazhe              A
NC_034282.1_Rhobra              A
NC_034283.1_Hiepat              A
NC_034284.1_Rhoval              A
NC_037203.1_Amanaw              A
NC_037204.1_Sphlin              A
NC_037205.1_Troten              A
NC_037206.1_Scesim              A
NC_037207.1_Schbic              A
NC_037208.1_Eomyun              A
NC_037234.1_Crejia              A
NC_037235.1_Sibpre              A
NC_037496.1_Crymer              A
NC_037697.1_Parpol              A
NC_039940.1_Perbru              A
NC_045876.1_Psybor              A
NC_048984.1_Hiemem              A
NC_051489.1_Rholon              A
NC_051490.1_Plibim              A
NC_051892.1_Arrpal              A
NC_057070.1_Amohai              A
NC_063851.1_Sinden              A
NC_065745.1_Hiechi              A
NC_065746.1_Hiezha              A
NC_065758.1_Hiemac              A
NC_065759.1_Tenang              A
NC_065760.1_Stamac              A
NC_065761.1_Stafla              A
NC_066978.1_Paragr              A
NC_069808.1_Cilhum              A
NC_069809.1_Citfal              A
NC_069810.1_Dertru              A
NC_069811.1_Pacbic              A
NC_077476.1_Caldia              A
NC_077477.1_Rapfus              A
NC_077478.1_Galamo              A
NC_077479.1_Chestr              A
NC_082459.1_Dippun              A
NC_085562.1_Acrjap              A
NC_086621.1_Otoscu              A
NC_086622.1_Phybre              A
NC_086795.1_Phypar              A
NC_086817.1_Acrhes              A
NC_086818.1_Amawuz              A
NC_086819.1_Hielat              A
NC_086820.1_Staagr              A
NC_086821.1_Psepin              A
NC_086822.1_Anasin              A
NC_086823.1_Thesin              A
NC_086824.1_Physin              A
NC_086825.1_Phywer              A
NC_086826.1_Anatia              A
NC_086827.1_Theoph              A
NC_086828.1_Arrbre              A
NC_086829.1_Arrpur              A
NC_086830.1_Astmaj              A
NC_086831.1_Gonbru              A
NC_086832.1_Themac              A
OK480879.1_Lepton               A
OK542392.1_Hielon               A
OK542393.1_Tenaribre            A
OL414957.1_Staspe2              A
OL414959.1_Hiespe               A
OM177664.1_Gonspe               A
OM202552.1_Tenspe               A
OM202554.1_Anaspe               A
OM202555.1_Anagra               A
OM202561.1_Sinspe               A
OM202562.1_Mirspe               A
OM202563.1_Arrpal2              A
OM202564.1_Thespe               A
OM202571.1_Lepspe               A
OM910846.1_Carspe               A
OZ336339.1_Bolbra               A
PP072306.1_Majmou               A
PP072307.1_Odospe               A
PP438763.1_Astbas               A
PP438765.1_Cermac               A
PP438766.1_Ceryun               A
PP438767.1_Chlles               A
PP438770.1_Panfra               A
PV564197.1_Pselob               A
RBE05_Rivbae                    A



Printing out site pattern counts


       189          1  P

16CI1f_Psebet                   A
23spal_Amespa2                  A
41K26_Amepic                    A
43assoi_Ameass                  A
59T3_Amedum                     A
AA001_Ameand                    A
AA003_Ameser                    A
AA005_Amespa                    A
AAP07_Aptapt                    A
ADEC02_Amedec                   A
KU201314.1_Thespe               A
KU201316.1_Staspe               A
KX091850.1_Cersau               A
KX091851.1_Creelo               A
KX091854.1_Spiocc2              A
KX091855.1_Hesspe               A
KX091863.1_Physha               A
KX091864.1_Rholat               A
KX434808.1_Miocaf               A
KX434810.1_Miryun               A
KX434811.1_Psewah               A
KX434812.1_Cammou               A
KX434813.1_Mesala2              A
KX434815.1_Gongon               A
KX434816.1_Spiocc               A
KX434817.1_Tausig               A
KX434818.1_Therub               A
KX434819.1_Hiemaj               A
KX434820.1_Iripol               A
KX434821.1_Plispe               A
KX434823.1_Hetspe               A
KX434824.1_Idolat               A
KX434825.1_Emppen               A
KX434826.1_Brubor               A
KX434828.1_Blemen               A
KX434829.1_Thecat               A
KX434830.1_Hiemul               A
KX434834.1_Derdes               A
KX434837.1_Toxhau               A
KX434838.1_Psechl               A
KX434839.1_Popspu               A
KX434840.1_Sphvir               A
KX434841.1_Psespe               A
KX434842.1_Ortmin               A
KX434843.1_Acomul               A
KX434844.1_Decspe               A
KX434845.1_Haavit               A
KX434846.1_Amochi               A
KX434847.1_Psepin2              A
KX434849.1_Themil               A
KX434850.1_Derlob               A
KX434851.1_Pnimed               A
KX434855.1_Propic               A
KX434856.1_Otospe               A
KX434857.1_Humnad2              A
KX434858.1_Neobol               A
KX434859.1_Heshof               A
KX434860.1_Singra               A
KX434861.1_Hymcor               A
KX434862.1_Tarala               A
KX434863.1_Polgri               A
KX434864.1_Idodia               A
KX434867.1_Creapi               A
KX434868.1_Prospe               A
KX434870.1_Pardav               A
KX434871.1_Metspe               A
KX619654.1_Rhospe               A
KY689113.1_Derdes2              A
KY689117.1_Parkuh               A
KY689118.1_Stepor               A
KY689119.1_Physpe               A
KY689125.1_Theele               A
KY689126.1_Calspe               A
KY689128.1_Ambund               A
KY689130.1_Haaspe               A
KY689136.1_Hiedul               A
MG888436.1_Ambpar               A
MG888437.1_Amospe               A
MG888449.1_Hymcor               A
MG888453.1_Leplac               A
MG888455.1_Metspl               A
MG888456.1_Parkuhasi            A
MG888457.1_Pargig               A
MG888464.1_Singua               A
MK400676.1_Erespe               A
MN267041.1_Mekqui               A
MT024239.1_Phybre2              A
MW222469.1_Crespe               A
MW357297.1_Asiyun               A
MW357298.1_Hiespe2              A
MW357300.1_Mesala               A
MW357301.1_Pseper               A
MW357302.1_Stabio               A
MW357303.1_Yermex               A
NC_007702.1_Tamtam              A
NC_009499.1_Retsan              A
NC_012901.1_Blager              A
NC_014274.1_Eupsin              A
NC_015800.1_Copfor              A
NC_018120.1_Masdar              A
NC_024028.1_Lepalb              A
NC_029326.1_Hiefor              A
NC_030264.1_Humnad              A
NC_030265.1_Manrel              A
NC_030266.1_Tensin              A
NC_030267.1_Cregem              A
NC_030268.1_Anazhe              A
NC_034282.1_Rhobra              A
NC_034283.1_Hiepat              A
NC_034284.1_Rhoval              A
NC_037203.1_Amanaw              A
NC_037204.1_Sphlin              A
NC_037205.1_Troten              A
NC_037206.1_Scesim              A
NC_037207.1_Schbic              A
NC_037208.1_Eomyun              A
NC_037234.1_Crejia              A
NC_037235.1_Sibpre              A
NC_037496.1_Crymer              A
NC_037697.1_Parpol              A
NC_039940.1_Perbru              A
NC_045876.1_Psybor              A
NC_048984.1_Hiemem              A
NC_051489.1_Rholon              A
NC_051490.1_Plibim              A
NC_051892.1_Arrpal              A
NC_057070.1_Amohai              A
NC_063851.1_Sinden              A
NC_065745.1_Hiechi              A
NC_065746.1_Hiezha              A
NC_065758.1_Hiemac              A
NC_065759.1_Tenang              A
NC_065760.1_Stamac              A
NC_065761.1_Stafla              A
NC_066978.1_Paragr              A
NC_069808.1_Cilhum              A
NC_069809.1_Citfal              A
NC_069810.1_Dertru              A
NC_069811.1_Pacbic              A
NC_077476.1_Caldia              A
NC_077477.1_Rapfus              A
NC_077478.1_Galamo              A
NC_077479.1_Chestr              A
NC_082459.1_Dippun              A
NC_085562.1_Acrjap              A
NC_086621.1_Otoscu              A
NC_086622.1_Phybre              A
NC_086795.1_Phypar              A
NC_086817.1_Acrhes              A
NC_086818.1_Amawuz              A
NC_086819.1_Hielat              A
NC_086820.1_Staagr              A
NC_086821.1_Psepin              A
NC_086822.1_Anasin              A
NC_086823.1_Thesin              A
NC_086824.1_Physin              A
NC_086825.1_Phywer              A
NC_086826.1_Anatia              A
NC_086827.1_Theoph              A
NC_086828.1_Arrbre              A
NC_086829.1_Arrpur              A
NC_086830.1_Astmaj              A
NC_086831.1_Gonbru              A
NC_086832.1_Themac              A
OK480879.1_Lepton               A
OK542392.1_Hielon               A
OK542393.1_Tenaribre            A
OL414957.1_Staspe2              A
OL414959.1_Hiespe               A
OM177664.1_Gonspe               A
OM202552.1_Tenspe               A
OM202554.1_Anaspe               A
OM202555.1_Anagra               A
OM202561.1_Sinspe               A
OM202562.1_Mirspe               A
OM202563.1_Arrpal2              A
OM202564.1_Thespe               A
OM202571.1_Lepspe               A
OM910846.1_Carspe               A
OZ336339.1_Bolbra               A
PP072306.1_Majmou               A
PP072307.1_Odospe               A
PP438763.1_Astbas               A
PP438765.1_Cermac               A
PP438766.1_Ceryun               A
PP438767.1_Chlles               A
PP438770.1_Panfra               A
PV564197.1_Pselob               A
RBE05_Rivbae                    A



Frequencies..
                                    A      R      N      D      C      Q      E      G      H      I      L      K      M      F      P      S      T      W      Y      V
16CI1f_Psebet                  1.00000 0.00000 0.00000 0.00000 0.00000 0.00000 0.00000 0.00000 0.00000 0.00000 0.00000 0.00000 0.00000 0.00000 0.00000 0.00000 0.00000 0.00000 0.00000 0.00000
23spal_Amespa2                 1.00000 0.00000 0.00000 0.00000 0.00000 0.00000 0.00000 0.00000 0.00000 0.00000 0.00000 0.00000 0.00000 0.00000 0.00000 0.00000 0.00000 0.00000 0.00000 0.00000
41K26_Amepic                   1.00000 0.00000 0.00000 0.00000 0.00000 0.00000 0.00000 0.00000 0.00000 0.00000 0.00000 0.00000 0.00000 0.00000 0.00000 0.00000 0.00000 0.00000 0.00000 0.00000
43assoi_Ameass                 1.00000 0.00000 0.00000 0.00000 0.00000 0.00000 0.00000 0.00000 0.00000 0.00000 0.00000 0.00000 0.00000 0.00000 0.00000 0.00000 0.00000 0.00000 0.00000 0.00000
59T3_Amedum                    1.00000 0.00000 0.00000 0.00000 0.00000 0.00000 0.00000 0.00000 0.00000 0.00000 0.00000 0.00000 0.00000 0.00000 0.00000 0.00000 0.00000 0.00000 0.00000 0.00000
AA001_Ameand                   1.00000 0.00000 0.00000 0.00000 0.00000 0.00000 0.00000 0.00000 0.00000 0.00000 0.00000 0.00000 0.00000 0.00000 0.00000 0.00000 0.00000 0.00000 0.00000 0.00000
AA003_Ameser                   1.00000 0.00000 0.00000 0.00000 0.00000 0.00000 0.00000 0.00000 0.00000 0.00000 0.00000 0.00000 0.00000 0.00000 0.00000 0.00000 0.00000 0.00000 0.00000 0.00000
AA005_Amespa                   1.00000 0.00000 0.00000 0.00000 0.00000 0.00000 0.00000 0.00000 0.00000 0.00000 0.00000 0.00000 0.00000 0.00000 0.00000 0.00000 0.00000 0.00000 0.00000 0.00000
AAP07_Aptapt                   1.00000 0.00000 0.00000 0.00000 0.00000 0.00000 0.00000 0.00000 0.00000 0.00000 0.00000 0.00000 0.00000 0.00000 0.00000 0.00000 0.00000 0.00000 0.00000 0.00000
ADEC02_Amedec                  1.00000 0.00000 0.00000 0.00000 0.00000 0.00000 0.00000 0.00000 0.00000 0.00000 0.00000 0.00000 0.00000 0.00000 0.00000 0.00000 0.00000 0.00000 0.00000 0.00000
KU201314.1_Thespe              1.00000 0.00000 0.00000 0.00000 0.00000 0.00000 0.00000 0.00000 0.00000 0.00000 0.00000 0.00000 0.00000 0.00000 0.00000 0.00000 0.00000 0.00000 0.00000 0.00000
KU201316.1_Staspe              1.00000 0.00000 0.00000 0.00000 0.00000 0.00000 0.00000 0.00000 0.00000 0.00000 0.00000 0.00000 0.00000 0.00000 0.00000 0.00000 0.00000 0.00000 0.00000 0.00000
KX091850.1_Cersau              1.00000 0.00000 0.00000 0.00000 0.00000 0.00000 0.00000 0.00000 0.00000 0.00000 0.00000 0.00000 0.00000 0.00000 0.00000 0.00000 0.00000 0.00000 0.00000 0.00000
KX091851.1_Creelo              1.00000 0.00000 0.00000 0.00000 0.00000 0.00000 0.00000 0.00000 0.00000 0.00000 0.00000 0.00000 0.00000 0.00000 0.00000 0.00000 0.00000 0.00000 0.00000 0.00000
KX091854.1_Spiocc2             1.00000 0.00000 0.00000 0.00000 0.00000 0.00000 0.00000 0.00000 0.00000 0.00000 0.00000 0.00000 0.00000 0.00000 0.00000 0.00000 0.00000 0.00000 0.00000 0.00000
KX091855.1_Hesspe              1.00000 0.00000 0.00000 0.00000 0.00000 0.00000 0.00000 0.00000 0.00000 0.00000 0.00000 0.00000 0.00000 0.00000 0.00000 0.00000 0.00000 0.00000 0.00000 0.00000
KX091863.1_Physha              1.00000 0.00000 0.00000 0.00000 0.00000 0.00000 0.00000 0.00000 0.00000 0.00000 0.00000 0.00000 0.00000 0.00000 0.00000 0.00000 0.00000 0.00000 0.00000 0.00000
KX091864.1_Rholat              1.00000 0.00000 0.00000 0.00000 0.00000 0.00000 0.00000 0.00000 0.00000 0.00000 0.00000 0.00000 0.00000 0.00000 0.00000 0.00000 0.00000 0.00000 0.00000 0.00000
KX434808.1_Miocaf              1.00000 0.00000 0.00000 0.00000 0.00000 0.00000 0.00000 0.00000 0.00000 0.00000 0.00000 0.00000 0.00000 0.00000 0.00000 0.00000 0.00000 0.00000 0.00000 0.00000
KX434810.1_Miryun              1.00000 0.00000 0.00000 0.00000 0.00000 0.00000 0.00000 0.00000 0.00000 0.00000 0.00000 0.00000 0.00000 0.00000 0.00000 0.00000 0.00000 0.00000 0.00000 0.00000
KX434811.1_Psewah              1.00000 0.00000 0.00000 0.00000 0.00000 0.00000 0.00000 0.00000 0.00000 0.00000 0.00000 0.00000 0.00000 0.00000 0.00000 0.00000 0.00000 0.00000 0.00000 0.00000
KX434812.1_Cammou              1.00000 0.00000 0.00000 0.00000 0.00000 0.00000 0.00000 0.00000 0.00000 0.00000 0.00000 0.00000 0.00000 0.00000 0.00000 0.00000 0.00000 0.00000 0.00000 0.00000
KX434813.1_Mesala2             1.00000 0.00000 0.00000 0.00000 0.00000 0.00000 0.00000 0.00000 0.00000 0.00000 0.00000 0.00000 0.00000 0.00000 0.00000 0.00000 0.00000 0.00000 0.00000 0.00000
KX434815.1_Gongon              1.00000 0.00000 0.00000 0.00000 0.00000 0.00000 0.00000 0.00000 0.00000 0.00000 0.00000 0.00000 0.00000 0.00000 0.00000 0.00000 0.00000 0.00000 0.00000 0.00000
KX434816.1_Spiocc              1.00000 0.00000 0.00000 0.00000 0.00000 0.00000 0.00000 0.00000 0.00000 0.00000 0.00000 0.00000 0.00000 0.00000 0.00000 0.00000 0.00000 0.00000 0.00000 0.00000
KX434817.1_Tausig              1.00000 0.00000 0.00000 0.00000 0.00000 0.00000 0.00000 0.00000 0.00000 0.00000 0.00000 0.00000 0.00000 0.00000 0.00000 0.00000 0.00000 0.00000 0.00000 0.00000
KX434818.1_Therub              1.00000 0.00000 0.00000 0.00000 0.00000 0.00000 0.00000 0.00000 0.00000 0.00000 0.00000 0.00000 0.00000 0.00000 0.00000 0.00000 0.00000 0.00000 0.00000 0.00000
KX434819.1_Hiemaj              1.00000 0.00000 0.00000 0.00000 0.00000 0.00000 0.00000 0.00000 0.00000 0.00000 0.00000 0.00000 0.00000 0.00000 0.00000 0.00000 0.00000 0.00000 0.00000 0.00000
KX434820.1_Iripol              1.00000 0.00000 0.00000 0.00000 0.00000 0.00000 0.00000 0.00000 0.00000 0.00000 0.00000 0.00000 0.00000 0.00000 0.00000 0.00000 0.00000 0.00000 0.00000 0.00000
KX434821.1_Plispe              1.00000 0.00000 0.00000 0.00000 0.00000 0.00000 0.00000 0.00000 0.00000 0.00000 0.00000 0.00000 0.00000 0.00000 0.00000 0.00000 0.00000 0.00000 0.00000 0.00000
KX434823.1_Hetspe              1.00000 0.00000 0.00000 0.00000 0.00000 0.00000 0.00000 0.00000 0.00000 0.00000 0.00000 0.00000 0.00000 0.00000 0.00000 0.00000 0.00000 0.00000 0.00000 0.00000
KX434824.1_Idolat              1.00000 0.00000 0.00000 0.00000 0.00000 0.00000 0.00000 0.00000 0.00000 0.00000 0.00000 0.00000 0.00000 0.00000 0.00000 0.00000 0.00000 0.00000 0.00000 0.00000
KX434825.1_Emppen              1.00000 0.00000 0.00000 0.00000 0.00000 0.00000 0.00000 0.00000 0.00000 0.00000 0.00000 0.00000 0.00000 0.00000 0.00000 0.00000 0.00000 0.00000 0.00000 0.00000
KX434826.1_Brubor              1.00000 0.00000 0.00000 0.00000 0.00000 0.00000 0.00000 0.00000 0.00000 0.00000 0.00000 0.00000 0.00000 0.00000 0.00000 0.00000 0.00000 0.00000 0.00000 0.00000
KX434828.1_Blemen              1.00000 0.00000 0.00000 0.00000 0.00000 0.00000 0.00000 0.00000 0.00000 0.00000 0.00000 0.00000 0.00000 0.00000 0.00000 0.00000 0.00000 0.00000 0.00000 0.00000
KX434829.1_Thecat              1.00000 0.00000 0.00000 0.00000 0.00000 0.00000 0.00000 0.00000 0.00000 0.00000 0.00000 0.00000 0.00000 0.00000 0.00000 0.00000 0.00000 0.00000 0.00000 0.00000
KX434830.1_Hiemul              1.00000 0.00000 0.00000 0.00000 0.00000 0.00000 0.00000 0.00000 0.00000 0.00000 0.00000 0.00000 0.00000 0.00000 0.00000 0.00000 0.00000 0.00000 0.00000 0.00000
KX434834.1_Derdes              1.00000 0.00000 0.00000 0.00000 0.00000 0.00000 0.00000 0.00000 0.00000 0.00000 0.00000 0.00000 0.00000 0.00000 0.00000 0.00000 0.00000 0.00000 0.00000 0.00000
KX434837.1_Toxhau              1.00000 0.00000 0.00000 0.00000 0.00000 0.00000 0.00000 0.00000 0.00000 0.00000 0.00000 0.00000 0.00000 0.00000 0.00000 0.00000 0.00000 0.00000 0.00000 0.00000
KX434838.1_Psechl              1.00000 0.00000 0.00000 0.00000 0.00000 0.00000 0.00000 0.00000 0.00000 0.00000 0.00000 0.00000 0.00000 0.00000 0.00000 0.00000 0.00000 0.00000 0.00000 0.00000
KX434839.1_Popspu              1.00000 0.00000 0.00000 0.00000 0.00000 0.00000 0.00000 0.00000 0.00000 0.00000 0.00000 0.00000 0.00000 0.00000 0.00000 0.00000 0.00000 0.00000 0.00000 0.00000
KX434840.1_Sphvir              1.00000 0.00000 0.00000 0.00000 0.00000 0.00000 0.00000 0.00000 0.00000 0.00000 0.00000 0.00000 0.00000 0.00000 0.00000 0.00000 0.00000 0.00000 0.00000 0.00000
KX434841.1_Psespe              1.00000 0.00000 0.00000 0.00000 0.00000 0.00000 0.00000 0.00000 0.00000 0.00000 0.00000 0.00000 0.00000 0.00000 0.00000 0.00000 0.00000 0.00000 0.00000 0.00000
KX434842.1_Ortmin              1.00000 0.00000 0.00000 0.00000 0.00000 0.00000 0.00000 0.00000 0.00000 0.00000 0.00000 0.00000 0.00000 0.00000 0.00000 0.00000 0.00000 0.00000 0.00000 0.00000
KX434843.1_Acomul              1.00000 0.00000 0.00000 0.00000 0.00000 0.00000 0.00000 0.00000 0.00000 0.00000 0.00000 0.00000 0.00000 0.00000 0.00000 0.00000 0.00000 0.00000 0.00000 0.00000
KX434844.1_Decspe              1.00000 0.00000 0.00000 0.00000 0.00000 0.00000 0.00000 0.00000 0.00000 0.00000 0.00000 0.00000 0.00000 0.00000 0.00000 0.00000 0.00000 0.00000 0.00000 0.00000
KX434845.1_Haavit              1.00000 0.00000 0.00000 0.00000 0.00000 0.00000 0.00000 0.00000 0.00000 0.00000 0.00000 0.00000 0.00000 0.00000 0.00000 0.00000 0.00000 0.00000 0.00000 0.00000
KX434846.1_Amochi              1.00000 0.00000 0.00000 0.00000 0.00000 0.00000 0.00000 0.00000 0.00000 0.00000 0.00000 0.00000 0.00000 0.00000 0.00000 0.00000 0.00000 0.00000 0.00000 0.00000
KX434847.1_Psepin2             1.00000 0.00000 0.00000 0.00000 0.00000 0.00000 0.00000 0.00000 0.00000 0.00000 0.00000 0.00000 0.00000 0.00000 0.00000 0.00000 0.00000 0.00000 0.00000 0.00000
KX434849.1_Themil              1.00000 0.00000 0.00000 0.00000 0.00000 0.00000 0.00000 0.00000 0.00000 0.00000 0.00000 0.00000 0.00000 0.00000 0.00000 0.00000 0.00000 0.00000 0.00000 0.00000
KX434850.1_Derlob              1.00000 0.00000 0.00000 0.00000 0.00000 0.00000 0.00000 0.00000 0.00000 0.00000 0.00000 0.00000 0.00000 0.00000 0.00000 0.00000 0.00000 0.00000 0.00000 0.00000
KX434851.1_Pnimed              1.00000 0.00000 0.00000 0.00000 0.00000 0.00000 0.00000 0.00000 0.00000 0.00000 0.00000 0.00000 0.00000 0.00000 0.00000 0.00000 0.00000 0.00000 0.00000 0.00000
KX434855.1_Propic              1.00000 0.00000 0.00000 0.00000 0.00000 0.00000 0.00000 0.00000 0.00000 0.00000 0.00000 0.00000 0.00000 0.00000 0.00000 0.00000 0.00000 0.00000 0.00000 0.00000
KX434856.1_Otospe              1.00000 0.00000 0.00000 0.00000 0.00000 0.00000 0.00000 0.00000 0.00000 0.00000 0.00000 0.00000 0.00000 0.00000 0.00000 0.00000 0.00000 0.00000 0.00000 0.00000
KX434857.1_Humnad2             1.00000 0.00000 0.00000 0.00000 0.00000 0.00000 0.00000 0.00000 0.00000 0.00000 0.00000 0.00000 0.00000 0.00000 0.00000 0.00000 0.00000 0.00000 0.00000 0.00000
KX434858.1_Neobol              1.00000 0.00000 0.00000 0.00000 0.00000 0.00000 0.00000 0.00000 0.00000 0.00000 0.00000 0.00000 0.00000 0.00000 0.00000 0.00000 0.00000 0.00000 0.00000 0.00000
KX434859.1_Heshof              1.00000 0.00000 0.00000 0.00000 0.00000 0.00000 0.00000 0.00000 0.00000 0.00000 0.00000 0.00000 0.00000 0.00000 0.00000 0.00000 0.00000 0.00000 0.00000 0.00000
KX434860.1_Singra              1.00000 0.00000 0.00000 0.00000 0.00000 0.00000 0.00000 0.00000 0.00000 0.00000 0.00000 0.00000 0.00000 0.00000 0.00000 0.00000 0.00000 0.00000 0.00000 0.00000
KX434861.1_Hymcor              1.00000 0.00000 0.00000 0.00000 0.00000 0.00000 0.00000 0.00000 0.00000 0.00000 0.00000 0.00000 0.00000 0.00000 0.00000 0.00000 0.00000 0.00000 0.00000 0.00000
KX434862.1_Tarala              1.00000 0.00000 0.00000 0.00000 0.00000 0.00000 0.00000 0.00000 0.00000 0.00000 0.00000 0.00000 0.00000 0.00000 0.00000 0.00000 0.00000 0.00000 0.00000 0.00000
KX434863.1_Polgri              1.00000 0.00000 0.00000 0.00000 0.00000 0.00000 0.00000 0.00000 0.00000 0.00000 0.00000 0.00000 0.00000 0.00000 0.00000 0.00000 0.00000 0.00000 0.00000 0.00000
KX434864.1_Idodia              1.00000 0.00000 0.00000 0.00000 0.00000 0.00000 0.00000 0.00000 0.00000 0.00000 0.00000 0.00000 0.00000 0.00000 0.00000 0.00000 0.00000 0.00000 0.00000 0.00000
KX434867.1_Creapi              1.00000 0.00000 0.00000 0.00000 0.00000 0.00000 0.00000 0.00000 0.00000 0.00000 0.00000 0.00000 0.00000 0.00000 0.00000 0.00000 0.00000 0.00000 0.00000 0.00000
KX434868.1_Prospe              1.00000 0.00000 0.00000 0.00000 0.00000 0.00000 0.00000 0.00000 0.00000 0.00000 0.00000 0.00000 0.00000 0.00000 0.00000 0.00000 0.00000 0.00000 0.00000 0.00000
KX434870.1_Pardav              1.00000 0.00000 0.00000 0.00000 0.00000 0.00000 0.00000 0.00000 0.00000 0.00000 0.00000 0.00000 0.00000 0.00000 0.00000 0.00000 0.00000 0.00000 0.00000 0.00000
KX434871.1_Metspe              1.00000 0.00000 0.00000 0.00000 0.00000 0.00000 0.00000 0.00000 0.00000 0.00000 0.00000 0.00000 0.00000 0.00000 0.00000 0.00000 0.00000 0.00000 0.00000 0.00000
KX619654.1_Rhospe              1.00000 0.00000 0.00000 0.00000 0.00000 0.00000 0.00000 0.00000 0.00000 0.00000 0.00000 0.00000 0.00000 0.00000 0.00000 0.00000 0.00000 0.00000 0.00000 0.00000
KY689113.1_Derdes2             1.00000 0.00000 0.00000 0.00000 0.00000 0.00000 0.00000 0.00000 0.00000 0.00000 0.00000 0.00000 0.00000 0.00000 0.00000 0.00000 0.00000 0.00000 0.00000 0.00000
KY689117.1_Parkuh              1.00000 0.00000 0.00000 0.00000 0.00000 0.00000 0.00000 0.00000 0.00000 0.00000 0.00000 0.00000 0.00000 0.00000 0.00000 0.00000 0.00000 0.00000 0.00000 0.00000
KY689118.1_Stepor              1.00000 0.00000 0.00000 0.00000 0.00000 0.00000 0.00000 0.00000 0.00000 0.00000 0.00000 0.00000 0.00000 0.00000 0.00000 0.00000 0.00000 0.00000 0.00000 0.00000
KY689119.1_Physpe              1.00000 0.00000 0.00000 0.00000 0.00000 0.00000 0.00000 0.00000 0.00000 0.00000 0.00000 0.00000 0.00000 0.00000 0.00000 0.00000 0.00000 0.00000 0.00000 0.00000
KY689125.1_Theele              1.00000 0.00000 0.00000 0.00000 0.00000 0.00000 0.00000 0.00000 0.00000 0.00000 0.00000 0.00000 0.00000 0.00000 0.00000 0.00000 0.00000 0.00000 0.00000 0.00000
KY689126.1_Calspe              1.00000 0.00000 0.00000 0.00000 0.00000 0.00000 0.00000 0.00000 0.00000 0.00000 0.00000 0.00000 0.00000 0.00000 0.00000 0.00000 0.00000 0.00000 0.00000 0.00000
KY689128.1_Ambund              1.00000 0.00000 0.00000 0.00000 0.00000 0.00000 0.00000 0.00000 0.00000 0.00000 0.00000 0.00000 0.00000 0.00000 0.00000 0.00000 0.00000 0.00000 0.00000 0.00000
KY689130.1_Haaspe              1.00000 0.00000 0.00000 0.00000 0.00000 0.00000 0.00000 0.00000 0.00000 0.00000 0.00000 0.00000 0.00000 0.00000 0.00000 0.00000 0.00000 0.00000 0.00000 0.00000
KY689136.1_Hiedul              1.00000 0.00000 0.00000 0.00000 0.00000 0.00000 0.00000 0.00000 0.00000 0.00000 0.00000 0.00000 0.00000 0.00000 0.00000 0.00000 0.00000 0.00000 0.00000 0.00000
MG888436.1_Ambpar              1.00000 0.00000 0.00000 0.00000 0.00000 0.00000 0.00000 0.00000 0.00000 0.00000 0.00000 0.00000 0.00000 0.00000 0.00000 0.00000 0.00000 0.00000 0.00000 0.00000
MG888437.1_Amospe              1.00000 0.00000 0.00000 0.00000 0.00000 0.00000 0.00000 0.00000 0.00000 0.00000 0.00000 0.00000 0.00000 0.00000 0.00000 0.00000 0.00000 0.00000 0.00000 0.00000
MG888449.1_Hymcor              1.00000 0.00000 0.00000 0.00000 0.00000 0.00000 0.00000 0.00000 0.00000 0.00000 0.00000 0.00000 0.00000 0.00000 0.00000 0.00000 0.00000 0.00000 0.00000 0.00000
MG888453.1_Leplac              1.00000 0.00000 0.00000 0.00000 0.00000 0.00000 0.00000 0.00000 0.00000 0.00000 0.00000 0.00000 0.00000 0.00000 0.00000 0.00000 0.00000 0.00000 0.00000 0.00000
MG888455.1_Metspl              1.00000 0.00000 0.00000 0.00000 0.00000 0.00000 0.00000 0.00000 0.00000 0.00000 0.00000 0.00000 0.00000 0.00000 0.00000 0.00000 0.00000 0.00000 0.00000 0.00000
MG888456.1_Parkuhasi           1.00000 0.00000 0.00000 0.00000 0.00000 0.00000 0.00000 0.00000 0.00000 0.00000 0.00000 0.00000 0.00000 0.00000 0.00000 0.00000 0.00000 0.00000 0.00000 0.00000
MG888457.1_Pargig              1.00000 0.00000 0.00000 0.00000 0.00000 0.00000 0.00000 0.00000 0.00000 0.00000 0.00000 0.00000 0.00000 0.00000 0.00000 0.00000 0.00000 0.00000 0.00000 0.00000
MG888464.1_Singua              1.00000 0.00000 0.00000 0.00000 0.00000 0.00000 0.00000 0.00000 0.00000 0.00000 0.00000 0.00000 0.00000 0.00000 0.00000 0.00000 0.00000 0.00000 0.00000 0.00000
MK400676.1_Erespe              1.00000 0.00000 0.00000 0.00000 0.00000 0.00000 0.00000 0.00000 0.00000 0.00000 0.00000 0.00000 0.00000 0.00000 0.00000 0.00000 0.00000 0.00000 0.00000 0.00000
MN267041.1_Mekqui              1.00000 0.00000 0.00000 0.00000 0.00000 0.00000 0.00000 0.00000 0.00000 0.00000 0.00000 0.00000 0.00000 0.00000 0.00000 0.00000 0.00000 0.00000 0.00000 0.00000
MT024239.1_Phybre2             1.00000 0.00000 0.00000 0.00000 0.00000 0.00000 0.00000 0.00000 0.00000 0.00000 0.00000 0.00000 0.00000 0.00000 0.00000 0.00000 0.00000 0.00000 0.00000 0.00000
MW222469.1_Crespe              1.00000 0.00000 0.00000 0.00000 0.00000 0.00000 0.00000 0.00000 0.00000 0.00000 0.00000 0.00000 0.00000 0.00000 0.00000 0.00000 0.00000 0.00000 0.00000 0.00000
MW357297.1_Asiyun              1.00000 0.00000 0.00000 0.00000 0.00000 0.00000 0.00000 0.00000 0.00000 0.00000 0.00000 0.00000 0.00000 0.00000 0.00000 0.00000 0.00000 0.00000 0.00000 0.00000
MW357298.1_Hiespe2             1.00000 0.00000 0.00000 0.00000 0.00000 0.00000 0.00000 0.00000 0.00000 0.00000 0.00000 0.00000 0.00000 0.00000 0.00000 0.00000 0.00000 0.00000 0.00000 0.00000
MW357300.1_Mesala              1.00000 0.00000 0.00000 0.00000 0.00000 0.00000 0.00000 0.00000 0.00000 0.00000 0.00000 0.00000 0.00000 0.00000 0.00000 0.00000 0.00000 0.00000 0.00000 0.00000
MW357301.1_Pseper              1.00000 0.00000 0.00000 0.00000 0.00000 0.00000 0.00000 0.00000 0.00000 0.00000 0.00000 0.00000 0.00000 0.00000 0.00000 0.00000 0.00000 0.00000 0.00000 0.00000
MW357302.1_Stabio              1.00000 0.00000 0.00000 0.00000 0.00000 0.00000 0.00000 0.00000 0.00000 0.00000 0.00000 0.00000 0.00000 0.00000 0.00000 0.00000 0.00000 0.00000 0.00000 0.00000
MW357303.1_Yermex              1.00000 0.00000 0.00000 0.00000 0.00000 0.00000 0.00000 0.00000 0.00000 0.00000 0.00000 0.00000 0.00000 0.00000 0.00000 0.00000 0.00000 0.00000 0.00000 0.00000
NC_007702.1_Tamtam             1.00000 0.00000 0.00000 0.00000 0.00000 0.00000 0.00000 0.00000 0.00000 0.00000 0.00000 0.00000 0.00000 0.00000 0.00000 0.00000 0.00000 0.00000 0.00000 0.00000
NC_009499.1_Retsan             1.00000 0.00000 0.00000 0.00000 0.00000 0.00000 0.00000 0.00000 0.00000 0.00000 0.00000 0.00000 0.00000 0.00000 0.00000 0.00000 0.00000 0.00000 0.00000 0.00000
NC_012901.1_Blager             1.00000 0.00000 0.00000 0.00000 0.00000 0.00000 0.00000 0.00000 0.00000 0.00000 0.00000 0.00000 0.00000 0.00000 0.00000 0.00000 0.00000 0.00000 0.00000 0.00000
NC_014274.1_Eupsin             1.00000 0.00000 0.00000 0.00000 0.00000 0.00000 0.00000 0.00000 0.00000 0.00000 0.00000 0.00000 0.00000 0.00000 0.00000 0.00000 0.00000 0.00000 0.00000 0.00000
NC_015800.1_Copfor             1.00000 0.00000 0.00000 0.00000 0.00000 0.00000 0.00000 0.00000 0.00000 0.00000 0.00000 0.00000 0.00000 0.00000 0.00000 0.00000 0.00000 0.00000 0.00000 0.00000
NC_018120.1_Masdar             1.00000 0.00000 0.00000 0.00000 0.00000 0.00000 0.00000 0.00000 0.00000 0.00000 0.00000 0.00000 0.00000 0.00000 0.00000 0.00000 0.00000 0.00000 0.00000 0.00000
NC_024028.1_Lepalb             1.00000 0.00000 0.00000 0.00000 0.00000 0.00000 0.00000 0.00000 0.00000 0.00000 0.00000 0.00000 0.00000 0.00000 0.00000 0.00000 0.00000 0.00000 0.00000 0.00000
NC_029326.1_Hiefor             1.00000 0.00000 0.00000 0.00000 0.00000 0.00000 0.00000 0.00000 0.00000 0.00000 0.00000 0.00000 0.00000 0.00000 0.00000 0.00000 0.00000 0.00000 0.00000 0.00000
NC_030264.1_Humnad             1.00000 0.00000 0.00000 0.00000 0.00000 0.00000 0.00000 0.00000 0.00000 0.00000 0.00000 0.00000 0.00000 0.00000 0.00000 0.00000 0.00000 0.00000 0.00000 0.00000
NC_030265.1_Manrel             1.00000 0.00000 0.00000 0.00000 0.00000 0.00000 0.00000 0.00000 0.00000 0.00000 0.00000 0.00000 0.00000 0.00000 0.00000 0.00000 0.00000 0.00000 0.00000 0.00000
NC_030266.1_Tensin             1.00000 0.00000 0.00000 0.00000 0.00000 0.00000 0.00000 0.00000 0.00000 0.00000 0.00000 0.00000 0.00000 0.00000 0.00000 0.00000 0.00000 0.00000 0.00000 0.00000
NC_030267.1_Cregem             1.00000 0.00000 0.00000 0.00000 0.00000 0.00000 0.00000 0.00000 0.00000 0.00000 0.00000 0.00000 0.00000 0.00000 0.00000 0.00000 0.00000 0.00000 0.00000 0.00000
NC_030268.1_Anazhe             1.00000 0.00000 0.00000 0.00000 0.00000 0.00000 0.00000 0.00000 0.00000 0.00000 0.00000 0.00000 0.00000 0.00000 0.00000 0.00000 0.00000 0.00000 0.00000 0.00000
NC_034282.1_Rhobra             1.00000 0.00000 0.00000 0.00000 0.00000 0.00000 0.00000 0.00000 0.00000 0.00000 0.00000 0.00000 0.00000 0.00000 0.00000 0.00000 0.00000 0.00000 0.00000 0.00000
NC_034283.1_Hiepat             1.00000 0.00000 0.00000 0.00000 0.00000 0.00000 0.00000 0.00000 0.00000 0.00000 0.00000 0.00000 0.00000 0.00000 0.00000 0.00000 0.00000 0.00000 0.00000 0.00000
NC_034284.1_Rhoval             1.00000 0.00000 0.00000 0.00000 0.00000 0.00000 0.00000 0.00000 0.00000 0.00000 0.00000 0.00000 0.00000 0.00000 0.00000 0.00000 0.00000 0.00000 0.00000 0.00000
NC_037203.1_Amanaw             1.00000 0.00000 0.00000 0.00000 0.00000 0.00000 0.00000 0.00000 0.00000 0.00000 0.00000 0.00000 0.00000 0.00000 0.00000 0.00000 0.00000 0.00000 0.00000 0.00000
NC_037204.1_Sphlin             1.00000 0.00000 0.00000 0.00000 0.00000 0.00000 0.00000 0.00000 0.00000 0.00000 0.00000 0.00000 0.00000 0.00000 0.00000 0.00000 0.00000 0.00000 0.00000 0.00000
NC_037205.1_Troten             1.00000 0.00000 0.00000 0.00000 0.00000 0.00000 0.00000 0.00000 0.00000 0.00000 0.00000 0.00000 0.00000 0.00000 0.00000 0.00000 0.00000 0.00000 0.00000 0.00000
NC_037206.1_Scesim             1.00000 0.00000 0.00000 0.00000 0.00000 0.00000 0.00000 0.00000 0.00000 0.00000 0.00000 0.00000 0.00000 0.00000 0.00000 0.00000 0.00000 0.00000 0.00000 0.00000
NC_037207.1_Schbic             1.00000 0.00000 0.00000 0.00000 0.00000 0.00000 0.00000 0.00000 0.00000 0.00000 0.00000 0.00000 0.00000 0.00000 0.00000 0.00000 0.00000 0.00000 0.00000 0.00000
NC_037208.1_Eomyun             1.00000 0.00000 0.00000 0.00000 0.00000 0.00000 0.00000 0.00000 0.00000 0.00000 0.00000 0.00000 0.00000 0.00000 0.00000 0.00000 0.00000 0.00000 0.00000 0.00000
NC_037234.1_Crejia             1.00000 0.00000 0.00000 0.00000 0.00000 0.00000 0.00000 0.00000 0.00000 0.00000 0.00000 0.00000 0.00000 0.00000 0.00000 0.00000 0.00000 0.00000 0.00000 0.00000
NC_037235.1_Sibpre             1.00000 0.00000 0.00000 0.00000 0.00000 0.00000 0.00000 0.00000 0.00000 0.00000 0.00000 0.00000 0.00000 0.00000 0.00000 0.00000 0.00000 0.00000 0.00000 0.00000
NC_037496.1_Crymer             1.00000 0.00000 0.00000 0.00000 0.00000 0.00000 0.00000 0.00000 0.00000 0.00000 0.00000 0.00000 0.00000 0.00000 0.00000 0.00000 0.00000 0.00000 0.00000 0.00000
NC_037697.1_Parpol             1.00000 0.00000 0.00000 0.00000 0.00000 0.00000 0.00000 0.00000 0.00000 0.00000 0.00000 0.00000 0.00000 0.00000 0.00000 0.00000 0.00000 0.00000 0.00000 0.00000
NC_039940.1_Perbru             1.00000 0.00000 0.00000 0.00000 0.00000 0.00000 0.00000 0.00000 0.00000 0.00000 0.00000 0.00000 0.00000 0.00000 0.00000 0.00000 0.00000 0.00000 0.00000 0.00000
NC_045876.1_Psybor             1.00000 0.00000 0.00000 0.00000 0.00000 0.00000 0.00000 0.00000 0.00000 0.00000 0.00000 0.00000 0.00000 0.00000 0.00000 0.00000 0.00000 0.00000 0.00000 0.00000
NC_048984.1_Hiemem             1.00000 0.00000 0.00000 0.00000 0.00000 0.00000 0.00000 0.00000 0.00000 0.00000 0.00000 0.00000 0.00000 0.00000 0.00000 0.00000 0.00000 0.00000 0.00000 0.00000
NC_051489.1_Rholon             1.00000 0.00000 0.00000 0.00000 0.00000 0.00000 0.00000 0.00000 0.00000 0.00000 0.00000 0.00000 0.00000 0.00000 0.00000 0.00000 0.00000 0.00000 0.00000 0.00000
NC_051490.1_Plibim             1.00000 0.00000 0.00000 0.00000 0.00000 0.00000 0.00000 0.00000 0.00000 0.00000 0.00000 0.00000 0.00000 0.00000 0.00000 0.00000 0.00000 0.00000 0.00000 0.00000
NC_051892.1_Arrpal             1.00000 0.00000 0.00000 0.00000 0.00000 0.00000 0.00000 0.00000 0.00000 0.00000 0.00000 0.00000 0.00000 0.00000 0.00000 0.00000 0.00000 0.00000 0.00000 0.00000
NC_057070.1_Amohai             1.00000 0.00000 0.00000 0.00000 0.00000 0.00000 0.00000 0.00000 0.00000 0.00000 0.00000 0.00000 0.00000 0.00000 0.00000 0.00000 0.00000 0.00000 0.00000 0.00000
NC_063851.1_Sinden             1.00000 0.00000 0.00000 0.00000 0.00000 0.00000 0.00000 0.00000 0.00000 0.00000 0.00000 0.00000 0.00000 0.00000 0.00000 0.00000 0.00000 0.00000 0.00000 0.00000
NC_065745.1_Hiechi             1.00000 0.00000 0.00000 0.00000 0.00000 0.00000 0.00000 0.00000 0.00000 0.00000 0.00000 0.00000 0.00000 0.00000 0.00000 0.00000 0.00000 0.00000 0.00000 0.00000
NC_065746.1_Hiezha             1.00000 0.00000 0.00000 0.00000 0.00000 0.00000 0.00000 0.00000 0.00000 0.00000 0.00000 0.00000 0.00000 0.00000 0.00000 0.00000 0.00000 0.00000 0.00000 0.00000
NC_065758.1_Hiemac             1.00000 0.00000 0.00000 0.00000 0.00000 0.00000 0.00000 0.00000 0.00000 0.00000 0.00000 0.00000 0.00000 0.00000 0.00000 0.00000 0.00000 0.00000 0.00000 0.00000
NC_065759.1_Tenang             1.00000 0.00000 0.00000 0.00000 0.00000 0.00000 0.00000 0.00000 0.00000 0.00000 0.00000 0.00000 0.00000 0.00000 0.00000 0.00000 0.00000 0.00000 0.00000 0.00000
NC_065760.1_Stamac             1.00000 0.00000 0.00000 0.00000 0.00000 0.00000 0.00000 0.00000 0.00000 0.00000 0.00000 0.00000 0.00000 0.00000 0.00000 0.00000 0.00000 0.00000 0.00000 0.00000
NC_065761.1_Stafla             1.00000 0.00000 0.00000 0.00000 0.00000 0.00000 0.00000 0.00000 0.00000 0.00000 0.00000 0.00000 0.00000 0.00000 0.00000 0.00000 0.00000 0.00000 0.00000 0.00000
NC_066978.1_Paragr             1.00000 0.00000 0.00000 0.00000 0.00000 0.00000 0.00000 0.00000 0.00000 0.00000 0.00000 0.00000 0.00000 0.00000 0.00000 0.00000 0.00000 0.00000 0.00000 0.00000
NC_069808.1_Cilhum             1.00000 0.00000 0.00000 0.00000 0.00000 0.00000 0.00000 0.00000 0.00000 0.00000 0.00000 0.00000 0.00000 0.00000 0.00000 0.00000 0.00000 0.00000 0.00000 0.00000
NC_069809.1_Citfal             1.00000 0.00000 0.00000 0.00000 0.00000 0.00000 0.00000 0.00000 0.00000 0.00000 0.00000 0.00000 0.00000 0.00000 0.00000 0.00000 0.00000 0.00000 0.00000 0.00000
NC_069810.1_Dertru             1.00000 0.00000 0.00000 0.00000 0.00000 0.00000 0.00000 0.00000 0.00000 0.00000 0.00000 0.00000 0.00000 0.00000 0.00000 0.00000 0.00000 0.00000 0.00000 0.00000
NC_069811.1_Pacbic             1.00000 0.00000 0.00000 0.00000 0.00000 0.00000 0.00000 0.00000 0.00000 0.00000 0.00000 0.00000 0.00000 0.00000 0.00000 0.00000 0.00000 0.00000 0.00000 0.00000
NC_077476.1_Caldia             1.00000 0.00000 0.00000 0.00000 0.00000 0.00000 0.00000 0.00000 0.00000 0.00000 0.00000 0.00000 0.00000 0.00000 0.00000 0.00000 0.00000 0.00000 0.00000 0.00000
NC_077477.1_Rapfus             1.00000 0.00000 0.00000 0.00000 0.00000 0.00000 0.00000 0.00000 0.00000 0.00000 0.00000 0.00000 0.00000 0.00000 0.00000 0.00000 0.00000 0.00000 0.00000 0.00000
NC_077478.1_Galamo             1.00000 0.00000 0.00000 0.00000 0.00000 0.00000 0.00000 0.00000 0.00000 0.00000 0.00000 0.00000 0.00000 0.00000 0.00000 0.00000 0.00000 0.00000 0.00000 0.00000
NC_077479.1_Chestr             1.00000 0.00000 0.00000 0.00000 0.00000 0.00000 0.00000 0.00000 0.00000 0.00000 0.00000 0.00000 0.00000 0.00000 0.00000 0.00000 0.00000 0.00000 0.00000 0.00000
NC_082459.1_Dippun             1.00000 0.00000 0.00000 0.00000 0.00000 0.00000 0.00000 0.00000 0.00000 0.00000 0.00000 0.00000 0.00000 0.00000 0.00000 0.00000 0.00000 0.00000 0.00000 0.00000
NC_085562.1_Acrjap             1.00000 0.00000 0.00000 0.00000 0.00000 0.00000 0.00000 0.00000 0.00000 0.00000 0.00000 0.00000 0.00000 0.00000 0.00000 0.00000 0.00000 0.00000 0.00000 0.00000
NC_086621.1_Otoscu             1.00000 0.00000 0.00000 0.00000 0.00000 0.00000 0.00000 0.00000 0.00000 0.00000 0.00000 0.00000 0.00000 0.00000 0.00000 0.00000 0.00000 0.00000 0.00000 0.00000
NC_086622.1_Phybre             1.00000 0.00000 0.00000 0.00000 0.00000 0.00000 0.00000 0.00000 0.00000 0.00000 0.00000 0.00000 0.00000 0.00000 0.00000 0.00000 0.00000 0.00000 0.00000 0.00000
NC_086795.1_Phypar             1.00000 0.00000 0.00000 0.00000 0.00000 0.00000 0.00000 0.00000 0.00000 0.00000 0.00000 0.00000 0.00000 0.00000 0.00000 0.00000 0.00000 0.00000 0.00000 0.00000
NC_086817.1_Acrhes             1.00000 0.00000 0.00000 0.00000 0.00000 0.00000 0.00000 0.00000 0.00000 0.00000 0.00000 0.00000 0.00000 0.00000 0.00000 0.00000 0.00000 0.00000 0.00000 0.00000
NC_086818.1_Amawuz             1.00000 0.00000 0.00000 0.00000 0.00000 0.00000 0.00000 0.00000 0.00000 0.00000 0.00000 0.00000 0.00000 0.00000 0.00000 0.00000 0.00000 0.00000 0.00000 0.00000
NC_086819.1_Hielat             1.00000 0.00000 0.00000 0.00000 0.00000 0.00000 0.00000 0.00000 0.00000 0.00000 0.00000 0.00000 0.00000 0.00000 0.00000 0.00000 0.00000 0.00000 0.00000 0.00000
NC_086820.1_Staagr             1.00000 0.00000 0.00000 0.00000 0.00000 0.00000 0.00000 0.00000 0.00000 0.00000 0.00000 0.00000 0.00000 0.00000 0.00000 0.00000 0.00000 0.00000 0.00000 0.00000
NC_086821.1_Psepin             1.00000 0.00000 0.00000 0.00000 0.00000 0.00000 0.00000 0.00000 0.00000 0.00000 0.00000 0.00000 0.00000 0.00000 0.00000 0.00000 0.00000 0.00000 0.00000 0.00000
NC_086822.1_Anasin             1.00000 0.00000 0.00000 0.00000 0.00000 0.00000 0.00000 0.00000 0.00000 0.00000 0.00000 0.00000 0.00000 0.00000 0.00000 0.00000 0.00000 0.00000 0.00000 0.00000
NC_086823.1_Thesin             1.00000 0.00000 0.00000 0.00000 0.00000 0.00000 0.00000 0.00000 0.00000 0.00000 0.00000 0.00000 0.00000 0.00000 0.00000 0.00000 0.00000 0.00000 0.00000 0.00000
NC_086824.1_Physin             1.00000 0.00000 0.00000 0.00000 0.00000 0.00000 0.00000 0.00000 0.00000 0.00000 0.00000 0.00000 0.00000 0.00000 0.00000 0.00000 0.00000 0.00000 0.00000 0.00000
NC_086825.1_Phywer             1.00000 0.00000 0.00000 0.00000 0.00000 0.00000 0.00000 0.00000 0.00000 0.00000 0.00000 0.00000 0.00000 0.00000 0.00000 0.00000 0.00000 0.00000 0.00000 0.00000
NC_086826.1_Anatia             1.00000 0.00000 0.00000 0.00000 0.00000 0.00000 0.00000 0.00000 0.00000 0.00000 0.00000 0.00000 0.00000 0.00000 0.00000 0.00000 0.00000 0.00000 0.00000 0.00000
NC_086827.1_Theoph             1.00000 0.00000 0.00000 0.00000 0.00000 0.00000 0.00000 0.00000 0.00000 0.00000 0.00000 0.00000 0.00000 0.00000 0.00000 0.00000 0.00000 0.00000 0.00000 0.00000
NC_086828.1_Arrbre             1.00000 0.00000 0.00000 0.00000 0.00000 0.00000 0.00000 0.00000 0.00000 0.00000 0.00000 0.00000 0.00000 0.00000 0.00000 0.00000 0.00000 0.00000 0.00000 0.00000
NC_086829.1_Arrpur             1.00000 0.00000 0.00000 0.00000 0.00000 0.00000 0.00000 0.00000 0.00000 0.00000 0.00000 0.00000 0.00000 0.00000 0.00000 0.00000 0.00000 0.00000 0.00000 0.00000
NC_086830.1_Astmaj             1.00000 0.00000 0.00000 0.00000 0.00000 0.00000 0.00000 0.00000 0.00000 0.00000 0.00000 0.00000 0.00000 0.00000 0.00000 0.00000 0.00000 0.00000 0.00000 0.00000
NC_086831.1_Gonbru             1.00000 0.00000 0.00000 0.00000 0.00000 0.00000 0.00000 0.00000 0.00000 0.00000 0.00000 0.00000 0.00000 0.00000 0.00000 0.00000 0.00000 0.00000 0.00000 0.00000
NC_086832.1_Themac             1.00000 0.00000 0.00000 0.00000 0.00000 0.00000 0.00000 0.00000 0.00000 0.00000 0.00000 0.00000 0.00000 0.00000 0.00000 0.00000 0.00000 0.00000 0.00000 0.00000
OK480879.1_Lepton              1.00000 0.00000 0.00000 0.00000 0.00000 0.00000 0.00000 0.00000 0.00000 0.00000 0.00000 0.00000 0.00000 0.00000 0.00000 0.00000 0.00000 0.00000 0.00000 0.00000
OK542392.1_Hielon              1.00000 0.00000 0.00000 0.00000 0.00000 0.00000 0.00000 0.00000 0.00000 0.00000 0.00000 0.00000 0.00000 0.00000 0.00000 0.00000 0.00000 0.00000 0.00000 0.00000
OK542393.1_Tenaribre           1.00000 0.00000 0.00000 0.00000 0.00000 0.00000 0.00000 0.00000 0.00000 0.00000 0.00000 0.00000 0.00000 0.00000 0.00000 0.00000 0.00000 0.00000 0.00000 0.00000
OL414957.1_Staspe2             1.00000 0.00000 0.00000 0.00000 0.00000 0.00000 0.00000 0.00000 0.00000 0.00000 0.00000 0.00000 0.00000 0.00000 0.00000 0.00000 0.00000 0.00000 0.00000 0.00000
OL414959.1_Hiespe              1.00000 0.00000 0.00000 0.00000 0.00000 0.00000 0.00000 0.00000 0.00000 0.00000 0.00000 0.00000 0.00000 0.00000 0.00000 0.00000 0.00000 0.00000 0.00000 0.00000
OM177664.1_Gonspe              1.00000 0.00000 0.00000 0.00000 0.00000 0.00000 0.00000 0.00000 0.00000 0.00000 0.00000 0.00000 0.00000 0.00000 0.00000 0.00000 0.00000 0.00000 0.00000 0.00000
OM202552.1_Tenspe              1.00000 0.00000 0.00000 0.00000 0.00000 0.00000 0.00000 0.00000 0.00000 0.00000 0.00000 0.00000 0.00000 0.00000 0.00000 0.00000 0.00000 0.00000 0.00000 0.00000
OM202554.1_Anaspe              1.00000 0.00000 0.00000 0.00000 0.00000 0.00000 0.00000 0.00000 0.00000 0.00000 0.00000 0.00000 0.00000 0.00000 0.00000 0.00000 0.00000 0.00000 0.00000 0.00000
OM202555.1_Anagra              1.00000 0.00000 0.00000 0.00000 0.00000 0.00000 0.00000 0.00000 0.00000 0.00000 0.00000 0.00000 0.00000 0.00000 0.00000 0.00000 0.00000 0.00000 0.00000 0.00000
OM202561.1_Sinspe              1.00000 0.00000 0.00000 0.00000 0.00000 0.00000 0.00000 0.00000 0.00000 0.00000 0.00000 0.00000 0.00000 0.00000 0.00000 0.00000 0.00000 0.00000 0.00000 0.00000
OM202562.1_Mirspe              1.00000 0.00000 0.00000 0.00000 0.00000 0.00000 0.00000 0.00000 0.00000 0.00000 0.00000 0.00000 0.00000 0.00000 0.00000 0.00000 0.00000 0.00000 0.00000 0.00000
OM202563.1_Arrpal2             1.00000 0.00000 0.00000 0.00000 0.00000 0.00000 0.00000 0.00000 0.00000 0.00000 0.00000 0.00000 0.00000 0.00000 0.00000 0.00000 0.00000 0.00000 0.00000 0.00000
OM202564.1_Thespe              1.00000 0.00000 0.00000 0.00000 0.00000 0.00000 0.00000 0.00000 0.00000 0.00000 0.00000 0.00000 0.00000 0.00000 0.00000 0.00000 0.00000 0.00000 0.00000 0.00000
OM202571.1_Lepspe              1.00000 0.00000 0.00000 0.00000 0.00000 0.00000 0.00000 0.00000 0.00000 0.00000 0.00000 0.00000 0.00000 0.00000 0.00000 0.00000 0.00000 0.00000 0.00000 0.00000
OM910846.1_Carspe              1.00000 0.00000 0.00000 0.00000 0.00000 0.00000 0.00000 0.00000 0.00000 0.00000 0.00000 0.00000 0.00000 0.00000 0.00000 0.00000 0.00000 0.00000 0.00000 0.00000
OZ336339.1_Bolbra              1.00000 0.00000 0.00000 0.00000 0.00000 0.00000 0.00000 0.00000 0.00000 0.00000 0.00000 0.00000 0.00000 0.00000 0.00000 0.00000 0.00000 0.00000 0.00000 0.00000
PP072306.1_Majmou              1.00000 0.00000 0.00000 0.00000 0.00000 0.00000 0.00000 0.00000 0.00000 0.00000 0.00000 0.00000 0.00000 0.00000 0.00000 0.00000 0.00000 0.00000 0.00000 0.00000
PP072307.1_Odospe              1.00000 0.00000 0.00000 0.00000 0.00000 0.00000 0.00000 0.00000 0.00000 0.00000 0.00000 0.00000 0.00000 0.00000 0.00000 0.00000 0.00000 0.00000 0.00000 0.00000
PP438763.1_Astbas              1.00000 0.00000 0.00000 0.00000 0.00000 0.00000 0.00000 0.00000 0.00000 0.00000 0.00000 0.00000 0.00000 0.00000 0.00000 0.00000 0.00000 0.00000 0.00000 0.00000
PP438765.1_Cermac              1.00000 0.00000 0.00000 0.00000 0.00000 0.00000 0.00000 0.00000 0.00000 0.00000 0.00000 0.00000 0.00000 0.00000 0.00000 0.00000 0.00000 0.00000 0.00000 0.00000
PP438766.1_Ceryun              1.00000 0.00000 0.00000 0.00000 0.00000 0.00000 0.00000 0.00000 0.00000 0.00000 0.00000 0.00000 0.00000 0.00000 0.00000 0.00000 0.00000 0.00000 0.00000 0.00000
PP438767.1_Chlles              1.00000 0.00000 0.00000 0.00000 0.00000 0.00000 0.00000 0.00000 0.00000 0.00000 0.00000 0.00000 0.00000 0.00000 0.00000 0.00000 0.00000 0.00000 0.00000 0.00000
PP438770.1_Panfra              1.00000 0.00000 0.00000 0.00000 0.00000 0.00000 0.00000 0.00000 0.00000 0.00000 0.00000 0.00000 0.00000 0.00000 0.00000 0.00000 0.00000 0.00000 0.00000 0.00000
PV564197.1_Pselob              1.00000 0.00000 0.00000 0.00000 0.00000 0.00000 0.00000 0.00000 0.00000 0.00000 0.00000 0.00000 0.00000 0.00000 0.00000 0.00000 0.00000 0.00000 0.00000 0.00000
RBE05_Rivbae                   1.00000 0.00000 0.00000 0.00000 0.00000 0.00000 0.00000 0.00000 0.00000 0.00000 0.00000 0.00000 0.00000 0.00000 0.00000 0.00000 0.00000 0.00000 0.00000 0.00000

Homogeneity statistic: X2 = 0.00000 G = -0.00000 

Average                        1.00000 0.00000 0.00000 0.00000 0.00000 0.00000 0.00000 0.00000 0.00000 0.00000 0.00000 0.00000 0.00000 0.00000 0.00000 0.00000 0.00000 0.00000 0.00000 0.00000

# constant sites:      1 (100.00%)
Time used: 33:54:01

mean of parameters using all iterations
 373.78050  67.32604  59.28469  56.39340  52.62806  50.26835  47.04116  45.52522  43.36842  36.64985  33.50538  30.95938  27.78921  21.87826  19.26438  14.91601   6.21099   5.97061  11.44479   6.10101   1.16582   2.75137  24.91055  11.31720   5.77523   3.73263  27.31186  20.56361  28.74569  30.69758  41.85797  40.26197  37.98220  36.65159  34.27426  32.13125  25.65209  12.16416   5.54719   0.76922   1.91519  29.02034  22.48545  19.68880  17.83113  15.99345  11.33975   9.56448   4.45492   8.64122   7.92881   5.26285   3.02047   0.83762   6.71318   8.71647   6.86548  13.02446  11.42459   7.20589   5.40614   4.50363  12.97850   0.05165  27.25546  23.49486  17.24731  14.03667  11.38354   0.56211  15.53372  11.71727   2.71940   2.30720  21.42243  12.79202  19.53770  12.83384  30.62576  34.55323  32.45775  30.35667  28.55990  27.12479  25.49167  21.89344   0.40678  22.51940   0.04931  25.23013   5.93957   4.23839   0.08256  22.45370  16.49944  11.63198   2.18067   6.70254   3.90068   0.34572  25.80169  23.31573   5.18365  10.35970   2.28723  22.58539  30.61244  28.08932  23.71681  21.91876   8.84958   7.30907   2.30127   0.26957  16.85600  11.79941   8.58599   3.66646   2.11498   7.77627   3.65864  20.16607  17.61155  24.47299  10.69407   5.16695   3.46294   1.86534  26.96580  21.07674  17.12654  18.46820  33.69176  35.67403  31.36930   0.78502  24.26902   3.75782  38.12313  27.01148  22.71168  22.79334  42.18244  27.81799  23.01834   0.71911   3.56441   2.52946  28.09021  16.64667   0.16926  20.64404  10.41014   8.15759  45.42836  33.91190  28.25095  22.27863  13.07828   7.89619  38.58991  32.76236  25.52315   0.33331  29.73602  25.53713  33.44291   4.74324   3.95491  18.08182  14.43461   3.95369  19.51190  44.77732  31.99715  18.31135  15.00173  12.61390  48.49417  17.60121  18.82016  35.82802  29.19728  23.62550  18.12671   4.82442  26.01885  17.52747   0.00133   0.00888

Species tree for FigTree.  Branch lengths = posterior mean times; 95% CIs = labels
((((((((((((((((1_16CI1f_Psebet, (2_23spal_Amespa2, 3_AA005_Amespa) 206 ) 205 , (4_59T3_Amedum, 5_ADEC02_Amedec) 207 ) 204 , (((6_41K26_Amepic, 7_43assoi_Ameass) 210 , (8_AA001_Ameand, 9_AA003_Ameser) 211 ) 209 , 10_AAP07_Aptapt) 208 ) 203 , (((11_KX434837.1_Toxhau, 12_KY689118.1_Stepor) 214 , (13_MG888457.1_Pargig, 14_NC_037697.1_Parpol) 215 ) 213 , 15_NC_077479.1_Chestr) 212 ) 202 , ((16_KX434820.1_Iripol, 17_KX434823.1_Hetspe) 217 , 18_MW357303.1_Yermex) 216 ) 201 , (19_KX434841.1_Psespe, 20_NC_037207.1_Schbic) 218 ) 200 , (21_OZ336339.1_Bolbra, 22_RBE05_Rivbae) 219 ) 199 , ((((((((((23_KU201316.1_Staspe, 24_NC_065761.1_Stafla) 229 , 25_OL414957.1_Staspe2) 228 , (26_NC_065760.1_Stamac, 27_NC_086820.1_Staagr) 230 ) 227 , 28_NC_030265.1_Manrel) 226 , ((((((((29_KX091864.1_Rholat, 30_NC_034284.1_Rhoval) 238 , ((((31_NC_029326.1_Hiefor, 32_NC_065745.1_Hiechi) 242 , (33_NC_051489.1_Rholon, 34_OK542392.1_Hielon) 243 ) 241 , (35_NC_065746.1_Hiezha, 36_OL414959.1_Hiespe) 244 ) 240 , 37_NC_086819.1_Hielat) 239 ) 237 , (38_KX434819.1_Hiemaj, (39_MW357298.1_Hiespe2, 40_NC_007702.1_Tamtam) 246 ) 245 ) 236 , (((((41_KX434830.1_Hiemul, 42_NC_034283.1_Hiepat) 251 , 43_NC_065758.1_Hiemac) 250 , 44_KX434851.1_Pnimed) 249 , 45_NC_034282.1_Rhobra) 248 , 46_KX619654.1_Rhospe) 247 ) 235 , ((47_KX434813.1_Mesala2, 48_MW357300.1_Mesala) 253 , 49_NC_048984.1_Hiemem) 252 ) 234 , 50_MN267041.1_Mekqui) 233 , 51_KX434812.1_Cammou) 232 , (((((52_KX434821.1_Plispe, (53_KX434855.1_Propic, 54_KX434868.1_Prospe) 259 ) 258 , 55_KX434863.1_Polgri) 257 , (56_KY689136.1_Hiedul, ((57_NC_030266.1_Tensin, (58_OK542393.1_Tenaribre, 59_OM202552.1_Tenspe) 263 ) 262 , 60_NC_065759.1_Tenang) 261 ) 260 ) 256 , ((61_KX434840.1_Sphvir, 62_NC_037204.1_Sphlin) 265 , 63_KX434862.1_Tarala) 264 ) 255 , ((64_KX434838.1_Psechl, 65_MW357301.1_Pseper) 267 , 66_MW357302.1_Stabio) 266 ) 254 ) 231 ) 225 , (67_KX434842.1_Ortmin, 68_MW357297.1_Asiyun) 268 ) 224 , ((((((((69_KX091850.1_Cersau, 70_PP438766.1_Ceryun) 276 , 71_NC_069811.1_Pacbic) 275 , ((72_KY689117.1_Parkuh, 73_MG888456.1_Parkuhasi) 278 , 74_NC_086795.1_Phypar) 277 ) 274 , ((75_KX091855.1_Hesspe, (76_KX434859.1_Heshof, (77_NC_086830.1_Astmaj, 78_PP438763.1_Astbas) 282 ) 281 ) 280 , ((((79_KX091863.1_Physha, 80_NC_086824.1_Physin) 286 , 81_NC_086825.1_Phywer) 285 , (82_MT024239.1_Phybre2, 83_NC_086622.1_Phybre) 287 ) 284 , (84_KY689119.1_Physpe, 85_PP438765.1_Cermac) 288 ) 283 ) 279 ) 273 , (86_KX434856.1_Otospe, 87_NC_086621.1_Otoscu) 289 ) 272 , (((88_KY689128.1_Ambund, 89_MG888436.1_Ambpar) 292 , (90_NC_069809.1_Citfal, (91_NC_085562.1_Acrjap, 92_NC_086817.1_Acrhes) 294 ) 293 ) 291 , (93_NC_045876.1_Psybor, 94_PP072306.1_Majmou) 295 ) 290 ) 271 , ((((((95_KX091851.1_Creelo, (96_NC_030267.1_Cregem, 97_NC_037234.1_Crejia) 302 ) 301 , (98_KX434867.1_Creapi, 99_MW222469.1_Crespe) 303 ) 300 , ((100_KX434818.1_Therub, (((101_KX434829.1_Thecat, 102_NC_086823.1_Thesin) 308 , 103_OM202564.1_Thespe) 307 , 104_KY689125.1_Theele) 306 ) 305 , ((105_KX434861.1_Hymcor, 106_MG888449.1_Hymcor) 310 , 107_KX434870.1_Pardav) 309 ) 304 ) 299 , (108_KX434811.1_Psewah, (109_PP438767.1_Chlles, 110_PP438770.1_Panfra) 312 ) 311 ) 298 , ((111_NC_030268.1_Anazhe, 112_PP072307.1_Odospe) 314 , (113_NC_086822.1_Anasin, (114_NC_086826.1_Anatia, (115_OM202554.1_Anaspe, 116_OM202555.1_Anagra) 317 ) 316 ) 315 ) 313 ) 297 , 117_NC_037235.1_Sibpre) 296 ) 270 , (((118_KX434815.1_Gongon, 119_KX434825.1_Emppen) 320 , 120_KX434824.1_Idolat) 319 , (121_KX434828.1_Blemen, 122_KX434864.1_Idodia) 321 ) 318 ) 269 ) 223 , (123_KX434839.1_Popspu, 124_NC_077478.1_Galamo) 322 ) 222 , (((125_KX434834.1_Derdes, 126_KY689113.1_Derdes2) 325 , (127_KX434850.1_Derlob, 128_NC_069810.1_Dertru) 326 ) 324 , (129_KX434847.1_Psepin2, 130_NC_086821.1_Psepin) 327 ) 323 ) 221 , (((131_KX434808.1_Miocaf, 132_KX434817.1_Tausig) 330 , (133_NC_066978.1_Paragr, 134_NC_069808.1_Cilhum) 331 ) 329 , 135_KX434858.1_Neobol) 328 ) 220 ) 198 , (((136_KU201314.1_Thespe, (137_KX434857.1_Humnad2, 138_NC_030264.1_Humnad) 335 ) 334 , ((139_KX434849.1_Themil, 140_NC_086832.1_Themac) 337 , 141_NC_086827.1_Theoph) 336 ) 333 , (((142_KX434860.1_Singra, 143_MG888464.1_Singua) 340 , 144_OM202561.1_Sinspe) 339 , (((145_NC_051892.1_Arrpal, 146_NC_086829.1_Arrpur) 343 , 147_NC_086828.1_Arrbre) 342 , 148_OM202563.1_Arrpal2) 341 ) 338 ) 332 ) 197 , ((149_KX091854.1_Spiocc2, ((150_KX434816.1_Spiocc, (151_NC_086831.1_Gonbru, 152_OM177664.1_Gonspe) 348 ) 347 , (153_NC_037203.1_Amanaw, 154_NC_086818.1_Amawuz) 349 ) 346 ) 345 , ((((155_KX434810.1_Miryun, 156_NC_051490.1_Plibim) 353 , 157_NC_037206.1_Scesim) 352 , (158_NC_037205.1_Troten, (159_NC_037208.1_Eomyun, 160_NC_063851.1_Sinden) 355 ) 354 ) 351 , ((161_KX434846.1_Amochi, (162_MG888437.1_Amospe, 163_NC_057070.1_Amohai) 358 ) 357 , (164_MG888453.1_Leplac, ((165_NC_024028.1_Lepalb, 166_OK480879.1_Lepton) 361 , 167_OM202571.1_Lepspe) 360 ) 359 ) 356 ) 350 ) 344 ) 196 , (168_KY689126.1_Calspe, 169_OM202562.1_Mirspe) 362 ) 195 , (170_KX434826.1_Brubor, ((171_KX434843.1_Acomul, (172_NC_077476.1_Caldia, 173_NC_077477.1_Rapfus) 366 ) 365 , (174_KX434844.1_Decspe, 175_PV564197.1_Pselob) 367 ) 364 ) 363 ) 194 , ((176_KX434845.1_Haavit, 177_KY689130.1_Haaspe) 369 , 178_OM910846.1_Carspe) 368 ) 193 , 179_MK400676.1_Erespe) 192 , (180_KX434871.1_Metspe, 181_MG888455.1_Metspl) 370 ) 191 , (((((182_NC_009499.1_Retsan, 183_NC_015800.1_Copfor) 375 , 184_NC_018120.1_Masdar) 374 , 185_NC_037496.1_Crymer) 373 , ((186_NC_012901.1_Blager, 187_NC_082459.1_Dippun) 377 , 188_NC_039940.1_Perbru) 376 ) 372 , 189_NC_014274.1_Eupsin) 371 ) 190 ;

((((((((((((((((16CI1f_Psebet: 14.916012, (23spal_Amespa2: 6.210989, AA005_Amespa: 6.210989): 8.705023): 4.348369, (59T3_Amedum: 5.970613, ADEC02_Amedec: 5.970613): 13.293768): 2.613877, (((41K26_Amepic: 1.165820, 43assoi_Ameass: 1.165820): 4.935185, (AA001_Ameand: 2.751368, AA003_Ameser: 2.751368): 3.349637): 5.343780, AAP07_Aptapt: 11.444786): 10.433473): 5.910950, (((KX434837.1_Toxhau: 5.775233, KY689118.1_Stepor: 5.775233): 5.541967, (MG888457.1_Pargig: 3.732633, NC_037697.1_Parpol: 3.732633): 7.584567): 13.593348, NC_077479.1_Chestr: 24.910548): 2.878660): 3.170175, ((KX434820.1_Iripol: 20.563607, KX434823.1_Hetspe: 20.563607): 6.748253, MW357303.1_Yermex: 27.311860): 3.647524): 2.545998, (KX434841.1_Psespe: 28.745693, NC_037207.1_Schbic: 28.745693): 4.759689): 3.144469, (OZ336339.1_Bolbra: 30.697582, RBE05_Rivbae: 30.697582): 5.952269): 6.718565, ((((((((((KU201316.1_Staspe: 0.769221, NC_065761.1_Stafla: 0.769221): 4.777971, OL414957.1_Staspe2: 5.547191): 6.616968, (NC_065760.1_Stamac: 1.915195, NC_086820.1_Staagr: 1.915195): 10.248964): 13.487929, NC_030265.1_Manrel: 25.652088): 6.479167, ((((((((KX091864.1_Rholat: 4.454920, NC_034284.1_Rhoval: 4.454920): 5.109556, ((((NC_029326.1_Hiefor: 3.020469, NC_065745.1_Hiechi: 3.020469): 2.242382, (NC_051489.1_Rholon: 0.837619, OK542392.1_Hielon: 0.837619): 4.425232): 2.665959, (NC_065746.1_Hiezha: 6.713185, OL414959.1_Hiespe: 6.713185): 1.215625): 0.712409, NC_086819.1_Hielat: 8.641219): 0.923258): 1.775275, (KX434819.1_Hiemaj: 8.716468, (MW357298.1_Hiespe2: 6.865479, NC_007702.1_Tamtam: 6.865479): 1.850989): 2.623284): 4.653695, (((((KX434830.1_Hiemul: 4.503626, NC_034283.1_Hiepat: 4.503626): 0.902519, NC_065758.1_Hiemac: 5.406144): 1.799747, KX434851.1_Pnimed: 7.205891): 4.218695, NC_034282.1_Rhobra: 11.424586): 1.599874, KX619654.1_Rhospe: 13.024460): 2.968987): 1.837684, ((KX434813.1_Mesala2: 0.051651, MW357300.1_Mesala: 0.051651): 12.926846, NC_048984.1_Hiemem: 12.978496): 4.852633): 1.857672, MN267041.1_Mekqui: 19.688801): 2.796653, KX434812.1_Cammou: 22.485454): 6.534888, (((((KX434821.1_Plispe: 11.383541, (KX434855.1_Propic: 0.562105, KX434868.1_Prospe: 0.562105): 10.821436): 2.653128, KX434863.1_Polgri: 14.036669): 3.210644, (KY689136.1_Hiedul: 15.533715, ((NC_030266.1_Tensin: 2.719397, (OK542393.1_Tenaribre: 2.307203, OM202552.1_Tenspe: 2.307203): 0.412194): 8.997868, NC_065759.1_Tenang: 11.717265): 3.816450): 1.713597): 6.247551, ((KX434840.1_Sphvir: 12.792017, NC_037204.1_Sphlin: 12.792017): 8.630415, KX434862.1_Tarala: 21.422432): 2.072432): 3.760598, ((KX434838.1_Psechl: 12.833841, MW357301.1_Pseper: 12.833841): 6.703854, MW357302.1_Stabio: 19.537695): 7.717767): 1.764880): 3.110913): 2.143008, (KX434842.1_Ortmin: 30.625759, MW357297.1_Asiyun: 30.625759): 3.648504): 2.377327, ((((((((KX091850.1_Cersau: 0.406779, PP438766.1_Ceryun: 0.406779): 21.486661, NC_069811.1_Pacbic: 21.893440): 3.598226, ((KY689117.1_Parkuh: 0.049308, MG888456.1_Parkuhasi: 0.049308): 22.470094, NC_086795.1_Phypar: 22.519403): 2.972264): 1.633119, ((KX091855.1_Hesspe: 5.939565, (KX434859.1_Heshof: 4.238386, (NC_086830.1_Astmaj: 0.082562, PP438763.1_Astbas: 0.082562): 4.155825): 1.701179): 19.290567, ((((KX091863.1_Physha: 2.180672, NC_086824.1_Physin: 2.180672): 9.451304, NC_086825.1_Phywer: 11.631976): 4.867460, (MT024239.1_Phybre2: 6.702539, NC_086622.1_Phybre: 6.702539): 9.796898): 5.954266, (KY689119.1_Physpe: 3.900678, PP438765.1_Cermac: 3.900678): 18.553025): 2.776431): 1.894652): 1.435111, (KX434856.1_Otospe: 0.345719, NC_086621.1_Otoscu: 0.345719): 28.214177): 1.796770, (((KY689128.1_Ambund: 5.183652, MG888436.1_Ambpar: 5.183652): 18.132073, (NC_069809.1_Citfal: 10.359695, (NC_085562.1_Acrjap: 2.287229, NC_086817.1_Acrhes: 2.287229): 8.072466): 12.956030): 2.485967, (NC_045876.1_Psybor: 22.585392, PP072306.1_Majmou: 22.585392): 3.216300): 4.554974): 2.101081, ((((((KX091851.1_Creelo: 7.309068, (NC_030267.1_Cregem: 2.301265, NC_037234.1_Crejia: 2.301265): 5.007803): 1.540509, (KX434867.1_Creapi: 0.269566, MW222469.1_Crespe: 0.269566): 8.580011): 13.069182, ((KX434818.1_Therub: 11.799406, (((KX434829.1_Thecat: 2.114985, NC_086823.1_Thesin: 2.114985): 1.551479, OM202564.1_Thespe: 3.666464): 4.919527, KY689125.1_Theele: 8.585991): 3.213415): 5.056594, ((KX434861.1_Hymcor: 3.658640, MG888449.1_Hymcor: 3.658640): 4.117633, KX434870.1_Pardav: 7.776273): 9.079727): 5.062760): 1.798054, (KX434811.1_Psewah: 20.166067, (PP438767.1_Chlles: 17.611545, PP438770.1_Panfra: 17.611545): 2.554521): 3.550747): 4.372506, ((NC_030268.1_Anazhe: 10.694069, PP072307.1_Odospe: 10.694069): 13.778924, (NC_086822.1_Anasin: 5.166949, (NC_086826.1_Anatia: 3.462943, (OM202554.1_Anaspe: 1.865340, OM202555.1_Anagra: 1.865340): 1.597604): 1.704006): 19.306044): 3.616327): 2.523115, NC_037235.1_Sibpre: 30.612435): 1.845312): 2.095481, (((KX434815.1_Gongon: 17.126544, KX434825.1_Emppen: 17.126544): 3.950193, KX434824.1_Idolat: 21.076737): 5.889066, (KX434828.1_Blemen: 18.468199, KX434864.1_Idodia: 18.468199): 8.497605): 7.587424): 2.098362): 1.330612, (KX434839.1_Popspu: 33.691764, NC_077478.1_Galamo: 33.691764): 4.290439): 2.279764, (((KX434834.1_Derdes: 0.785015, KY689113.1_Derdes2: 0.785015): 30.584288, (KX434850.1_Derlob: 24.269022, NC_069810.1_Dertru: 24.269022): 7.100281): 4.304722, (KX434847.1_Psepin2: 3.757816, NC_086821.1_Psepin: 3.757816): 31.916210): 4.587940): 1.596003, (((KX434808.1_Miocaf: 22.711680, KX434817.1_Tausig: 22.711680): 4.299796, (NC_066978.1_Paragr: 22.793342, NC_069808.1_Cilhum: 22.793342): 4.218134): 11.111650, KX434858.1_Neobol: 38.123126): 3.734843): 1.510447): 2.156799, (((KU201314.1_Thespe: 23.018341, (KX434857.1_Humnad2: 0.719107, NC_030264.1_Humnad: 0.719107): 22.299233): 4.799653, ((KX434849.1_Themil: 2.529462, NC_086832.1_Themac: 2.529462): 1.034948, NC_086827.1_Theoph: 3.564410): 24.253584): 14.364448, (((KX434860.1_Singra: 0.169260, MG888464.1_Singua: 0.169260): 16.477412, OM202561.1_Sinspe: 16.646672): 11.443536, (((NC_051892.1_Arrpal: 8.157594, NC_086829.1_Arrpur: 8.157594): 2.252546, NC_086828.1_Arrbre: 10.410140): 10.233900, OM202563.1_Arrpal2: 20.644040): 7.446169): 14.092233): 3.342774): 1.515943, ((KX091854.1_Spiocc2: 33.911895, ((KX434816.1_Spiocc: 22.278633, (NC_086831.1_Gonbru: 13.078284, OM177664.1_Gonspe: 13.078284): 9.200349): 5.972313, (NC_037203.1_Amanaw: 7.896193, NC_086818.1_Amawuz: 7.896193): 20.354753): 5.660949): 11.516461, ((((KX434810.1_Miryun: 0.333310, NC_051490.1_Plibim: 0.333310): 25.189841, NC_037206.1_Scesim: 25.523151): 7.239207, (NC_037205.1_Troten: 29.736023, (NC_037208.1_Eomyun: 25.537129, NC_063851.1_Sinden: 25.537129): 4.198894): 3.026335): 5.827553, ((KX434846.1_Amochi: 4.743238, (MG888437.1_Amospe: 3.954909, NC_057070.1_Amohai: 3.954909): 0.788328): 28.699669, (MG888453.1_Leplac: 18.081816, ((NC_024028.1_Lepalb: 3.953688, OK480879.1_Lepton: 3.953688): 10.480925, OM202571.1_Lepspe: 14.434614): 3.647202): 15.361091): 5.147003): 6.838446): 1.612803): 3.227192, (KY689126.1_Calspe: 19.511897, OM202562.1_Mirspe: 19.511897): 30.756453): 2.359713, (KX434826.1_Brubor: 44.777323, ((KX434843.1_Acomul: 18.311346, (NC_077476.1_Caldia: 15.001730, NC_077477.1_Rapfus: 15.001730): 3.309616): 13.685808, (KX434844.1_Decspe: 12.613896, PV564197.1_Pselob: 12.613896): 19.383258): 12.780169): 7.850741): 3.765340, ((KX434845.1_Haavit: 17.601206, KY689130.1_Haaspe: 17.601206): 30.892963, OM910846.1_Carspe: 48.494169): 7.899235): 2.891290, MK400676.1_Erespe: 59.284694): 8.041342, (KX434871.1_Metspe: 18.820165, MG888455.1_Metspl: 18.820165): 48.505871): 306.454469, (((((NC_009499.1_Retsan: 4.824415, NC_015800.1_Copfor: 4.824415): 13.302294, NC_018120.1_Masdar: 18.126710): 5.498793, NC_037496.1_Crymer: 23.625503): 5.571775, ((NC_012901.1_Blager: 17.527472, NC_082459.1_Dippun: 17.527472): 8.491374, NC_039940.1_Perbru: 26.018846): 3.178432): 6.630738, NC_014274.1_Eupsin: 35.828017): 337.952488);

((((((((((((((((16CI1f_Psebet: 14.916012, (23spal_Amespa2: 6.210989, AA005_Amespa: 6.210989) [&95%HPD={3.85414, 8.67248}]: 8.705023) [&95%HPD={11.1694, 18.7442}]: 4.348369, (59T3_Amedum: 5.970613, ADEC02_Amedec: 5.970613) [&95%HPD={3.48671, 8.56531}]: 13.293768) [&95%HPD={15.2063, 23.702}]: 2.613877, (((41K26_Amepic: 1.165820, 43assoi_Ameass: 1.165820) [&95%HPD={0.510902, 1.92566}]: 4.935185, (AA001_Ameand: 2.751368, AA003_Ameser: 2.751368) [&95%HPD={1.37664, 4.28093}]: 3.349637) [&95%HPD={3.69274, 8.71935}]: 5.343780, AAP07_Aptapt: 11.444786) [&95%HPD={7.6444, 15.2776}]: 10.433473) [&95%HPD={17.4892, 26.3689}]: 5.910950, (((KX434837.1_Toxhau: 5.775233, KY689118.1_Stepor: 5.775233) [&95%HPD={3.39465, 8.15063}]: 5.541967, (MG888457.1_Pargig: 3.732633, NC_037697.1_Parpol: 3.732633) [&95%HPD={2.1228, 5.52939}]: 7.584567) [&95%HPD={7.49491, 15.1815}]: 13.593348, NC_077479.1_Chestr: 24.910548) [&95%HPD={20.2278, 29.5646}]: 2.878660) [&95%HPD={22.8504, 32.4365}]: 3.170175, ((KX434820.1_Iripol: 20.563607, KX434823.1_Hetspe: 20.563607) [&95%HPD={15.6884, 25.3311}]: 6.748253, MW357303.1_Yermex: 27.311860) [&95%HPD={22.5717, 32.4423}]: 3.647524) [&95%HPD={25.9581, 35.824}]: 2.545998, (KX434841.1_Psespe: 28.745693, NC_037207.1_Schbic: 28.745693) [&95%HPD={23.5287, 33.9351}]: 4.759689) [&95%HPD={28.3952, 38.5996}]: 3.144469, (OZ336339.1_Bolbra: 30.697582, RBE05_Rivbae: 30.697582) [&95%HPD={25.1547, 36.3394}]: 5.952269) [&95%HPD={31.3453, 41.7928}]: 6.718565, ((((((((((KU201316.1_Staspe: 0.769221, NC_065761.1_Stafla: 0.769221) [&95%HPD={0.249824, 1.40293}]: 4.777971, OL414957.1_Staspe2: 5.547191) [&95%HPD={3.1215, 8.03498}]: 6.616968, (NC_065760.1_Stamac: 1.915195, NC_086820.1_Staagr: 1.915195) [&95%HPD={0.891561, 3.16012}]: 10.248964) [&95%HPD={7.96582, 16.2738}]: 13.487929, NC_030265.1_Manrel: 25.652088) [&95%HPD={21.5204, 29.7959}]: 6.479167, ((((((((KX091864.1_Rholat: 4.454920, NC_034284.1_Rhoval: 4.454920) [&95%HPD={2.87135, 6.04726}]: 5.109556, ((((NC_029326.1_Hiefor: 3.020469, NC_065745.1_Hiechi: 3.020469) [&95%HPD={1.84651, 4.3086}]: 2.242382, (NC_051489.1_Rholon: 0.837619, OK542392.1_Hielon: 0.837619) [&95%HPD={0.391036, 1.33539}]: 4.425232) [&95%HPD={3.55155, 6.99599}]: 2.665959, (NC_065746.1_Hiezha: 6.713185, OL414959.1_Hiespe: 6.713185) [&95%HPD={4.79231, 8.79833}]: 1.215625) [&95%HPD={5.80338, 10.2712}]: 0.712409, NC_086819.1_Hielat: 8.641219) [&95%HPD={6.44533, 11.1747}]: 0.923258) [&95%HPD={7.10936, 12.1339}]: 1.775275, (KX434819.1_Hiemaj: 8.716468, (MW357298.1_Hiespe2: 6.865479, NC_007702.1_Tamtam: 6.865479) [&95%HPD={4.7972, 9.05742}]: 1.850989) [&95%HPD={6.33101, 11.225}]: 2.623284) [&95%HPD={8.58352, 14.2114}]: 4.653695, (((((KX434830.1_Hiemul: 4.503626, NC_034283.1_Hiepat: 4.503626) [&95%HPD={2.89835, 6.24776}]: 0.902519, NC_065758.1_Hiemac: 5.406144) [&95%HPD={3.58381, 7.35745}]: 1.799747, KX434851.1_Pnimed: 7.205891) [&95%HPD={5.04577, 9.56059}]: 4.218695, NC_034282.1_Rhobra: 11.424586) [&95%HPD={8.52494, 14.3893}]: 1.599874, KX619654.1_Rhospe: 13.024460) [&95%HPD={9.89991, 16.0999}]: 2.968987) [&95%HPD={12.7974, 19.434}]: 1.837684, ((KX434813.1_Mesala2: 0.051651, MW357300.1_Mesala: 0.051651) [&95%HPD={9e-07, 0.16007}]: 12.926846, NC_048984.1_Hiemem: 12.978496) [&95%HPD={9.79951, 16.3062}]: 4.852633) [&95%HPD={14.3205, 21.2627}]: 1.857672, MN267041.1_Mekqui: 19.688801) [&95%HPD={16.1145, 23.3261}]: 2.796653, KX434812.1_Cammou: 22.485454) [&95%HPD={18.8402, 26.3389}]: 6.534888, (((((KX434821.1_Plispe: 11.383541, (KX434855.1_Propic: 0.562105, KX434868.1_Prospe: 0.562105) [&95%HPD={0.23371, 0.95873}]: 10.821436) [&95%HPD={8.43678, 14.4958}]: 2.653128, KX434863.1_Polgri: 14.036669) [&95%HPD={10.7955, 17.3862}]: 3.210644, (KY689136.1_Hiedul: 15.533715, ((NC_030266.1_Tensin: 2.719397, (OK542393.1_Tenaribre: 2.307203, OM202552.1_Tenspe: 2.307203) [&95%HPD={1.10762, 3.64612}]: 0.412194) [&95%HPD={1.35813, 4.25884}]: 8.997868, NC_065759.1_Tenang: 11.717265) [&95%HPD={8.61416, 14.9413}]: 3.816450) [&95%HPD={12.1039, 18.924}]: 1.713597) [&95%HPD={13.6873, 20.7277}]: 6.247551, ((KX434840.1_Sphvir: 12.792017, NC_037204.1_Sphlin: 12.792017) [&95%HPD={9.14159, 16.7121}]: 8.630415, KX434862.1_Tarala: 21.422432) [&95%HPD={17.6098, 24.9906}]: 2.072432) [&95%HPD={19.9832, 27.2192}]: 3.760598, ((KX434838.1_Psechl: 12.833841, MW357301.1_Pseper: 12.833841) [&95%HPD={9.37335, 16.3966}]: 6.703854, MW357302.1_Stabio: 19.537695) [&95%HPD={15.5746, 23.3598}]: 7.717767) [&95%HPD={23.6412, 30.9362}]: 1.764880) [&95%HPD={25.4317, 32.8371}]: 3.110913) [&95%HPD={28.489, 35.9317}]: 2.143008, (KX434842.1_Ortmin: 30.625759, MW357297.1_Asiyun: 30.625759) [&95%HPD={26.666, 34.679}]: 3.648504) [&95%HPD={30.6933, 38.0851}]: 2.377327, ((((((((KX091850.1_Cersau: 0.406779, PP438766.1_Ceryun: 0.406779) [&95%HPD={0.113289, 0.771858}]: 21.486661, NC_069811.1_Pacbic: 21.893440) [&95%HPD={18.3852, 25.6146}]: 3.598226, ((KY689117.1_Parkuh: 0.049308, MG888456.1_Parkuhasi: 0.049308) [&95%HPD={0.0001234, 0.123938}]: 22.470094, NC_086795.1_Phypar: 22.519403) [&95%HPD={19.0127, 26.2697}]: 2.972264) [&95%HPD={21.7588, 29.077}]: 1.633119, ((KX091855.1_Hesspe: 5.939565, (KX434859.1_Heshof: 4.238386, (NC_086830.1_Astmaj: 0.082562, PP438763.1_Astbas: 0.082562) [&95%HPD={0.0001141, 0.20859}]: 4.155825) [&95%HPD={2.24848, 6.39693}]: 1.701179) [&95%HPD={3.38491, 8.78866}]: 19.290567, ((((KX091863.1_Physha: 2.180672, NC_086824.1_Physin: 2.180672) [&95%HPD={1.19667, 3.32718}]: 9.451304, NC_086825.1_Phywer: 11.631976) [&95%HPD={8.6417, 14.6267}]: 4.867460, (MT024239.1_Phybre2: 6.702539, NC_086622.1_Phybre: 6.702539) [&95%HPD={4.31637, 9.19583}]: 9.796898) [&95%HPD={13.2389, 19.8985}]: 5.954266, (KY689119.1_Physpe: 3.900678, PP438765.1_Cermac: 3.900678) [&95%HPD={2.11691, 5.83403}]: 18.553025) [&95%HPD={18.8953, 25.9389}]: 2.776431) [&95%HPD={21.6443, 28.8602}]: 1.894652) [&95%HPD={23.5198, 30.9683}]: 1.435111, (KX434856.1_Otospe: 0.345719, NC_086621.1_Otoscu: 0.345719) [&95%HPD={0.0250835, 0.760317}]: 28.214177) [&95%HPD={24.9438, 32.5014}]: 1.796770, (((KY689128.1_Ambund: 5.183652, MG888436.1_Ambpar: 5.183652) [&95%HPD={2.5213, 8.07608}]: 18.132073, (NC_069809.1_Citfal: 10.359695, (NC_085562.1_Acrjap: 2.287229, NC_086817.1_Acrhes: 2.287229) [&95%HPD={1.04994, 3.69807}]: 8.072466) [&95%HPD={6.49974, 14.021}]: 12.956030) [&95%HPD={19.498, 27.4293}]: 2.485967, (NC_045876.1_Psybor: 22.585392, PP072306.1_Majmou: 22.585392) [&95%HPD={18.4999, 26.6592}]: 3.216300) [&95%HPD={21.9753, 29.8027}]: 4.554974) [&95%HPD={26.5667, 34.2065}]: 2.101081, ((((((KX091851.1_Creelo: 7.309068, (NC_030267.1_Cregem: 2.301265, NC_037234.1_Crejia: 2.301265) [&95%HPD={1.32018, 3.47508}]: 5.007803) [&95%HPD={4.65293, 9.9067}]: 1.540509, (KX434867.1_Creapi: 0.269566, MW222469.1_Crespe: 0.269566) [&95%HPD={0.052846, 0.53573}]: 8.580011) [&95%HPD={5.83875, 11.8654}]: 13.069182, ((KX434818.1_Therub: 11.799406, (((KX434829.1_Thecat: 2.114985, NC_086823.1_Thesin: 2.114985) [&95%HPD={1.29116, 3.00257}]: 1.551479, OM202564.1_Thespe: 3.666464) [&95%HPD={2.36193, 5.07081}]: 4.919527, KY689125.1_Theele: 8.585991) [&95%HPD={6.15341, 11.0458}]: 3.213415) [&95%HPD={8.82468, 14.756}]: 5.056594, ((KX434861.1_Hymcor: 3.658640, MG888449.1_Hymcor: 3.658640) [&95%HPD={2.07858, 5.33515}]: 4.117633, KX434870.1_Pardav: 7.776273) [&95%HPD={5.2639, 10.6769}]: 9.079727) [&95%HPD={13.4922, 20.1871}]: 5.062760) [&95%HPD={18.4596, 25.5512}]: 1.798054, (KX434811.1_Psewah: 20.166067, (PP438767.1_Chlles: 17.611545, PP438770.1_Panfra: 17.611545) [&95%HPD={14.171, 21.2172}]: 2.554521) [&95%HPD={16.7569, 23.9224}]: 3.550747) [&95%HPD={20.0929, 27.3813}]: 4.372506, ((NC_030268.1_Anazhe: 10.694069, PP072307.1_Odospe: 10.694069) [&95%HPD={7.03789, 14.4978}]: 13.778924, (NC_086822.1_Anasin: 5.166949, (NC_086826.1_Anatia: 3.462943, (OM202554.1_Anaspe: 1.865340, OM202555.1_Anagra: 1.865340) [&95%HPD={0.89839, 2.99322}]: 1.597604) [&95%HPD={1.74823, 5.27633}]: 1.704006) [&95%HPD={2.82984, 7.80522}]: 19.306044) [&95%HPD={20.8502, 28.4025}]: 3.616327) [&95%HPD={24.2678, 31.8325}]: 2.523115, NC_037235.1_Sibpre: 30.612435) [&95%HPD={26.8519, 34.5516}]: 1.845312) [&95%HPD={28.6719, 36.511}]: 2.095481, (((KX434815.1_Gongon: 17.126544, KX434825.1_Emppen: 17.126544) [&95%HPD={13.1232, 21.1158}]: 3.950193, KX434824.1_Idolat: 21.076737) [&95%HPD={16.8933, 25.2124}]: 5.889066, (KX434828.1_Blemen: 18.468199, KX434864.1_Idodia: 18.468199) [&95%HPD={14.2654, 22.8114}]: 8.497605) [&95%HPD={22.7942, 31.196}]: 7.587424) [&95%HPD={30.6967, 38.7532}]: 2.098362) [&95%HPD={32.6738, 40.8398}]: 1.330612, (KX434839.1_Popspu: 33.691764, NC_077478.1_Galamo: 33.691764) [&95%HPD={29.3155, 38.2142}]: 4.290439) [&95%HPD={33.8058, 42.3966}]: 2.279764, (((KX434834.1_Derdes: 0.785015, KY689113.1_Derdes2: 0.785015) [&95%HPD={0.262458, 1.44452}]: 30.584288, (KX434850.1_Derlob: 24.269022, NC_069810.1_Dertru: 24.269022) [&95%HPD={19.2299, 29.3255}]: 7.100281) [&95%HPD={26.4981, 36.0868}]: 4.304722, (KX434847.1_Psepin2: 3.757816, NC_086821.1_Psepin: 3.757816) [&95%HPD={1.47469, 6.34506}]: 31.916210) [&95%HPD={31.0488, 40.3621}]: 4.587940) [&95%HPD={35.9458, 45.2459}]: 1.596003, (((KX434808.1_Miocaf: 22.711680, KX434817.1_Tausig: 22.711680) [&95%HPD={16.9527, 28.343}]: 4.299796, (NC_066978.1_Paragr: 22.793342, NC_069808.1_Cilhum: 22.793342) [&95%HPD={17.0311, 28.4303}]: 4.218134) [&95%HPD={21.2432, 32.9107}]: 11.111650, KX434858.1_Neobol: 38.123126) [&95%HPD={33.1545, 43.0609}]: 3.734843) [&95%HPD={37.3254, 47.0619}]: 1.510447) [&95%HPD={38.3985, 48.5982}]: 2.156799, (((KU201314.1_Thespe: 23.018341, (KX434857.1_Humnad2: 0.719107, NC_030264.1_Humnad: 0.719107) [&95%HPD={0.249863, 1.32001}]: 22.299233) [&95%HPD={16.8236, 29.0799}]: 4.799653, ((KX434849.1_Themil: 2.529462, NC_086832.1_Themac: 2.529462) [&95%HPD={1.13131, 4.11211}]: 1.034948, NC_086827.1_Theoph: 3.564410) [&95%HPD={1.68847, 5.81657}]: 24.253584) [&95%HPD={21.2231, 34.0674}]: 14.364448, (((KX434860.1_Singra: 0.169260, MG888464.1_Singua: 0.169260) [&95%HPD={0.0401789, 0.335611}]: 16.477412, OM202561.1_Sinspe: 16.646672) [&95%HPD={11.1165, 22.1323}]: 11.443536, (((NC_051892.1_Arrpal: 8.157594, NC_086829.1_Arrpur: 8.157594) [&95%HPD={4.90999, 11.6292}]: 2.252546, NC_086828.1_Arrbre: 10.410140) [&95%HPD={6.52573, 14.6121}]: 10.233900, OM202563.1_Arrpal2: 20.644040) [&95%HPD={14.7029, 26.3073}]: 7.446169) [&95%HPD={21.7267, 34.3797}]: 14.092233) [&95%HPD={37.0712, 47.7127}]: 3.342774) [&95%HPD={40.1928, 51.0475}]: 1.515943, ((KX091854.1_Spiocc2: 33.911895, ((KX434816.1_Spiocc: 22.278633, (NC_086831.1_Gonbru: 13.078284, OM177664.1_Gonspe: 13.078284) [&95%HPD={8.46394, 18.1039}]: 9.200349) [&95%HPD={16.1387, 28.5395}]: 5.972313, (NC_037203.1_Amanaw: 7.896193, NC_086818.1_Amawuz: 7.896193) [&95%HPD={3.94178, 12.2007}]: 20.354753) [&95%HPD={21.5243, 34.7517}]: 5.660949) [&95%HPD={27.3891, 40.7247}]: 11.516461, ((((KX434810.1_Miryun: 0.333310, NC_051490.1_Plibim: 0.333310) [&95%HPD={0.0881452, 0.63624}]: 25.189841, NC_037206.1_Scesim: 25.523151) [&95%HPD={19.6205, 31.1674}]: 7.239207, (NC_037205.1_Troten: 29.736023, (NC_037208.1_Eomyun: 25.537129, NC_063851.1_Sinden: 25.537129) [&95%HPD={19.8855, 31.1174}]: 4.198894) [&95%HPD={24.3492, 35.6975}]: 3.026335) [&95%HPD={27.121, 38.5128}]: 5.827553, ((KX434846.1_Amochi: 4.743238, (MG888437.1_Amospe: 3.954909, NC_057070.1_Amohai: 3.954909) [&95%HPD={1.87584, 6.2942}]: 0.788328) [&95%HPD={2.26186, 7.57346}]: 28.699669, (MG888453.1_Leplac: 18.081816, ((NC_024028.1_Lepalb: 3.953688, OK480879.1_Lepton: 3.953688) [&95%HPD={2.03439, 6.11235}]: 10.480925, OM202571.1_Lepspe: 14.434614) [&95%HPD={9.45846, 19.4187}]: 3.647202) [&95%HPD={12.5612, 23.9302}]: 15.361091) [&95%HPD={27.8809, 39.3037}]: 5.147003) [&95%HPD={32.9771, 44.2248}]: 6.838446) [&95%HPD={40.0962, 51.2534}]: 1.612803) [&95%HPD={41.6185, 52.8867}]: 3.227192, (KY689126.1_Calspe: 19.511897, OM202562.1_Mirspe: 19.511897) [&95%HPD={10.5594, 28.2666}]: 30.756453) [&95%HPD={44.2721, 56.5003}]: 2.359713, (KX434826.1_Brubor: 44.777323, ((KX434843.1_Acomul: 18.311346, (NC_077476.1_Caldia: 15.001730, NC_077477.1_Rapfus: 15.001730) [&95%HPD={9.39227, 21.0492}]: 3.309616) [&95%HPD={11.8102, 25.0749}]: 13.685808, (KX434844.1_Decspe: 12.613896, PV564197.1_Pselob: 12.613896) [&95%HPD={7.16782, 18.6069}]: 19.383258) [&95%HPD={24.1845, 39.6286}]: 12.780169) [&95%HPD={37.9957, 51.6105}]: 7.850741) [&95%HPD={46.1142, 58.9347}]: 3.765340, ((KX434845.1_Haavit: 17.601206, KY689130.1_Haaspe: 17.601206) [&95%HPD={9.24437, 26.6682}]: 30.892963, OM910846.1_Carspe: 48.494169) [&95%HPD={41.0718, 56.0136}]: 7.899235) [&95%HPD={49.6952, 63.6227}]: 2.891290, MK400676.1_Erespe: 59.284694) [&95%HPD={52.0442, 67.1041}]: 8.041342, (KX434871.1_Metspe: 18.820165, MG888455.1_Metspl: 18.820165) [&95%HPD={7.39687, 31.419}]: 48.505871) [&95%HPD={58.1316, 77.0212}]: 306.454469, (((((NC_009499.1_Retsan: 4.824415, NC_015800.1_Copfor: 4.824415) [&95%HPD={1.56417, 8.78204}]: 13.302294, NC_018120.1_Masdar: 18.126710) [&95%HPD={6.86236, 30.8116}]: 5.498793, NC_037496.1_Crymer: 23.625503) [&95%HPD={9.22834, 40.0939}]: 5.571775, ((NC_012901.1_Blager: 17.527472, NC_082459.1_Dippun: 17.527472) [&95%HPD={6.61187, 29.9882}]: 8.491374, NC_039940.1_Perbru: 26.018846) [&95%HPD={10.1238, 44.0533}]: 3.178432) [&95%HPD={11.666, 49.7979}]: 6.630738, NC_014274.1_Eupsin: 35.828017) [&95%HPD={13.6888, 61.5766}]: 337.952488) [&95%HPD={312.855, 447.477}];


Posterior mean (95% Equal-tail CI) (95% HPD CI) HPD-CI-width

t_n190       373.8213 (313.6275, 448.5516) (312.8552, 447.4767) 134.6215 (Jnode 376)
t_n191        67.3584 (59.0558, 78.2376) (58.1316, 77.0212) 18.8896 (Jnode 375)
t_n192        59.2958 (52.5108, 67.7744) (52.0442, 67.1041) 15.0599 (Jnode 374)
t_n193        56.3944 (49.9994, 64.2224) (49.6952, 63.6227) 13.9275 (Jnode 373)
t_n194        52.6292 (46.6957, 59.6872) (46.1142, 58.9347) 12.8205 (Jnode 372)
t_n195        50.2683 (44.6376, 56.9536) (44.2721, 56.5003) 12.2282 (Jnode 371)
t_n196        47.0499 (41.8909, 53.2249) (41.6185, 52.8867) 11.2682 (Jnode 370)
t_n197        45.5335 (40.5699, 51.5058) (40.1928, 51.0475) 10.8547 (Jnode 369)
t_n198        43.3727 (38.6756, 48.9433) (38.3985, 48.5982) 10.1997 (Jnode 368)
t_n199        36.6587 (31.6352, 42.1668) (31.3453, 41.7928) 10.4475 (Jnode 367)
t_n200        33.5092 (28.5411, 38.8888) (28.3952, 38.5996) 10.2044 (Jnode 366)
t_n201        30.9555 (26.1689, 36.1246) (25.9581, 35.8240)  9.8659 (Jnode 365)
t_n202        27.7964 (23.1523, 32.8069) (22.8504, 32.4365)  9.5861 (Jnode 364)
t_n203        21.8791 (17.5711, 26.5023) (17.4892, 26.3689)  8.8797 (Jnode 363)
t_n204        19.2738 (15.2101, 23.7120) (15.2063, 23.7020)  8.4957 (Jnode 362)
t_n205        14.9210 (11.3465, 18.9495) (11.1694, 18.7442)  7.5748 (Jnode 361)
t_n206         6.2070 ( 4.0434,  8.9313) ( 3.8541,  8.6725)  4.8183 (Jnode 360)
t_n207         5.9734 ( 3.7055,  8.8481) ( 3.4867,  8.5653)  5.0786 (Jnode 359)
t_n208        11.4405 ( 7.8800, 15.5729) ( 7.6444, 15.2776)  7.6332 (Jnode 358)
t_n209         6.1018 ( 3.8357,  8.9449) ( 3.6927,  8.7193)  5.0266 (Jnode 357)
t_n210         1.1668 ( 0.5813,  2.0703) ( 0.5109,  1.9257)  1.4148 (Jnode 356)
t_n211         2.7545 ( 1.5055,  4.5072) ( 1.3766,  4.2809)  2.9043 (Jnode 355)
t_n212        24.9135 (20.3934, 29.7880) (20.2278, 29.5646)  9.3369 (Jnode 354)
t_n213        11.3093 ( 7.7002, 15.4446) ( 7.4949, 15.1815)  7.6866 (Jnode 353)
t_n214         5.7779 ( 3.6425,  8.5219) ( 3.3946,  8.1506)  4.7560 (Jnode 352)
t_n215         3.7324 ( 2.2376,  5.7432) ( 2.1228,  5.5294)  3.4066 (Jnode 351)
t_n216        27.3087 (22.5310, 32.4109) (22.5717, 32.4423)  9.8706 (Jnode 350)
t_n217        20.5520 (15.8406, 25.5356) (15.6884, 25.3311)  9.6427 (Jnode 349)
t_n218        28.7430 (23.6770, 34.1668) (23.5287, 33.9351) 10.4064 (Jnode 348)
t_n219        30.6867 (25.1963, 36.4033) (25.1547, 36.3394) 11.1847 (Jnode 347)
t_n220        41.8637 (37.4072, 47.1589) (37.3254, 47.0619)  9.7365 (Jnode 346)
t_n221        40.2713 (35.9945, 45.3406) (35.9458, 45.2459)  9.3001 (Jnode 345)
t_n222        37.9887 (33.9803, 42.6683) (33.8058, 42.3966)  8.5908 (Jnode 344)
t_n223        36.6585 (32.8770, 41.0957) (32.6738, 40.8398)  8.1661 (Jnode 343)
t_n224        34.2821 (30.8784, 38.3307) (30.6933, 38.0851)  7.3918 (Jnode 342)
t_n225        32.1297 (28.6700, 36.1612) (28.4890, 35.9317)  7.4426 (Jnode 341)
t_n226        25.6454 (21.5549, 29.8642) (21.5204, 29.7959)  8.2755 (Jnode 340)
t_n227        12.1683 ( 8.1847, 16.5369) ( 7.9658, 16.2738)  8.3080 (Jnode 339)
t_n228         5.5564 ( 3.3585,  8.3785) ( 3.1215,  8.0350)  4.9135 (Jnode 338)
t_n229         0.7725 ( 0.3113,  1.5256) ( 0.2498,  1.4029)  1.1531 (Jnode 337)
t_n230         1.9164 ( 0.9856,  3.3641) ( 0.8916,  3.1601)  2.2686 (Jnode 336)
t_n231        29.0263 (25.5139, 32.9562) (25.4317, 32.8371)  7.4055 (Jnode 335)
t_n232        22.4860 (18.7747, 26.2947) (18.8402, 26.3389)  7.4987 (Jnode 334)
t_n233        19.6907 (16.1558, 23.3745) (16.1145, 23.3261)  7.2116 (Jnode 333)
t_n234        17.8382 (14.4352, 21.4126) (14.3205, 21.2627)  6.9422 (Jnode 332)
t_n235        15.9970 (12.7664, 19.4098) (12.7974, 19.4340)  6.6366 (Jnode 331)
t_n236        11.3410 ( 8.6631, 14.3302) ( 8.5835, 14.2114)  5.6279 (Jnode 330)
t_n237         9.5658 ( 7.2141, 12.2659) ( 7.1094, 12.1339)  5.0245 (Jnode 329)
t_n238         4.4518 ( 3.0094,  6.2268) ( 2.8713,  6.0473)  3.1759 (Jnode 328)
t_n239         8.6415 ( 6.4453, 11.1747) ( 6.4453, 11.1747)  4.7293 (Jnode 327)
t_n240         7.9284 ( 5.8528, 10.3395) ( 5.8034, 10.2712)  4.4678 (Jnode 326)
t_n241         5.2662 ( 3.6866,  7.1650) ( 3.5516,  6.9960)  3.4444 (Jnode 325)
t_n242         3.0226 ( 1.9235,  4.4154) ( 1.8465,  4.3086)  2.4621 (Jnode 324)
t_n243         0.8366 ( 0.4335,  1.4159) ( 0.3910,  1.3354)  0.9443 (Jnode 323)
t_n244         6.7111 ( 4.8477,  8.9090) ( 4.7923,  8.7983)  4.0060 (Jnode 322)
t_n245         8.7167 ( 6.4184, 11.3565) ( 6.3310, 11.2250)  4.8940 (Jnode 321)
t_n246         6.8616 ( 4.8968,  9.1948) ( 4.7972,  9.0574)  4.2602 (Jnode 320)
t_n247        13.0234 (10.0497, 16.2556) ( 9.8999, 16.0999)  6.2000 (Jnode 319)
t_n248        11.4211 ( 8.6248, 14.5146) ( 8.5249, 14.3893)  5.8643 (Jnode 318)
t_n249         7.2110 ( 5.1295,  9.6807) ( 5.0458,  9.5606)  4.5148 (Jnode 317)
t_n250         5.4136 ( 3.6909,  7.5345) ( 3.5838,  7.3575)  3.7736 (Jnode 316)
t_n251         4.5064 ( 2.9927,  6.4003) ( 2.8983,  6.2478)  3.3494 (Jnode 315)
t_n252        12.9789 ( 9.9065, 16.4367) ( 9.7995, 16.3062)  6.5067 (Jnode 314)
t_n253         0.0514 ( 0.0013,  0.1977) ( 0.0000,  0.1601)  0.1601 (Jnode 313)
t_n254        27.2595 (23.7689, 31.1164) (23.6412, 30.9362)  7.2950 (Jnode 312)
t_n255        23.4991 (20.0508, 27.3119) (19.9832, 27.2192)  7.2360 (Jnode 311)
t_n256        17.2513 (13.8418, 20.8983) (13.6873, 20.7277)  7.0404 (Jnode 310)
t_n257        14.0378 (10.8633, 17.4757) (10.7955, 17.3862)  6.5907 (Jnode 309)
t_n258        11.3828 ( 8.5067, 14.5799) ( 8.4368, 14.4958)  6.0590 (Jnode 308)
t_n259         0.5603 ( 0.2612,  1.0289) ( 0.2337,  0.9587)  0.7250 (Jnode 307)
t_n260        15.5300 (12.2301, 19.0968) (12.1039, 18.9240)  6.8200 (Jnode 306)
t_n261        11.7099 ( 8.7125, 15.0607) ( 8.6142, 14.9413)  6.3272 (Jnode 305)
t_n262         2.7187 ( 1.4732,  4.4784) ( 1.3581,  4.2588)  2.9007 (Jnode 304)
t_n263         2.3063 ( 1.2275,  3.8571) ( 1.1076,  3.6461)  2.5385 (Jnode 303)
t_n264        21.4239 (17.8364, 25.2523) (17.6098, 24.9906)  7.3808 (Jnode 302)
t_n265        12.8037 ( 9.1602, 16.7352) ( 9.1416, 16.7121)  7.5705 (Jnode 301)
t_n266        19.5261 (15.6099, 23.4104) (15.5746, 23.3598)  7.7852 (Jnode 300)
t_n267        12.8194 ( 9.4238, 16.4513) ( 9.3733, 16.3966)  7.0233 (Jnode 299)
t_n268        30.6351 (26.7326, 34.7641) (26.6660, 34.6790)  8.0129 (Jnode 298)
t_n269        34.5563 (30.8504, 38.9530) (30.6967, 38.7532)  8.0565 (Jnode 297)
t_n270        32.4645 (28.8190, 36.7166) (28.6719, 36.5110)  7.8392 (Jnode 296)
t_n271        30.3620 (26.8001, 34.4950) (26.5667, 34.2065)  7.6399 (Jnode 295)
t_n272        28.5584 (25.0009, 32.5875) (24.9438, 32.5014)  7.5576 (Jnode 294)
t_n273        27.1239 (23.6093, 31.0747) (23.5198, 30.9683)  7.4485 (Jnode 293)
t_n274        25.4974 (21.9944, 29.3440) (21.7588, 29.0770)  7.3182 (Jnode 292)
t_n275        21.8921 (18.4449, 25.6984) (18.3852, 25.6146)  7.2294 (Jnode 291)
t_n276         0.4066 ( 0.1486,  0.8596) ( 0.1133,  0.7719)  0.6586 (Jnode 290)
t_n277        22.5267 (19.0054, 26.2665) (19.0127, 26.2697)  7.2569 (Jnode 289)
t_n278         0.0495 ( 0.0045,  0.1488) ( 0.0001,  0.1239)  0.1238 (Jnode 288)
t_n279        25.2317 (21.7849, 29.0253) (21.6443, 28.8602)  7.2159 (Jnode 287)
t_n280         5.9409 ( 3.4993,  9.0025) ( 3.3849,  8.7887)  5.4038 (Jnode 286)
t_n281         4.2406 ( 2.4135,  6.6561) ( 2.2485,  6.3969)  4.1484 (Jnode 285)
t_n282         0.0836 ( 0.0069,  0.2531) ( 0.0001,  0.2086)  0.2085 (Jnode 284)
t_n283        22.4544 (19.0516, 26.1309) (18.8953, 25.9389)  7.0437 (Jnode 283)
t_n284        16.4962 (13.2882, 19.9755) (13.2389, 19.8985)  6.6596 (Jnode 282)
t_n285        11.6237 ( 8.7650, 14.7954) ( 8.6417, 14.6267)  5.9850 (Jnode 281)
t_n286         2.1859 ( 1.2767,  3.4616) ( 1.1967,  3.3272)  2.1305 (Jnode 280)
t_n287         6.7094 ( 4.4816,  9.4119) ( 4.3164,  9.1958)  4.8795 (Jnode 279)
t_n288         3.8959 ( 2.2649,  6.0317) ( 2.1169,  5.8340)  3.7171 (Jnode 278)
t_n289         0.3464 ( 0.0692,  0.8878) ( 0.0251,  0.7603)  0.7352 (Jnode 277)
t_n290        25.8073 (21.9990, 29.8570) (21.9753, 29.8027)  7.8274 (Jnode 276)
t_n291        23.3255 (19.4980, 27.4293) (19.4980, 27.4293)  7.9313 (Jnode 275)
t_n292         5.1712 ( 2.7469,  8.4491) ( 2.5213,  8.0761)  5.5548 (Jnode 274)
t_n293        10.3610 ( 6.7879, 14.3749) ( 6.4997, 14.0210)  7.5212 (Jnode 273)
t_n294         2.2857 ( 1.1850,  3.9273) ( 1.0499,  3.6981)  2.6481 (Jnode 272)
t_n295        22.5773 (18.5772, 26.7546) (18.4999, 26.6592)  8.1593 (Jnode 271)
t_n296        30.6169 (26.9900, 34.7578) (26.8519, 34.5516)  7.6998 (Jnode 270)
t_n297        28.0881 (24.4870, 32.0925) (24.2678, 31.8325)  7.5647 (Jnode 269)
t_n298        23.7208 (20.1834, 27.5081) (20.0929, 27.3813)  7.2884 (Jnode 268)
t_n299        21.9208 (18.5073, 25.6201) (18.4596, 25.5512)  7.0915 (Jnode 267)
t_n300         8.8498 ( 6.0298, 12.1019) ( 5.8387, 11.8654)  6.0267 (Jnode 266)
t_n301         7.3093 ( 4.8790, 10.1833) ( 4.6529,  9.9067)  5.2538 (Jnode 265)
t_n302         2.3008 ( 1.3827,  3.5923) ( 1.3202,  3.4751)  2.1549 (Jnode 264)
t_n303         0.2702 ( 0.0788,  0.5969) ( 0.0528,  0.5357)  0.4829 (Jnode 263)
t_n304        16.8582 (13.6177, 20.3455) (13.4922, 20.1871)  6.6948 (Jnode 262)
t_n305        11.8053 ( 8.9598, 14.9292) ( 8.8247, 14.7560)  5.9314 (Jnode 261)
t_n306         8.5890 ( 6.2832, 11.2413) ( 6.1534, 11.0458)  4.8924 (Jnode 260)
t_n307         3.6702 ( 2.4680,  5.2068) ( 2.3619,  5.0708)  2.7089 (Jnode 259)
t_n308         2.1168 ( 1.3637,  3.1177) ( 1.2912,  3.0026)  1.7114 (Jnode 258)
t_n309         7.7761 ( 5.2750, 10.7033) ( 5.2639, 10.6769)  5.4130 (Jnode 257)
t_n310         3.6614 ( 2.2284,  5.5367) ( 2.0786,  5.3352)  3.2566 (Jnode 256)
t_n311        20.1709 (16.6829, 23.8591) (16.7569, 23.9224)  7.1655 (Jnode 255)
t_n312        17.6146 (14.1842, 21.2390) (14.1710, 21.2172)  7.0463 (Jnode 254)
t_n313        24.4701 (20.8153, 28.3738) (20.8502, 28.4025)  7.5523 (Jnode 253)
t_n314        10.7135 ( 7.1398, 14.6656) ( 7.0379, 14.4978)  7.4600 (Jnode 252)
t_n315         5.1642 ( 2.9480,  7.9937) ( 2.8298,  7.8052)  4.9754 (Jnode 251)
t_n316         3.4612 ( 1.9204,  5.5586) ( 1.7482,  5.2763)  3.5281 (Jnode 250)
t_n317         1.8661 ( 0.9783,  3.1419) ( 0.8984,  2.9932)  2.0948 (Jnode 249)
t_n318        26.9771 (22.8783, 31.3001) (22.7942, 31.1960)  8.4018 (Jnode 248)
t_n319        21.0832 (16.9715, 25.3017) (16.8933, 25.2124)  8.3191 (Jnode 247)
t_n320        17.1351 (13.2205, 21.2533) (13.1232, 21.1158)  7.9926 (Jnode 246)
t_n321        18.4791 (14.2659, 22.8121) (14.2654, 22.8114)  8.5460 (Jnode 245)
t_n322        33.6939 (29.4193, 38.3612) (29.3155, 38.2142)  8.8987 (Jnode 244)
t_n323        35.6745 (31.2812, 40.6525) (31.0488, 40.3621)  9.3132 (Jnode 243)
t_n324        31.3613 (26.7411, 36.3735) (26.4981, 36.0868)  9.5887 (Jnode 242)
t_n325         0.7859 ( 0.3227,  1.5952) ( 0.2625,  1.4445)  1.1821 (Jnode 241)
t_n326        24.2579 (19.2998, 29.4240) (19.2299, 29.3255) 10.0957 (Jnode 240)
t_n327         3.7612 ( 1.7409,  6.8495) ( 1.4747,  6.3451)  4.8704 (Jnode 239)
t_n328        38.1307 (33.4153, 43.3774) (33.1545, 43.0609)  9.9064 (Jnode 238)
t_n329        27.0002 (20.9577, 32.6948) (21.2432, 32.9107) 11.6676 (Jnode 237)
t_n330        22.7052 (16.9584, 28.3593) (16.9527, 28.3430) 11.3903 (Jnode 236)
t_n331        22.7771 (16.9887, 28.4156) (17.0311, 28.4303) 11.3992 (Jnode 235)
t_n332        42.1878 (37.2607, 47.9945) (37.0712, 47.7127) 10.6414 (Jnode 234)
t_n333        27.8273 (21.2050, 34.0635) (21.2231, 34.0674) 12.8442 (Jnode 233)
t_n334        23.0419 (16.8989, 29.1845) (16.8236, 29.0799) 12.2563 (Jnode 232)
t_n335         0.7215 ( 0.3076,  1.4573) ( 0.2499,  1.3200)  1.0701 (Jnode 231)
t_n336         3.5581 ( 1.8397,  6.1481) ( 1.6885,  5.8166)  4.1281 (Jnode 230)
t_n337         2.5252 ( 1.2949,  4.3852) ( 1.1313,  4.1121)  2.9808 (Jnode 229)
t_n338        28.0780 (21.5636, 34.2763) (21.7267, 34.3797) 12.6529 (Jnode 228)
t_n339        16.6588 (11.3236, 22.4113) (11.1165, 22.1323) 11.0158 (Jnode 227)
t_n340         0.1701 ( 0.0561,  0.3745) ( 0.0402,  0.3356)  0.2954 (Jnode 226)
t_n341        20.6551 (14.9147, 26.5582) (14.7029, 26.3073) 11.6044 (Jnode 225)
t_n342        10.4168 ( 6.7063, 14.8777) ( 6.5257, 14.6121)  8.0863 (Jnode 224)
t_n343         8.1619 ( 5.1485, 11.9321) ( 4.9100, 11.6292)  6.7192 (Jnode 223)
t_n344        45.4363 (40.2702, 51.5157) (40.0962, 51.2534) 11.1572 (Jnode 222)
t_n345        33.9193 (27.1261, 40.5121) (27.3891, 40.7247) 13.3356 (Jnode 221)
t_n346        28.2617 (21.5898, 34.8284) (21.5243, 34.7517) 13.2274 (Jnode 220)
t_n347        22.2845 (16.1992, 28.6413) (16.1387, 28.5395) 12.4007 (Jnode 219)
t_n348        13.0776 ( 8.6293, 18.3748) ( 8.4639, 18.1039)  9.6400 (Jnode 218)
t_n349         7.8968 ( 4.2971, 12.7345) ( 3.9418, 12.2007)  8.2589 (Jnode 217)
t_n350        38.5921 (33.1569, 44.4471) (32.9771, 44.2248) 11.2477 (Jnode 216)
t_n351        32.7615 (27.2245, 38.6553) (27.1210, 38.5128) 11.3918 (Jnode 215)
t_n352        25.5205 (19.8450, 31.4619) (19.6205, 31.1674) 11.5469 (Jnode 214)
t_n353         0.3334 ( 0.1232,  0.7173) ( 0.0881,  0.6362)  0.5481 (Jnode 213)
t_n354        29.7412 (24.2396, 35.5999) (24.3492, 35.6975) 11.3483 (Jnode 212)
t_n355        25.5408 (20.0659, 31.3347) (19.8855, 31.1174) 11.2320 (Jnode 211)
t_n356        33.4502 (27.8991, 39.3366) (27.8809, 39.3037) 11.4228 (Jnode 210)
t_n357         4.7443 ( 2.4597,  7.9532) ( 2.2619,  7.5735)  5.3116 (Jnode 209)
t_n358         3.9554 ( 2.0718,  6.6339) ( 1.8758,  6.2942)  4.4184 (Jnode 208)
t_n359        18.0805 (12.5320, 23.9065) (12.5612, 23.9302) 11.3690 (Jnode 207)
t_n360        14.4269 ( 9.6654, 19.6961) ( 9.4585, 19.4187)  9.9602 (Jnode 206)
t_n361         3.9600 ( 2.2530,  6.4400) ( 2.0344,  6.1124)  4.0780 (Jnode 205)
t_n362        19.5136 (10.7812, 28.5856) (10.5594, 28.2666) 17.7072 (Jnode 204)
t_n363        44.7955 (38.0605, 51.6965) (37.9957, 51.6105) 13.6148 (Jnode 203)
t_n364        32.0311 (24.1635, 39.6239) (24.1845, 39.6286) 15.4442 (Jnode 202)
t_n365        18.3073 (12.0653, 25.3599) (11.8102, 25.0749) 13.2647 (Jnode 201)
t_n366        14.9984 ( 9.6769, 21.4160) ( 9.3923, 21.0492) 11.6570 (Jnode 200)
t_n367        12.6249 ( 7.4426, 19.1075) ( 7.1678, 18.6069) 11.4391 (Jnode 199)
t_n368        48.4750 (41.2314, 56.1880) (41.0718, 56.0136) 14.9418 (Jnode 198)
t_n369        17.5962 ( 9.3941, 26.9891) ( 9.2444, 26.6682) 17.4238 (Jnode 197)
t_n370        18.8288 ( 8.0001, 32.4937) ( 7.3969, 31.4190) 24.0222 (Jnode 196)
t_n371        35.8090 (15.1530, 63.6426) (13.6888, 61.5766) 47.8878 (Jnode 195)
t_n372        29.1954 (12.5895, 51.3115) (11.6660, 49.7979) 38.1319 (Jnode 194)
t_n373        23.6322 (10.2889, 41.7960) ( 9.2283, 40.0939) 30.8655 (Jnode 193)
t_n374        18.1342 ( 7.9250, 32.5243) ( 6.8624, 30.8116) 23.9492 (Jnode 192)
t_n375         4.8303 ( 1.9759,  9.7724) ( 1.5642,  8.7820)  7.2179 (Jnode 191)
t_n376        26.0226 (11.2977, 45.9032) (10.1238, 44.0533) 33.9295 (Jnode 190)
t_n377        17.5333 ( 7.6548, 31.7411) ( 6.6119, 29.9882) 23.3763 (Jnode 189)
mu             0.0013 ( 0.0004,  0.0031) ( 0.0003,  0.0028)  0.0025
sigma2         0.0089 ( 0.0066,  0.0118) ( 0.0064,  0.0115)  0.0051
lnL         -207.4261 (-234.8550, -181.6130) (-233.6850, -180.5390) 53.1460
