MCMCTREE (paml version 4.10.8.iq2mc, November 2024) AA.dummy.phy


*** Locus 1 ***
    189      1

16CI1f_Psebet                   A
23spal_Amespa2                  A
41K26_Amepic                    A
43assoi_Ameass                  A
59T3_Amedum                     A
AA001_Ameand                    A
AA003_Ameser                    A
AA005_Amespa                    A
AAP07_Aptapt                    A
ADEC02_Amedec                   A
KU201314.1_Thespe               A
KU201316.1_Staspe               A
KX091850.1_Cersau               A
KX091851.1_Creelo               A
KX091854.1_Spiocc2              A
KX091855.1_Hesspe               A
KX091863.1_Physha               A
KX091864.1_Rholat               A
KX434808.1_Miocaf               A
KX434810.1_Miryun               A
KX434811.1_Psewah               A
KX434812.1_Cammou               A
KX434813.1_Mesala2              A
KX434815.1_Gongon               A
KX434816.1_Spiocc               A
KX434817.1_Tausig               A
KX434818.1_Therub               A
KX434819.1_Hiemaj               A
KX434820.1_Iripol               A
KX434821.1_Plispe               A
KX434823.1_Hetspe               A
KX434824.1_Idolat               A
KX434825.1_Emppen               A
KX434826.1_Brubor               A
KX434828.1_Blemen               A
KX434829.1_Thecat               A
KX434830.1_Hiemul               A
KX434834.1_Derdes               A
KX434837.1_Toxhau               A
KX434838.1_Psechl               A
KX434839.1_Popspu               A
KX434840.1_Sphvir               A
KX434841.1_Psespe               A
KX434842.1_Ortmin               A
KX434843.1_Acomul               A
KX434844.1_Decspe               A
KX434845.1_Haavit               A
KX434846.1_Amochi               A
KX434847.1_Psepin2              A
KX434849.1_Themil               A
KX434850.1_Derlob               A
KX434851.1_Pnimed               A
KX434855.1_Propic               A
KX434856.1_Otospe               A
KX434857.1_Humnad2              A
KX434858.1_Neobol               A
KX434859.1_Heshof               A
KX434860.1_Singra               A
KX434861.1_Hymcor               A
KX434862.1_Tarala               A
KX434863.1_Polgri               A
KX434864.1_Idodia               A
KX434867.1_Creapi               A
KX434868.1_Prospe               A
KX434870.1_Pardav               A
KX434871.1_Metspe               A
KX619654.1_Rhospe               A
KY689113.1_Derdes2              A
KY689117.1_Parkuh               A
KY689118.1_Stepor               A
KY689119.1_Physpe               A
KY689125.1_Theele               A
KY689126.1_Calspe               A
KY689128.1_Ambund               A
KY689130.1_Haaspe               A
KY689136.1_Hiedul               A
MG888436.1_Ambpar               A
MG888437.1_Amospe               A
MG888449.1_Hymcor               A
MG888453.1_Leplac               A
MG888455.1_Metspl               A
MG888456.1_Parkuhasi            A
MG888457.1_Pargig               A
MG888464.1_Singua               A
MK400676.1_Erespe               A
MN267041.1_Mekqui               A
MT024239.1_Phybre2              A
MW222469.1_Crespe               A
MW357297.1_Asiyun               A
MW357298.1_Hiespe2              A
MW357300.1_Mesala               A
MW357301.1_Pseper               A
MW357302.1_Stabio               A
MW357303.1_Yermex               A
NC_007702.1_Tamtam              A
NC_009499.1_Retsan              A
NC_012901.1_Blager              A
NC_014274.1_Eupsin              A
NC_015800.1_Copfor              A
NC_018120.1_Masdar              A
NC_024028.1_Lepalb              A
NC_029326.1_Hiefor              A
NC_030264.1_Humnad              A
NC_030265.1_Manrel              A
NC_030266.1_Tensin              A
NC_030267.1_Cregem              A
NC_030268.1_Anazhe              A
NC_034282.1_Rhobra              A
NC_034283.1_Hiepat              A
NC_034284.1_Rhoval              A
NC_037203.1_Amanaw              A
NC_037204.1_Sphlin              A
NC_037205.1_Troten              A
NC_037206.1_Scesim              A
NC_037207.1_Schbic              A
NC_037208.1_Eomyun              A
NC_037234.1_Crejia              A
NC_037235.1_Sibpre              A
NC_037496.1_Crymer              A
NC_037697.1_Parpol              A
NC_039940.1_Perbru              A
NC_045876.1_Psybor              A
NC_048984.1_Hiemem              A
NC_051489.1_Rholon              A
NC_051490.1_Plibim              A
NC_051892.1_Arrpal              A
NC_057070.1_Amohai              A
NC_063851.1_Sinden              A
NC_065745.1_Hiechi              A
NC_065746.1_Hiezha              A
NC_065758.1_Hiemac              A
NC_065759.1_Tenang              A
NC_065760.1_Stamac              A
NC_065761.1_Stafla              A
NC_066978.1_Paragr              A
NC_069808.1_Cilhum              A
NC_069809.1_Citfal              A
NC_069810.1_Dertru              A
NC_069811.1_Pacbic              A
NC_077476.1_Caldia              A
NC_077477.1_Rapfus              A
NC_077478.1_Galamo              A
NC_077479.1_Chestr              A
NC_082459.1_Dippun              A
NC_085562.1_Acrjap              A
NC_086621.1_Otoscu              A
NC_086622.1_Phybre              A
NC_086795.1_Phypar              A
NC_086817.1_Acrhes              A
NC_086818.1_Amawuz              A
NC_086819.1_Hielat              A
NC_086820.1_Staagr              A
NC_086821.1_Psepin              A
NC_086822.1_Anasin              A
NC_086823.1_Thesin              A
NC_086824.1_Physin              A
NC_086825.1_Phywer              A
NC_086826.1_Anatia              A
NC_086827.1_Theoph              A
NC_086828.1_Arrbre              A
NC_086829.1_Arrpur              A
NC_086830.1_Astmaj              A
NC_086831.1_Gonbru              A
NC_086832.1_Themac              A
OK480879.1_Lepton               A
OK542392.1_Hielon               A
OK542393.1_Tenaribre            A
OL414957.1_Staspe2              A
OL414959.1_Hiespe               A
OM177664.1_Gonspe               A
OM202552.1_Tenspe               A
OM202554.1_Anaspe               A
OM202555.1_Anagra               A
OM202561.1_Sinspe               A
OM202562.1_Mirspe               A
OM202563.1_Arrpal2              A
OM202564.1_Thespe               A
OM202571.1_Lepspe               A
OM910846.1_Carspe               A
OZ336339.1_Bolbra               A
PP072306.1_Majmou               A
PP072307.1_Odospe               A
PP438763.1_Astbas               A
PP438765.1_Cermac               A
PP438766.1_Ceryun               A
PP438767.1_Chlles               A
PP438770.1_Panfra               A
PV564197.1_Pselob               A
RBE05_Rivbae                    A



Printing out site pattern counts


       189          1  P

16CI1f_Psebet                   A
23spal_Amespa2                  A
41K26_Amepic                    A
43assoi_Ameass                  A
59T3_Amedum                     A
AA001_Ameand                    A
AA003_Ameser                    A
AA005_Amespa                    A
AAP07_Aptapt                    A
ADEC02_Amedec                   A
KU201314.1_Thespe               A
KU201316.1_Staspe               A
KX091850.1_Cersau               A
KX091851.1_Creelo               A
KX091854.1_Spiocc2              A
KX091855.1_Hesspe               A
KX091863.1_Physha               A
KX091864.1_Rholat               A
KX434808.1_Miocaf               A
KX434810.1_Miryun               A
KX434811.1_Psewah               A
KX434812.1_Cammou               A
KX434813.1_Mesala2              A
KX434815.1_Gongon               A
KX434816.1_Spiocc               A
KX434817.1_Tausig               A
KX434818.1_Therub               A
KX434819.1_Hiemaj               A
KX434820.1_Iripol               A
KX434821.1_Plispe               A
KX434823.1_Hetspe               A
KX434824.1_Idolat               A
KX434825.1_Emppen               A
KX434826.1_Brubor               A
KX434828.1_Blemen               A
KX434829.1_Thecat               A
KX434830.1_Hiemul               A
KX434834.1_Derdes               A
KX434837.1_Toxhau               A
KX434838.1_Psechl               A
KX434839.1_Popspu               A
KX434840.1_Sphvir               A
KX434841.1_Psespe               A
KX434842.1_Ortmin               A
KX434843.1_Acomul               A
KX434844.1_Decspe               A
KX434845.1_Haavit               A
KX434846.1_Amochi               A
KX434847.1_Psepin2              A
KX434849.1_Themil               A
KX434850.1_Derlob               A
KX434851.1_Pnimed               A
KX434855.1_Propic               A
KX434856.1_Otospe               A
KX434857.1_Humnad2              A
KX434858.1_Neobol               A
KX434859.1_Heshof               A
KX434860.1_Singra               A
KX434861.1_Hymcor               A
KX434862.1_Tarala               A
KX434863.1_Polgri               A
KX434864.1_Idodia               A
KX434867.1_Creapi               A
KX434868.1_Prospe               A
KX434870.1_Pardav               A
KX434871.1_Metspe               A
KX619654.1_Rhospe               A
KY689113.1_Derdes2              A
KY689117.1_Parkuh               A
KY689118.1_Stepor               A
KY689119.1_Physpe               A
KY689125.1_Theele               A
KY689126.1_Calspe               A
KY689128.1_Ambund               A
KY689130.1_Haaspe               A
KY689136.1_Hiedul               A
MG888436.1_Ambpar               A
MG888437.1_Amospe               A
MG888449.1_Hymcor               A
MG888453.1_Leplac               A
MG888455.1_Metspl               A
MG888456.1_Parkuhasi            A
MG888457.1_Pargig               A
MG888464.1_Singua               A
MK400676.1_Erespe               A
MN267041.1_Mekqui               A
MT024239.1_Phybre2              A
MW222469.1_Crespe               A
MW357297.1_Asiyun               A
MW357298.1_Hiespe2              A
MW357300.1_Mesala               A
MW357301.1_Pseper               A
MW357302.1_Stabio               A
MW357303.1_Yermex               A
NC_007702.1_Tamtam              A
NC_009499.1_Retsan              A
NC_012901.1_Blager              A
NC_014274.1_Eupsin              A
NC_015800.1_Copfor              A
NC_018120.1_Masdar              A
NC_024028.1_Lepalb              A
NC_029326.1_Hiefor              A
NC_030264.1_Humnad              A
NC_030265.1_Manrel              A
NC_030266.1_Tensin              A
NC_030267.1_Cregem              A
NC_030268.1_Anazhe              A
NC_034282.1_Rhobra              A
NC_034283.1_Hiepat              A
NC_034284.1_Rhoval              A
NC_037203.1_Amanaw              A
NC_037204.1_Sphlin              A
NC_037205.1_Troten              A
NC_037206.1_Scesim              A
NC_037207.1_Schbic              A
NC_037208.1_Eomyun              A
NC_037234.1_Crejia              A
NC_037235.1_Sibpre              A
NC_037496.1_Crymer              A
NC_037697.1_Parpol              A
NC_039940.1_Perbru              A
NC_045876.1_Psybor              A
NC_048984.1_Hiemem              A
NC_051489.1_Rholon              A
NC_051490.1_Plibim              A
NC_051892.1_Arrpal              A
NC_057070.1_Amohai              A
NC_063851.1_Sinden              A
NC_065745.1_Hiechi              A
NC_065746.1_Hiezha              A
NC_065758.1_Hiemac              A
NC_065759.1_Tenang              A
NC_065760.1_Stamac              A
NC_065761.1_Stafla              A
NC_066978.1_Paragr              A
NC_069808.1_Cilhum              A
NC_069809.1_Citfal              A
NC_069810.1_Dertru              A
NC_069811.1_Pacbic              A
NC_077476.1_Caldia              A
NC_077477.1_Rapfus              A
NC_077478.1_Galamo              A
NC_077479.1_Chestr              A
NC_082459.1_Dippun              A
NC_085562.1_Acrjap              A
NC_086621.1_Otoscu              A
NC_086622.1_Phybre              A
NC_086795.1_Phypar              A
NC_086817.1_Acrhes              A
NC_086818.1_Amawuz              A
NC_086819.1_Hielat              A
NC_086820.1_Staagr              A
NC_086821.1_Psepin              A
NC_086822.1_Anasin              A
NC_086823.1_Thesin              A
NC_086824.1_Physin              A
NC_086825.1_Phywer              A
NC_086826.1_Anatia              A
NC_086827.1_Theoph              A
NC_086828.1_Arrbre              A
NC_086829.1_Arrpur              A
NC_086830.1_Astmaj              A
NC_086831.1_Gonbru              A
NC_086832.1_Themac              A
OK480879.1_Lepton               A
OK542392.1_Hielon               A
OK542393.1_Tenaribre            A
OL414957.1_Staspe2              A
OL414959.1_Hiespe               A
OM177664.1_Gonspe               A
OM202552.1_Tenspe               A
OM202554.1_Anaspe               A
OM202555.1_Anagra               A
OM202561.1_Sinspe               A
OM202562.1_Mirspe               A
OM202563.1_Arrpal2              A
OM202564.1_Thespe               A
OM202571.1_Lepspe               A
OM910846.1_Carspe               A
OZ336339.1_Bolbra               A
PP072306.1_Majmou               A
PP072307.1_Odospe               A
PP438763.1_Astbas               A
PP438765.1_Cermac               A
PP438766.1_Ceryun               A
PP438767.1_Chlles               A
PP438770.1_Panfra               A
PV564197.1_Pselob               A
RBE05_Rivbae                    A



Frequencies..
                                    A      R      N      D      C      Q      E      G      H      I      L      K      M      F      P      S      T      W      Y      V
16CI1f_Psebet                  1.00000 0.00000 0.00000 0.00000 0.00000 0.00000 0.00000 0.00000 0.00000 0.00000 0.00000 0.00000 0.00000 0.00000 0.00000 0.00000 0.00000 0.00000 0.00000 0.00000
23spal_Amespa2                 1.00000 0.00000 0.00000 0.00000 0.00000 0.00000 0.00000 0.00000 0.00000 0.00000 0.00000 0.00000 0.00000 0.00000 0.00000 0.00000 0.00000 0.00000 0.00000 0.00000
41K26_Amepic                   1.00000 0.00000 0.00000 0.00000 0.00000 0.00000 0.00000 0.00000 0.00000 0.00000 0.00000 0.00000 0.00000 0.00000 0.00000 0.00000 0.00000 0.00000 0.00000 0.00000
43assoi_Ameass                 1.00000 0.00000 0.00000 0.00000 0.00000 0.00000 0.00000 0.00000 0.00000 0.00000 0.00000 0.00000 0.00000 0.00000 0.00000 0.00000 0.00000 0.00000 0.00000 0.00000
59T3_Amedum                    1.00000 0.00000 0.00000 0.00000 0.00000 0.00000 0.00000 0.00000 0.00000 0.00000 0.00000 0.00000 0.00000 0.00000 0.00000 0.00000 0.00000 0.00000 0.00000 0.00000
AA001_Ameand                   1.00000 0.00000 0.00000 0.00000 0.00000 0.00000 0.00000 0.00000 0.00000 0.00000 0.00000 0.00000 0.00000 0.00000 0.00000 0.00000 0.00000 0.00000 0.00000 0.00000
AA003_Ameser                   1.00000 0.00000 0.00000 0.00000 0.00000 0.00000 0.00000 0.00000 0.00000 0.00000 0.00000 0.00000 0.00000 0.00000 0.00000 0.00000 0.00000 0.00000 0.00000 0.00000
AA005_Amespa                   1.00000 0.00000 0.00000 0.00000 0.00000 0.00000 0.00000 0.00000 0.00000 0.00000 0.00000 0.00000 0.00000 0.00000 0.00000 0.00000 0.00000 0.00000 0.00000 0.00000
AAP07_Aptapt                   1.00000 0.00000 0.00000 0.00000 0.00000 0.00000 0.00000 0.00000 0.00000 0.00000 0.00000 0.00000 0.00000 0.00000 0.00000 0.00000 0.00000 0.00000 0.00000 0.00000
ADEC02_Amedec                  1.00000 0.00000 0.00000 0.00000 0.00000 0.00000 0.00000 0.00000 0.00000 0.00000 0.00000 0.00000 0.00000 0.00000 0.00000 0.00000 0.00000 0.00000 0.00000 0.00000
KU201314.1_Thespe              1.00000 0.00000 0.00000 0.00000 0.00000 0.00000 0.00000 0.00000 0.00000 0.00000 0.00000 0.00000 0.00000 0.00000 0.00000 0.00000 0.00000 0.00000 0.00000 0.00000
KU201316.1_Staspe              1.00000 0.00000 0.00000 0.00000 0.00000 0.00000 0.00000 0.00000 0.00000 0.00000 0.00000 0.00000 0.00000 0.00000 0.00000 0.00000 0.00000 0.00000 0.00000 0.00000
KX091850.1_Cersau              1.00000 0.00000 0.00000 0.00000 0.00000 0.00000 0.00000 0.00000 0.00000 0.00000 0.00000 0.00000 0.00000 0.00000 0.00000 0.00000 0.00000 0.00000 0.00000 0.00000
KX091851.1_Creelo              1.00000 0.00000 0.00000 0.00000 0.00000 0.00000 0.00000 0.00000 0.00000 0.00000 0.00000 0.00000 0.00000 0.00000 0.00000 0.00000 0.00000 0.00000 0.00000 0.00000
KX091854.1_Spiocc2             1.00000 0.00000 0.00000 0.00000 0.00000 0.00000 0.00000 0.00000 0.00000 0.00000 0.00000 0.00000 0.00000 0.00000 0.00000 0.00000 0.00000 0.00000 0.00000 0.00000
KX091855.1_Hesspe              1.00000 0.00000 0.00000 0.00000 0.00000 0.00000 0.00000 0.00000 0.00000 0.00000 0.00000 0.00000 0.00000 0.00000 0.00000 0.00000 0.00000 0.00000 0.00000 0.00000
KX091863.1_Physha              1.00000 0.00000 0.00000 0.00000 0.00000 0.00000 0.00000 0.00000 0.00000 0.00000 0.00000 0.00000 0.00000 0.00000 0.00000 0.00000 0.00000 0.00000 0.00000 0.00000
KX091864.1_Rholat              1.00000 0.00000 0.00000 0.00000 0.00000 0.00000 0.00000 0.00000 0.00000 0.00000 0.00000 0.00000 0.00000 0.00000 0.00000 0.00000 0.00000 0.00000 0.00000 0.00000
KX434808.1_Miocaf              1.00000 0.00000 0.00000 0.00000 0.00000 0.00000 0.00000 0.00000 0.00000 0.00000 0.00000 0.00000 0.00000 0.00000 0.00000 0.00000 0.00000 0.00000 0.00000 0.00000
KX434810.1_Miryun              1.00000 0.00000 0.00000 0.00000 0.00000 0.00000 0.00000 0.00000 0.00000 0.00000 0.00000 0.00000 0.00000 0.00000 0.00000 0.00000 0.00000 0.00000 0.00000 0.00000
KX434811.1_Psewah              1.00000 0.00000 0.00000 0.00000 0.00000 0.00000 0.00000 0.00000 0.00000 0.00000 0.00000 0.00000 0.00000 0.00000 0.00000 0.00000 0.00000 0.00000 0.00000 0.00000
KX434812.1_Cammou              1.00000 0.00000 0.00000 0.00000 0.00000 0.00000 0.00000 0.00000 0.00000 0.00000 0.00000 0.00000 0.00000 0.00000 0.00000 0.00000 0.00000 0.00000 0.00000 0.00000
KX434813.1_Mesala2             1.00000 0.00000 0.00000 0.00000 0.00000 0.00000 0.00000 0.00000 0.00000 0.00000 0.00000 0.00000 0.00000 0.00000 0.00000 0.00000 0.00000 0.00000 0.00000 0.00000
KX434815.1_Gongon              1.00000 0.00000 0.00000 0.00000 0.00000 0.00000 0.00000 0.00000 0.00000 0.00000 0.00000 0.00000 0.00000 0.00000 0.00000 0.00000 0.00000 0.00000 0.00000 0.00000
KX434816.1_Spiocc              1.00000 0.00000 0.00000 0.00000 0.00000 0.00000 0.00000 0.00000 0.00000 0.00000 0.00000 0.00000 0.00000 0.00000 0.00000 0.00000 0.00000 0.00000 0.00000 0.00000
KX434817.1_Tausig              1.00000 0.00000 0.00000 0.00000 0.00000 0.00000 0.00000 0.00000 0.00000 0.00000 0.00000 0.00000 0.00000 0.00000 0.00000 0.00000 0.00000 0.00000 0.00000 0.00000
KX434818.1_Therub              1.00000 0.00000 0.00000 0.00000 0.00000 0.00000 0.00000 0.00000 0.00000 0.00000 0.00000 0.00000 0.00000 0.00000 0.00000 0.00000 0.00000 0.00000 0.00000 0.00000
KX434819.1_Hiemaj              1.00000 0.00000 0.00000 0.00000 0.00000 0.00000 0.00000 0.00000 0.00000 0.00000 0.00000 0.00000 0.00000 0.00000 0.00000 0.00000 0.00000 0.00000 0.00000 0.00000
KX434820.1_Iripol              1.00000 0.00000 0.00000 0.00000 0.00000 0.00000 0.00000 0.00000 0.00000 0.00000 0.00000 0.00000 0.00000 0.00000 0.00000 0.00000 0.00000 0.00000 0.00000 0.00000
KX434821.1_Plispe              1.00000 0.00000 0.00000 0.00000 0.00000 0.00000 0.00000 0.00000 0.00000 0.00000 0.00000 0.00000 0.00000 0.00000 0.00000 0.00000 0.00000 0.00000 0.00000 0.00000
KX434823.1_Hetspe              1.00000 0.00000 0.00000 0.00000 0.00000 0.00000 0.00000 0.00000 0.00000 0.00000 0.00000 0.00000 0.00000 0.00000 0.00000 0.00000 0.00000 0.00000 0.00000 0.00000
KX434824.1_Idolat              1.00000 0.00000 0.00000 0.00000 0.00000 0.00000 0.00000 0.00000 0.00000 0.00000 0.00000 0.00000 0.00000 0.00000 0.00000 0.00000 0.00000 0.00000 0.00000 0.00000
KX434825.1_Emppen              1.00000 0.00000 0.00000 0.00000 0.00000 0.00000 0.00000 0.00000 0.00000 0.00000 0.00000 0.00000 0.00000 0.00000 0.00000 0.00000 0.00000 0.00000 0.00000 0.00000
KX434826.1_Brubor              1.00000 0.00000 0.00000 0.00000 0.00000 0.00000 0.00000 0.00000 0.00000 0.00000 0.00000 0.00000 0.00000 0.00000 0.00000 0.00000 0.00000 0.00000 0.00000 0.00000
KX434828.1_Blemen              1.00000 0.00000 0.00000 0.00000 0.00000 0.00000 0.00000 0.00000 0.00000 0.00000 0.00000 0.00000 0.00000 0.00000 0.00000 0.00000 0.00000 0.00000 0.00000 0.00000
KX434829.1_Thecat              1.00000 0.00000 0.00000 0.00000 0.00000 0.00000 0.00000 0.00000 0.00000 0.00000 0.00000 0.00000 0.00000 0.00000 0.00000 0.00000 0.00000 0.00000 0.00000 0.00000
KX434830.1_Hiemul              1.00000 0.00000 0.00000 0.00000 0.00000 0.00000 0.00000 0.00000 0.00000 0.00000 0.00000 0.00000 0.00000 0.00000 0.00000 0.00000 0.00000 0.00000 0.00000 0.00000
KX434834.1_Derdes              1.00000 0.00000 0.00000 0.00000 0.00000 0.00000 0.00000 0.00000 0.00000 0.00000 0.00000 0.00000 0.00000 0.00000 0.00000 0.00000 0.00000 0.00000 0.00000 0.00000
KX434837.1_Toxhau              1.00000 0.00000 0.00000 0.00000 0.00000 0.00000 0.00000 0.00000 0.00000 0.00000 0.00000 0.00000 0.00000 0.00000 0.00000 0.00000 0.00000 0.00000 0.00000 0.00000
KX434838.1_Psechl              1.00000 0.00000 0.00000 0.00000 0.00000 0.00000 0.00000 0.00000 0.00000 0.00000 0.00000 0.00000 0.00000 0.00000 0.00000 0.00000 0.00000 0.00000 0.00000 0.00000
KX434839.1_Popspu              1.00000 0.00000 0.00000 0.00000 0.00000 0.00000 0.00000 0.00000 0.00000 0.00000 0.00000 0.00000 0.00000 0.00000 0.00000 0.00000 0.00000 0.00000 0.00000 0.00000
KX434840.1_Sphvir              1.00000 0.00000 0.00000 0.00000 0.00000 0.00000 0.00000 0.00000 0.00000 0.00000 0.00000 0.00000 0.00000 0.00000 0.00000 0.00000 0.00000 0.00000 0.00000 0.00000
KX434841.1_Psespe              1.00000 0.00000 0.00000 0.00000 0.00000 0.00000 0.00000 0.00000 0.00000 0.00000 0.00000 0.00000 0.00000 0.00000 0.00000 0.00000 0.00000 0.00000 0.00000 0.00000
KX434842.1_Ortmin              1.00000 0.00000 0.00000 0.00000 0.00000 0.00000 0.00000 0.00000 0.00000 0.00000 0.00000 0.00000 0.00000 0.00000 0.00000 0.00000 0.00000 0.00000 0.00000 0.00000
KX434843.1_Acomul              1.00000 0.00000 0.00000 0.00000 0.00000 0.00000 0.00000 0.00000 0.00000 0.00000 0.00000 0.00000 0.00000 0.00000 0.00000 0.00000 0.00000 0.00000 0.00000 0.00000
KX434844.1_Decspe              1.00000 0.00000 0.00000 0.00000 0.00000 0.00000 0.00000 0.00000 0.00000 0.00000 0.00000 0.00000 0.00000 0.00000 0.00000 0.00000 0.00000 0.00000 0.00000 0.00000
KX434845.1_Haavit              1.00000 0.00000 0.00000 0.00000 0.00000 0.00000 0.00000 0.00000 0.00000 0.00000 0.00000 0.00000 0.00000 0.00000 0.00000 0.00000 0.00000 0.00000 0.00000 0.00000
KX434846.1_Amochi              1.00000 0.00000 0.00000 0.00000 0.00000 0.00000 0.00000 0.00000 0.00000 0.00000 0.00000 0.00000 0.00000 0.00000 0.00000 0.00000 0.00000 0.00000 0.00000 0.00000
KX434847.1_Psepin2             1.00000 0.00000 0.00000 0.00000 0.00000 0.00000 0.00000 0.00000 0.00000 0.00000 0.00000 0.00000 0.00000 0.00000 0.00000 0.00000 0.00000 0.00000 0.00000 0.00000
KX434849.1_Themil              1.00000 0.00000 0.00000 0.00000 0.00000 0.00000 0.00000 0.00000 0.00000 0.00000 0.00000 0.00000 0.00000 0.00000 0.00000 0.00000 0.00000 0.00000 0.00000 0.00000
KX434850.1_Derlob              1.00000 0.00000 0.00000 0.00000 0.00000 0.00000 0.00000 0.00000 0.00000 0.00000 0.00000 0.00000 0.00000 0.00000 0.00000 0.00000 0.00000 0.00000 0.00000 0.00000
KX434851.1_Pnimed              1.00000 0.00000 0.00000 0.00000 0.00000 0.00000 0.00000 0.00000 0.00000 0.00000 0.00000 0.00000 0.00000 0.00000 0.00000 0.00000 0.00000 0.00000 0.00000 0.00000
KX434855.1_Propic              1.00000 0.00000 0.00000 0.00000 0.00000 0.00000 0.00000 0.00000 0.00000 0.00000 0.00000 0.00000 0.00000 0.00000 0.00000 0.00000 0.00000 0.00000 0.00000 0.00000
KX434856.1_Otospe              1.00000 0.00000 0.00000 0.00000 0.00000 0.00000 0.00000 0.00000 0.00000 0.00000 0.00000 0.00000 0.00000 0.00000 0.00000 0.00000 0.00000 0.00000 0.00000 0.00000
KX434857.1_Humnad2             1.00000 0.00000 0.00000 0.00000 0.00000 0.00000 0.00000 0.00000 0.00000 0.00000 0.00000 0.00000 0.00000 0.00000 0.00000 0.00000 0.00000 0.00000 0.00000 0.00000
KX434858.1_Neobol              1.00000 0.00000 0.00000 0.00000 0.00000 0.00000 0.00000 0.00000 0.00000 0.00000 0.00000 0.00000 0.00000 0.00000 0.00000 0.00000 0.00000 0.00000 0.00000 0.00000
KX434859.1_Heshof              1.00000 0.00000 0.00000 0.00000 0.00000 0.00000 0.00000 0.00000 0.00000 0.00000 0.00000 0.00000 0.00000 0.00000 0.00000 0.00000 0.00000 0.00000 0.00000 0.00000
KX434860.1_Singra              1.00000 0.00000 0.00000 0.00000 0.00000 0.00000 0.00000 0.00000 0.00000 0.00000 0.00000 0.00000 0.00000 0.00000 0.00000 0.00000 0.00000 0.00000 0.00000 0.00000
KX434861.1_Hymcor              1.00000 0.00000 0.00000 0.00000 0.00000 0.00000 0.00000 0.00000 0.00000 0.00000 0.00000 0.00000 0.00000 0.00000 0.00000 0.00000 0.00000 0.00000 0.00000 0.00000
KX434862.1_Tarala              1.00000 0.00000 0.00000 0.00000 0.00000 0.00000 0.00000 0.00000 0.00000 0.00000 0.00000 0.00000 0.00000 0.00000 0.00000 0.00000 0.00000 0.00000 0.00000 0.00000
KX434863.1_Polgri              1.00000 0.00000 0.00000 0.00000 0.00000 0.00000 0.00000 0.00000 0.00000 0.00000 0.00000 0.00000 0.00000 0.00000 0.00000 0.00000 0.00000 0.00000 0.00000 0.00000
KX434864.1_Idodia              1.00000 0.00000 0.00000 0.00000 0.00000 0.00000 0.00000 0.00000 0.00000 0.00000 0.00000 0.00000 0.00000 0.00000 0.00000 0.00000 0.00000 0.00000 0.00000 0.00000
KX434867.1_Creapi              1.00000 0.00000 0.00000 0.00000 0.00000 0.00000 0.00000 0.00000 0.00000 0.00000 0.00000 0.00000 0.00000 0.00000 0.00000 0.00000 0.00000 0.00000 0.00000 0.00000
KX434868.1_Prospe              1.00000 0.00000 0.00000 0.00000 0.00000 0.00000 0.00000 0.00000 0.00000 0.00000 0.00000 0.00000 0.00000 0.00000 0.00000 0.00000 0.00000 0.00000 0.00000 0.00000
KX434870.1_Pardav              1.00000 0.00000 0.00000 0.00000 0.00000 0.00000 0.00000 0.00000 0.00000 0.00000 0.00000 0.00000 0.00000 0.00000 0.00000 0.00000 0.00000 0.00000 0.00000 0.00000
KX434871.1_Metspe              1.00000 0.00000 0.00000 0.00000 0.00000 0.00000 0.00000 0.00000 0.00000 0.00000 0.00000 0.00000 0.00000 0.00000 0.00000 0.00000 0.00000 0.00000 0.00000 0.00000
KX619654.1_Rhospe              1.00000 0.00000 0.00000 0.00000 0.00000 0.00000 0.00000 0.00000 0.00000 0.00000 0.00000 0.00000 0.00000 0.00000 0.00000 0.00000 0.00000 0.00000 0.00000 0.00000
KY689113.1_Derdes2             1.00000 0.00000 0.00000 0.00000 0.00000 0.00000 0.00000 0.00000 0.00000 0.00000 0.00000 0.00000 0.00000 0.00000 0.00000 0.00000 0.00000 0.00000 0.00000 0.00000
KY689117.1_Parkuh              1.00000 0.00000 0.00000 0.00000 0.00000 0.00000 0.00000 0.00000 0.00000 0.00000 0.00000 0.00000 0.00000 0.00000 0.00000 0.00000 0.00000 0.00000 0.00000 0.00000
KY689118.1_Stepor              1.00000 0.00000 0.00000 0.00000 0.00000 0.00000 0.00000 0.00000 0.00000 0.00000 0.00000 0.00000 0.00000 0.00000 0.00000 0.00000 0.00000 0.00000 0.00000 0.00000
KY689119.1_Physpe              1.00000 0.00000 0.00000 0.00000 0.00000 0.00000 0.00000 0.00000 0.00000 0.00000 0.00000 0.00000 0.00000 0.00000 0.00000 0.00000 0.00000 0.00000 0.00000 0.00000
KY689125.1_Theele              1.00000 0.00000 0.00000 0.00000 0.00000 0.00000 0.00000 0.00000 0.00000 0.00000 0.00000 0.00000 0.00000 0.00000 0.00000 0.00000 0.00000 0.00000 0.00000 0.00000
KY689126.1_Calspe              1.00000 0.00000 0.00000 0.00000 0.00000 0.00000 0.00000 0.00000 0.00000 0.00000 0.00000 0.00000 0.00000 0.00000 0.00000 0.00000 0.00000 0.00000 0.00000 0.00000
KY689128.1_Ambund              1.00000 0.00000 0.00000 0.00000 0.00000 0.00000 0.00000 0.00000 0.00000 0.00000 0.00000 0.00000 0.00000 0.00000 0.00000 0.00000 0.00000 0.00000 0.00000 0.00000
KY689130.1_Haaspe              1.00000 0.00000 0.00000 0.00000 0.00000 0.00000 0.00000 0.00000 0.00000 0.00000 0.00000 0.00000 0.00000 0.00000 0.00000 0.00000 0.00000 0.00000 0.00000 0.00000
KY689136.1_Hiedul              1.00000 0.00000 0.00000 0.00000 0.00000 0.00000 0.00000 0.00000 0.00000 0.00000 0.00000 0.00000 0.00000 0.00000 0.00000 0.00000 0.00000 0.00000 0.00000 0.00000
MG888436.1_Ambpar              1.00000 0.00000 0.00000 0.00000 0.00000 0.00000 0.00000 0.00000 0.00000 0.00000 0.00000 0.00000 0.00000 0.00000 0.00000 0.00000 0.00000 0.00000 0.00000 0.00000
MG888437.1_Amospe              1.00000 0.00000 0.00000 0.00000 0.00000 0.00000 0.00000 0.00000 0.00000 0.00000 0.00000 0.00000 0.00000 0.00000 0.00000 0.00000 0.00000 0.00000 0.00000 0.00000
MG888449.1_Hymcor              1.00000 0.00000 0.00000 0.00000 0.00000 0.00000 0.00000 0.00000 0.00000 0.00000 0.00000 0.00000 0.00000 0.00000 0.00000 0.00000 0.00000 0.00000 0.00000 0.00000
MG888453.1_Leplac              1.00000 0.00000 0.00000 0.00000 0.00000 0.00000 0.00000 0.00000 0.00000 0.00000 0.00000 0.00000 0.00000 0.00000 0.00000 0.00000 0.00000 0.00000 0.00000 0.00000
MG888455.1_Metspl              1.00000 0.00000 0.00000 0.00000 0.00000 0.00000 0.00000 0.00000 0.00000 0.00000 0.00000 0.00000 0.00000 0.00000 0.00000 0.00000 0.00000 0.00000 0.00000 0.00000
MG888456.1_Parkuhasi           1.00000 0.00000 0.00000 0.00000 0.00000 0.00000 0.00000 0.00000 0.00000 0.00000 0.00000 0.00000 0.00000 0.00000 0.00000 0.00000 0.00000 0.00000 0.00000 0.00000
MG888457.1_Pargig              1.00000 0.00000 0.00000 0.00000 0.00000 0.00000 0.00000 0.00000 0.00000 0.00000 0.00000 0.00000 0.00000 0.00000 0.00000 0.00000 0.00000 0.00000 0.00000 0.00000
MG888464.1_Singua              1.00000 0.00000 0.00000 0.00000 0.00000 0.00000 0.00000 0.00000 0.00000 0.00000 0.00000 0.00000 0.00000 0.00000 0.00000 0.00000 0.00000 0.00000 0.00000 0.00000
MK400676.1_Erespe              1.00000 0.00000 0.00000 0.00000 0.00000 0.00000 0.00000 0.00000 0.00000 0.00000 0.00000 0.00000 0.00000 0.00000 0.00000 0.00000 0.00000 0.00000 0.00000 0.00000
MN267041.1_Mekqui              1.00000 0.00000 0.00000 0.00000 0.00000 0.00000 0.00000 0.00000 0.00000 0.00000 0.00000 0.00000 0.00000 0.00000 0.00000 0.00000 0.00000 0.00000 0.00000 0.00000
MT024239.1_Phybre2             1.00000 0.00000 0.00000 0.00000 0.00000 0.00000 0.00000 0.00000 0.00000 0.00000 0.00000 0.00000 0.00000 0.00000 0.00000 0.00000 0.00000 0.00000 0.00000 0.00000
MW222469.1_Crespe              1.00000 0.00000 0.00000 0.00000 0.00000 0.00000 0.00000 0.00000 0.00000 0.00000 0.00000 0.00000 0.00000 0.00000 0.00000 0.00000 0.00000 0.00000 0.00000 0.00000
MW357297.1_Asiyun              1.00000 0.00000 0.00000 0.00000 0.00000 0.00000 0.00000 0.00000 0.00000 0.00000 0.00000 0.00000 0.00000 0.00000 0.00000 0.00000 0.00000 0.00000 0.00000 0.00000
MW357298.1_Hiespe2             1.00000 0.00000 0.00000 0.00000 0.00000 0.00000 0.00000 0.00000 0.00000 0.00000 0.00000 0.00000 0.00000 0.00000 0.00000 0.00000 0.00000 0.00000 0.00000 0.00000
MW357300.1_Mesala              1.00000 0.00000 0.00000 0.00000 0.00000 0.00000 0.00000 0.00000 0.00000 0.00000 0.00000 0.00000 0.00000 0.00000 0.00000 0.00000 0.00000 0.00000 0.00000 0.00000
MW357301.1_Pseper              1.00000 0.00000 0.00000 0.00000 0.00000 0.00000 0.00000 0.00000 0.00000 0.00000 0.00000 0.00000 0.00000 0.00000 0.00000 0.00000 0.00000 0.00000 0.00000 0.00000
MW357302.1_Stabio              1.00000 0.00000 0.00000 0.00000 0.00000 0.00000 0.00000 0.00000 0.00000 0.00000 0.00000 0.00000 0.00000 0.00000 0.00000 0.00000 0.00000 0.00000 0.00000 0.00000
MW357303.1_Yermex              1.00000 0.00000 0.00000 0.00000 0.00000 0.00000 0.00000 0.00000 0.00000 0.00000 0.00000 0.00000 0.00000 0.00000 0.00000 0.00000 0.00000 0.00000 0.00000 0.00000
NC_007702.1_Tamtam             1.00000 0.00000 0.00000 0.00000 0.00000 0.00000 0.00000 0.00000 0.00000 0.00000 0.00000 0.00000 0.00000 0.00000 0.00000 0.00000 0.00000 0.00000 0.00000 0.00000
NC_009499.1_Retsan             1.00000 0.00000 0.00000 0.00000 0.00000 0.00000 0.00000 0.00000 0.00000 0.00000 0.00000 0.00000 0.00000 0.00000 0.00000 0.00000 0.00000 0.00000 0.00000 0.00000
NC_012901.1_Blager             1.00000 0.00000 0.00000 0.00000 0.00000 0.00000 0.00000 0.00000 0.00000 0.00000 0.00000 0.00000 0.00000 0.00000 0.00000 0.00000 0.00000 0.00000 0.00000 0.00000
NC_014274.1_Eupsin             1.00000 0.00000 0.00000 0.00000 0.00000 0.00000 0.00000 0.00000 0.00000 0.00000 0.00000 0.00000 0.00000 0.00000 0.00000 0.00000 0.00000 0.00000 0.00000 0.00000
NC_015800.1_Copfor             1.00000 0.00000 0.00000 0.00000 0.00000 0.00000 0.00000 0.00000 0.00000 0.00000 0.00000 0.00000 0.00000 0.00000 0.00000 0.00000 0.00000 0.00000 0.00000 0.00000
NC_018120.1_Masdar             1.00000 0.00000 0.00000 0.00000 0.00000 0.00000 0.00000 0.00000 0.00000 0.00000 0.00000 0.00000 0.00000 0.00000 0.00000 0.00000 0.00000 0.00000 0.00000 0.00000
NC_024028.1_Lepalb             1.00000 0.00000 0.00000 0.00000 0.00000 0.00000 0.00000 0.00000 0.00000 0.00000 0.00000 0.00000 0.00000 0.00000 0.00000 0.00000 0.00000 0.00000 0.00000 0.00000
NC_029326.1_Hiefor             1.00000 0.00000 0.00000 0.00000 0.00000 0.00000 0.00000 0.00000 0.00000 0.00000 0.00000 0.00000 0.00000 0.00000 0.00000 0.00000 0.00000 0.00000 0.00000 0.00000
NC_030264.1_Humnad             1.00000 0.00000 0.00000 0.00000 0.00000 0.00000 0.00000 0.00000 0.00000 0.00000 0.00000 0.00000 0.00000 0.00000 0.00000 0.00000 0.00000 0.00000 0.00000 0.00000
NC_030265.1_Manrel             1.00000 0.00000 0.00000 0.00000 0.00000 0.00000 0.00000 0.00000 0.00000 0.00000 0.00000 0.00000 0.00000 0.00000 0.00000 0.00000 0.00000 0.00000 0.00000 0.00000
NC_030266.1_Tensin             1.00000 0.00000 0.00000 0.00000 0.00000 0.00000 0.00000 0.00000 0.00000 0.00000 0.00000 0.00000 0.00000 0.00000 0.00000 0.00000 0.00000 0.00000 0.00000 0.00000
NC_030267.1_Cregem             1.00000 0.00000 0.00000 0.00000 0.00000 0.00000 0.00000 0.00000 0.00000 0.00000 0.00000 0.00000 0.00000 0.00000 0.00000 0.00000 0.00000 0.00000 0.00000 0.00000
NC_030268.1_Anazhe             1.00000 0.00000 0.00000 0.00000 0.00000 0.00000 0.00000 0.00000 0.00000 0.00000 0.00000 0.00000 0.00000 0.00000 0.00000 0.00000 0.00000 0.00000 0.00000 0.00000
NC_034282.1_Rhobra             1.00000 0.00000 0.00000 0.00000 0.00000 0.00000 0.00000 0.00000 0.00000 0.00000 0.00000 0.00000 0.00000 0.00000 0.00000 0.00000 0.00000 0.00000 0.00000 0.00000
NC_034283.1_Hiepat             1.00000 0.00000 0.00000 0.00000 0.00000 0.00000 0.00000 0.00000 0.00000 0.00000 0.00000 0.00000 0.00000 0.00000 0.00000 0.00000 0.00000 0.00000 0.00000 0.00000
NC_034284.1_Rhoval             1.00000 0.00000 0.00000 0.00000 0.00000 0.00000 0.00000 0.00000 0.00000 0.00000 0.00000 0.00000 0.00000 0.00000 0.00000 0.00000 0.00000 0.00000 0.00000 0.00000
NC_037203.1_Amanaw             1.00000 0.00000 0.00000 0.00000 0.00000 0.00000 0.00000 0.00000 0.00000 0.00000 0.00000 0.00000 0.00000 0.00000 0.00000 0.00000 0.00000 0.00000 0.00000 0.00000
NC_037204.1_Sphlin             1.00000 0.00000 0.00000 0.00000 0.00000 0.00000 0.00000 0.00000 0.00000 0.00000 0.00000 0.00000 0.00000 0.00000 0.00000 0.00000 0.00000 0.00000 0.00000 0.00000
NC_037205.1_Troten             1.00000 0.00000 0.00000 0.00000 0.00000 0.00000 0.00000 0.00000 0.00000 0.00000 0.00000 0.00000 0.00000 0.00000 0.00000 0.00000 0.00000 0.00000 0.00000 0.00000
NC_037206.1_Scesim             1.00000 0.00000 0.00000 0.00000 0.00000 0.00000 0.00000 0.00000 0.00000 0.00000 0.00000 0.00000 0.00000 0.00000 0.00000 0.00000 0.00000 0.00000 0.00000 0.00000
NC_037207.1_Schbic             1.00000 0.00000 0.00000 0.00000 0.00000 0.00000 0.00000 0.00000 0.00000 0.00000 0.00000 0.00000 0.00000 0.00000 0.00000 0.00000 0.00000 0.00000 0.00000 0.00000
NC_037208.1_Eomyun             1.00000 0.00000 0.00000 0.00000 0.00000 0.00000 0.00000 0.00000 0.00000 0.00000 0.00000 0.00000 0.00000 0.00000 0.00000 0.00000 0.00000 0.00000 0.00000 0.00000
NC_037234.1_Crejia             1.00000 0.00000 0.00000 0.00000 0.00000 0.00000 0.00000 0.00000 0.00000 0.00000 0.00000 0.00000 0.00000 0.00000 0.00000 0.00000 0.00000 0.00000 0.00000 0.00000
NC_037235.1_Sibpre             1.00000 0.00000 0.00000 0.00000 0.00000 0.00000 0.00000 0.00000 0.00000 0.00000 0.00000 0.00000 0.00000 0.00000 0.00000 0.00000 0.00000 0.00000 0.00000 0.00000
NC_037496.1_Crymer             1.00000 0.00000 0.00000 0.00000 0.00000 0.00000 0.00000 0.00000 0.00000 0.00000 0.00000 0.00000 0.00000 0.00000 0.00000 0.00000 0.00000 0.00000 0.00000 0.00000
NC_037697.1_Parpol             1.00000 0.00000 0.00000 0.00000 0.00000 0.00000 0.00000 0.00000 0.00000 0.00000 0.00000 0.00000 0.00000 0.00000 0.00000 0.00000 0.00000 0.00000 0.00000 0.00000
NC_039940.1_Perbru             1.00000 0.00000 0.00000 0.00000 0.00000 0.00000 0.00000 0.00000 0.00000 0.00000 0.00000 0.00000 0.00000 0.00000 0.00000 0.00000 0.00000 0.00000 0.00000 0.00000
NC_045876.1_Psybor             1.00000 0.00000 0.00000 0.00000 0.00000 0.00000 0.00000 0.00000 0.00000 0.00000 0.00000 0.00000 0.00000 0.00000 0.00000 0.00000 0.00000 0.00000 0.00000 0.00000
NC_048984.1_Hiemem             1.00000 0.00000 0.00000 0.00000 0.00000 0.00000 0.00000 0.00000 0.00000 0.00000 0.00000 0.00000 0.00000 0.00000 0.00000 0.00000 0.00000 0.00000 0.00000 0.00000
NC_051489.1_Rholon             1.00000 0.00000 0.00000 0.00000 0.00000 0.00000 0.00000 0.00000 0.00000 0.00000 0.00000 0.00000 0.00000 0.00000 0.00000 0.00000 0.00000 0.00000 0.00000 0.00000
NC_051490.1_Plibim             1.00000 0.00000 0.00000 0.00000 0.00000 0.00000 0.00000 0.00000 0.00000 0.00000 0.00000 0.00000 0.00000 0.00000 0.00000 0.00000 0.00000 0.00000 0.00000 0.00000
NC_051892.1_Arrpal             1.00000 0.00000 0.00000 0.00000 0.00000 0.00000 0.00000 0.00000 0.00000 0.00000 0.00000 0.00000 0.00000 0.00000 0.00000 0.00000 0.00000 0.00000 0.00000 0.00000
NC_057070.1_Amohai             1.00000 0.00000 0.00000 0.00000 0.00000 0.00000 0.00000 0.00000 0.00000 0.00000 0.00000 0.00000 0.00000 0.00000 0.00000 0.00000 0.00000 0.00000 0.00000 0.00000
NC_063851.1_Sinden             1.00000 0.00000 0.00000 0.00000 0.00000 0.00000 0.00000 0.00000 0.00000 0.00000 0.00000 0.00000 0.00000 0.00000 0.00000 0.00000 0.00000 0.00000 0.00000 0.00000
NC_065745.1_Hiechi             1.00000 0.00000 0.00000 0.00000 0.00000 0.00000 0.00000 0.00000 0.00000 0.00000 0.00000 0.00000 0.00000 0.00000 0.00000 0.00000 0.00000 0.00000 0.00000 0.00000
NC_065746.1_Hiezha             1.00000 0.00000 0.00000 0.00000 0.00000 0.00000 0.00000 0.00000 0.00000 0.00000 0.00000 0.00000 0.00000 0.00000 0.00000 0.00000 0.00000 0.00000 0.00000 0.00000
NC_065758.1_Hiemac             1.00000 0.00000 0.00000 0.00000 0.00000 0.00000 0.00000 0.00000 0.00000 0.00000 0.00000 0.00000 0.00000 0.00000 0.00000 0.00000 0.00000 0.00000 0.00000 0.00000
NC_065759.1_Tenang             1.00000 0.00000 0.00000 0.00000 0.00000 0.00000 0.00000 0.00000 0.00000 0.00000 0.00000 0.00000 0.00000 0.00000 0.00000 0.00000 0.00000 0.00000 0.00000 0.00000
NC_065760.1_Stamac             1.00000 0.00000 0.00000 0.00000 0.00000 0.00000 0.00000 0.00000 0.00000 0.00000 0.00000 0.00000 0.00000 0.00000 0.00000 0.00000 0.00000 0.00000 0.00000 0.00000
NC_065761.1_Stafla             1.00000 0.00000 0.00000 0.00000 0.00000 0.00000 0.00000 0.00000 0.00000 0.00000 0.00000 0.00000 0.00000 0.00000 0.00000 0.00000 0.00000 0.00000 0.00000 0.00000
NC_066978.1_Paragr             1.00000 0.00000 0.00000 0.00000 0.00000 0.00000 0.00000 0.00000 0.00000 0.00000 0.00000 0.00000 0.00000 0.00000 0.00000 0.00000 0.00000 0.00000 0.00000 0.00000
NC_069808.1_Cilhum             1.00000 0.00000 0.00000 0.00000 0.00000 0.00000 0.00000 0.00000 0.00000 0.00000 0.00000 0.00000 0.00000 0.00000 0.00000 0.00000 0.00000 0.00000 0.00000 0.00000
NC_069809.1_Citfal             1.00000 0.00000 0.00000 0.00000 0.00000 0.00000 0.00000 0.00000 0.00000 0.00000 0.00000 0.00000 0.00000 0.00000 0.00000 0.00000 0.00000 0.00000 0.00000 0.00000
NC_069810.1_Dertru             1.00000 0.00000 0.00000 0.00000 0.00000 0.00000 0.00000 0.00000 0.00000 0.00000 0.00000 0.00000 0.00000 0.00000 0.00000 0.00000 0.00000 0.00000 0.00000 0.00000
NC_069811.1_Pacbic             1.00000 0.00000 0.00000 0.00000 0.00000 0.00000 0.00000 0.00000 0.00000 0.00000 0.00000 0.00000 0.00000 0.00000 0.00000 0.00000 0.00000 0.00000 0.00000 0.00000
NC_077476.1_Caldia             1.00000 0.00000 0.00000 0.00000 0.00000 0.00000 0.00000 0.00000 0.00000 0.00000 0.00000 0.00000 0.00000 0.00000 0.00000 0.00000 0.00000 0.00000 0.00000 0.00000
NC_077477.1_Rapfus             1.00000 0.00000 0.00000 0.00000 0.00000 0.00000 0.00000 0.00000 0.00000 0.00000 0.00000 0.00000 0.00000 0.00000 0.00000 0.00000 0.00000 0.00000 0.00000 0.00000
NC_077478.1_Galamo             1.00000 0.00000 0.00000 0.00000 0.00000 0.00000 0.00000 0.00000 0.00000 0.00000 0.00000 0.00000 0.00000 0.00000 0.00000 0.00000 0.00000 0.00000 0.00000 0.00000
NC_077479.1_Chestr             1.00000 0.00000 0.00000 0.00000 0.00000 0.00000 0.00000 0.00000 0.00000 0.00000 0.00000 0.00000 0.00000 0.00000 0.00000 0.00000 0.00000 0.00000 0.00000 0.00000
NC_082459.1_Dippun             1.00000 0.00000 0.00000 0.00000 0.00000 0.00000 0.00000 0.00000 0.00000 0.00000 0.00000 0.00000 0.00000 0.00000 0.00000 0.00000 0.00000 0.00000 0.00000 0.00000
NC_085562.1_Acrjap             1.00000 0.00000 0.00000 0.00000 0.00000 0.00000 0.00000 0.00000 0.00000 0.00000 0.00000 0.00000 0.00000 0.00000 0.00000 0.00000 0.00000 0.00000 0.00000 0.00000
NC_086621.1_Otoscu             1.00000 0.00000 0.00000 0.00000 0.00000 0.00000 0.00000 0.00000 0.00000 0.00000 0.00000 0.00000 0.00000 0.00000 0.00000 0.00000 0.00000 0.00000 0.00000 0.00000
NC_086622.1_Phybre             1.00000 0.00000 0.00000 0.00000 0.00000 0.00000 0.00000 0.00000 0.00000 0.00000 0.00000 0.00000 0.00000 0.00000 0.00000 0.00000 0.00000 0.00000 0.00000 0.00000
NC_086795.1_Phypar             1.00000 0.00000 0.00000 0.00000 0.00000 0.00000 0.00000 0.00000 0.00000 0.00000 0.00000 0.00000 0.00000 0.00000 0.00000 0.00000 0.00000 0.00000 0.00000 0.00000
NC_086817.1_Acrhes             1.00000 0.00000 0.00000 0.00000 0.00000 0.00000 0.00000 0.00000 0.00000 0.00000 0.00000 0.00000 0.00000 0.00000 0.00000 0.00000 0.00000 0.00000 0.00000 0.00000
NC_086818.1_Amawuz             1.00000 0.00000 0.00000 0.00000 0.00000 0.00000 0.00000 0.00000 0.00000 0.00000 0.00000 0.00000 0.00000 0.00000 0.00000 0.00000 0.00000 0.00000 0.00000 0.00000
NC_086819.1_Hielat             1.00000 0.00000 0.00000 0.00000 0.00000 0.00000 0.00000 0.00000 0.00000 0.00000 0.00000 0.00000 0.00000 0.00000 0.00000 0.00000 0.00000 0.00000 0.00000 0.00000
NC_086820.1_Staagr             1.00000 0.00000 0.00000 0.00000 0.00000 0.00000 0.00000 0.00000 0.00000 0.00000 0.00000 0.00000 0.00000 0.00000 0.00000 0.00000 0.00000 0.00000 0.00000 0.00000
NC_086821.1_Psepin             1.00000 0.00000 0.00000 0.00000 0.00000 0.00000 0.00000 0.00000 0.00000 0.00000 0.00000 0.00000 0.00000 0.00000 0.00000 0.00000 0.00000 0.00000 0.00000 0.00000
NC_086822.1_Anasin             1.00000 0.00000 0.00000 0.00000 0.00000 0.00000 0.00000 0.00000 0.00000 0.00000 0.00000 0.00000 0.00000 0.00000 0.00000 0.00000 0.00000 0.00000 0.00000 0.00000
NC_086823.1_Thesin             1.00000 0.00000 0.00000 0.00000 0.00000 0.00000 0.00000 0.00000 0.00000 0.00000 0.00000 0.00000 0.00000 0.00000 0.00000 0.00000 0.00000 0.00000 0.00000 0.00000
NC_086824.1_Physin             1.00000 0.00000 0.00000 0.00000 0.00000 0.00000 0.00000 0.00000 0.00000 0.00000 0.00000 0.00000 0.00000 0.00000 0.00000 0.00000 0.00000 0.00000 0.00000 0.00000
NC_086825.1_Phywer             1.00000 0.00000 0.00000 0.00000 0.00000 0.00000 0.00000 0.00000 0.00000 0.00000 0.00000 0.00000 0.00000 0.00000 0.00000 0.00000 0.00000 0.00000 0.00000 0.00000
NC_086826.1_Anatia             1.00000 0.00000 0.00000 0.00000 0.00000 0.00000 0.00000 0.00000 0.00000 0.00000 0.00000 0.00000 0.00000 0.00000 0.00000 0.00000 0.00000 0.00000 0.00000 0.00000
NC_086827.1_Theoph             1.00000 0.00000 0.00000 0.00000 0.00000 0.00000 0.00000 0.00000 0.00000 0.00000 0.00000 0.00000 0.00000 0.00000 0.00000 0.00000 0.00000 0.00000 0.00000 0.00000
NC_086828.1_Arrbre             1.00000 0.00000 0.00000 0.00000 0.00000 0.00000 0.00000 0.00000 0.00000 0.00000 0.00000 0.00000 0.00000 0.00000 0.00000 0.00000 0.00000 0.00000 0.00000 0.00000
NC_086829.1_Arrpur             1.00000 0.00000 0.00000 0.00000 0.00000 0.00000 0.00000 0.00000 0.00000 0.00000 0.00000 0.00000 0.00000 0.00000 0.00000 0.00000 0.00000 0.00000 0.00000 0.00000
NC_086830.1_Astmaj             1.00000 0.00000 0.00000 0.00000 0.00000 0.00000 0.00000 0.00000 0.00000 0.00000 0.00000 0.00000 0.00000 0.00000 0.00000 0.00000 0.00000 0.00000 0.00000 0.00000
NC_086831.1_Gonbru             1.00000 0.00000 0.00000 0.00000 0.00000 0.00000 0.00000 0.00000 0.00000 0.00000 0.00000 0.00000 0.00000 0.00000 0.00000 0.00000 0.00000 0.00000 0.00000 0.00000
NC_086832.1_Themac             1.00000 0.00000 0.00000 0.00000 0.00000 0.00000 0.00000 0.00000 0.00000 0.00000 0.00000 0.00000 0.00000 0.00000 0.00000 0.00000 0.00000 0.00000 0.00000 0.00000
OK480879.1_Lepton              1.00000 0.00000 0.00000 0.00000 0.00000 0.00000 0.00000 0.00000 0.00000 0.00000 0.00000 0.00000 0.00000 0.00000 0.00000 0.00000 0.00000 0.00000 0.00000 0.00000
OK542392.1_Hielon              1.00000 0.00000 0.00000 0.00000 0.00000 0.00000 0.00000 0.00000 0.00000 0.00000 0.00000 0.00000 0.00000 0.00000 0.00000 0.00000 0.00000 0.00000 0.00000 0.00000
OK542393.1_Tenaribre           1.00000 0.00000 0.00000 0.00000 0.00000 0.00000 0.00000 0.00000 0.00000 0.00000 0.00000 0.00000 0.00000 0.00000 0.00000 0.00000 0.00000 0.00000 0.00000 0.00000
OL414957.1_Staspe2             1.00000 0.00000 0.00000 0.00000 0.00000 0.00000 0.00000 0.00000 0.00000 0.00000 0.00000 0.00000 0.00000 0.00000 0.00000 0.00000 0.00000 0.00000 0.00000 0.00000
OL414959.1_Hiespe              1.00000 0.00000 0.00000 0.00000 0.00000 0.00000 0.00000 0.00000 0.00000 0.00000 0.00000 0.00000 0.00000 0.00000 0.00000 0.00000 0.00000 0.00000 0.00000 0.00000
OM177664.1_Gonspe              1.00000 0.00000 0.00000 0.00000 0.00000 0.00000 0.00000 0.00000 0.00000 0.00000 0.00000 0.00000 0.00000 0.00000 0.00000 0.00000 0.00000 0.00000 0.00000 0.00000
OM202552.1_Tenspe              1.00000 0.00000 0.00000 0.00000 0.00000 0.00000 0.00000 0.00000 0.00000 0.00000 0.00000 0.00000 0.00000 0.00000 0.00000 0.00000 0.00000 0.00000 0.00000 0.00000
OM202554.1_Anaspe              1.00000 0.00000 0.00000 0.00000 0.00000 0.00000 0.00000 0.00000 0.00000 0.00000 0.00000 0.00000 0.00000 0.00000 0.00000 0.00000 0.00000 0.00000 0.00000 0.00000
OM202555.1_Anagra              1.00000 0.00000 0.00000 0.00000 0.00000 0.00000 0.00000 0.00000 0.00000 0.00000 0.00000 0.00000 0.00000 0.00000 0.00000 0.00000 0.00000 0.00000 0.00000 0.00000
OM202561.1_Sinspe              1.00000 0.00000 0.00000 0.00000 0.00000 0.00000 0.00000 0.00000 0.00000 0.00000 0.00000 0.00000 0.00000 0.00000 0.00000 0.00000 0.00000 0.00000 0.00000 0.00000
OM202562.1_Mirspe              1.00000 0.00000 0.00000 0.00000 0.00000 0.00000 0.00000 0.00000 0.00000 0.00000 0.00000 0.00000 0.00000 0.00000 0.00000 0.00000 0.00000 0.00000 0.00000 0.00000
OM202563.1_Arrpal2             1.00000 0.00000 0.00000 0.00000 0.00000 0.00000 0.00000 0.00000 0.00000 0.00000 0.00000 0.00000 0.00000 0.00000 0.00000 0.00000 0.00000 0.00000 0.00000 0.00000
OM202564.1_Thespe              1.00000 0.00000 0.00000 0.00000 0.00000 0.00000 0.00000 0.00000 0.00000 0.00000 0.00000 0.00000 0.00000 0.00000 0.00000 0.00000 0.00000 0.00000 0.00000 0.00000
OM202571.1_Lepspe              1.00000 0.00000 0.00000 0.00000 0.00000 0.00000 0.00000 0.00000 0.00000 0.00000 0.00000 0.00000 0.00000 0.00000 0.00000 0.00000 0.00000 0.00000 0.00000 0.00000
OM910846.1_Carspe              1.00000 0.00000 0.00000 0.00000 0.00000 0.00000 0.00000 0.00000 0.00000 0.00000 0.00000 0.00000 0.00000 0.00000 0.00000 0.00000 0.00000 0.00000 0.00000 0.00000
OZ336339.1_Bolbra              1.00000 0.00000 0.00000 0.00000 0.00000 0.00000 0.00000 0.00000 0.00000 0.00000 0.00000 0.00000 0.00000 0.00000 0.00000 0.00000 0.00000 0.00000 0.00000 0.00000
PP072306.1_Majmou              1.00000 0.00000 0.00000 0.00000 0.00000 0.00000 0.00000 0.00000 0.00000 0.00000 0.00000 0.00000 0.00000 0.00000 0.00000 0.00000 0.00000 0.00000 0.00000 0.00000
PP072307.1_Odospe              1.00000 0.00000 0.00000 0.00000 0.00000 0.00000 0.00000 0.00000 0.00000 0.00000 0.00000 0.00000 0.00000 0.00000 0.00000 0.00000 0.00000 0.00000 0.00000 0.00000
PP438763.1_Astbas              1.00000 0.00000 0.00000 0.00000 0.00000 0.00000 0.00000 0.00000 0.00000 0.00000 0.00000 0.00000 0.00000 0.00000 0.00000 0.00000 0.00000 0.00000 0.00000 0.00000
PP438765.1_Cermac              1.00000 0.00000 0.00000 0.00000 0.00000 0.00000 0.00000 0.00000 0.00000 0.00000 0.00000 0.00000 0.00000 0.00000 0.00000 0.00000 0.00000 0.00000 0.00000 0.00000
PP438766.1_Ceryun              1.00000 0.00000 0.00000 0.00000 0.00000 0.00000 0.00000 0.00000 0.00000 0.00000 0.00000 0.00000 0.00000 0.00000 0.00000 0.00000 0.00000 0.00000 0.00000 0.00000
PP438767.1_Chlles              1.00000 0.00000 0.00000 0.00000 0.00000 0.00000 0.00000 0.00000 0.00000 0.00000 0.00000 0.00000 0.00000 0.00000 0.00000 0.00000 0.00000 0.00000 0.00000 0.00000
PP438770.1_Panfra              1.00000 0.00000 0.00000 0.00000 0.00000 0.00000 0.00000 0.00000 0.00000 0.00000 0.00000 0.00000 0.00000 0.00000 0.00000 0.00000 0.00000 0.00000 0.00000 0.00000
PV564197.1_Pselob              1.00000 0.00000 0.00000 0.00000 0.00000 0.00000 0.00000 0.00000 0.00000 0.00000 0.00000 0.00000 0.00000 0.00000 0.00000 0.00000 0.00000 0.00000 0.00000 0.00000
RBE05_Rivbae                   1.00000 0.00000 0.00000 0.00000 0.00000 0.00000 0.00000 0.00000 0.00000 0.00000 0.00000 0.00000 0.00000 0.00000 0.00000 0.00000 0.00000 0.00000 0.00000 0.00000

Homogeneity statistic: X2 = 0.00000 G = -0.00000 

Average                        1.00000 0.00000 0.00000 0.00000 0.00000 0.00000 0.00000 0.00000 0.00000 0.00000 0.00000 0.00000 0.00000 0.00000 0.00000 0.00000 0.00000 0.00000 0.00000 0.00000

# constant sites:      1 (100.00%)
Time used: 32:27:03

mean of parameters using all iterations
 330.34655 184.37646 166.35319 158.55383 147.33373 139.26415 128.10687 123.44635 115.82982  99.09846  90.24512  83.71556  75.86851  60.51091  53.77304  40.36157  17.42202  16.01499  21.11184   9.89092   1.98255   4.11268  67.69531  39.05791  19.65793  13.94282  73.35254  55.60413  76.33799  80.19841 110.43545 105.00119  97.63627  94.01035  54.91374  51.80591  38.58643  18.71806   8.21480   1.11641   2.99724  47.15253  37.69621  32.80244  29.70581  26.50772  20.01141  16.67366   8.17787  14.79028  13.40722   8.61874   4.94139   1.58158  10.83755  15.01247  11.23438  20.58604  17.61586  11.07010   7.94534   6.16590  20.13314   0.06735  43.71082  35.72164  25.49846  20.19978  15.91340   1.38585  21.95387  15.00306   2.71625   2.12927  31.43689  17.84957  33.16573  21.60441  46.40361  89.80363  85.36959  80.14558  76.46869  73.17374  68.77381  58.25516   0.82673  60.18801   0.19725  68.39706  13.23195   9.01227   0.18111  61.06295  45.27768  29.75037   6.45197  19.92786  17.58489   0.56261  62.59171  56.62133   4.83736  18.32563   3.12484  55.49249  81.48711  75.88720  67.03779  62.14721  23.24843  18.77058   6.44050   0.50873  50.46219  38.74774  29.50831  15.51181   8.96521  13.31581   6.34862  58.04173  49.36903  64.95971  29.07805  10.60536   6.96724   3.52798  73.06272  57.05569  44.91595  52.13362  83.70868  93.69529  82.48176   2.25097  63.41430   8.97807  99.45296  70.65767  59.60153  59.29701 114.90724  80.97906  64.37611   2.14721  12.15164   8.12292  86.38426  55.15949   0.64994  63.57257  33.53969  24.77118 122.64820  84.55615  68.98037  55.59297  32.15499  13.35786 102.80967  82.34221  63.15257   0.96801  73.65061  62.24214  89.68729  17.19878  13.53020  54.86487  42.37503  10.25817  65.76320 128.79491 101.09100  65.01064  52.76867  49.93795 136.40725  64.66293  56.57332 172.08971 144.99593 121.54437  94.71483  34.99843 125.12776  82.66140   0.00267   0.14476

Species tree for FigTree.  Branch lengths = posterior mean times; 95% CIs = labels
((((((((((((((((1_16CI1f_Psebet, (2_23spal_Amespa2, 3_AA005_Amespa) 206 ) 205 , (4_59T3_Amedum, 5_ADEC02_Amedec) 207 ) 204 , (((6_41K26_Amepic, 7_43assoi_Ameass) 210 , (8_AA001_Ameand, 9_AA003_Ameser) 211 ) 209 , 10_AAP07_Aptapt) 208 ) 203 , (((11_KX434837.1_Toxhau, 12_KY689118.1_Stepor) 214 , (13_MG888457.1_Pargig, 14_NC_037697.1_Parpol) 215 ) 213 , 15_NC_077479.1_Chestr) 212 ) 202 , ((16_KX434820.1_Iripol, 17_KX434823.1_Hetspe) 217 , 18_MW357303.1_Yermex) 216 ) 201 , (19_KX434841.1_Psespe, 20_NC_037207.1_Schbic) 218 ) 200 , (21_OZ336339.1_Bolbra, 22_RBE05_Rivbae) 219 ) 199 , ((((((((((23_KU201316.1_Staspe, 24_NC_065761.1_Stafla) 229 , 25_OL414957.1_Staspe2) 228 , (26_NC_065760.1_Stamac, 27_NC_086820.1_Staagr) 230 ) 227 , 28_NC_030265.1_Manrel) 226 , ((((((((29_KX091864.1_Rholat, 30_NC_034284.1_Rhoval) 238 , ((((31_NC_029326.1_Hiefor, 32_NC_065745.1_Hiechi) 242 , (33_NC_051489.1_Rholon, 34_OK542392.1_Hielon) 243 ) 241 , (35_NC_065746.1_Hiezha, 36_OL414959.1_Hiespe) 244 ) 240 , 37_NC_086819.1_Hielat) 239 ) 237 , (38_KX434819.1_Hiemaj, (39_MW357298.1_Hiespe2, 40_NC_007702.1_Tamtam) 246 ) 245 ) 236 , (((((41_KX434830.1_Hiemul, 42_NC_034283.1_Hiepat) 251 , 43_NC_065758.1_Hiemac) 250 , 44_KX434851.1_Pnimed) 249 , 45_NC_034282.1_Rhobra) 248 , 46_KX619654.1_Rhospe) 247 ) 235 , ((47_KX434813.1_Mesala2, 48_MW357300.1_Mesala) 253 , 49_NC_048984.1_Hiemem) 252 ) 234 , 50_MN267041.1_Mekqui) 233 , 51_KX434812.1_Cammou) 232 , (((((52_KX434821.1_Plispe, (53_KX434855.1_Propic, 54_KX434868.1_Prospe) 259 ) 258 , 55_KX434863.1_Polgri) 257 , (56_KY689136.1_Hiedul, ((57_NC_030266.1_Tensin, (58_OK542393.1_Tenaribre, 59_OM202552.1_Tenspe) 263 ) 262 , 60_NC_065759.1_Tenang) 261 ) 260 ) 256 , ((61_KX434840.1_Sphvir, 62_NC_037204.1_Sphlin) 265 , 63_KX434862.1_Tarala) 264 ) 255 , ((64_KX434838.1_Psechl, 65_MW357301.1_Pseper) 267 , 66_MW357302.1_Stabio) 266 ) 254 ) 231 ) 225 , (67_KX434842.1_Ortmin, 68_MW357297.1_Asiyun) 268 ) 224 , ((((((((69_KX091850.1_Cersau, 70_PP438766.1_Ceryun) 276 , 71_NC_069811.1_Pacbic) 275 , ((72_KY689117.1_Parkuh, 73_MG888456.1_Parkuhasi) 278 , 74_NC_086795.1_Phypar) 277 ) 274 , ((75_KX091855.1_Hesspe, (76_KX434859.1_Heshof, (77_NC_086830.1_Astmaj, 78_PP438763.1_Astbas) 282 ) 281 ) 280 , ((((79_KX091863.1_Physha, 80_NC_086824.1_Physin) 286 , 81_NC_086825.1_Phywer) 285 , (82_MT024239.1_Phybre2, 83_NC_086622.1_Phybre) 287 ) 284 , (84_KY689119.1_Physpe, 85_PP438765.1_Cermac) 288 ) 283 ) 279 ) 273 , (86_KX434856.1_Otospe, 87_NC_086621.1_Otoscu) 289 ) 272 , (((88_KY689128.1_Ambund, 89_MG888436.1_Ambpar) 292 , (90_NC_069809.1_Citfal, (91_NC_085562.1_Acrjap, 92_NC_086817.1_Acrhes) 294 ) 293 ) 291 , (93_NC_045876.1_Psybor, 94_PP072306.1_Majmou) 295 ) 290 ) 271 , ((((((95_KX091851.1_Creelo, (96_NC_030267.1_Cregem, 97_NC_037234.1_Crejia) 302 ) 301 , (98_KX434867.1_Creapi, 99_MW222469.1_Crespe) 303 ) 300 , ((100_KX434818.1_Therub, (((101_KX434829.1_Thecat, 102_NC_086823.1_Thesin) 308 , 103_OM202564.1_Thespe) 307 , 104_KY689125.1_Theele) 306 ) 305 , ((105_KX434861.1_Hymcor, 106_MG888449.1_Hymcor) 310 , 107_KX434870.1_Pardav) 309 ) 304 ) 299 , (108_KX434811.1_Psewah, (109_PP438767.1_Chlles, 110_PP438770.1_Panfra) 312 ) 311 ) 298 , ((111_NC_030268.1_Anazhe, 112_PP072307.1_Odospe) 314 , (113_NC_086822.1_Anasin, (114_NC_086826.1_Anatia, (115_OM202554.1_Anaspe, 116_OM202555.1_Anagra) 317 ) 316 ) 315 ) 313 ) 297 , 117_NC_037235.1_Sibpre) 296 ) 270 , (((118_KX434815.1_Gongon, 119_KX434825.1_Emppen) 320 , 120_KX434824.1_Idolat) 319 , (121_KX434828.1_Blemen, 122_KX434864.1_Idodia) 321 ) 318 ) 269 ) 223 , (123_KX434839.1_Popspu, 124_NC_077478.1_Galamo) 322 ) 222 , (((125_KX434834.1_Derdes, 126_KY689113.1_Derdes2) 325 , (127_KX434850.1_Derlob, 128_NC_069810.1_Dertru) 326 ) 324 , (129_KX434847.1_Psepin2, 130_NC_086821.1_Psepin) 327 ) 323 ) 221 , (((131_KX434808.1_Miocaf, 132_KX434817.1_Tausig) 330 , (133_NC_066978.1_Paragr, 134_NC_069808.1_Cilhum) 331 ) 329 , 135_KX434858.1_Neobol) 328 ) 220 ) 198 , (((136_KU201314.1_Thespe, (137_KX434857.1_Humnad2, 138_NC_030264.1_Humnad) 335 ) 334 , ((139_KX434849.1_Themil, 140_NC_086832.1_Themac) 337 , 141_NC_086827.1_Theoph) 336 ) 333 , (((142_KX434860.1_Singra, 143_MG888464.1_Singua) 340 , 144_OM202561.1_Sinspe) 339 , (((145_NC_051892.1_Arrpal, 146_NC_086829.1_Arrpur) 343 , 147_NC_086828.1_Arrbre) 342 , 148_OM202563.1_Arrpal2) 341 ) 338 ) 332 ) 197 , ((149_KX091854.1_Spiocc2, ((150_KX434816.1_Spiocc, (151_NC_086831.1_Gonbru, 152_OM177664.1_Gonspe) 348 ) 347 , (153_NC_037203.1_Amanaw, 154_NC_086818.1_Amawuz) 349 ) 346 ) 345 , ((((155_KX434810.1_Miryun, 156_NC_051490.1_Plibim) 353 , 157_NC_037206.1_Scesim) 352 , (158_NC_037205.1_Troten, (159_NC_037208.1_Eomyun, 160_NC_063851.1_Sinden) 355 ) 354 ) 351 , ((161_KX434846.1_Amochi, (162_MG888437.1_Amospe, 163_NC_057070.1_Amohai) 358 ) 357 , (164_MG888453.1_Leplac, ((165_NC_024028.1_Lepalb, 166_OK480879.1_Lepton) 361 , 167_OM202571.1_Lepspe) 360 ) 359 ) 356 ) 350 ) 344 ) 196 , (168_KY689126.1_Calspe, 169_OM202562.1_Mirspe) 362 ) 195 , (170_KX434826.1_Brubor, ((171_KX434843.1_Acomul, (172_NC_077476.1_Caldia, 173_NC_077477.1_Rapfus) 366 ) 365 , (174_KX434844.1_Decspe, 175_PV564197.1_Pselob) 367 ) 364 ) 363 ) 194 , ((176_KX434845.1_Haavit, 177_KY689130.1_Haaspe) 369 , 178_OM910846.1_Carspe) 368 ) 193 , 179_MK400676.1_Erespe) 192 , (180_KX434871.1_Metspe, 181_MG888455.1_Metspl) 370 ) 191 , (((((182_NC_009499.1_Retsan, 183_NC_015800.1_Copfor) 375 , 184_NC_018120.1_Masdar) 374 , 185_NC_037496.1_Crymer) 373 , ((186_NC_012901.1_Blager, 187_NC_082459.1_Dippun) 377 , 188_NC_039940.1_Perbru) 376 ) 372 , 189_NC_014274.1_Eupsin) 371 ) 190 ;

((((((((((((((((16CI1f_Psebet: 40.361571, (23spal_Amespa2: 17.422024, AA005_Amespa: 17.422024): 22.939547): 13.411471, (59T3_Amedum: 16.014985, ADEC02_Amedec: 16.014985): 37.758057): 6.737864, (((41K26_Amepic: 1.982547, 43assoi_Ameass: 1.982547): 7.908370, (AA001_Ameand: 4.112680, AA003_Ameser: 4.112680): 5.778237): 11.220922, AAP07_Aptapt: 21.111840): 39.399066): 15.357601, (((KX434837.1_Toxhau: 19.657933, KY689118.1_Stepor: 19.657933): 19.399976, (MG888457.1_Pargig: 13.942817, NC_037697.1_Parpol: 13.942817): 25.115091): 28.637400, NC_077479.1_Chestr: 67.695308): 8.173199): 7.847054, ((KX434820.1_Iripol: 55.604132, KX434823.1_Hetspe: 55.604132): 17.748412, MW357303.1_Yermex: 73.352544): 10.363017): 6.529558, (KX434841.1_Psespe: 76.337993, NC_037207.1_Schbic: 76.337993): 13.907126): 8.853336, (OZ336339.1_Bolbra: 80.198409, RBE05_Rivbae: 80.198409): 18.900046): 16.731361, ((((((((((KU201316.1_Staspe: 1.116407, NC_065761.1_Stafla: 1.116407): 7.098397, OL414957.1_Staspe2: 8.214805): 10.503258, (NC_065760.1_Stamac: 2.997238, NC_086820.1_Staagr: 2.997238): 15.720825): 19.868369, NC_030265.1_Manrel: 38.586432): 13.219479, ((((((((KX091864.1_Rholat: 8.177871, NC_034284.1_Rhoval: 8.177871): 8.495786, ((((NC_029326.1_Hiefor: 4.941390, NC_065745.1_Hiechi: 4.941390): 3.677346, (NC_051489.1_Rholon: 1.581583, OK542392.1_Hielon: 1.581583): 7.037153): 4.788485, (NC_065746.1_Hiezha: 10.837552, OL414959.1_Hiespe: 10.837552): 2.569669): 1.383062, NC_086819.1_Hielat: 14.790283): 1.883373): 3.337754, (KX434819.1_Hiemaj: 15.012475, (MW357298.1_Hiespe2: 11.234380, NC_007702.1_Tamtam: 11.234380): 3.778095): 4.998935): 6.496308, (((((KX434830.1_Hiemul: 6.165899, NC_034283.1_Hiepat: 6.165899): 1.779436, NC_065758.1_Hiemac: 7.945336): 3.124767, KX434851.1_Pnimed: 11.070103): 6.545755, NC_034282.1_Rhobra: 17.615858): 2.970178, KX619654.1_Rhospe: 20.586037): 5.921681): 3.198097, ((KX434813.1_Mesala2: 0.067347, MW357300.1_Mesala: 0.067347): 20.065792, NC_048984.1_Hiemem: 20.133139): 9.572676): 3.096626, MN267041.1_Mekqui: 32.802441): 4.893773, KX434812.1_Cammou: 37.696214): 9.456319, (((((KX434821.1_Plispe: 15.913404, (KX434855.1_Propic: 1.385851, KX434868.1_Prospe: 1.385851): 14.527553): 4.286379, KX434863.1_Polgri: 20.199783): 5.298678, (KY689136.1_Hiedul: 21.953873, ((NC_030266.1_Tensin: 2.716252, (OK542393.1_Tenaribre: 2.129272, OM202552.1_Tenspe: 2.129272): 0.586979): 12.286805, NC_065759.1_Tenang: 15.003057): 6.950816): 3.544589): 10.223183, ((KX434840.1_Sphvir: 17.849573, NC_037204.1_Sphlin: 17.849573): 13.587314, KX434862.1_Tarala: 31.436888): 4.284756): 7.989177, ((KX434838.1_Psechl: 21.604408, MW357301.1_Pseper: 21.604408): 11.561321, MW357302.1_Stabio: 33.165729): 10.545092): 3.441712): 4.653379): 3.107829, (KX434842.1_Ortmin: 46.403612, MW357297.1_Asiyun: 46.403612): 8.510128): 39.096606, ((((((((KX091850.1_Cersau: 0.826728, PP438766.1_Ceryun: 0.826728): 57.428431, NC_069811.1_Pacbic: 58.255159): 10.518653, ((KY689117.1_Parkuh: 0.197247, MG888456.1_Parkuhasi: 0.197247): 59.990764, NC_086795.1_Phypar: 60.188011): 8.585801): 4.399932, ((KX091855.1_Hesspe: 13.231946, (KX434859.1_Heshof: 9.012268, (NC_086830.1_Astmaj: 0.181109, PP438763.1_Astbas: 0.181109): 8.831159): 4.219677): 55.165116, ((((KX091863.1_Physha: 6.451973, NC_086824.1_Physin: 6.451973): 23.298397, NC_086825.1_Phywer: 29.750369): 15.527309, (MT024239.1_Phybre2: 19.927859, NC_086622.1_Phybre: 19.927859): 25.349820): 15.785271, (KY689119.1_Physpe: 17.584887, PP438765.1_Cermac: 17.584887): 43.478062): 7.334113): 4.776683): 3.294948, (KX434856.1_Otospe: 0.562608, NC_086621.1_Otoscu: 0.562608): 75.906084): 3.676885, (((KY689128.1_Ambund: 4.837364, MG888436.1_Ambpar: 4.837364): 51.783966, (NC_069809.1_Citfal: 18.325633, (NC_085562.1_Acrjap: 3.124845, NC_086817.1_Acrhes: 3.124845): 15.200789): 38.295696): 5.970385, (NC_045876.1_Psybor: 55.492487, PP072306.1_Majmou: 55.492487): 7.099228): 17.553863): 5.224008, ((((((KX091851.1_Creelo: 18.770578, (NC_030267.1_Cregem: 6.440498, NC_037234.1_Crejia: 6.440498): 12.330080): 4.477854, (KX434867.1_Creapi: 0.508729, MW222469.1_Crespe: 0.508729): 22.739703): 38.898780, ((KX434818.1_Therub: 38.747741, (((KX434829.1_Thecat: 8.965211, NC_086823.1_Thesin: 8.965211): 6.546594, OM202564.1_Thespe: 15.511805): 13.996508, KY689125.1_Theele: 29.508313): 9.239428): 11.714446, ((KX434861.1_Hymcor: 6.348618, MG888449.1_Hymcor: 6.348618): 6.967195, KX434870.1_Pardav: 13.315813): 37.146374): 11.685025): 4.890582, (KX434811.1_Psewah: 58.041728, (PP438767.1_Chlles: 49.369031, PP438770.1_Panfra: 49.369031): 8.672697): 8.996067): 8.849404, ((NC_030268.1_Anazhe: 29.078052, PP072307.1_Odospe: 29.078052): 35.881654, (NC_086822.1_Anasin: 10.605361, (NC_086826.1_Anatia: 6.967241, (OM202554.1_Anaspe: 3.527984, OM202555.1_Anagra: 3.527984): 3.439258): 3.638120): 54.354345): 10.927492): 5.599909, NC_037235.1_Sibpre: 81.487107): 3.882479): 4.434048, (((KX434815.1_Gongon: 44.915946, KX434825.1_Emppen: 44.915946): 12.139742, KX434824.1_Idolat: 57.055688): 16.007027, (KX434828.1_Blemen: 52.133622, KX434864.1_Idodia: 52.133622): 20.929093): 16.740918): 4.206714): 3.625919, (KX434839.1_Popspu: 83.708678, NC_077478.1_Galamo: 83.708678): 13.927588): 7.364920, (((KX434834.1_Derdes: 2.250975, KY689113.1_Derdes2: 2.250975): 80.230785, (KX434850.1_Derlob: 63.414296, NC_069810.1_Dertru: 63.414296): 19.067464): 11.213528, (KX434847.1_Psepin2: 8.978070, NC_086821.1_Psepin: 8.978070): 84.717218): 11.305898): 5.434263, (((KX434808.1_Miocaf: 59.601529, KX434817.1_Tausig: 59.601529): 11.056145, (NC_066978.1_Paragr: 59.297015, NC_069808.1_Cilhum: 59.297015): 11.360659): 28.795290, KX434858.1_Neobol: 99.452964): 10.982485): 5.394368): 7.616533, (((KU201314.1_Thespe: 64.376107, (KX434857.1_Humnad2: 2.147214, NC_030264.1_Humnad: 2.147214): 62.228893): 16.602955, ((KX434849.1_Themil: 8.122918, NC_086832.1_Themac: 8.122918): 4.028727, NC_086827.1_Theoph: 12.151644): 68.827418): 33.928182, (((KX434860.1_Singra: 0.649937, MG888464.1_Singua: 0.649937): 54.509555, OM202561.1_Sinspe: 55.159492): 31.224765, (((NC_051892.1_Arrpal: 24.771182, NC_086829.1_Arrpur: 24.771182): 8.768506, NC_086828.1_Arrbre: 33.539689): 30.032886, OM202563.1_Arrpal2: 63.572575): 22.811683): 28.522987): 8.539105): 4.660521, ((KX091854.1_Spiocc2: 84.556152, ((KX434816.1_Spiocc: 55.592972, (NC_086831.1_Gonbru: 32.154986, OM177664.1_Gonspe: 32.154986): 23.437986): 13.387400, (NC_037203.1_Amanaw: 13.357860, NC_086818.1_Amawuz: 13.357860): 55.622511): 15.575780): 38.092051, ((((KX434810.1_Miryun: 0.968010, NC_051490.1_Plibim: 0.968010): 62.184561, NC_037206.1_Scesim: 63.152571): 19.189637, (NC_037205.1_Troten: 73.650615, (NC_037208.1_Eomyun: 62.242144, NC_063851.1_Sinden: 62.242144): 11.408471): 8.691593): 20.467466, ((KX434846.1_Amochi: 17.198784, (MG888437.1_Amospe: 13.530199, NC_057070.1_Amohai: 13.530199): 3.668585): 72.488504, (MG888453.1_Leplac: 54.864871, ((NC_024028.1_Lepalb: 10.258172, OK480879.1_Lepton: 10.258172): 32.116862, OM202571.1_Lepspe: 42.375034): 12.489837): 34.822418): 13.122385): 19.838529): 5.458667): 11.157278, (KY689126.1_Calspe: 65.763204, OM202562.1_Mirspe: 65.763204): 73.500944): 8.069578, (KX434826.1_Brubor: 128.794912, ((KX434843.1_Acomul: 65.010642, (NC_077476.1_Caldia: 52.768673, NC_077477.1_Rapfus: 52.768673): 12.241969): 36.080355, (KX434844.1_Decspe: 49.937950, PV564197.1_Pselob: 49.937950): 51.153048): 27.703915): 18.538814): 11.220108, ((KX434845.1_Haavit: 64.662931, KY689130.1_Haaspe: 64.662931): 71.744323, OM910846.1_Carspe: 136.407254): 22.146579): 7.799352, MK400676.1_Erespe: 166.353186): 18.023271, (KX434871.1_Metspe: 56.573320, MG888455.1_Metspl: 56.573320): 127.803136): 145.970088, (((((NC_009499.1_Retsan: 34.998432, NC_015800.1_Copfor: 34.998432): 59.716401, NC_018120.1_Masdar: 94.714832): 26.829535, NC_037496.1_Crymer: 121.544367): 23.451564, ((NC_012901.1_Blager: 82.661396, NC_082459.1_Dippun: 82.661396): 42.466366, NC_039940.1_Perbru: 125.127762): 19.868169): 27.093781, NC_014274.1_Eupsin: 172.089712): 158.256833);

((((((((((((((((16CI1f_Psebet: 40.361571, (23spal_Amespa2: 17.422024, AA005_Amespa: 17.422024) [&95%HPD={9.19868, 27.1303}]: 22.939547) [&95%HPD={25.264, 55.5938}]: 13.411471, (59T3_Amedum: 16.014985, ADEC02_Amedec: 16.014985) [&95%HPD={7.94544, 25.3359}]: 37.758057) [&95%HPD={37.5618, 70.228}]: 6.737864, (((41K26_Amepic: 1.982547, 43assoi_Ameass: 1.982547) [&95%HPD={0.8128, 3.44595}]: 7.908370, (AA001_Ameand: 4.112680, AA003_Ameser: 4.112680) [&95%HPD={1.85939, 6.76457}]: 5.778237) [&95%HPD={5.55341, 14.5677}]: 11.220922, AAP07_Aptapt: 21.111840) [&95%HPD={12.147, 31.49}]: 39.399066) [&95%HPD={43.0869, 77.6965}]: 15.357601, (((KX434837.1_Toxhau: 19.657933, KY689118.1_Stepor: 19.657933) [&95%HPD={10.4355, 29.3842}]: 19.399976, (MG888457.1_Pargig: 13.942817, NC_037697.1_Parpol: 13.942817) [&95%HPD={7.2337, 21.766}]: 25.115091) [&95%HPD={25.1508, 53.3177}]: 28.637400, NC_077479.1_Chestr: 67.695308) [&95%HPD={49.7751, 86.6108}]: 8.173199) [&95%HPD={56.6128, 95.5547}]: 7.847054, ((KX434820.1_Iripol: 55.604132, KX434823.1_Hetspe: 55.604132) [&95%HPD={34.4795, 74.9573}]: 17.748412, MW357303.1_Yermex: 73.352544) [&95%HPD={52.564, 93.5798}]: 10.363017) [&95%HPD={62.5266, 104.473}]: 6.529558, (KX434841.1_Psespe: 76.337993, NC_037207.1_Schbic: 76.337993) [&95%HPD={54.457, 98.4891}]: 13.907126) [&95%HPD={68.252, 112.827}]: 8.853336, (OZ336339.1_Bolbra: 80.198409, RBE05_Rivbae: 80.198409) [&95%HPD={55.2754, 105.389}]: 18.900046) [&95%HPD={75.4812, 123.508}]: 16.731361, ((((((((((KU201316.1_Staspe: 1.116407, NC_065761.1_Stafla: 1.116407) [&95%HPD={0.36459, 2.05646}]: 7.098397, OL414957.1_Staspe2: 8.214805) [&95%HPD={4.29117, 12.6128}]: 10.503258, (NC_065760.1_Stamac: 2.997238, NC_086820.1_Staagr: 2.997238) [&95%HPD={1.29632, 5.00159}]: 15.720825) [&95%HPD={11.7061, 26.5739}]: 19.868369, NC_030265.1_Manrel: 38.586432) [&95%HPD={26.8749, 50.2914}]: 13.219479, ((((((((KX091864.1_Rholat: 8.177871, NC_034284.1_Rhoval: 8.177871) [&95%HPD={4.50736, 12.1083}]: 8.495786, ((((NC_029326.1_Hiefor: 4.941390, NC_065745.1_Hiechi: 4.941390) [&95%HPD={2.57468, 7.6024}]: 3.677346, (NC_051489.1_Rholon: 1.581583, OK542392.1_Hielon: 1.581583) [&95%HPD={0.614258, 2.71456}]: 7.037153) [&95%HPD={5.44222, 11.9131}]: 4.788485, (NC_065746.1_Hiezha: 10.837552, OL414959.1_Hiespe: 10.837552) [&95%HPD={6.99045, 15.0824}]: 2.569669) [&95%HPD={9.36242, 17.5587}]: 1.383062, NC_086819.1_Hielat: 14.790283) [&95%HPD={10.6411, 19.2699}]: 1.883373) [&95%HPD={12.101, 21.4913}]: 3.337754, (KX434819.1_Hiemaj: 15.012475, (MW357298.1_Hiespe2: 11.234380, NC_007702.1_Tamtam: 11.234380) [&95%HPD={6.66768, 15.9586}]: 3.778095) [&95%HPD={10.0158, 20.0984}]: 4.998935) [&95%HPD={14.8686, 25.5948}]: 6.496308, (((((KX434830.1_Hiemul: 6.165899, NC_034283.1_Hiepat: 6.165899) [&95%HPD={3.41163, 9.31055}]: 1.779436, NC_065758.1_Hiemac: 7.945336) [&95%HPD={4.75468, 11.294}]: 3.124767, KX434851.1_Pnimed: 11.070103) [&95%HPD={7.06308, 15.2012}]: 6.545755, NC_034282.1_Rhobra: 17.615858) [&95%HPD={12.0161, 23.3946}]: 2.970178, KX619654.1_Rhospe: 20.586037) [&95%HPD={14.6026, 26.9665}]: 5.921681) [&95%HPD={19.5199, 33.2007}]: 3.198097, ((KX434813.1_Mesala2: 0.067347, MW357300.1_Mesala: 0.067347) [&95%HPD={3.8e-06, 0.211168}]: 20.065792, NC_048984.1_Hiemem: 20.133139) [&95%HPD={12.4502, 28.0044}]: 9.572676) [&95%HPD={22.3884, 37.5567}]: 3.096626, MN267041.1_Mekqui: 32.802441) [&95%HPD={24.7824, 41.4268}]: 4.893773, KX434812.1_Cammou: 37.696214) [&95%HPD={28.6812, 47.2503}]: 9.456319, (((((KX434821.1_Plispe: 15.913404, (KX434855.1_Propic: 1.385851, KX434868.1_Prospe: 1.385851) [&95%HPD={0.543508, 2.45478}]: 14.527553) [&95%HPD={9.87872, 22.027}]: 4.286379, KX434863.1_Polgri: 20.199783) [&95%HPD={13.9075, 27.2591}]: 5.298678, (KY689136.1_Hiedul: 21.953873, ((NC_030266.1_Tensin: 2.716252, (OK542393.1_Tenaribre: 2.129272, OM202552.1_Tenspe: 2.129272) [&95%HPD={0.954287, 3.40335}]: 0.586979) [&95%HPD={1.36647, 4.21209}]: 12.286805, NC_065759.1_Tenang: 15.003057) [&95%HPD={8.94827, 21.5997}]: 6.950816) [&95%HPD={15.0434, 29.2611}]: 3.544589) [&95%HPD={18.3514, 33.179}]: 10.223183, ((KX434840.1_Sphvir: 17.849573, NC_037204.1_Sphlin: 17.849573) [&95%HPD={9.69957, 26.1038}]: 13.587314, KX434862.1_Tarala: 31.436888) [&95%HPD={22.4595, 40.7257}]: 4.284756) [&95%HPD={26.5262, 44.9233}]: 7.989177, ((KX434838.1_Psechl: 21.604408, MW357301.1_Pseper: 21.604408) [&95%HPD={13.3485, 30.0267}]: 11.561321, MW357302.1_Stabio: 33.165729) [&95%HPD={23.6299, 42.5165}]: 10.545092) [&95%HPD={33.8689, 53.9212}]: 3.441712) [&95%HPD={36.7755, 57.6103}]: 4.653379) [&95%HPD={40.7699, 62.9066}]: 3.107829, (KX434842.1_Ortmin: 46.403612, MW357297.1_Asiyun: 46.403612) [&95%HPD={33.9546, 59.3943}]: 8.510128) [&95%HPD={43.5435, 66.1473}]: 39.096606, ((((((((KX091850.1_Cersau: 0.826728, PP438766.1_Ceryun: 0.826728) [&95%HPD={0.242856, 1.53178}]: 57.428431, NC_069811.1_Pacbic: 58.255159) [&95%HPD={41.6975, 74.1219}]: 10.518653, ((KY689117.1_Parkuh: 0.197247, MG888456.1_Parkuhasi: 0.197247) [&95%HPD={0.0001144, 0.473008}]: 59.990764, NC_086795.1_Phypar: 60.188011) [&95%HPD={44.0095, 75.7954}]: 8.585801) [&95%HPD={52.3302, 85.534}]: 4.399932, ((KX091855.1_Hesspe: 13.231946, (KX434859.1_Heshof: 9.012268, (NC_086830.1_Astmaj: 0.181109, PP438763.1_Astbas: 0.181109) [&95%HPD={8.44e-05, 0.449566}]: 8.831159) [&95%HPD={4.63987, 14.0655}]: 4.219677) [&95%HPD={7.76669, 19.5119}]: 55.165116, ((((KX091863.1_Physha: 6.451973, NC_086824.1_Physin: 6.451973) [&95%HPD={3.1258, 10.4096}]: 23.298397, NC_086825.1_Phywer: 29.750369) [&95%HPD={17.6839, 42.0009}]: 15.527309, (MT024239.1_Phybre2: 19.927859, NC_086622.1_Phybre: 19.927859) [&95%HPD={10.9307, 30.1122}]: 25.349820) [&95%HPD={31.378, 60.872}]: 15.785271, (KY689119.1_Physpe: 17.584887, PP438765.1_Cermac: 17.584887) [&95%HPD={9.48117, 26.9844}]: 43.478062) [&95%HPD={45.5922, 76.7753}]: 7.334113) [&95%HPD={52.1076, 85.3356}]: 4.776683) [&95%HPD={55.8359, 90.6427}]: 3.294948, (KX434856.1_Otospe: 0.562608, NC_086621.1_Otoscu: 0.562608) [&95%HPD={0.0717296, 1.18615}]: 75.906084) [&95%HPD={57.7568, 94.03}]: 3.676885, (((KY689128.1_Ambund: 4.837364, MG888436.1_Ambpar: 4.837364) [&95%HPD={2.08672, 8.17399}]: 51.783966, (NC_069809.1_Citfal: 18.325633, (NC_085562.1_Acrjap: 3.124845, NC_086817.1_Acrhes: 3.124845) [&95%HPD={1.28502, 5.22378}]: 15.200789) [&95%HPD={8.93822, 29.0574}]: 38.295696) [&95%HPD={33.2295, 76.222}]: 5.970385, (NC_045876.1_Psybor: 55.492487, PP072306.1_Majmou: 55.492487) [&95%HPD={31.5243, 74.3467}]: 7.099228) [&95%HPD={38.6, 82.5645}]: 17.553863) [&95%HPD={60.7874, 98.5546}]: 5.224008, ((((((KX091851.1_Creelo: 18.770578, (NC_030267.1_Cregem: 6.440498, NC_037234.1_Crejia: 6.440498) [&95%HPD={3.26913, 10.2031}]: 12.330080) [&95%HPD={11.1572, 26.97}]: 4.477854, (KX434867.1_Creapi: 0.508729, MW222469.1_Crespe: 0.508729) [&95%HPD={0.0942002, 1.03393}]: 22.739703) [&95%HPD={14.6284, 32.6643}]: 38.898780, ((KX434818.1_Therub: 38.747741, (((KX434829.1_Thecat: 8.965211, NC_086823.1_Thesin: 8.965211) [&95%HPD={4.68236, 13.5118}]: 6.546594, OM202564.1_Thespe: 15.511805) [&95%HPD={9.49969, 21.9908}]: 13.996508, KY689125.1_Theele: 29.508313) [&95%HPD={19.317, 40.3734}]: 9.239428) [&95%HPD={26.381, 51.9032}]: 11.714446, ((KX434861.1_Hymcor: 6.348618, MG888449.1_Hymcor: 6.348618) [&95%HPD={3.03967, 10.0759}]: 6.967195, KX434870.1_Pardav: 13.315813) [&95%HPD={7.31819, 20.0934}]: 37.146374) [&95%HPD={35.6399, 66.0269}]: 11.685025) [&95%HPD={46.5527, 78.6423}]: 4.890582, (KX434811.1_Psewah: 58.041728, (PP438767.1_Chlles: 49.369031, PP438770.1_Panfra: 49.369031) [&95%HPD={32.2457, 65.9296}]: 8.672697) [&95%HPD={41.0407, 74.2776}]: 8.996067) [&95%HPD={50.167, 83.7842}]: 8.849404, ((NC_030268.1_Anazhe: 29.078052, PP072307.1_Odospe: 29.078052) [&95%HPD={15.8642, 43.7175}]: 35.881654, (NC_086822.1_Anasin: 10.605361, (NC_086826.1_Anatia: 6.967241, (OM202554.1_Anaspe: 3.527984, OM202555.1_Anagra: 3.527984) [&95%HPD={1.67739, 5.6396}]: 3.439258) [&95%HPD={4.0209, 10.2697}]: 3.638120) [&95%HPD={6.22894, 15.2295}]: 54.354345) [&95%HPD={48.0873, 83.2416}]: 10.927492) [&95%HPD={58.1586, 94.7596}]: 5.599909, NC_037235.1_Sibpre: 81.487107) [&95%HPD={62.7577, 101.368}]: 3.882479) [&95%HPD={65.7216, 105.513}]: 4.434048, (((KX434815.1_Gongon: 44.915946, KX434825.1_Emppen: 44.915946) [&95%HPD={25.8643, 65.8589}]: 12.139742, KX434824.1_Idolat: 57.055688) [&95%HPD={36.9185, 76.7439}]: 16.007027, (KX434828.1_Blemen: 52.133622, KX434864.1_Idodia: 52.133622) [&95%HPD={31.4447, 71.3399}]: 20.929093) [&95%HPD={53.1607, 93.751}]: 16.740918) [&95%HPD={68.3341, 110.381}]: 4.206714) [&95%HPD={71.845, 115.633}]: 3.625919, (KX434839.1_Popspu: 83.708678, NC_077478.1_Galamo: 83.708678) [&95%HPD={59.6441, 107.153}]: 13.927588) [&95%HPD={74.5583, 120.001}]: 7.364920, (((KX434834.1_Derdes: 2.250975, KY689113.1_Derdes2: 2.250975) [&95%HPD={0.921784, 3.81686}]: 80.230785, (KX434850.1_Derlob: 63.414296, NC_069810.1_Dertru: 63.414296) [&95%HPD={44.6639, 83.7205}]: 19.067464) [&95%HPD={60.7766, 104.914}]: 11.213528, (KX434847.1_Psepin2: 8.978070, NC_086821.1_Psepin: 8.978070) [&95%HPD={4.25072, 14.5033}]: 84.717218) [&95%HPD={69.9498, 116.341}]: 11.305898) [&95%HPD={80.4122, 129.188}]: 5.434263, (((KX434808.1_Miocaf: 59.601529, KX434817.1_Tausig: 59.601529) [&95%HPD={39.0732, 79.4012}]: 11.056145, (NC_066978.1_Paragr: 59.297015, NC_069808.1_Cilhum: 59.297015) [&95%HPD={38.1985, 78.3288}]: 11.360659) [&95%HPD={50.1347, 91.67}]: 28.795290, KX434858.1_Neobol: 99.452964) [&95%HPD={74.454, 124.102}]: 10.982485) [&95%HPD={85.0108, 135.916}]: 5.394368) [&95%HPD={88.8312, 141.605}]: 7.616533, (((KU201314.1_Thespe: 64.376107, (KX434857.1_Humnad2: 2.147214, NC_030264.1_Humnad: 2.147214) [&95%HPD={0.842013, 3.65135}]: 62.228893) [&95%HPD={44.1197, 86.676}]: 16.602955, ((KX434849.1_Themil: 8.122918, NC_086832.1_Themac: 8.122918) [&95%HPD={4.01494, 12.5932}]: 4.028727, NC_086827.1_Theoph: 12.151644) [&95%HPD={7.0566, 17.9582}]: 68.827418) [&95%HPD={56.9286, 103.978}]: 33.928182, (((KX434860.1_Singra: 0.649937, MG888464.1_Singua: 0.649937) [&95%HPD={0.17176, 1.25791}]: 54.509555, OM202561.1_Sinspe: 55.159492) [&95%HPD={32.2524, 75.2035}]: 31.224765, (((NC_051892.1_Arrpal: 24.771182, NC_086829.1_Arrpur: 24.771182) [&95%HPD={14.2215, 37.461}]: 8.768506, NC_086828.1_Arrbre: 33.539689) [&95%HPD={20.3575, 47.2017}]: 30.032886, OM202563.1_Arrpal2: 63.572575) [&95%HPD={44.7527, 84.629}]: 22.811683) [&95%HPD={63.131, 110.308}]: 28.522987) [&95%HPD={87.3577, 141.174}]: 8.539105) [&95%HPD={95.15, 151.125}]: 4.660521, ((KX091854.1_Spiocc2: 84.556152, ((KX434816.1_Spiocc: 55.592972, (NC_086831.1_Gonbru: 32.154986, OM177664.1_Gonspe: 32.154986) [&95%HPD={16.9285, 48.6041}]: 23.437986) [&95%HPD={34.6776, 75.008}]: 13.387400, (NC_037203.1_Amanaw: 13.357860, NC_086818.1_Amawuz: 13.357860) [&95%HPD={6.31756, 21.8424}]: 55.622511) [&95%HPD={46.9535, 91.3684}]: 15.575780) [&95%HPD={57.9315, 109.8}]: 38.092051, ((((KX434810.1_Miryun: 0.968010, NC_051490.1_Plibim: 0.968010) [&95%HPD={0.306736, 1.74954}]: 62.184561, NC_037206.1_Scesim: 63.152571) [&95%HPD={42.3025, 85.3899}]: 19.189637, (NC_037205.1_Troten: 73.650615, (NC_037208.1_Eomyun: 62.242144, NC_063851.1_Sinden: 62.242144) [&95%HPD={41.8602, 83.2223}]: 11.408471) [&95%HPD={52.5467, 95.456}]: 8.691593) [&95%HPD={60.4765, 106.161}]: 20.467466, ((KX434846.1_Amochi: 17.198784, (MG888437.1_Amospe: 13.530199, NC_057070.1_Amohai: 13.530199) [&95%HPD={7.35645, 20.7069}]: 3.668585) [&95%HPD={9.9919, 25.0686}]: 72.488504, (MG888453.1_Leplac: 54.864871, ((NC_024028.1_Lepalb: 10.258172, OK480879.1_Lepton: 10.258172) [&95%HPD={4.8183, 16.5067}]: 32.116862, OM202571.1_Lepspe: 42.375034) [&95%HPD={24.4128, 62.9666}]: 12.489837) [&95%HPD={33.7515, 75.2866}]: 34.822418) [&95%HPD={64.6162, 113.914}]: 13.122385) [&95%HPD={76.9177, 129.33}]: 19.838529) [&95%HPD={93.9232, 151.15}]: 5.458667) [&95%HPD={97.9022, 156.396}]: 11.157278, (KY689126.1_Calspe: 65.763204, OM202562.1_Mirspe: 65.763204) [&95%HPD={40.1644, 93.806}]: 73.500944) [&95%HPD={105.698, 170.936}]: 8.069578, (KX434826.1_Brubor: 128.794912, ((KX434843.1_Acomul: 65.010642, (NC_077476.1_Caldia: 52.768673, NC_077477.1_Rapfus: 52.768673) [&95%HPD={30.75, 73.6033}]: 12.241969) [&95%HPD={42.4318, 88.1942}]: 36.080355, (KX434844.1_Decspe: 49.937950, PV564197.1_Pselob: 49.937950) [&95%HPD={25.8122, 73.1377}]: 51.153048) [&95%HPD={72.7421, 130.636}]: 27.703915) [&95%HPD={95.4821, 160.801}]: 18.538814) [&95%HPD={113.328, 182.561}]: 11.220108, ((KX434845.1_Haavit: 64.662931, KY689130.1_Haaspe: 64.662931) [&95%HPD={38.9357, 91.0699}]: 71.744323, OM910846.1_Carspe: 136.407254) [&95%HPD={100.53, 172.637}]: 22.146579) [&95%HPD={120.266, 195.699}]: 7.799352, MK400676.1_Erespe: 166.353186) [&95%HPD={126.785, 206.239}]: 18.023271, (KX434871.1_Metspe: 56.573320, MG888455.1_Metspl: 56.573320) [&95%HPD={27.5352, 85.6179}]: 127.803136) [&95%HPD={138.45, 229.331}]: 145.970088, (((((NC_009499.1_Retsan: 34.998432, NC_015800.1_Copfor: 34.998432) [&95%HPD={17.7385, 56.8295}]: 59.716401, NC_018120.1_Masdar: 94.714832) [&95%HPD={63.2074, 129.679}]: 26.829535, NC_037496.1_Crymer: 121.544367) [&95%HPD={83.8329, 158.791}]: 23.451564, ((NC_012901.1_Blager: 82.661396, NC_082459.1_Dippun: 82.661396) [&95%HPD={49.9097, 116.822}]: 42.466366, NC_039940.1_Perbru: 125.127762) [&95%HPD={87.3716, 165.596}]: 19.868169) [&95%HPD={102.836, 185.06}]: 27.093781, NC_014274.1_Eupsin: 172.089712) [&95%HPD={126.178, 220.861}]: 158.256833) [&95%HPD={302.232, 374.23}];


Posterior mean (95% Equal-tail CI) (95% HPD CI) HPD-CI-width

t_n190       330.6124 (306.7129, 384.2644) (302.2319, 374.2296) 71.9976 (Jnode 376)
t_n191       184.6294 (139.1521, 230.2394) (138.4503, 229.3305) 90.8802 (Jnode 375)
t_n192       166.5515 (126.2320, 205.7892) (126.7849, 206.2392) 79.4542 (Jnode 374)
t_n193       158.7472 (120.3037, 195.8407) (120.2655, 195.6993) 75.4338 (Jnode 373)
t_n194       147.4719 (112.1843, 181.5205) (113.3279, 182.5607) 69.2328 (Jnode 372)
t_n195       139.4417 (106.1577, 171.5014) (105.6976, 170.9356) 65.2379 (Jnode 371)
t_n196       128.2258 (98.2393, 156.8712) (97.9022, 156.3958) 58.4937 (Jnode 370)
t_n197       123.5663 (94.6802, 150.8477) (95.1500, 151.1247) 55.9747 (Jnode 369)
t_n198       115.9577 (88.7705, 141.5707) (88.8312, 141.6051) 52.7739 (Jnode 368)
t_n199        99.2090 (74.7782, 122.9255) (75.4812, 123.5082) 48.0269 (Jnode 367)
t_n200        90.3190 (67.7463, 112.4136) (68.2520, 112.8272) 44.5752 (Jnode 366)
t_n201        83.7961 (62.6581, 104.6872) (62.5266, 104.4727) 41.9461 (Jnode 365)
t_n202        75.9530 (56.6317, 95.5947) (56.6128, 95.5547) 38.9419 (Jnode 364)
t_n203        60.5809 (43.1701, 77.8187) (43.0869, 77.6965) 34.6096 (Jnode 363)
t_n204        53.8410 (37.3210, 70.0220) (37.5618, 70.2280) 32.6662 (Jnode 362)
t_n205        40.4013 (26.2367, 56.9515) (25.2640, 55.5938) 30.3299 (Jnode 361)
t_n206        17.4224 ( 9.7279, 27.9190) ( 9.1987, 27.1303) 17.9316 (Jnode 360)
t_n207        16.0334 ( 8.6413, 26.4780) ( 7.9454, 25.3359) 17.3905 (Jnode 359)
t_n208        21.1655 (12.8619, 32.7563) (12.1470, 31.4900) 19.3430 (Jnode 358)
t_n209         9.9103 ( 6.0206, 15.2764) ( 5.5534, 14.5677)  9.0143 (Jnode 357)
t_n210         1.9801 ( 0.9151,  3.6898) ( 0.8128,  3.4459)  2.6331 (Jnode 356)
t_n211         4.1245 ( 2.0831,  7.1719) ( 1.8594,  6.7646)  4.9052 (Jnode 355)
t_n212        67.7491 (49.7840, 86.6448) (49.7751, 86.6108) 36.8357 (Jnode 354)
t_n213        39.0734 (26.2769, 54.7711) (25.1508, 53.3177) 28.1669 (Jnode 353)
t_n214        19.6397 (11.3249, 30.8508) (10.4355, 29.3842) 18.9488 (Jnode 352)
t_n215        13.9449 ( 7.7152, 22.6330) ( 7.2337, 21.7660) 14.5323 (Jnode 351)
t_n216        73.4090 (52.8712, 93.9299) (52.5640, 93.5798) 41.0158 (Jnode 350)
t_n217        55.6436 (34.4104, 74.9106) (34.4795, 74.9573) 40.4778 (Jnode 349)
t_n218        76.3330 (54.5953, 98.7313) (54.4570, 98.4891) 44.0322 (Jnode 348)
t_n219        80.3137 (55.6882, 105.8150) (55.2754, 105.3887) 50.1133 (Jnode 347)
t_n220       110.5621 (84.4660, 135.4646) (85.0108, 135.9160) 50.9052 (Jnode 346)
t_n221       105.1288 (80.0888, 128.9615) (80.4122, 129.1883) 48.7761 (Jnode 345)
t_n222        97.7626 (74.4107, 119.8861) (74.5583, 120.0011) 45.4428 (Jnode 344)
t_n223        94.1246 (71.5851, 115.4580) (71.8450, 115.6330) 43.7880 (Jnode 343)
t_n224        54.9759 (42.4524, 65.6193) (43.5435, 66.1473) 22.6038 (Jnode 342)
t_n225        51.8529 (39.8343, 62.2869) (40.7699, 62.9066) 22.1367 (Jnode 341)
t_n226        38.6014 (26.9745, 50.4083) (26.8749, 50.2914) 23.4166 (Jnode 340)
t_n227        18.7211 (12.0916, 27.1996) (11.7061, 26.5739) 14.8678 (Jnode 339)
t_n228         8.2201 ( 4.6700, 13.2664) ( 4.2912, 12.6128)  8.3217 (Jnode 338)
t_n229         1.1220 ( 0.4375,  2.2423) ( 0.3646,  2.0565)  1.6919 (Jnode 337)
t_n230         2.9964 ( 1.4591,  5.3759) ( 1.2963,  5.0016)  3.7053 (Jnode 336)
t_n231        47.2146 (36.2159, 57.2358) (36.7755, 57.6103) 20.8348 (Jnode 335)
t_n232        37.7392 (28.4225, 47.1028) (28.6812, 47.2503) 18.5691 (Jnode 334)
t_n233        32.8483 (24.5889, 41.2433) (24.7824, 41.4268) 16.6444 (Jnode 333)
t_n234        29.7381 (22.2112, 37.4072) (22.3884, 37.5567) 15.1682 (Jnode 332)
t_n235        26.5256 (19.7149, 33.4501) (19.5199, 33.2007) 13.6808 (Jnode 331)
t_n236        20.0361 (14.8628, 25.5921) (14.8686, 25.5948) 10.7262 (Jnode 330)
t_n237        16.6881 (12.1752, 21.5831) (12.1010, 21.4913)  9.3902 (Jnode 329)
t_n238         8.2025 ( 4.7558, 12.4590) ( 4.5074, 12.1083)  7.6010 (Jnode 328)
t_n239        14.8058 (10.7020, 19.3683) (10.6411, 19.2699)  8.6288 (Jnode 327)
t_n240        13.4223 ( 9.5332, 17.8181) ( 9.3624, 17.5587)  8.1962 (Jnode 326)
t_n241         8.6200 ( 5.6517, 12.1927) ( 5.4422, 11.9131)  6.4709 (Jnode 325)
t_n242         4.9460 ( 2.7194,  7.8546) ( 2.5747,  7.6024)  5.0277 (Jnode 324)
t_n243         1.5844 ( 0.7182,  2.9092) ( 0.6143,  2.7146)  2.1003 (Jnode 323)
t_n244        10.8405 ( 7.0306, 15.1475) ( 6.9904, 15.0824)  8.0919 (Jnode 322)
t_n245        15.0351 (10.2404, 20.3420) (10.0158, 20.0984) 10.0825 (Jnode 321)
t_n246        11.2465 ( 6.9435, 16.2480) ( 6.6677, 15.9586)  9.2909 (Jnode 320)
t_n247        20.6207 (14.6757, 27.0945) (14.6026, 26.9665) 12.3638 (Jnode 319)
t_n248        17.6415 (12.2250, 23.7005) (12.0161, 23.3946) 11.3785 (Jnode 318)
t_n249        11.0806 ( 7.3499, 15.5770) ( 7.0631, 15.2012)  8.1381 (Jnode 317)
t_n250         7.9575 ( 5.0075, 11.5924) ( 4.7547, 11.2940)  6.5394 (Jnode 316)
t_n251         6.1773 ( 3.5534,  9.5816) ( 3.4116,  9.3106)  5.8989 (Jnode 315)
t_n252        20.1412 (12.6473, 28.2510) (12.4502, 28.0044) 15.5542 (Jnode 314)
t_n253         0.0676 ( 0.0015,  0.2640) ( 0.0000,  0.2112)  0.2112 (Jnode 313)
t_n254        43.7599 (33.3980, 53.5486) (33.8689, 53.9212) 20.0523 (Jnode 312)
t_n255        35.7610 (26.6191, 45.0396) (26.5262, 44.9233) 18.3970 (Jnode 311)
t_n256        25.5115 (18.4029, 33.2798) (18.3514, 33.1790) 14.8275 (Jnode 310)
t_n257        20.2014 (13.9647, 27.3557) (13.9075, 27.2591) 13.3516 (Jnode 309)
t_n258        15.9134 (10.2839, 22.5216) ( 9.8787, 22.0270) 12.1483 (Jnode 308)
t_n259         1.3877 ( 0.6053,  2.5973) ( 0.5435,  2.4548)  1.9113 (Jnode 307)
t_n260        21.9812 (15.2179, 29.5202) (15.0434, 29.2611) 14.2177 (Jnode 306)
t_n261        15.0256 ( 9.2229, 22.0403) ( 8.9483, 21.5997) 12.6514 (Jnode 305)
t_n262         2.7164 ( 1.4984,  4.4357) ( 1.3665,  4.2121)  2.8456 (Jnode 304)
t_n263         2.1324 ( 1.1054,  3.6404) ( 0.9543,  3.4034)  2.4491 (Jnode 303)
t_n264        31.4519 (22.5270, 40.8592) (22.4595, 40.7257) 18.2662 (Jnode 302)
t_n265        17.8888 (10.3375, 26.9190) ( 9.6996, 26.1038) 16.4043 (Jnode 301)
t_n266        33.2195 (23.8388, 42.8229) (23.6299, 42.5165) 18.8865 (Jnode 300)
t_n267        21.6256 (13.6779, 30.4137) (13.3485, 30.0267) 16.6782 (Jnode 299)
t_n268        46.4233 (32.7982, 58.4389) (33.9546, 59.3943) 25.4397 (Jnode 298)
t_n269        89.8985 (68.3847, 110.4628) (68.3341, 110.3810) 42.0469 (Jnode 297)
t_n270        85.4507 (65.0215, 104.8996) (65.7216, 105.5129) 39.7912 (Jnode 296)
t_n271        80.2419 (60.9114, 98.7264) (60.7874, 98.5546) 37.7672 (Jnode 295)
t_n272        76.5504 (58.0549, 94.4375) (57.7568, 94.0300) 36.2732 (Jnode 294)
t_n273        73.2645 (55.5549, 90.4135) (55.8359, 90.6427) 34.8067 (Jnode 293)
t_n274        68.8579 (51.9676, 85.3012) (52.3302, 85.5340) 33.2038 (Jnode 292)
t_n275        58.3256 (41.4888, 73.9883) (41.6975, 74.1219) 32.4244 (Jnode 291)
t_n276         0.8226 ( 0.3138,  1.6856) ( 0.2429,  1.5318)  1.2889 (Jnode 290)
t_n277        60.2544 (44.3123, 76.1586) (44.0095, 75.7954) 31.7858 (Jnode 289)
t_n278         0.1973 ( 0.0202,  0.5626) ( 0.0001,  0.4730)  0.4729 (Jnode 288)
t_n279        68.4978 (51.6431, 84.9493) (52.1076, 85.3356) 33.2280 (Jnode 287)
t_n280        13.2493 ( 8.1858, 20.1950) ( 7.7667, 19.5119) 11.7452 (Jnode 286)
t_n281         9.0195 ( 5.0422, 14.8030) ( 4.6399, 14.0655)  9.4256 (Jnode 285)
t_n282         0.1811 ( 0.0152,  0.5412) ( 0.0001,  0.4496)  0.4495 (Jnode 284)
t_n283        61.1659 (45.6936, 76.9097) (45.5922, 76.7753) 31.1831 (Jnode 283)
t_n284        45.3565 (31.7822, 61.4738) (31.3780, 60.8720) 29.4940 (Jnode 282)
t_n285        29.8036 (18.7457, 43.3609) (17.6839, 42.0009) 24.3170 (Jnode 281)
t_n286         6.4517 ( 3.3645, 10.9266) ( 3.1258, 10.4096)  7.2838 (Jnode 280)
t_n287        19.9571 (11.5145, 31.0724) (10.9307, 30.1122) 19.1816 (Jnode 279)
t_n288        17.6188 (10.0131, 27.7775) ( 9.4812, 26.9844) 17.5033 (Jnode 278)
t_n289         0.5602 ( 0.1288,  1.3517) ( 0.0717,  1.1862)  1.1144 (Jnode 277)
t_n290        62.6512 (37.4602, 81.7077) (38.6000, 82.5645) 43.9645 (Jnode 276)
t_n291        56.6788 (31.9896, 75.3448) (33.2295, 76.2220) 42.9925 (Jnode 275)
t_n292         4.8521 ( 2.3753,  8.7732) ( 2.0867,  8.1740)  6.0873 (Jnode 274)
t_n293        18.3110 (10.0080, 30.9751) ( 8.9382, 29.0574) 20.1191 (Jnode 273)
t_n294         3.1243 ( 1.5100,  5.6503) ( 1.2850,  5.2238)  3.9388 (Jnode 272)
t_n295        55.5523 (31.0324, 73.8825) (31.5243, 74.3467) 42.8224 (Jnode 271)
t_n296        81.5687 (61.7797, 100.6143) (62.7577, 101.3675) 38.6098 (Jnode 270)
t_n297        75.9816 (57.4999, 94.1742) (58.1586, 94.7596) 36.6010 (Jnode 269)
t_n298        67.1003 (50.1703, 83.7901) (50.1670, 83.7842) 33.6172 (Jnode 268)
t_n299        62.2082 (46.2820, 78.3744) (46.5527, 78.6423) 32.0896 (Jnode 267)
t_n300        23.2503 (15.1513, 33.5577) (14.6284, 32.6643) 18.0359 (Jnode 266)
t_n301        18.7548 (11.8245, 28.0215) (11.1572, 26.9700) 15.8128 (Jnode 265)
t_n302         6.4483 ( 3.5177, 10.6947) ( 3.2691, 10.2031)  6.9339 (Jnode 264)
t_n303         0.5064 ( 0.1414,  1.1695) ( 0.0942,  1.0339)  0.9397 (Jnode 263)
t_n304        50.5030 (35.7186, 66.2449) (35.6399, 66.0269) 30.3870 (Jnode 262)
t_n305        38.7913 (26.8399, 52.4733) (26.3810, 51.9032) 25.5222 (Jnode 261)
t_n306        29.5545 (19.8976, 41.1064) (19.3170, 40.3734) 21.0563 (Jnode 260)
t_n307        15.5283 ( 9.9796, 22.6685) ( 9.4997, 21.9908) 12.4911 (Jnode 259)
t_n308         8.9814 ( 5.1275, 14.1943) ( 4.6824, 13.5118)  8.8294 (Jnode 258)
t_n309        13.3448 ( 7.9290, 21.0613) ( 7.3182, 20.0934) 12.7753 (Jnode 257)
t_n310         6.3584 ( 3.4119, 10.7304) ( 3.0397, 10.0759)  7.0362 (Jnode 256)
t_n311        58.1046 (41.0538, 74.3266) (41.0407, 74.2776) 33.2368 (Jnode 255)
t_n312        49.3844 (32.4580, 66.1833) (32.2457, 65.9296) 33.6839 (Jnode 254)
t_n313        65.0190 (47.7465, 82.9385) (48.0873, 83.2416) 35.1543 (Jnode 253)
t_n314        29.1100 (16.6565, 45.1527) (15.8642, 43.7175) 27.8534 (Jnode 252)
t_n315        10.6143 ( 6.6729, 15.8562) ( 6.2289, 15.2295)  9.0006 (Jnode 251)
t_n316         6.9734 ( 4.2547, 10.6965) ( 4.0209, 10.2697)  6.2488 (Jnode 250)
t_n317         3.5419 ( 1.8577,  5.9242) ( 1.6774,  5.6396)  3.9622 (Jnode 249)
t_n318        73.1579 (52.6829, 93.3168) (53.1607, 93.7510) 40.5903 (Jnode 248)
t_n319        57.1571 (36.7712, 76.6858) (36.9185, 76.7439) 39.8253 (Jnode 247)
t_n320        45.0090 (26.0285, 66.1007) (25.8643, 65.8589) 39.9947 (Jnode 246)
t_n321        52.2068 (31.6154, 71.6082) (31.4447, 71.3399) 39.8952 (Jnode 245)
t_n322        83.8645 (59.5023, 107.0998) (59.6441, 107.1533) 47.5092 (Jnode 244)
t_n323        93.7831 (70.3733, 116.8282) (69.9498, 116.3415) 46.3917 (Jnode 243)
t_n324        82.5569 (60.7817, 104.9202) (60.7766, 104.9143) 44.1376 (Jnode 242)
t_n325         2.2577 ( 1.0513,  4.1018) ( 0.9218,  3.8169)  2.8951 (Jnode 241)
t_n326        63.4888 (44.9358, 84.0846) (44.6639, 83.7205) 39.0566 (Jnode 240)
t_n327         8.9779 ( 4.6871, 15.3380) ( 4.2507, 14.5033) 10.2526 (Jnode 239)
t_n328        99.5763 (74.3197, 124.0277) (74.4540, 124.1017) 49.6477 (Jnode 238)
t_n329        70.7519 (50.1418, 91.7052) (50.1347, 91.6700) 41.5353 (Jnode 237)
t_n330        59.7139 (39.1183, 79.5196) (39.0732, 79.4012) 40.3280 (Jnode 236)
t_n331        59.3678 (38.7221, 78.9748) (38.1985, 78.3288) 40.1303 (Jnode 235)
t_n332       115.0251 (87.4182, 141.3388) (87.3577, 141.1735) 53.8158 (Jnode 234)
t_n333        81.0922 (58.0994, 105.4624) (56.9286, 103.9782) 47.0496 (Jnode 233)
t_n334        64.4332 (44.0246, 86.6270) (44.1197, 86.6760) 42.5564 (Jnode 232)
t_n335         2.1476 ( 1.0095,  3.9502) ( 0.8420,  3.6513)  2.8093 (Jnode 231)
t_n336        12.1742 ( 7.4228, 18.6302) ( 7.0566, 17.9582) 10.9016 (Jnode 230)
t_n337         8.1400 ( 4.5075, 13.3041) ( 4.0149, 12.5932)  8.5783 (Jnode 229)
t_n338        86.4566 (63.2153, 110.4205) (63.1310, 110.3081) 47.1771 (Jnode 228)
t_n339        55.1976 (33.1001, 76.3621) (32.2524, 75.2035) 42.9511 (Jnode 227)
t_n340         0.6502 ( 0.2212,  1.3829) ( 0.1718,  1.2579)  1.0861 (Jnode 226)
t_n341        63.6727 (44.9614, 84.9746) (44.7527, 84.6290) 39.8763 (Jnode 225)
t_n342        33.6000 (21.4119, 48.7400) (20.3575, 47.2017) 26.8442 (Jnode 224)
t_n343        24.7880 (14.6564, 38.2592) (14.2215, 37.4610) 23.2395 (Jnode 223)
t_n344       122.7660 (93.5854, 150.9347) (93.9232, 151.1505) 57.2273 (Jnode 222)
t_n345        84.6637 (59.2565, 111.4267) (57.9315, 109.8004) 51.8689 (Jnode 221)
t_n346        69.0709 (47.5511, 92.2723) (46.9535, 91.3684) 44.4149 (Jnode 220)
t_n347        55.6294 (35.5500, 75.9762) (34.6776, 75.0080) 40.3304 (Jnode 219)
t_n348        32.1888 (18.1849, 50.5164) (16.9285, 48.6041) 31.6756 (Jnode 218)
t_n349        13.3813 ( 6.9544, 23.0355) ( 6.3176, 21.8424) 15.5249 (Jnode 217)
t_n350       102.8997 (76.8754, 129.3010) (76.9177, 129.3299) 52.4122 (Jnode 216)
t_n351        82.4389 (60.1821, 105.9117) (60.4765, 106.1611) 45.6846 (Jnode 215)
t_n352        63.2352 (42.1576, 85.2668) (42.3025, 85.3899) 43.0873 (Jnode 214)
t_n353         0.9703 ( 0.3853,  1.8973) ( 0.3067,  1.7495)  1.4428 (Jnode 213)
t_n354        73.7160 (53.1089, 96.2170) (52.5467, 95.4560) 42.9093 (Jnode 212)
t_n355        62.2696 (42.2693, 83.8966) (41.8602, 83.2223) 41.3622 (Jnode 211)
t_n356        89.8110 (65.3653, 114.9235) (64.6162, 113.9141) 49.2979 (Jnode 210)
t_n357        17.2203 (10.6017, 26.0601) ( 9.9919, 25.0686) 15.0767 (Jnode 209)
t_n358        13.5526 ( 7.8200, 21.4562) ( 7.3564, 20.7069) 13.3504 (Jnode 208)
t_n359        54.9189 (34.7124, 76.6370) (33.7515, 75.2866) 41.5350 (Jnode 207)
t_n360        42.4333 (25.2797, 64.1843) (24.4128, 62.9666) 38.5538 (Jnode 206)
t_n361        10.2645 ( 5.3698, 17.4068) ( 4.8183, 16.5067) 11.6884 (Jnode 205)
t_n362        65.8120 (40.9029, 94.6316) (40.1644, 93.8060) 53.6416 (Jnode 204)
t_n363       128.9674 (96.1161, 161.5261) (95.4821, 160.8009) 65.3188 (Jnode 203)
t_n364       101.2382 (72.6452, 130.6039) (72.7421, 130.6364) 57.8943 (Jnode 202)
t_n365        65.0462 (42.1930, 88.0599) (42.4318, 88.1942) 45.7624 (Jnode 201)
t_n366        52.8100 (30.9572, 73.8839) (30.7500, 73.6033) 42.8534 (Jnode 200)
t_n367        50.0167 (27.0330, 74.6671) (25.8122, 73.1377) 47.3255 (Jnode 199)
t_n368       136.5759 (100.5359, 172.6639) (100.5295, 172.6365) 72.1070 (Jnode 198)
t_n369        64.7615 (40.0250, 92.5298) (38.9357, 91.0699) 52.1341 (Jnode 197)
t_n370        56.6248 (28.6896, 87.8604) (27.5352, 85.6179) 58.0827 (Jnode 196)
t_n371       172.3302 (126.1014, 220.8586) (126.1778, 220.8612) 94.6835 (Jnode 195)
t_n372       145.1653 (104.9684, 187.4595) (102.8360, 185.0596) 82.2236 (Jnode 194)
t_n373       121.6414 (85.5226, 160.8937) (83.8329, 158.7906) 74.9577 (Jnode 193)
t_n374        94.7335 (63.6127, 130.1875) (63.2074, 129.6793) 66.4719 (Jnode 192)
t_n375        35.0067 (19.5667, 60.5140) (17.7385, 56.8295) 39.0909 (Jnode 191)
t_n376       125.2564 (87.7286, 166.0085) (87.3716, 165.5958) 78.2242 (Jnode 190)
t_n377        82.8029 (52.3726, 120.1082) (49.9097, 116.8216) 66.9120 (Jnode 189)
mu             0.0027 ( 0.0022,  0.0034) ( 0.0021,  0.0033)  0.0012
sigma2         0.1448 ( 0.1148,  0.1809) ( 0.1133,  0.1786)  0.0653
lnL         -189.3044 (-217.2870, -163.5430) (-216.6580, -163.1930) 53.4650
