MCMCTREE (paml version 4.10.8.iq2mc, November 2024) AA.dummy.phy


*** Locus 1 ***
    189      1

16CI1f_Psebet                   A
23spal_Amespa2                  A
41K26_Amepic                    A
43assoi_Ameass                  A
59T3_Amedum                     A
AA001_Ameand                    A
AA003_Ameser                    A
AA005_Amespa                    A
AAP07_Aptapt                    A
ADEC02_Amedec                   A
KU201314.1_Thespe               A
KU201316.1_Staspe               A
KX091850.1_Cersau               A
KX091851.1_Creelo               A
KX091854.1_Spiocc2              A
KX091855.1_Hesspe               A
KX091863.1_Physha               A
KX091864.1_Rholat               A
KX434808.1_Miocaf               A
KX434810.1_Miryun               A
KX434811.1_Psewah               A
KX434812.1_Cammou               A
KX434813.1_Mesala2              A
KX434815.1_Gongon               A
KX434816.1_Spiocc               A
KX434817.1_Tausig               A
KX434818.1_Therub               A
KX434819.1_Hiemaj               A
KX434820.1_Iripol               A
KX434821.1_Plispe               A
KX434823.1_Hetspe               A
KX434824.1_Idolat               A
KX434825.1_Emppen               A
KX434826.1_Brubor               A
KX434828.1_Blemen               A
KX434829.1_Thecat               A
KX434830.1_Hiemul               A
KX434834.1_Derdes               A
KX434837.1_Toxhau               A
KX434838.1_Psechl               A
KX434839.1_Popspu               A
KX434840.1_Sphvir               A
KX434841.1_Psespe               A
KX434842.1_Ortmin               A
KX434843.1_Acomul               A
KX434844.1_Decspe               A
KX434845.1_Haavit               A
KX434846.1_Amochi               A
KX434847.1_Psepin2              A
KX434849.1_Themil               A
KX434850.1_Derlob               A
KX434851.1_Pnimed               A
KX434855.1_Propic               A
KX434856.1_Otospe               A
KX434857.1_Humnad2              A
KX434858.1_Neobol               A
KX434859.1_Heshof               A
KX434860.1_Singra               A
KX434861.1_Hymcor               A
KX434862.1_Tarala               A
KX434863.1_Polgri               A
KX434864.1_Idodia               A
KX434867.1_Creapi               A
KX434868.1_Prospe               A
KX434870.1_Pardav               A
KX434871.1_Metspe               A
KX619654.1_Rhospe               A
KY689113.1_Derdes2              A
KY689117.1_Parkuh               A
KY689118.1_Stepor               A
KY689119.1_Physpe               A
KY689125.1_Theele               A
KY689126.1_Calspe               A
KY689128.1_Ambund               A
KY689130.1_Haaspe               A
KY689136.1_Hiedul               A
MG888436.1_Ambpar               A
MG888437.1_Amospe               A
MG888449.1_Hymcor               A
MG888453.1_Leplac               A
MG888455.1_Metspl               A
MG888456.1_Parkuhasi            A
MG888457.1_Pargig               A
MG888464.1_Singua               A
MK400676.1_Erespe               A
MN267041.1_Mekqui               A
MT024239.1_Phybre2              A
MW222469.1_Crespe               A
MW357297.1_Asiyun               A
MW357298.1_Hiespe2              A
MW357300.1_Mesala               A
MW357301.1_Pseper               A
MW357302.1_Stabio               A
MW357303.1_Yermex               A
NC_007702.1_Tamtam              A
NC_009499.1_Retsan              A
NC_012901.1_Blager              A
NC_014274.1_Eupsin              A
NC_015800.1_Copfor              A
NC_018120.1_Masdar              A
NC_024028.1_Lepalb              A
NC_029326.1_Hiefor              A
NC_030264.1_Humnad              A
NC_030265.1_Manrel              A
NC_030266.1_Tensin              A
NC_030267.1_Cregem              A
NC_030268.1_Anazhe              A
NC_034282.1_Rhobra              A
NC_034283.1_Hiepat              A
NC_034284.1_Rhoval              A
NC_037203.1_Amanaw              A
NC_037204.1_Sphlin              A
NC_037205.1_Troten              A
NC_037206.1_Scesim              A
NC_037207.1_Schbic              A
NC_037208.1_Eomyun              A
NC_037234.1_Crejia              A
NC_037235.1_Sibpre              A
NC_037496.1_Crymer              A
NC_037697.1_Parpol              A
NC_039940.1_Perbru              A
NC_045876.1_Psybor              A
NC_048984.1_Hiemem              A
NC_051489.1_Rholon              A
NC_051490.1_Plibim              A
NC_051892.1_Arrpal              A
NC_057070.1_Amohai              A
NC_063851.1_Sinden              A
NC_065745.1_Hiechi              A
NC_065746.1_Hiezha              A
NC_065758.1_Hiemac              A
NC_065759.1_Tenang              A
NC_065760.1_Stamac              A
NC_065761.1_Stafla              A
NC_066978.1_Paragr              A
NC_069808.1_Cilhum              A
NC_069809.1_Citfal              A
NC_069810.1_Dertru              A
NC_069811.1_Pacbic              A
NC_077476.1_Caldia              A
NC_077477.1_Rapfus              A
NC_077478.1_Galamo              A
NC_077479.1_Chestr              A
NC_082459.1_Dippun              A
NC_085562.1_Acrjap              A
NC_086621.1_Otoscu              A
NC_086622.1_Phybre              A
NC_086795.1_Phypar              A
NC_086817.1_Acrhes              A
NC_086818.1_Amawuz              A
NC_086819.1_Hielat              A
NC_086820.1_Staagr              A
NC_086821.1_Psepin              A
NC_086822.1_Anasin              A
NC_086823.1_Thesin              A
NC_086824.1_Physin              A
NC_086825.1_Phywer              A
NC_086826.1_Anatia              A
NC_086827.1_Theoph              A
NC_086828.1_Arrbre              A
NC_086829.1_Arrpur              A
NC_086830.1_Astmaj              A
NC_086831.1_Gonbru              A
NC_086832.1_Themac              A
OK480879.1_Lepton               A
OK542392.1_Hielon               A
OK542393.1_Tenaribre            A
OL414957.1_Staspe2              A
OL414959.1_Hiespe               A
OM177664.1_Gonspe               A
OM202552.1_Tenspe               A
OM202554.1_Anaspe               A
OM202555.1_Anagra               A
OM202561.1_Sinspe               A
OM202562.1_Mirspe               A
OM202563.1_Arrpal2              A
OM202564.1_Thespe               A
OM202571.1_Lepspe               A
OM910846.1_Carspe               A
OZ336339.1_Bolbra               A
PP072306.1_Majmou               A
PP072307.1_Odospe               A
PP438763.1_Astbas               A
PP438765.1_Cermac               A
PP438766.1_Ceryun               A
PP438767.1_Chlles               A
PP438770.1_Panfra               A
PV564197.1_Pselob               A
RBE05_Rivbae                    A



Printing out site pattern counts


       189          1  P

16CI1f_Psebet                   A
23spal_Amespa2                  A
41K26_Amepic                    A
43assoi_Ameass                  A
59T3_Amedum                     A
AA001_Ameand                    A
AA003_Ameser                    A
AA005_Amespa                    A
AAP07_Aptapt                    A
ADEC02_Amedec                   A
KU201314.1_Thespe               A
KU201316.1_Staspe               A
KX091850.1_Cersau               A
KX091851.1_Creelo               A
KX091854.1_Spiocc2              A
KX091855.1_Hesspe               A
KX091863.1_Physha               A
KX091864.1_Rholat               A
KX434808.1_Miocaf               A
KX434810.1_Miryun               A
KX434811.1_Psewah               A
KX434812.1_Cammou               A
KX434813.1_Mesala2              A
KX434815.1_Gongon               A
KX434816.1_Spiocc               A
KX434817.1_Tausig               A
KX434818.1_Therub               A
KX434819.1_Hiemaj               A
KX434820.1_Iripol               A
KX434821.1_Plispe               A
KX434823.1_Hetspe               A
KX434824.1_Idolat               A
KX434825.1_Emppen               A
KX434826.1_Brubor               A
KX434828.1_Blemen               A
KX434829.1_Thecat               A
KX434830.1_Hiemul               A
KX434834.1_Derdes               A
KX434837.1_Toxhau               A
KX434838.1_Psechl               A
KX434839.1_Popspu               A
KX434840.1_Sphvir               A
KX434841.1_Psespe               A
KX434842.1_Ortmin               A
KX434843.1_Acomul               A
KX434844.1_Decspe               A
KX434845.1_Haavit               A
KX434846.1_Amochi               A
KX434847.1_Psepin2              A
KX434849.1_Themil               A
KX434850.1_Derlob               A
KX434851.1_Pnimed               A
KX434855.1_Propic               A
KX434856.1_Otospe               A
KX434857.1_Humnad2              A
KX434858.1_Neobol               A
KX434859.1_Heshof               A
KX434860.1_Singra               A
KX434861.1_Hymcor               A
KX434862.1_Tarala               A
KX434863.1_Polgri               A
KX434864.1_Idodia               A
KX434867.1_Creapi               A
KX434868.1_Prospe               A
KX434870.1_Pardav               A
KX434871.1_Metspe               A
KX619654.1_Rhospe               A
KY689113.1_Derdes2              A
KY689117.1_Parkuh               A
KY689118.1_Stepor               A
KY689119.1_Physpe               A
KY689125.1_Theele               A
KY689126.1_Calspe               A
KY689128.1_Ambund               A
KY689130.1_Haaspe               A
KY689136.1_Hiedul               A
MG888436.1_Ambpar               A
MG888437.1_Amospe               A
MG888449.1_Hymcor               A
MG888453.1_Leplac               A
MG888455.1_Metspl               A
MG888456.1_Parkuhasi            A
MG888457.1_Pargig               A
MG888464.1_Singua               A
MK400676.1_Erespe               A
MN267041.1_Mekqui               A
MT024239.1_Phybre2              A
MW222469.1_Crespe               A
MW357297.1_Asiyun               A
MW357298.1_Hiespe2              A
MW357300.1_Mesala               A
MW357301.1_Pseper               A
MW357302.1_Stabio               A
MW357303.1_Yermex               A
NC_007702.1_Tamtam              A
NC_009499.1_Retsan              A
NC_012901.1_Blager              A
NC_014274.1_Eupsin              A
NC_015800.1_Copfor              A
NC_018120.1_Masdar              A
NC_024028.1_Lepalb              A
NC_029326.1_Hiefor              A
NC_030264.1_Humnad              A
NC_030265.1_Manrel              A
NC_030266.1_Tensin              A
NC_030267.1_Cregem              A
NC_030268.1_Anazhe              A
NC_034282.1_Rhobra              A
NC_034283.1_Hiepat              A
NC_034284.1_Rhoval              A
NC_037203.1_Amanaw              A
NC_037204.1_Sphlin              A
NC_037205.1_Troten              A
NC_037206.1_Scesim              A
NC_037207.1_Schbic              A
NC_037208.1_Eomyun              A
NC_037234.1_Crejia              A
NC_037235.1_Sibpre              A
NC_037496.1_Crymer              A
NC_037697.1_Parpol              A
NC_039940.1_Perbru              A
NC_045876.1_Psybor              A
NC_048984.1_Hiemem              A
NC_051489.1_Rholon              A
NC_051490.1_Plibim              A
NC_051892.1_Arrpal              A
NC_057070.1_Amohai              A
NC_063851.1_Sinden              A
NC_065745.1_Hiechi              A
NC_065746.1_Hiezha              A
NC_065758.1_Hiemac              A
NC_065759.1_Tenang              A
NC_065760.1_Stamac              A
NC_065761.1_Stafla              A
NC_066978.1_Paragr              A
NC_069808.1_Cilhum              A
NC_069809.1_Citfal              A
NC_069810.1_Dertru              A
NC_069811.1_Pacbic              A
NC_077476.1_Caldia              A
NC_077477.1_Rapfus              A
NC_077478.1_Galamo              A
NC_077479.1_Chestr              A
NC_082459.1_Dippun              A
NC_085562.1_Acrjap              A
NC_086621.1_Otoscu              A
NC_086622.1_Phybre              A
NC_086795.1_Phypar              A
NC_086817.1_Acrhes              A
NC_086818.1_Amawuz              A
NC_086819.1_Hielat              A
NC_086820.1_Staagr              A
NC_086821.1_Psepin              A
NC_086822.1_Anasin              A
NC_086823.1_Thesin              A
NC_086824.1_Physin              A
NC_086825.1_Phywer              A
NC_086826.1_Anatia              A
NC_086827.1_Theoph              A
NC_086828.1_Arrbre              A
NC_086829.1_Arrpur              A
NC_086830.1_Astmaj              A
NC_086831.1_Gonbru              A
NC_086832.1_Themac              A
OK480879.1_Lepton               A
OK542392.1_Hielon               A
OK542393.1_Tenaribre            A
OL414957.1_Staspe2              A
OL414959.1_Hiespe               A
OM177664.1_Gonspe               A
OM202552.1_Tenspe               A
OM202554.1_Anaspe               A
OM202555.1_Anagra               A
OM202561.1_Sinspe               A
OM202562.1_Mirspe               A
OM202563.1_Arrpal2              A
OM202564.1_Thespe               A
OM202571.1_Lepspe               A
OM910846.1_Carspe               A
OZ336339.1_Bolbra               A
PP072306.1_Majmou               A
PP072307.1_Odospe               A
PP438763.1_Astbas               A
PP438765.1_Cermac               A
PP438766.1_Ceryun               A
PP438767.1_Chlles               A
PP438770.1_Panfra               A
PV564197.1_Pselob               A
RBE05_Rivbae                    A



Frequencies..
                                    A      R      N      D      C      Q      E      G      H      I      L      K      M      F      P      S      T      W      Y      V
16CI1f_Psebet                  1.00000 0.00000 0.00000 0.00000 0.00000 0.00000 0.00000 0.00000 0.00000 0.00000 0.00000 0.00000 0.00000 0.00000 0.00000 0.00000 0.00000 0.00000 0.00000 0.00000
23spal_Amespa2                 1.00000 0.00000 0.00000 0.00000 0.00000 0.00000 0.00000 0.00000 0.00000 0.00000 0.00000 0.00000 0.00000 0.00000 0.00000 0.00000 0.00000 0.00000 0.00000 0.00000
41K26_Amepic                   1.00000 0.00000 0.00000 0.00000 0.00000 0.00000 0.00000 0.00000 0.00000 0.00000 0.00000 0.00000 0.00000 0.00000 0.00000 0.00000 0.00000 0.00000 0.00000 0.00000
43assoi_Ameass                 1.00000 0.00000 0.00000 0.00000 0.00000 0.00000 0.00000 0.00000 0.00000 0.00000 0.00000 0.00000 0.00000 0.00000 0.00000 0.00000 0.00000 0.00000 0.00000 0.00000
59T3_Amedum                    1.00000 0.00000 0.00000 0.00000 0.00000 0.00000 0.00000 0.00000 0.00000 0.00000 0.00000 0.00000 0.00000 0.00000 0.00000 0.00000 0.00000 0.00000 0.00000 0.00000
AA001_Ameand                   1.00000 0.00000 0.00000 0.00000 0.00000 0.00000 0.00000 0.00000 0.00000 0.00000 0.00000 0.00000 0.00000 0.00000 0.00000 0.00000 0.00000 0.00000 0.00000 0.00000
AA003_Ameser                   1.00000 0.00000 0.00000 0.00000 0.00000 0.00000 0.00000 0.00000 0.00000 0.00000 0.00000 0.00000 0.00000 0.00000 0.00000 0.00000 0.00000 0.00000 0.00000 0.00000
AA005_Amespa                   1.00000 0.00000 0.00000 0.00000 0.00000 0.00000 0.00000 0.00000 0.00000 0.00000 0.00000 0.00000 0.00000 0.00000 0.00000 0.00000 0.00000 0.00000 0.00000 0.00000
AAP07_Aptapt                   1.00000 0.00000 0.00000 0.00000 0.00000 0.00000 0.00000 0.00000 0.00000 0.00000 0.00000 0.00000 0.00000 0.00000 0.00000 0.00000 0.00000 0.00000 0.00000 0.00000
ADEC02_Amedec                  1.00000 0.00000 0.00000 0.00000 0.00000 0.00000 0.00000 0.00000 0.00000 0.00000 0.00000 0.00000 0.00000 0.00000 0.00000 0.00000 0.00000 0.00000 0.00000 0.00000
KU201314.1_Thespe              1.00000 0.00000 0.00000 0.00000 0.00000 0.00000 0.00000 0.00000 0.00000 0.00000 0.00000 0.00000 0.00000 0.00000 0.00000 0.00000 0.00000 0.00000 0.00000 0.00000
KU201316.1_Staspe              1.00000 0.00000 0.00000 0.00000 0.00000 0.00000 0.00000 0.00000 0.00000 0.00000 0.00000 0.00000 0.00000 0.00000 0.00000 0.00000 0.00000 0.00000 0.00000 0.00000
KX091850.1_Cersau              1.00000 0.00000 0.00000 0.00000 0.00000 0.00000 0.00000 0.00000 0.00000 0.00000 0.00000 0.00000 0.00000 0.00000 0.00000 0.00000 0.00000 0.00000 0.00000 0.00000
KX091851.1_Creelo              1.00000 0.00000 0.00000 0.00000 0.00000 0.00000 0.00000 0.00000 0.00000 0.00000 0.00000 0.00000 0.00000 0.00000 0.00000 0.00000 0.00000 0.00000 0.00000 0.00000
KX091854.1_Spiocc2             1.00000 0.00000 0.00000 0.00000 0.00000 0.00000 0.00000 0.00000 0.00000 0.00000 0.00000 0.00000 0.00000 0.00000 0.00000 0.00000 0.00000 0.00000 0.00000 0.00000
KX091855.1_Hesspe              1.00000 0.00000 0.00000 0.00000 0.00000 0.00000 0.00000 0.00000 0.00000 0.00000 0.00000 0.00000 0.00000 0.00000 0.00000 0.00000 0.00000 0.00000 0.00000 0.00000
KX091863.1_Physha              1.00000 0.00000 0.00000 0.00000 0.00000 0.00000 0.00000 0.00000 0.00000 0.00000 0.00000 0.00000 0.00000 0.00000 0.00000 0.00000 0.00000 0.00000 0.00000 0.00000
KX091864.1_Rholat              1.00000 0.00000 0.00000 0.00000 0.00000 0.00000 0.00000 0.00000 0.00000 0.00000 0.00000 0.00000 0.00000 0.00000 0.00000 0.00000 0.00000 0.00000 0.00000 0.00000
KX434808.1_Miocaf              1.00000 0.00000 0.00000 0.00000 0.00000 0.00000 0.00000 0.00000 0.00000 0.00000 0.00000 0.00000 0.00000 0.00000 0.00000 0.00000 0.00000 0.00000 0.00000 0.00000
KX434810.1_Miryun              1.00000 0.00000 0.00000 0.00000 0.00000 0.00000 0.00000 0.00000 0.00000 0.00000 0.00000 0.00000 0.00000 0.00000 0.00000 0.00000 0.00000 0.00000 0.00000 0.00000
KX434811.1_Psewah              1.00000 0.00000 0.00000 0.00000 0.00000 0.00000 0.00000 0.00000 0.00000 0.00000 0.00000 0.00000 0.00000 0.00000 0.00000 0.00000 0.00000 0.00000 0.00000 0.00000
KX434812.1_Cammou              1.00000 0.00000 0.00000 0.00000 0.00000 0.00000 0.00000 0.00000 0.00000 0.00000 0.00000 0.00000 0.00000 0.00000 0.00000 0.00000 0.00000 0.00000 0.00000 0.00000
KX434813.1_Mesala2             1.00000 0.00000 0.00000 0.00000 0.00000 0.00000 0.00000 0.00000 0.00000 0.00000 0.00000 0.00000 0.00000 0.00000 0.00000 0.00000 0.00000 0.00000 0.00000 0.00000
KX434815.1_Gongon              1.00000 0.00000 0.00000 0.00000 0.00000 0.00000 0.00000 0.00000 0.00000 0.00000 0.00000 0.00000 0.00000 0.00000 0.00000 0.00000 0.00000 0.00000 0.00000 0.00000
KX434816.1_Spiocc              1.00000 0.00000 0.00000 0.00000 0.00000 0.00000 0.00000 0.00000 0.00000 0.00000 0.00000 0.00000 0.00000 0.00000 0.00000 0.00000 0.00000 0.00000 0.00000 0.00000
KX434817.1_Tausig              1.00000 0.00000 0.00000 0.00000 0.00000 0.00000 0.00000 0.00000 0.00000 0.00000 0.00000 0.00000 0.00000 0.00000 0.00000 0.00000 0.00000 0.00000 0.00000 0.00000
KX434818.1_Therub              1.00000 0.00000 0.00000 0.00000 0.00000 0.00000 0.00000 0.00000 0.00000 0.00000 0.00000 0.00000 0.00000 0.00000 0.00000 0.00000 0.00000 0.00000 0.00000 0.00000
KX434819.1_Hiemaj              1.00000 0.00000 0.00000 0.00000 0.00000 0.00000 0.00000 0.00000 0.00000 0.00000 0.00000 0.00000 0.00000 0.00000 0.00000 0.00000 0.00000 0.00000 0.00000 0.00000
KX434820.1_Iripol              1.00000 0.00000 0.00000 0.00000 0.00000 0.00000 0.00000 0.00000 0.00000 0.00000 0.00000 0.00000 0.00000 0.00000 0.00000 0.00000 0.00000 0.00000 0.00000 0.00000
KX434821.1_Plispe              1.00000 0.00000 0.00000 0.00000 0.00000 0.00000 0.00000 0.00000 0.00000 0.00000 0.00000 0.00000 0.00000 0.00000 0.00000 0.00000 0.00000 0.00000 0.00000 0.00000
KX434823.1_Hetspe              1.00000 0.00000 0.00000 0.00000 0.00000 0.00000 0.00000 0.00000 0.00000 0.00000 0.00000 0.00000 0.00000 0.00000 0.00000 0.00000 0.00000 0.00000 0.00000 0.00000
KX434824.1_Idolat              1.00000 0.00000 0.00000 0.00000 0.00000 0.00000 0.00000 0.00000 0.00000 0.00000 0.00000 0.00000 0.00000 0.00000 0.00000 0.00000 0.00000 0.00000 0.00000 0.00000
KX434825.1_Emppen              1.00000 0.00000 0.00000 0.00000 0.00000 0.00000 0.00000 0.00000 0.00000 0.00000 0.00000 0.00000 0.00000 0.00000 0.00000 0.00000 0.00000 0.00000 0.00000 0.00000
KX434826.1_Brubor              1.00000 0.00000 0.00000 0.00000 0.00000 0.00000 0.00000 0.00000 0.00000 0.00000 0.00000 0.00000 0.00000 0.00000 0.00000 0.00000 0.00000 0.00000 0.00000 0.00000
KX434828.1_Blemen              1.00000 0.00000 0.00000 0.00000 0.00000 0.00000 0.00000 0.00000 0.00000 0.00000 0.00000 0.00000 0.00000 0.00000 0.00000 0.00000 0.00000 0.00000 0.00000 0.00000
KX434829.1_Thecat              1.00000 0.00000 0.00000 0.00000 0.00000 0.00000 0.00000 0.00000 0.00000 0.00000 0.00000 0.00000 0.00000 0.00000 0.00000 0.00000 0.00000 0.00000 0.00000 0.00000
KX434830.1_Hiemul              1.00000 0.00000 0.00000 0.00000 0.00000 0.00000 0.00000 0.00000 0.00000 0.00000 0.00000 0.00000 0.00000 0.00000 0.00000 0.00000 0.00000 0.00000 0.00000 0.00000
KX434834.1_Derdes              1.00000 0.00000 0.00000 0.00000 0.00000 0.00000 0.00000 0.00000 0.00000 0.00000 0.00000 0.00000 0.00000 0.00000 0.00000 0.00000 0.00000 0.00000 0.00000 0.00000
KX434837.1_Toxhau              1.00000 0.00000 0.00000 0.00000 0.00000 0.00000 0.00000 0.00000 0.00000 0.00000 0.00000 0.00000 0.00000 0.00000 0.00000 0.00000 0.00000 0.00000 0.00000 0.00000
KX434838.1_Psechl              1.00000 0.00000 0.00000 0.00000 0.00000 0.00000 0.00000 0.00000 0.00000 0.00000 0.00000 0.00000 0.00000 0.00000 0.00000 0.00000 0.00000 0.00000 0.00000 0.00000
KX434839.1_Popspu              1.00000 0.00000 0.00000 0.00000 0.00000 0.00000 0.00000 0.00000 0.00000 0.00000 0.00000 0.00000 0.00000 0.00000 0.00000 0.00000 0.00000 0.00000 0.00000 0.00000
KX434840.1_Sphvir              1.00000 0.00000 0.00000 0.00000 0.00000 0.00000 0.00000 0.00000 0.00000 0.00000 0.00000 0.00000 0.00000 0.00000 0.00000 0.00000 0.00000 0.00000 0.00000 0.00000
KX434841.1_Psespe              1.00000 0.00000 0.00000 0.00000 0.00000 0.00000 0.00000 0.00000 0.00000 0.00000 0.00000 0.00000 0.00000 0.00000 0.00000 0.00000 0.00000 0.00000 0.00000 0.00000
KX434842.1_Ortmin              1.00000 0.00000 0.00000 0.00000 0.00000 0.00000 0.00000 0.00000 0.00000 0.00000 0.00000 0.00000 0.00000 0.00000 0.00000 0.00000 0.00000 0.00000 0.00000 0.00000
KX434843.1_Acomul              1.00000 0.00000 0.00000 0.00000 0.00000 0.00000 0.00000 0.00000 0.00000 0.00000 0.00000 0.00000 0.00000 0.00000 0.00000 0.00000 0.00000 0.00000 0.00000 0.00000
KX434844.1_Decspe              1.00000 0.00000 0.00000 0.00000 0.00000 0.00000 0.00000 0.00000 0.00000 0.00000 0.00000 0.00000 0.00000 0.00000 0.00000 0.00000 0.00000 0.00000 0.00000 0.00000
KX434845.1_Haavit              1.00000 0.00000 0.00000 0.00000 0.00000 0.00000 0.00000 0.00000 0.00000 0.00000 0.00000 0.00000 0.00000 0.00000 0.00000 0.00000 0.00000 0.00000 0.00000 0.00000
KX434846.1_Amochi              1.00000 0.00000 0.00000 0.00000 0.00000 0.00000 0.00000 0.00000 0.00000 0.00000 0.00000 0.00000 0.00000 0.00000 0.00000 0.00000 0.00000 0.00000 0.00000 0.00000
KX434847.1_Psepin2             1.00000 0.00000 0.00000 0.00000 0.00000 0.00000 0.00000 0.00000 0.00000 0.00000 0.00000 0.00000 0.00000 0.00000 0.00000 0.00000 0.00000 0.00000 0.00000 0.00000
KX434849.1_Themil              1.00000 0.00000 0.00000 0.00000 0.00000 0.00000 0.00000 0.00000 0.00000 0.00000 0.00000 0.00000 0.00000 0.00000 0.00000 0.00000 0.00000 0.00000 0.00000 0.00000
KX434850.1_Derlob              1.00000 0.00000 0.00000 0.00000 0.00000 0.00000 0.00000 0.00000 0.00000 0.00000 0.00000 0.00000 0.00000 0.00000 0.00000 0.00000 0.00000 0.00000 0.00000 0.00000
KX434851.1_Pnimed              1.00000 0.00000 0.00000 0.00000 0.00000 0.00000 0.00000 0.00000 0.00000 0.00000 0.00000 0.00000 0.00000 0.00000 0.00000 0.00000 0.00000 0.00000 0.00000 0.00000
KX434855.1_Propic              1.00000 0.00000 0.00000 0.00000 0.00000 0.00000 0.00000 0.00000 0.00000 0.00000 0.00000 0.00000 0.00000 0.00000 0.00000 0.00000 0.00000 0.00000 0.00000 0.00000
KX434856.1_Otospe              1.00000 0.00000 0.00000 0.00000 0.00000 0.00000 0.00000 0.00000 0.00000 0.00000 0.00000 0.00000 0.00000 0.00000 0.00000 0.00000 0.00000 0.00000 0.00000 0.00000
KX434857.1_Humnad2             1.00000 0.00000 0.00000 0.00000 0.00000 0.00000 0.00000 0.00000 0.00000 0.00000 0.00000 0.00000 0.00000 0.00000 0.00000 0.00000 0.00000 0.00000 0.00000 0.00000
KX434858.1_Neobol              1.00000 0.00000 0.00000 0.00000 0.00000 0.00000 0.00000 0.00000 0.00000 0.00000 0.00000 0.00000 0.00000 0.00000 0.00000 0.00000 0.00000 0.00000 0.00000 0.00000
KX434859.1_Heshof              1.00000 0.00000 0.00000 0.00000 0.00000 0.00000 0.00000 0.00000 0.00000 0.00000 0.00000 0.00000 0.00000 0.00000 0.00000 0.00000 0.00000 0.00000 0.00000 0.00000
KX434860.1_Singra              1.00000 0.00000 0.00000 0.00000 0.00000 0.00000 0.00000 0.00000 0.00000 0.00000 0.00000 0.00000 0.00000 0.00000 0.00000 0.00000 0.00000 0.00000 0.00000 0.00000
KX434861.1_Hymcor              1.00000 0.00000 0.00000 0.00000 0.00000 0.00000 0.00000 0.00000 0.00000 0.00000 0.00000 0.00000 0.00000 0.00000 0.00000 0.00000 0.00000 0.00000 0.00000 0.00000
KX434862.1_Tarala              1.00000 0.00000 0.00000 0.00000 0.00000 0.00000 0.00000 0.00000 0.00000 0.00000 0.00000 0.00000 0.00000 0.00000 0.00000 0.00000 0.00000 0.00000 0.00000 0.00000
KX434863.1_Polgri              1.00000 0.00000 0.00000 0.00000 0.00000 0.00000 0.00000 0.00000 0.00000 0.00000 0.00000 0.00000 0.00000 0.00000 0.00000 0.00000 0.00000 0.00000 0.00000 0.00000
KX434864.1_Idodia              1.00000 0.00000 0.00000 0.00000 0.00000 0.00000 0.00000 0.00000 0.00000 0.00000 0.00000 0.00000 0.00000 0.00000 0.00000 0.00000 0.00000 0.00000 0.00000 0.00000
KX434867.1_Creapi              1.00000 0.00000 0.00000 0.00000 0.00000 0.00000 0.00000 0.00000 0.00000 0.00000 0.00000 0.00000 0.00000 0.00000 0.00000 0.00000 0.00000 0.00000 0.00000 0.00000
KX434868.1_Prospe              1.00000 0.00000 0.00000 0.00000 0.00000 0.00000 0.00000 0.00000 0.00000 0.00000 0.00000 0.00000 0.00000 0.00000 0.00000 0.00000 0.00000 0.00000 0.00000 0.00000
KX434870.1_Pardav              1.00000 0.00000 0.00000 0.00000 0.00000 0.00000 0.00000 0.00000 0.00000 0.00000 0.00000 0.00000 0.00000 0.00000 0.00000 0.00000 0.00000 0.00000 0.00000 0.00000
KX434871.1_Metspe              1.00000 0.00000 0.00000 0.00000 0.00000 0.00000 0.00000 0.00000 0.00000 0.00000 0.00000 0.00000 0.00000 0.00000 0.00000 0.00000 0.00000 0.00000 0.00000 0.00000
KX619654.1_Rhospe              1.00000 0.00000 0.00000 0.00000 0.00000 0.00000 0.00000 0.00000 0.00000 0.00000 0.00000 0.00000 0.00000 0.00000 0.00000 0.00000 0.00000 0.00000 0.00000 0.00000
KY689113.1_Derdes2             1.00000 0.00000 0.00000 0.00000 0.00000 0.00000 0.00000 0.00000 0.00000 0.00000 0.00000 0.00000 0.00000 0.00000 0.00000 0.00000 0.00000 0.00000 0.00000 0.00000
KY689117.1_Parkuh              1.00000 0.00000 0.00000 0.00000 0.00000 0.00000 0.00000 0.00000 0.00000 0.00000 0.00000 0.00000 0.00000 0.00000 0.00000 0.00000 0.00000 0.00000 0.00000 0.00000
KY689118.1_Stepor              1.00000 0.00000 0.00000 0.00000 0.00000 0.00000 0.00000 0.00000 0.00000 0.00000 0.00000 0.00000 0.00000 0.00000 0.00000 0.00000 0.00000 0.00000 0.00000 0.00000
KY689119.1_Physpe              1.00000 0.00000 0.00000 0.00000 0.00000 0.00000 0.00000 0.00000 0.00000 0.00000 0.00000 0.00000 0.00000 0.00000 0.00000 0.00000 0.00000 0.00000 0.00000 0.00000
KY689125.1_Theele              1.00000 0.00000 0.00000 0.00000 0.00000 0.00000 0.00000 0.00000 0.00000 0.00000 0.00000 0.00000 0.00000 0.00000 0.00000 0.00000 0.00000 0.00000 0.00000 0.00000
KY689126.1_Calspe              1.00000 0.00000 0.00000 0.00000 0.00000 0.00000 0.00000 0.00000 0.00000 0.00000 0.00000 0.00000 0.00000 0.00000 0.00000 0.00000 0.00000 0.00000 0.00000 0.00000
KY689128.1_Ambund              1.00000 0.00000 0.00000 0.00000 0.00000 0.00000 0.00000 0.00000 0.00000 0.00000 0.00000 0.00000 0.00000 0.00000 0.00000 0.00000 0.00000 0.00000 0.00000 0.00000
KY689130.1_Haaspe              1.00000 0.00000 0.00000 0.00000 0.00000 0.00000 0.00000 0.00000 0.00000 0.00000 0.00000 0.00000 0.00000 0.00000 0.00000 0.00000 0.00000 0.00000 0.00000 0.00000
KY689136.1_Hiedul              1.00000 0.00000 0.00000 0.00000 0.00000 0.00000 0.00000 0.00000 0.00000 0.00000 0.00000 0.00000 0.00000 0.00000 0.00000 0.00000 0.00000 0.00000 0.00000 0.00000
MG888436.1_Ambpar              1.00000 0.00000 0.00000 0.00000 0.00000 0.00000 0.00000 0.00000 0.00000 0.00000 0.00000 0.00000 0.00000 0.00000 0.00000 0.00000 0.00000 0.00000 0.00000 0.00000
MG888437.1_Amospe              1.00000 0.00000 0.00000 0.00000 0.00000 0.00000 0.00000 0.00000 0.00000 0.00000 0.00000 0.00000 0.00000 0.00000 0.00000 0.00000 0.00000 0.00000 0.00000 0.00000
MG888449.1_Hymcor              1.00000 0.00000 0.00000 0.00000 0.00000 0.00000 0.00000 0.00000 0.00000 0.00000 0.00000 0.00000 0.00000 0.00000 0.00000 0.00000 0.00000 0.00000 0.00000 0.00000
MG888453.1_Leplac              1.00000 0.00000 0.00000 0.00000 0.00000 0.00000 0.00000 0.00000 0.00000 0.00000 0.00000 0.00000 0.00000 0.00000 0.00000 0.00000 0.00000 0.00000 0.00000 0.00000
MG888455.1_Metspl              1.00000 0.00000 0.00000 0.00000 0.00000 0.00000 0.00000 0.00000 0.00000 0.00000 0.00000 0.00000 0.00000 0.00000 0.00000 0.00000 0.00000 0.00000 0.00000 0.00000
MG888456.1_Parkuhasi           1.00000 0.00000 0.00000 0.00000 0.00000 0.00000 0.00000 0.00000 0.00000 0.00000 0.00000 0.00000 0.00000 0.00000 0.00000 0.00000 0.00000 0.00000 0.00000 0.00000
MG888457.1_Pargig              1.00000 0.00000 0.00000 0.00000 0.00000 0.00000 0.00000 0.00000 0.00000 0.00000 0.00000 0.00000 0.00000 0.00000 0.00000 0.00000 0.00000 0.00000 0.00000 0.00000
MG888464.1_Singua              1.00000 0.00000 0.00000 0.00000 0.00000 0.00000 0.00000 0.00000 0.00000 0.00000 0.00000 0.00000 0.00000 0.00000 0.00000 0.00000 0.00000 0.00000 0.00000 0.00000
MK400676.1_Erespe              1.00000 0.00000 0.00000 0.00000 0.00000 0.00000 0.00000 0.00000 0.00000 0.00000 0.00000 0.00000 0.00000 0.00000 0.00000 0.00000 0.00000 0.00000 0.00000 0.00000
MN267041.1_Mekqui              1.00000 0.00000 0.00000 0.00000 0.00000 0.00000 0.00000 0.00000 0.00000 0.00000 0.00000 0.00000 0.00000 0.00000 0.00000 0.00000 0.00000 0.00000 0.00000 0.00000
MT024239.1_Phybre2             1.00000 0.00000 0.00000 0.00000 0.00000 0.00000 0.00000 0.00000 0.00000 0.00000 0.00000 0.00000 0.00000 0.00000 0.00000 0.00000 0.00000 0.00000 0.00000 0.00000
MW222469.1_Crespe              1.00000 0.00000 0.00000 0.00000 0.00000 0.00000 0.00000 0.00000 0.00000 0.00000 0.00000 0.00000 0.00000 0.00000 0.00000 0.00000 0.00000 0.00000 0.00000 0.00000
MW357297.1_Asiyun              1.00000 0.00000 0.00000 0.00000 0.00000 0.00000 0.00000 0.00000 0.00000 0.00000 0.00000 0.00000 0.00000 0.00000 0.00000 0.00000 0.00000 0.00000 0.00000 0.00000
MW357298.1_Hiespe2             1.00000 0.00000 0.00000 0.00000 0.00000 0.00000 0.00000 0.00000 0.00000 0.00000 0.00000 0.00000 0.00000 0.00000 0.00000 0.00000 0.00000 0.00000 0.00000 0.00000
MW357300.1_Mesala              1.00000 0.00000 0.00000 0.00000 0.00000 0.00000 0.00000 0.00000 0.00000 0.00000 0.00000 0.00000 0.00000 0.00000 0.00000 0.00000 0.00000 0.00000 0.00000 0.00000
MW357301.1_Pseper              1.00000 0.00000 0.00000 0.00000 0.00000 0.00000 0.00000 0.00000 0.00000 0.00000 0.00000 0.00000 0.00000 0.00000 0.00000 0.00000 0.00000 0.00000 0.00000 0.00000
MW357302.1_Stabio              1.00000 0.00000 0.00000 0.00000 0.00000 0.00000 0.00000 0.00000 0.00000 0.00000 0.00000 0.00000 0.00000 0.00000 0.00000 0.00000 0.00000 0.00000 0.00000 0.00000
MW357303.1_Yermex              1.00000 0.00000 0.00000 0.00000 0.00000 0.00000 0.00000 0.00000 0.00000 0.00000 0.00000 0.00000 0.00000 0.00000 0.00000 0.00000 0.00000 0.00000 0.00000 0.00000
NC_007702.1_Tamtam             1.00000 0.00000 0.00000 0.00000 0.00000 0.00000 0.00000 0.00000 0.00000 0.00000 0.00000 0.00000 0.00000 0.00000 0.00000 0.00000 0.00000 0.00000 0.00000 0.00000
NC_009499.1_Retsan             1.00000 0.00000 0.00000 0.00000 0.00000 0.00000 0.00000 0.00000 0.00000 0.00000 0.00000 0.00000 0.00000 0.00000 0.00000 0.00000 0.00000 0.00000 0.00000 0.00000
NC_012901.1_Blager             1.00000 0.00000 0.00000 0.00000 0.00000 0.00000 0.00000 0.00000 0.00000 0.00000 0.00000 0.00000 0.00000 0.00000 0.00000 0.00000 0.00000 0.00000 0.00000 0.00000
NC_014274.1_Eupsin             1.00000 0.00000 0.00000 0.00000 0.00000 0.00000 0.00000 0.00000 0.00000 0.00000 0.00000 0.00000 0.00000 0.00000 0.00000 0.00000 0.00000 0.00000 0.00000 0.00000
NC_015800.1_Copfor             1.00000 0.00000 0.00000 0.00000 0.00000 0.00000 0.00000 0.00000 0.00000 0.00000 0.00000 0.00000 0.00000 0.00000 0.00000 0.00000 0.00000 0.00000 0.00000 0.00000
NC_018120.1_Masdar             1.00000 0.00000 0.00000 0.00000 0.00000 0.00000 0.00000 0.00000 0.00000 0.00000 0.00000 0.00000 0.00000 0.00000 0.00000 0.00000 0.00000 0.00000 0.00000 0.00000
NC_024028.1_Lepalb             1.00000 0.00000 0.00000 0.00000 0.00000 0.00000 0.00000 0.00000 0.00000 0.00000 0.00000 0.00000 0.00000 0.00000 0.00000 0.00000 0.00000 0.00000 0.00000 0.00000
NC_029326.1_Hiefor             1.00000 0.00000 0.00000 0.00000 0.00000 0.00000 0.00000 0.00000 0.00000 0.00000 0.00000 0.00000 0.00000 0.00000 0.00000 0.00000 0.00000 0.00000 0.00000 0.00000
NC_030264.1_Humnad             1.00000 0.00000 0.00000 0.00000 0.00000 0.00000 0.00000 0.00000 0.00000 0.00000 0.00000 0.00000 0.00000 0.00000 0.00000 0.00000 0.00000 0.00000 0.00000 0.00000
NC_030265.1_Manrel             1.00000 0.00000 0.00000 0.00000 0.00000 0.00000 0.00000 0.00000 0.00000 0.00000 0.00000 0.00000 0.00000 0.00000 0.00000 0.00000 0.00000 0.00000 0.00000 0.00000
NC_030266.1_Tensin             1.00000 0.00000 0.00000 0.00000 0.00000 0.00000 0.00000 0.00000 0.00000 0.00000 0.00000 0.00000 0.00000 0.00000 0.00000 0.00000 0.00000 0.00000 0.00000 0.00000
NC_030267.1_Cregem             1.00000 0.00000 0.00000 0.00000 0.00000 0.00000 0.00000 0.00000 0.00000 0.00000 0.00000 0.00000 0.00000 0.00000 0.00000 0.00000 0.00000 0.00000 0.00000 0.00000
NC_030268.1_Anazhe             1.00000 0.00000 0.00000 0.00000 0.00000 0.00000 0.00000 0.00000 0.00000 0.00000 0.00000 0.00000 0.00000 0.00000 0.00000 0.00000 0.00000 0.00000 0.00000 0.00000
NC_034282.1_Rhobra             1.00000 0.00000 0.00000 0.00000 0.00000 0.00000 0.00000 0.00000 0.00000 0.00000 0.00000 0.00000 0.00000 0.00000 0.00000 0.00000 0.00000 0.00000 0.00000 0.00000
NC_034283.1_Hiepat             1.00000 0.00000 0.00000 0.00000 0.00000 0.00000 0.00000 0.00000 0.00000 0.00000 0.00000 0.00000 0.00000 0.00000 0.00000 0.00000 0.00000 0.00000 0.00000 0.00000
NC_034284.1_Rhoval             1.00000 0.00000 0.00000 0.00000 0.00000 0.00000 0.00000 0.00000 0.00000 0.00000 0.00000 0.00000 0.00000 0.00000 0.00000 0.00000 0.00000 0.00000 0.00000 0.00000
NC_037203.1_Amanaw             1.00000 0.00000 0.00000 0.00000 0.00000 0.00000 0.00000 0.00000 0.00000 0.00000 0.00000 0.00000 0.00000 0.00000 0.00000 0.00000 0.00000 0.00000 0.00000 0.00000
NC_037204.1_Sphlin             1.00000 0.00000 0.00000 0.00000 0.00000 0.00000 0.00000 0.00000 0.00000 0.00000 0.00000 0.00000 0.00000 0.00000 0.00000 0.00000 0.00000 0.00000 0.00000 0.00000
NC_037205.1_Troten             1.00000 0.00000 0.00000 0.00000 0.00000 0.00000 0.00000 0.00000 0.00000 0.00000 0.00000 0.00000 0.00000 0.00000 0.00000 0.00000 0.00000 0.00000 0.00000 0.00000
NC_037206.1_Scesim             1.00000 0.00000 0.00000 0.00000 0.00000 0.00000 0.00000 0.00000 0.00000 0.00000 0.00000 0.00000 0.00000 0.00000 0.00000 0.00000 0.00000 0.00000 0.00000 0.00000
NC_037207.1_Schbic             1.00000 0.00000 0.00000 0.00000 0.00000 0.00000 0.00000 0.00000 0.00000 0.00000 0.00000 0.00000 0.00000 0.00000 0.00000 0.00000 0.00000 0.00000 0.00000 0.00000
NC_037208.1_Eomyun             1.00000 0.00000 0.00000 0.00000 0.00000 0.00000 0.00000 0.00000 0.00000 0.00000 0.00000 0.00000 0.00000 0.00000 0.00000 0.00000 0.00000 0.00000 0.00000 0.00000
NC_037234.1_Crejia             1.00000 0.00000 0.00000 0.00000 0.00000 0.00000 0.00000 0.00000 0.00000 0.00000 0.00000 0.00000 0.00000 0.00000 0.00000 0.00000 0.00000 0.00000 0.00000 0.00000
NC_037235.1_Sibpre             1.00000 0.00000 0.00000 0.00000 0.00000 0.00000 0.00000 0.00000 0.00000 0.00000 0.00000 0.00000 0.00000 0.00000 0.00000 0.00000 0.00000 0.00000 0.00000 0.00000
NC_037496.1_Crymer             1.00000 0.00000 0.00000 0.00000 0.00000 0.00000 0.00000 0.00000 0.00000 0.00000 0.00000 0.00000 0.00000 0.00000 0.00000 0.00000 0.00000 0.00000 0.00000 0.00000
NC_037697.1_Parpol             1.00000 0.00000 0.00000 0.00000 0.00000 0.00000 0.00000 0.00000 0.00000 0.00000 0.00000 0.00000 0.00000 0.00000 0.00000 0.00000 0.00000 0.00000 0.00000 0.00000
NC_039940.1_Perbru             1.00000 0.00000 0.00000 0.00000 0.00000 0.00000 0.00000 0.00000 0.00000 0.00000 0.00000 0.00000 0.00000 0.00000 0.00000 0.00000 0.00000 0.00000 0.00000 0.00000
NC_045876.1_Psybor             1.00000 0.00000 0.00000 0.00000 0.00000 0.00000 0.00000 0.00000 0.00000 0.00000 0.00000 0.00000 0.00000 0.00000 0.00000 0.00000 0.00000 0.00000 0.00000 0.00000
NC_048984.1_Hiemem             1.00000 0.00000 0.00000 0.00000 0.00000 0.00000 0.00000 0.00000 0.00000 0.00000 0.00000 0.00000 0.00000 0.00000 0.00000 0.00000 0.00000 0.00000 0.00000 0.00000
NC_051489.1_Rholon             1.00000 0.00000 0.00000 0.00000 0.00000 0.00000 0.00000 0.00000 0.00000 0.00000 0.00000 0.00000 0.00000 0.00000 0.00000 0.00000 0.00000 0.00000 0.00000 0.00000
NC_051490.1_Plibim             1.00000 0.00000 0.00000 0.00000 0.00000 0.00000 0.00000 0.00000 0.00000 0.00000 0.00000 0.00000 0.00000 0.00000 0.00000 0.00000 0.00000 0.00000 0.00000 0.00000
NC_051892.1_Arrpal             1.00000 0.00000 0.00000 0.00000 0.00000 0.00000 0.00000 0.00000 0.00000 0.00000 0.00000 0.00000 0.00000 0.00000 0.00000 0.00000 0.00000 0.00000 0.00000 0.00000
NC_057070.1_Amohai             1.00000 0.00000 0.00000 0.00000 0.00000 0.00000 0.00000 0.00000 0.00000 0.00000 0.00000 0.00000 0.00000 0.00000 0.00000 0.00000 0.00000 0.00000 0.00000 0.00000
NC_063851.1_Sinden             1.00000 0.00000 0.00000 0.00000 0.00000 0.00000 0.00000 0.00000 0.00000 0.00000 0.00000 0.00000 0.00000 0.00000 0.00000 0.00000 0.00000 0.00000 0.00000 0.00000
NC_065745.1_Hiechi             1.00000 0.00000 0.00000 0.00000 0.00000 0.00000 0.00000 0.00000 0.00000 0.00000 0.00000 0.00000 0.00000 0.00000 0.00000 0.00000 0.00000 0.00000 0.00000 0.00000
NC_065746.1_Hiezha             1.00000 0.00000 0.00000 0.00000 0.00000 0.00000 0.00000 0.00000 0.00000 0.00000 0.00000 0.00000 0.00000 0.00000 0.00000 0.00000 0.00000 0.00000 0.00000 0.00000
NC_065758.1_Hiemac             1.00000 0.00000 0.00000 0.00000 0.00000 0.00000 0.00000 0.00000 0.00000 0.00000 0.00000 0.00000 0.00000 0.00000 0.00000 0.00000 0.00000 0.00000 0.00000 0.00000
NC_065759.1_Tenang             1.00000 0.00000 0.00000 0.00000 0.00000 0.00000 0.00000 0.00000 0.00000 0.00000 0.00000 0.00000 0.00000 0.00000 0.00000 0.00000 0.00000 0.00000 0.00000 0.00000
NC_065760.1_Stamac             1.00000 0.00000 0.00000 0.00000 0.00000 0.00000 0.00000 0.00000 0.00000 0.00000 0.00000 0.00000 0.00000 0.00000 0.00000 0.00000 0.00000 0.00000 0.00000 0.00000
NC_065761.1_Stafla             1.00000 0.00000 0.00000 0.00000 0.00000 0.00000 0.00000 0.00000 0.00000 0.00000 0.00000 0.00000 0.00000 0.00000 0.00000 0.00000 0.00000 0.00000 0.00000 0.00000
NC_066978.1_Paragr             1.00000 0.00000 0.00000 0.00000 0.00000 0.00000 0.00000 0.00000 0.00000 0.00000 0.00000 0.00000 0.00000 0.00000 0.00000 0.00000 0.00000 0.00000 0.00000 0.00000
NC_069808.1_Cilhum             1.00000 0.00000 0.00000 0.00000 0.00000 0.00000 0.00000 0.00000 0.00000 0.00000 0.00000 0.00000 0.00000 0.00000 0.00000 0.00000 0.00000 0.00000 0.00000 0.00000
NC_069809.1_Citfal             1.00000 0.00000 0.00000 0.00000 0.00000 0.00000 0.00000 0.00000 0.00000 0.00000 0.00000 0.00000 0.00000 0.00000 0.00000 0.00000 0.00000 0.00000 0.00000 0.00000
NC_069810.1_Dertru             1.00000 0.00000 0.00000 0.00000 0.00000 0.00000 0.00000 0.00000 0.00000 0.00000 0.00000 0.00000 0.00000 0.00000 0.00000 0.00000 0.00000 0.00000 0.00000 0.00000
NC_069811.1_Pacbic             1.00000 0.00000 0.00000 0.00000 0.00000 0.00000 0.00000 0.00000 0.00000 0.00000 0.00000 0.00000 0.00000 0.00000 0.00000 0.00000 0.00000 0.00000 0.00000 0.00000
NC_077476.1_Caldia             1.00000 0.00000 0.00000 0.00000 0.00000 0.00000 0.00000 0.00000 0.00000 0.00000 0.00000 0.00000 0.00000 0.00000 0.00000 0.00000 0.00000 0.00000 0.00000 0.00000
NC_077477.1_Rapfus             1.00000 0.00000 0.00000 0.00000 0.00000 0.00000 0.00000 0.00000 0.00000 0.00000 0.00000 0.00000 0.00000 0.00000 0.00000 0.00000 0.00000 0.00000 0.00000 0.00000
NC_077478.1_Galamo             1.00000 0.00000 0.00000 0.00000 0.00000 0.00000 0.00000 0.00000 0.00000 0.00000 0.00000 0.00000 0.00000 0.00000 0.00000 0.00000 0.00000 0.00000 0.00000 0.00000
NC_077479.1_Chestr             1.00000 0.00000 0.00000 0.00000 0.00000 0.00000 0.00000 0.00000 0.00000 0.00000 0.00000 0.00000 0.00000 0.00000 0.00000 0.00000 0.00000 0.00000 0.00000 0.00000
NC_082459.1_Dippun             1.00000 0.00000 0.00000 0.00000 0.00000 0.00000 0.00000 0.00000 0.00000 0.00000 0.00000 0.00000 0.00000 0.00000 0.00000 0.00000 0.00000 0.00000 0.00000 0.00000
NC_085562.1_Acrjap             1.00000 0.00000 0.00000 0.00000 0.00000 0.00000 0.00000 0.00000 0.00000 0.00000 0.00000 0.00000 0.00000 0.00000 0.00000 0.00000 0.00000 0.00000 0.00000 0.00000
NC_086621.1_Otoscu             1.00000 0.00000 0.00000 0.00000 0.00000 0.00000 0.00000 0.00000 0.00000 0.00000 0.00000 0.00000 0.00000 0.00000 0.00000 0.00000 0.00000 0.00000 0.00000 0.00000
NC_086622.1_Phybre             1.00000 0.00000 0.00000 0.00000 0.00000 0.00000 0.00000 0.00000 0.00000 0.00000 0.00000 0.00000 0.00000 0.00000 0.00000 0.00000 0.00000 0.00000 0.00000 0.00000
NC_086795.1_Phypar             1.00000 0.00000 0.00000 0.00000 0.00000 0.00000 0.00000 0.00000 0.00000 0.00000 0.00000 0.00000 0.00000 0.00000 0.00000 0.00000 0.00000 0.00000 0.00000 0.00000
NC_086817.1_Acrhes             1.00000 0.00000 0.00000 0.00000 0.00000 0.00000 0.00000 0.00000 0.00000 0.00000 0.00000 0.00000 0.00000 0.00000 0.00000 0.00000 0.00000 0.00000 0.00000 0.00000
NC_086818.1_Amawuz             1.00000 0.00000 0.00000 0.00000 0.00000 0.00000 0.00000 0.00000 0.00000 0.00000 0.00000 0.00000 0.00000 0.00000 0.00000 0.00000 0.00000 0.00000 0.00000 0.00000
NC_086819.1_Hielat             1.00000 0.00000 0.00000 0.00000 0.00000 0.00000 0.00000 0.00000 0.00000 0.00000 0.00000 0.00000 0.00000 0.00000 0.00000 0.00000 0.00000 0.00000 0.00000 0.00000
NC_086820.1_Staagr             1.00000 0.00000 0.00000 0.00000 0.00000 0.00000 0.00000 0.00000 0.00000 0.00000 0.00000 0.00000 0.00000 0.00000 0.00000 0.00000 0.00000 0.00000 0.00000 0.00000
NC_086821.1_Psepin             1.00000 0.00000 0.00000 0.00000 0.00000 0.00000 0.00000 0.00000 0.00000 0.00000 0.00000 0.00000 0.00000 0.00000 0.00000 0.00000 0.00000 0.00000 0.00000 0.00000
NC_086822.1_Anasin             1.00000 0.00000 0.00000 0.00000 0.00000 0.00000 0.00000 0.00000 0.00000 0.00000 0.00000 0.00000 0.00000 0.00000 0.00000 0.00000 0.00000 0.00000 0.00000 0.00000
NC_086823.1_Thesin             1.00000 0.00000 0.00000 0.00000 0.00000 0.00000 0.00000 0.00000 0.00000 0.00000 0.00000 0.00000 0.00000 0.00000 0.00000 0.00000 0.00000 0.00000 0.00000 0.00000
NC_086824.1_Physin             1.00000 0.00000 0.00000 0.00000 0.00000 0.00000 0.00000 0.00000 0.00000 0.00000 0.00000 0.00000 0.00000 0.00000 0.00000 0.00000 0.00000 0.00000 0.00000 0.00000
NC_086825.1_Phywer             1.00000 0.00000 0.00000 0.00000 0.00000 0.00000 0.00000 0.00000 0.00000 0.00000 0.00000 0.00000 0.00000 0.00000 0.00000 0.00000 0.00000 0.00000 0.00000 0.00000
NC_086826.1_Anatia             1.00000 0.00000 0.00000 0.00000 0.00000 0.00000 0.00000 0.00000 0.00000 0.00000 0.00000 0.00000 0.00000 0.00000 0.00000 0.00000 0.00000 0.00000 0.00000 0.00000
NC_086827.1_Theoph             1.00000 0.00000 0.00000 0.00000 0.00000 0.00000 0.00000 0.00000 0.00000 0.00000 0.00000 0.00000 0.00000 0.00000 0.00000 0.00000 0.00000 0.00000 0.00000 0.00000
NC_086828.1_Arrbre             1.00000 0.00000 0.00000 0.00000 0.00000 0.00000 0.00000 0.00000 0.00000 0.00000 0.00000 0.00000 0.00000 0.00000 0.00000 0.00000 0.00000 0.00000 0.00000 0.00000
NC_086829.1_Arrpur             1.00000 0.00000 0.00000 0.00000 0.00000 0.00000 0.00000 0.00000 0.00000 0.00000 0.00000 0.00000 0.00000 0.00000 0.00000 0.00000 0.00000 0.00000 0.00000 0.00000
NC_086830.1_Astmaj             1.00000 0.00000 0.00000 0.00000 0.00000 0.00000 0.00000 0.00000 0.00000 0.00000 0.00000 0.00000 0.00000 0.00000 0.00000 0.00000 0.00000 0.00000 0.00000 0.00000
NC_086831.1_Gonbru             1.00000 0.00000 0.00000 0.00000 0.00000 0.00000 0.00000 0.00000 0.00000 0.00000 0.00000 0.00000 0.00000 0.00000 0.00000 0.00000 0.00000 0.00000 0.00000 0.00000
NC_086832.1_Themac             1.00000 0.00000 0.00000 0.00000 0.00000 0.00000 0.00000 0.00000 0.00000 0.00000 0.00000 0.00000 0.00000 0.00000 0.00000 0.00000 0.00000 0.00000 0.00000 0.00000
OK480879.1_Lepton              1.00000 0.00000 0.00000 0.00000 0.00000 0.00000 0.00000 0.00000 0.00000 0.00000 0.00000 0.00000 0.00000 0.00000 0.00000 0.00000 0.00000 0.00000 0.00000 0.00000
OK542392.1_Hielon              1.00000 0.00000 0.00000 0.00000 0.00000 0.00000 0.00000 0.00000 0.00000 0.00000 0.00000 0.00000 0.00000 0.00000 0.00000 0.00000 0.00000 0.00000 0.00000 0.00000
OK542393.1_Tenaribre           1.00000 0.00000 0.00000 0.00000 0.00000 0.00000 0.00000 0.00000 0.00000 0.00000 0.00000 0.00000 0.00000 0.00000 0.00000 0.00000 0.00000 0.00000 0.00000 0.00000
OL414957.1_Staspe2             1.00000 0.00000 0.00000 0.00000 0.00000 0.00000 0.00000 0.00000 0.00000 0.00000 0.00000 0.00000 0.00000 0.00000 0.00000 0.00000 0.00000 0.00000 0.00000 0.00000
OL414959.1_Hiespe              1.00000 0.00000 0.00000 0.00000 0.00000 0.00000 0.00000 0.00000 0.00000 0.00000 0.00000 0.00000 0.00000 0.00000 0.00000 0.00000 0.00000 0.00000 0.00000 0.00000
OM177664.1_Gonspe              1.00000 0.00000 0.00000 0.00000 0.00000 0.00000 0.00000 0.00000 0.00000 0.00000 0.00000 0.00000 0.00000 0.00000 0.00000 0.00000 0.00000 0.00000 0.00000 0.00000
OM202552.1_Tenspe              1.00000 0.00000 0.00000 0.00000 0.00000 0.00000 0.00000 0.00000 0.00000 0.00000 0.00000 0.00000 0.00000 0.00000 0.00000 0.00000 0.00000 0.00000 0.00000 0.00000
OM202554.1_Anaspe              1.00000 0.00000 0.00000 0.00000 0.00000 0.00000 0.00000 0.00000 0.00000 0.00000 0.00000 0.00000 0.00000 0.00000 0.00000 0.00000 0.00000 0.00000 0.00000 0.00000
OM202555.1_Anagra              1.00000 0.00000 0.00000 0.00000 0.00000 0.00000 0.00000 0.00000 0.00000 0.00000 0.00000 0.00000 0.00000 0.00000 0.00000 0.00000 0.00000 0.00000 0.00000 0.00000
OM202561.1_Sinspe              1.00000 0.00000 0.00000 0.00000 0.00000 0.00000 0.00000 0.00000 0.00000 0.00000 0.00000 0.00000 0.00000 0.00000 0.00000 0.00000 0.00000 0.00000 0.00000 0.00000
OM202562.1_Mirspe              1.00000 0.00000 0.00000 0.00000 0.00000 0.00000 0.00000 0.00000 0.00000 0.00000 0.00000 0.00000 0.00000 0.00000 0.00000 0.00000 0.00000 0.00000 0.00000 0.00000
OM202563.1_Arrpal2             1.00000 0.00000 0.00000 0.00000 0.00000 0.00000 0.00000 0.00000 0.00000 0.00000 0.00000 0.00000 0.00000 0.00000 0.00000 0.00000 0.00000 0.00000 0.00000 0.00000
OM202564.1_Thespe              1.00000 0.00000 0.00000 0.00000 0.00000 0.00000 0.00000 0.00000 0.00000 0.00000 0.00000 0.00000 0.00000 0.00000 0.00000 0.00000 0.00000 0.00000 0.00000 0.00000
OM202571.1_Lepspe              1.00000 0.00000 0.00000 0.00000 0.00000 0.00000 0.00000 0.00000 0.00000 0.00000 0.00000 0.00000 0.00000 0.00000 0.00000 0.00000 0.00000 0.00000 0.00000 0.00000
OM910846.1_Carspe              1.00000 0.00000 0.00000 0.00000 0.00000 0.00000 0.00000 0.00000 0.00000 0.00000 0.00000 0.00000 0.00000 0.00000 0.00000 0.00000 0.00000 0.00000 0.00000 0.00000
OZ336339.1_Bolbra              1.00000 0.00000 0.00000 0.00000 0.00000 0.00000 0.00000 0.00000 0.00000 0.00000 0.00000 0.00000 0.00000 0.00000 0.00000 0.00000 0.00000 0.00000 0.00000 0.00000
PP072306.1_Majmou              1.00000 0.00000 0.00000 0.00000 0.00000 0.00000 0.00000 0.00000 0.00000 0.00000 0.00000 0.00000 0.00000 0.00000 0.00000 0.00000 0.00000 0.00000 0.00000 0.00000
PP072307.1_Odospe              1.00000 0.00000 0.00000 0.00000 0.00000 0.00000 0.00000 0.00000 0.00000 0.00000 0.00000 0.00000 0.00000 0.00000 0.00000 0.00000 0.00000 0.00000 0.00000 0.00000
PP438763.1_Astbas              1.00000 0.00000 0.00000 0.00000 0.00000 0.00000 0.00000 0.00000 0.00000 0.00000 0.00000 0.00000 0.00000 0.00000 0.00000 0.00000 0.00000 0.00000 0.00000 0.00000
PP438765.1_Cermac              1.00000 0.00000 0.00000 0.00000 0.00000 0.00000 0.00000 0.00000 0.00000 0.00000 0.00000 0.00000 0.00000 0.00000 0.00000 0.00000 0.00000 0.00000 0.00000 0.00000
PP438766.1_Ceryun              1.00000 0.00000 0.00000 0.00000 0.00000 0.00000 0.00000 0.00000 0.00000 0.00000 0.00000 0.00000 0.00000 0.00000 0.00000 0.00000 0.00000 0.00000 0.00000 0.00000
PP438767.1_Chlles              1.00000 0.00000 0.00000 0.00000 0.00000 0.00000 0.00000 0.00000 0.00000 0.00000 0.00000 0.00000 0.00000 0.00000 0.00000 0.00000 0.00000 0.00000 0.00000 0.00000
PP438770.1_Panfra              1.00000 0.00000 0.00000 0.00000 0.00000 0.00000 0.00000 0.00000 0.00000 0.00000 0.00000 0.00000 0.00000 0.00000 0.00000 0.00000 0.00000 0.00000 0.00000 0.00000
PV564197.1_Pselob              1.00000 0.00000 0.00000 0.00000 0.00000 0.00000 0.00000 0.00000 0.00000 0.00000 0.00000 0.00000 0.00000 0.00000 0.00000 0.00000 0.00000 0.00000 0.00000 0.00000
RBE05_Rivbae                   1.00000 0.00000 0.00000 0.00000 0.00000 0.00000 0.00000 0.00000 0.00000 0.00000 0.00000 0.00000 0.00000 0.00000 0.00000 0.00000 0.00000 0.00000 0.00000 0.00000

Homogeneity statistic: X2 = 0.00000 G = -0.00000 

Average                        1.00000 0.00000 0.00000 0.00000 0.00000 0.00000 0.00000 0.00000 0.00000 0.00000 0.00000 0.00000 0.00000 0.00000 0.00000 0.00000 0.00000 0.00000 0.00000 0.00000

# constant sites:      1 (100.00%)
Time used: 32:31:36

mean of parameters using all iterations
 330.37916 184.61309 166.51777 158.71482 147.46245 139.38316 128.20273 123.53341 115.86840  99.07782  90.23084  83.69569  75.88689  60.55475  53.83451  40.40633  17.50785  16.09141  21.07309   9.88070   1.98074   4.11221  67.69581  38.99440  19.62030  14.02412  73.33587  55.57258  76.29421  80.15567 110.49662 105.04283  97.69635  94.06848  54.95830  51.84002  38.58435  18.75710   8.22269   1.11464   2.99946  47.18877  37.69920  32.78357  29.68459  26.49424  20.00118  16.66538   8.15211  14.78351  13.40345   8.62009   4.94424   1.58487  10.82731  14.99921  11.22571  20.55025  17.57556  11.04112   7.92449   6.15209  20.07512   0.06746  43.74284  35.74800  25.52372  20.21321  15.92608   1.38697  21.97073  14.99080   2.72025   2.13156  31.46468  17.88849  33.18894  21.59902  46.47506  89.87124  85.44099  80.19478  76.51799  73.20724  68.79035  58.30892   0.82809  60.18770   0.19689  68.45109  13.25484   9.04737   0.18129  61.14481  45.31997  29.75615   6.46252  19.85257  17.59272   0.56227  63.05529  57.09572   4.83813  18.37655   3.12411  55.95698  81.56005  75.96683  67.12869  62.22867  23.23340  18.74863   6.45251   0.50849  50.54523  38.84536  29.60059  15.55527   8.99356  13.33747   6.36198  58.15802  49.51147  65.07720  29.22442  10.59718   6.95538   3.52406  73.20229  57.17303  45.01861  52.36562  83.77566  93.72310  82.48625   2.25467  63.48549   8.99246  99.51047  70.68610  59.61225  59.33322 114.98765  81.02527  64.36655   2.14931  12.10154   8.07257  86.40006  55.11581   0.64955  63.54427  33.60765  24.82698 122.73132  84.56605  69.01978  55.60976  32.14780  13.31221 102.87447  82.40748  63.09660   0.97072  73.71076  62.29422  89.76738  17.21382  13.53345  54.84539  42.36178  10.23969  65.83555 128.86442 101.06370  65.04670  52.82056  49.87204 136.54984  64.60515  56.57427 172.07805 144.88896 121.49743  94.68643  34.93157 125.03937  82.65277   0.00267   0.14464

Species tree for FigTree.  Branch lengths = posterior mean times; 95% CIs = labels
((((((((((((((((1_16CI1f_Psebet, (2_23spal_Amespa2, 3_AA005_Amespa) 206 ) 205 , (4_59T3_Amedum, 5_ADEC02_Amedec) 207 ) 204 , (((6_41K26_Amepic, 7_43assoi_Ameass) 210 , (8_AA001_Ameand, 9_AA003_Ameser) 211 ) 209 , 10_AAP07_Aptapt) 208 ) 203 , (((11_KX434837.1_Toxhau, 12_KY689118.1_Stepor) 214 , (13_MG888457.1_Pargig, 14_NC_037697.1_Parpol) 215 ) 213 , 15_NC_077479.1_Chestr) 212 ) 202 , ((16_KX434820.1_Iripol, 17_KX434823.1_Hetspe) 217 , 18_MW357303.1_Yermex) 216 ) 201 , (19_KX434841.1_Psespe, 20_NC_037207.1_Schbic) 218 ) 200 , (21_OZ336339.1_Bolbra, 22_RBE05_Rivbae) 219 ) 199 , ((((((((((23_KU201316.1_Staspe, 24_NC_065761.1_Stafla) 229 , 25_OL414957.1_Staspe2) 228 , (26_NC_065760.1_Stamac, 27_NC_086820.1_Staagr) 230 ) 227 , 28_NC_030265.1_Manrel) 226 , ((((((((29_KX091864.1_Rholat, 30_NC_034284.1_Rhoval) 238 , ((((31_NC_029326.1_Hiefor, 32_NC_065745.1_Hiechi) 242 , (33_NC_051489.1_Rholon, 34_OK542392.1_Hielon) 243 ) 241 , (35_NC_065746.1_Hiezha, 36_OL414959.1_Hiespe) 244 ) 240 , 37_NC_086819.1_Hielat) 239 ) 237 , (38_KX434819.1_Hiemaj, (39_MW357298.1_Hiespe2, 40_NC_007702.1_Tamtam) 246 ) 245 ) 236 , (((((41_KX434830.1_Hiemul, 42_NC_034283.1_Hiepat) 251 , 43_NC_065758.1_Hiemac) 250 , 44_KX434851.1_Pnimed) 249 , 45_NC_034282.1_Rhobra) 248 , 46_KX619654.1_Rhospe) 247 ) 235 , ((47_KX434813.1_Mesala2, 48_MW357300.1_Mesala) 253 , 49_NC_048984.1_Hiemem) 252 ) 234 , 50_MN267041.1_Mekqui) 233 , 51_KX434812.1_Cammou) 232 , (((((52_KX434821.1_Plispe, (53_KX434855.1_Propic, 54_KX434868.1_Prospe) 259 ) 258 , 55_KX434863.1_Polgri) 257 , (56_KY689136.1_Hiedul, ((57_NC_030266.1_Tensin, (58_OK542393.1_Tenaribre, 59_OM202552.1_Tenspe) 263 ) 262 , 60_NC_065759.1_Tenang) 261 ) 260 ) 256 , ((61_KX434840.1_Sphvir, 62_NC_037204.1_Sphlin) 265 , 63_KX434862.1_Tarala) 264 ) 255 , ((64_KX434838.1_Psechl, 65_MW357301.1_Pseper) 267 , 66_MW357302.1_Stabio) 266 ) 254 ) 231 ) 225 , (67_KX434842.1_Ortmin, 68_MW357297.1_Asiyun) 268 ) 224 , ((((((((69_KX091850.1_Cersau, 70_PP438766.1_Ceryun) 276 , 71_NC_069811.1_Pacbic) 275 , ((72_KY689117.1_Parkuh, 73_MG888456.1_Parkuhasi) 278 , 74_NC_086795.1_Phypar) 277 ) 274 , ((75_KX091855.1_Hesspe, (76_KX434859.1_Heshof, (77_NC_086830.1_Astmaj, 78_PP438763.1_Astbas) 282 ) 281 ) 280 , ((((79_KX091863.1_Physha, 80_NC_086824.1_Physin) 286 , 81_NC_086825.1_Phywer) 285 , (82_MT024239.1_Phybre2, 83_NC_086622.1_Phybre) 287 ) 284 , (84_KY689119.1_Physpe, 85_PP438765.1_Cermac) 288 ) 283 ) 279 ) 273 , (86_KX434856.1_Otospe, 87_NC_086621.1_Otoscu) 289 ) 272 , (((88_KY689128.1_Ambund, 89_MG888436.1_Ambpar) 292 , (90_NC_069809.1_Citfal, (91_NC_085562.1_Acrjap, 92_NC_086817.1_Acrhes) 294 ) 293 ) 291 , (93_NC_045876.1_Psybor, 94_PP072306.1_Majmou) 295 ) 290 ) 271 , ((((((95_KX091851.1_Creelo, (96_NC_030267.1_Cregem, 97_NC_037234.1_Crejia) 302 ) 301 , (98_KX434867.1_Creapi, 99_MW222469.1_Crespe) 303 ) 300 , ((100_KX434818.1_Therub, (((101_KX434829.1_Thecat, 102_NC_086823.1_Thesin) 308 , 103_OM202564.1_Thespe) 307 , 104_KY689125.1_Theele) 306 ) 305 , ((105_KX434861.1_Hymcor, 106_MG888449.1_Hymcor) 310 , 107_KX434870.1_Pardav) 309 ) 304 ) 299 , (108_KX434811.1_Psewah, (109_PP438767.1_Chlles, 110_PP438770.1_Panfra) 312 ) 311 ) 298 , ((111_NC_030268.1_Anazhe, 112_PP072307.1_Odospe) 314 , (113_NC_086822.1_Anasin, (114_NC_086826.1_Anatia, (115_OM202554.1_Anaspe, 116_OM202555.1_Anagra) 317 ) 316 ) 315 ) 313 ) 297 , 117_NC_037235.1_Sibpre) 296 ) 270 , (((118_KX434815.1_Gongon, 119_KX434825.1_Emppen) 320 , 120_KX434824.1_Idolat) 319 , (121_KX434828.1_Blemen, 122_KX434864.1_Idodia) 321 ) 318 ) 269 ) 223 , (123_KX434839.1_Popspu, 124_NC_077478.1_Galamo) 322 ) 222 , (((125_KX434834.1_Derdes, 126_KY689113.1_Derdes2) 325 , (127_KX434850.1_Derlob, 128_NC_069810.1_Dertru) 326 ) 324 , (129_KX434847.1_Psepin2, 130_NC_086821.1_Psepin) 327 ) 323 ) 221 , (((131_KX434808.1_Miocaf, 132_KX434817.1_Tausig) 330 , (133_NC_066978.1_Paragr, 134_NC_069808.1_Cilhum) 331 ) 329 , 135_KX434858.1_Neobol) 328 ) 220 ) 198 , (((136_KU201314.1_Thespe, (137_KX434857.1_Humnad2, 138_NC_030264.1_Humnad) 335 ) 334 , ((139_KX434849.1_Themil, 140_NC_086832.1_Themac) 337 , 141_NC_086827.1_Theoph) 336 ) 333 , (((142_KX434860.1_Singra, 143_MG888464.1_Singua) 340 , 144_OM202561.1_Sinspe) 339 , (((145_NC_051892.1_Arrpal, 146_NC_086829.1_Arrpur) 343 , 147_NC_086828.1_Arrbre) 342 , 148_OM202563.1_Arrpal2) 341 ) 338 ) 332 ) 197 , ((149_KX091854.1_Spiocc2, ((150_KX434816.1_Spiocc, (151_NC_086831.1_Gonbru, 152_OM177664.1_Gonspe) 348 ) 347 , (153_NC_037203.1_Amanaw, 154_NC_086818.1_Amawuz) 349 ) 346 ) 345 , ((((155_KX434810.1_Miryun, 156_NC_051490.1_Plibim) 353 , 157_NC_037206.1_Scesim) 352 , (158_NC_037205.1_Troten, (159_NC_037208.1_Eomyun, 160_NC_063851.1_Sinden) 355 ) 354 ) 351 , ((161_KX434846.1_Amochi, (162_MG888437.1_Amospe, 163_NC_057070.1_Amohai) 358 ) 357 , (164_MG888453.1_Leplac, ((165_NC_024028.1_Lepalb, 166_OK480879.1_Lepton) 361 , 167_OM202571.1_Lepspe) 360 ) 359 ) 356 ) 350 ) 344 ) 196 , (168_KY689126.1_Calspe, 169_OM202562.1_Mirspe) 362 ) 195 , (170_KX434826.1_Brubor, ((171_KX434843.1_Acomul, (172_NC_077476.1_Caldia, 173_NC_077477.1_Rapfus) 366 ) 365 , (174_KX434844.1_Decspe, 175_PV564197.1_Pselob) 367 ) 364 ) 363 ) 194 , ((176_KX434845.1_Haavit, 177_KY689130.1_Haaspe) 369 , 178_OM910846.1_Carspe) 368 ) 193 , 179_MK400676.1_Erespe) 192 , (180_KX434871.1_Metspe, 181_MG888455.1_Metspl) 370 ) 191 , (((((182_NC_009499.1_Retsan, 183_NC_015800.1_Copfor) 375 , 184_NC_018120.1_Masdar) 374 , 185_NC_037496.1_Crymer) 373 , ((186_NC_012901.1_Blager, 187_NC_082459.1_Dippun) 377 , 188_NC_039940.1_Perbru) 376 ) 372 , 189_NC_014274.1_Eupsin) 371 ) 190 ;

((((((((((((((((16CI1f_Psebet: 40.406330, (23spal_Amespa2: 17.507852, AA005_Amespa: 17.507852): 22.898478): 13.428178, (59T3_Amedum: 16.091411, ADEC02_Amedec: 16.091411): 37.743097): 6.720245, (((41K26_Amepic: 1.980740, 43assoi_Ameass: 1.980740): 7.899957, (AA001_Ameand: 4.112213, AA003_Ameser: 4.112213): 5.768484): 11.192397, AAP07_Aptapt: 21.073094): 39.481659): 15.332137, (((KX434837.1_Toxhau: 19.620305, KY689118.1_Stepor: 19.620305): 19.374097, (MG888457.1_Pargig: 14.024118, NC_037697.1_Parpol: 14.024118): 24.970283): 28.701409, NC_077479.1_Chestr: 67.695810): 8.191079): 7.808803, ((KX434820.1_Iripol: 55.572576, KX434823.1_Hetspe: 55.572576): 17.763290, MW357303.1_Yermex: 73.335867): 10.359826): 6.535143, (KX434841.1_Psespe: 76.294209, NC_037207.1_Schbic: 76.294209): 13.936628): 8.846988, (OZ336339.1_Bolbra: 80.155671, RBE05_Rivbae: 80.155671): 18.922152): 16.790573, ((((((((((KU201316.1_Staspe: 1.114645, NC_065761.1_Stafla: 1.114645): 7.108047, OL414957.1_Staspe2: 8.222692): 10.534408, (NC_065760.1_Stamac: 2.999457, NC_086820.1_Staagr: 2.999457): 15.757643): 19.827248, NC_030265.1_Manrel: 38.584348): 13.255676, ((((((((KX091864.1_Rholat: 8.152112, NC_034284.1_Rhoval: 8.152112): 8.513271, ((((NC_029326.1_Hiefor: 4.944236, NC_065745.1_Hiechi: 4.944236): 3.675854, (NC_051489.1_Rholon: 1.584871, OK542392.1_Hielon: 1.584871): 7.035220): 4.783359, (NC_065746.1_Hiezha: 10.827314, OL414959.1_Hiespe: 10.827314): 2.576136): 1.380057, NC_086819.1_Hielat: 14.783506): 1.881876): 3.335802, (KX434819.1_Hiemaj: 14.999209, (MW357298.1_Hiespe2: 11.225709, NC_007702.1_Tamtam: 11.225709): 3.773500): 5.001975): 6.493052, (((((KX434830.1_Hiemul: 6.152087, NC_034283.1_Hiepat: 6.152087): 1.772402, NC_065758.1_Hiemac: 7.924488): 3.116636, KX434851.1_Pnimed: 11.041124): 6.534439, NC_034282.1_Rhobra: 17.575563): 2.974691, KX619654.1_Rhospe: 20.550254): 5.943982): 3.190352, ((KX434813.1_Mesala2: 0.067465, MW357300.1_Mesala: 0.067465): 20.007658, NC_048984.1_Hiemem: 20.075123): 9.609465): 3.098984, MN267041.1_Mekqui: 32.783572): 4.915626, KX434812.1_Cammou: 37.699198): 9.489569, (((((KX434821.1_Plispe: 15.926085, (KX434855.1_Propic: 1.386967, KX434868.1_Prospe: 1.386967): 14.539118): 4.287128, KX434863.1_Polgri: 20.213213): 5.310503, (KY689136.1_Hiedul: 21.970729, ((NC_030266.1_Tensin: 2.720254, (OK542393.1_Tenaribre: 2.131563, OM202552.1_Tenspe: 2.131563): 0.588692): 12.270545, NC_065759.1_Tenang: 14.990799): 6.979930): 3.552987): 10.224284, ((KX434840.1_Sphvir: 17.888488, NC_037204.1_Sphlin: 17.888488): 13.576193, KX434862.1_Tarala: 31.464681): 4.283320): 7.994840, ((KX434838.1_Psechl: 21.599016, MW357301.1_Pseper: 21.599016): 11.589926, MW357302.1_Stabio: 33.188942): 10.553898): 3.445927): 4.651257): 3.118274, (KX434842.1_Ortmin: 46.475061, MW357297.1_Asiyun: 46.475061): 8.483237): 39.110178, ((((((((KX091850.1_Cersau: 0.828092, PP438766.1_Ceryun: 0.828092): 57.480824, NC_069811.1_Pacbic: 58.308917): 10.481432, ((KY689117.1_Parkuh: 0.196886, MG888456.1_Parkuhasi: 0.196886): 59.990814, NC_086795.1_Phypar: 60.187700): 8.602648): 4.416894, ((KX091855.1_Hesspe: 13.254838, (KX434859.1_Heshof: 9.047375, (NC_086830.1_Astmaj: 0.181293, PP438763.1_Astbas: 0.181293): 8.866081): 4.207464): 55.196247, ((((KX091863.1_Physha: 6.462518, NC_086824.1_Physin: 6.462518): 23.293637, NC_086825.1_Phywer: 29.756155): 15.563813, (MT024239.1_Phybre2: 19.852565, NC_086622.1_Phybre: 19.852565): 25.467402): 15.824841, (KY689119.1_Physpe: 17.592724, PP438765.1_Cermac: 17.592724): 43.552084): 7.306277): 4.756157): 3.310750, (KX434856.1_Otospe: 0.562265, NC_086621.1_Otoscu: 0.562265): 75.955728): 3.676785, (((KY689128.1_Ambund: 4.838132, MG888436.1_Ambpar: 4.838132): 52.257593, (NC_069809.1_Citfal: 18.376553, (NC_085562.1_Acrjap: 3.124113, NC_086817.1_Acrhes: 3.124113): 15.252440): 38.719172): 5.959568, (NC_045876.1_Psybor: 55.956981, PP072306.1_Majmou: 55.956981): 7.098312): 17.139484): 5.246217, ((((((KX091851.1_Creelo: 18.748632, (NC_030267.1_Cregem: 6.452508, NC_037234.1_Crejia: 6.452508): 12.296123): 4.484768, (KX434867.1_Creapi: 0.508488, MW222469.1_Crespe: 0.508488): 22.724911): 38.995273, ((KX434818.1_Therub: 38.845359, (((KX434829.1_Thecat: 8.993556, NC_086823.1_Thesin: 8.993556): 6.561709, OM202564.1_Thespe: 15.555266): 14.045327, KY689125.1_Theele: 29.600592): 9.244766): 11.699876, ((KX434861.1_Hymcor: 6.361981, MG888449.1_Hymcor: 6.361981): 6.975487, KX434870.1_Pardav: 13.337468): 37.207766): 11.683437): 4.900019, (KX434811.1_Psewah: 58.158023, (PP438767.1_Chlles: 49.511474, PP438770.1_Panfra: 49.511474): 8.646548): 8.970669): 8.838134, ((NC_030268.1_Anazhe: 29.224415, PP072307.1_Odospe: 29.224415): 35.852786, (NC_086822.1_Anasin: 10.597175, (NC_086826.1_Anatia: 6.955378, (OM202554.1_Anaspe: 3.524059, OM202555.1_Anagra: 3.524059): 3.431319): 3.641797): 54.480026): 10.889624): 5.593224, NC_037235.1_Sibpre: 81.560050): 3.880945): 4.430242, (((KX434815.1_Gongon: 45.018607, KX434825.1_Emppen: 45.018607): 12.154427, KX434824.1_Idolat: 57.173034): 16.029254, (KX434828.1_Blemen: 52.365620, KX434864.1_Idodia: 52.365620): 20.836667): 16.668950): 4.197239): 3.627871, (KX434839.1_Popspu: 83.775658, NC_077478.1_Galamo: 83.775658): 13.920689): 7.346484, (((KX434834.1_Derdes: 2.254668, KY689113.1_Derdes2: 2.254668): 80.231583, (KX434850.1_Derlob: 63.485493, NC_069810.1_Dertru: 63.485493): 19.000758): 11.236846, (KX434847.1_Psepin2: 8.992455, NC_086821.1_Psepin: 8.992455): 84.730642): 11.319735): 5.453792, (((KX434808.1_Miocaf: 59.612254, KX434817.1_Tausig: 59.612254): 11.073851, (NC_066978.1_Paragr: 59.333216, NC_069808.1_Cilhum: 59.333216): 11.352889): 28.824367, KX434858.1_Neobol: 99.510472): 10.986152): 5.371773): 7.665011, (((KU201314.1_Thespe: 64.366545, (KX434857.1_Humnad2: 2.149307, NC_030264.1_Humnad: 2.149307): 62.217239): 16.658726, ((KX434849.1_Themil: 8.072572, NC_086832.1_Themac: 8.072572): 4.028964, NC_086827.1_Theoph: 12.101536): 68.923736): 33.962375, (((KX434860.1_Singra: 0.649548, MG888464.1_Singua: 0.649548): 54.466260, OM202561.1_Sinspe: 55.115808): 31.284247, (((NC_051892.1_Arrpal: 24.826978, NC_086829.1_Arrpur: 24.826978): 8.780676, NC_086828.1_Arrbre: 33.607654): 29.936620, OM202563.1_Arrpal2: 63.544274): 22.855781): 28.587592): 8.545761): 4.669321, ((KX091854.1_Spiocc2: 84.566054, ((KX434816.1_Spiocc: 55.609758, (NC_086831.1_Gonbru: 32.147799, OM177664.1_Gonspe: 32.147799): 23.461958): 13.410024, (NC_037203.1_Amanaw: 13.312206, NC_086818.1_Amawuz: 13.312206): 55.707575): 15.546273): 38.165263, ((((KX434810.1_Miryun: 0.970722, NC_051490.1_Plibim: 0.970722): 62.125879, NC_037206.1_Scesim: 63.096601): 19.310883, (NC_037205.1_Troten: 73.710764, (NC_037208.1_Eomyun: 62.294217, NC_063851.1_Sinden: 62.294217): 11.416547): 8.696720): 20.466982, ((KX434846.1_Amochi: 17.213817, (MG888437.1_Amospe: 13.533449, NC_057070.1_Amohai: 13.533449): 3.680368): 72.553568, (MG888453.1_Leplac: 54.845390, ((NC_024028.1_Lepalb: 10.239686, OK480879.1_Lepton: 10.239686): 32.122092, OM202571.1_Lepspe: 42.361778): 12.483612): 34.921995): 13.107081): 19.856851): 5.471412): 11.180430, (KY689126.1_Calspe: 65.835546, OM202562.1_Mirspe: 65.835546): 73.547612): 8.079288, (KX434826.1_Brubor: 128.864421, ((KX434843.1_Acomul: 65.046702, (NC_077476.1_Caldia: 52.820560, NC_077477.1_Rapfus: 52.820560): 12.226142): 36.016994, (KX434844.1_Decspe: 49.872038, PV564197.1_Pselob: 49.872038): 51.191658): 27.800726): 18.598026): 11.252377, ((KX434845.1_Haavit: 64.605150, KY689130.1_Haaspe: 64.605150): 71.944690, OM910846.1_Carspe: 136.549840): 22.164984): 7.802948, MK400676.1_Erespe: 166.517772): 18.095320, (KX434871.1_Metspe: 56.574272, MG888455.1_Metspl: 56.574272): 128.038820): 145.766069, (((((NC_009499.1_Retsan: 34.931573, NC_015800.1_Copfor: 34.931573): 59.754853, NC_018120.1_Masdar: 94.686426): 26.811002, NC_037496.1_Crymer: 121.497429): 23.391533, ((NC_012901.1_Blager: 82.652775, NC_082459.1_Dippun: 82.652775): 42.386597, NC_039940.1_Perbru: 125.039371): 19.849591): 27.189086, NC_014274.1_Eupsin: 172.078048): 158.301113);

((((((((((((((((16CI1f_Psebet: 40.406330, (23spal_Amespa2: 17.507852, AA005_Amespa: 17.507852) [&95%HPD={9.19157, 26.9802}]: 22.898478) [&95%HPD={25.3598, 55.5081}]: 13.428178, (59T3_Amedum: 16.091411, ADEC02_Amedec: 16.091411) [&95%HPD={8.03109, 25.309}]: 37.743097) [&95%HPD={37.1017, 69.994}]: 6.720245, (((41K26_Amepic: 1.980740, 43assoi_Ameass: 1.980740) [&95%HPD={0.771336, 3.38883}]: 7.899957, (AA001_Ameand: 4.112213, AA003_Ameser: 4.112213) [&95%HPD={1.82311, 6.56429}]: 5.768484) [&95%HPD={5.67628, 14.5306}]: 11.192397, AAP07_Aptapt: 21.073094) [&95%HPD={12.138, 31.1719}]: 39.481659) [&95%HPD={43.0785, 77.5985}]: 15.332137, (((KX434837.1_Toxhau: 19.620305, KY689118.1_Stepor: 19.620305) [&95%HPD={10.4292, 29.457}]: 19.374097, (MG888457.1_Pargig: 14.024118, NC_037697.1_Parpol: 14.024118) [&95%HPD={7.25452, 21.7476}]: 24.970283) [&95%HPD={25.6063, 53.4943}]: 28.701409, NC_077479.1_Chestr: 67.695810) [&95%HPD={49.4644, 86.3159}]: 8.191079) [&95%HPD={56.9216, 95.7943}]: 7.808803, ((KX434820.1_Iripol: 55.572576, KX434823.1_Hetspe: 55.572576) [&95%HPD={34.109, 74.1808}]: 17.763290, MW357303.1_Yermex: 73.335867) [&95%HPD={52.9444, 92.9619}]: 10.359826) [&95%HPD={62.5934, 104.434}]: 6.535143, (KX434841.1_Psespe: 76.294209, NC_037207.1_Schbic: 76.294209) [&95%HPD={54.609, 98.3166}]: 13.936628) [&95%HPD={68.2366, 112.788}]: 8.846988, (OZ336339.1_Bolbra: 80.155671, RBE05_Rivbae: 80.155671) [&95%HPD={55.6479, 104.908}]: 18.922152) [&95%HPD={75.1231, 122.825}]: 16.790573, ((((((((((KU201316.1_Staspe: 1.114645, NC_065761.1_Stafla: 1.114645) [&95%HPD={0.348916, 2.04061}]: 7.108047, OL414957.1_Staspe2: 8.222692) [&95%HPD={4.34542, 12.6385}]: 10.534408, (NC_065760.1_Stamac: 2.999457, NC_086820.1_Staagr: 2.999457) [&95%HPD={1.30308, 5.06277}]: 15.757643) [&95%HPD={11.6882, 26.6401}]: 19.827248, NC_030265.1_Manrel: 38.584348) [&95%HPD={27.0329, 50.4261}]: 13.255676, ((((((((KX091864.1_Rholat: 8.152112, NC_034284.1_Rhoval: 8.152112) [&95%HPD={4.48031, 11.9501}]: 8.513271, ((((NC_029326.1_Hiefor: 4.944236, NC_065745.1_Hiechi: 4.944236) [&95%HPD={2.57851, 7.67176}]: 3.675854, (NC_051489.1_Rholon: 1.584871, OK542392.1_Hielon: 1.584871) [&95%HPD={0.614102, 2.6968}]: 7.035220) [&95%HPD={5.5658, 12.0285}]: 4.783359, (NC_065746.1_Hiezha: 10.827314, OL414959.1_Hiespe: 10.827314) [&95%HPD={6.87597, 14.9302}]: 2.576136) [&95%HPD={9.48892, 17.5776}]: 1.380057, NC_086819.1_Hielat: 14.783506) [&95%HPD={10.517, 19.0684}]: 1.881876) [&95%HPD={12.0906, 21.3277}]: 3.335802, (KX434819.1_Hiemaj: 14.999209, (MW357298.1_Hiespe2: 11.225709, NC_007702.1_Tamtam: 11.225709) [&95%HPD={6.78844, 15.9208}]: 3.773500) [&95%HPD={10.0474, 19.913}]: 5.001975) [&95%HPD={14.8482, 25.4791}]: 6.493052, (((((KX434830.1_Hiemul: 6.152087, NC_034283.1_Hiepat: 6.152087) [&95%HPD={3.37405, 9.23117}]: 1.772402, NC_065758.1_Hiemac: 7.924488) [&95%HPD={4.84638, 11.3265}]: 3.116636, KX434851.1_Pnimed: 11.041124) [&95%HPD={7.063, 15.0904}]: 6.534439, NC_034282.1_Rhobra: 17.575563) [&95%HPD={12.1188, 23.3883}]: 2.974691, KX619654.1_Rhospe: 20.550254) [&95%HPD={14.2822, 26.5096}]: 5.943982) [&95%HPD={19.989, 33.5368}]: 3.190352, ((KX434813.1_Mesala2: 0.067465, MW357300.1_Mesala: 0.067465) [&95%HPD={1.1e-06, 0.210931}]: 20.007658, NC_048984.1_Hiemem: 20.075123) [&95%HPD={12.5563, 28.1523}]: 9.609465) [&95%HPD={22.1467, 37.127}]: 3.098984, MN267041.1_Mekqui: 32.783572) [&95%HPD={24.4054, 40.8315}]: 4.915626, KX434812.1_Cammou: 37.699198) [&95%HPD={28.5648, 47.0508}]: 9.489569, (((((KX434821.1_Plispe: 15.926085, (KX434855.1_Propic: 1.386967, KX434868.1_Prospe: 1.386967) [&95%HPD={0.498735, 2.38658}]: 14.539118) [&95%HPD={10.2451, 22.4381}]: 4.287128, KX434863.1_Polgri: 20.213213) [&95%HPD={13.6839, 27.0769}]: 5.310503, (KY689136.1_Hiedul: 21.970729, ((NC_030266.1_Tensin: 2.720254, (OK542393.1_Tenaribre: 2.131563, OM202552.1_Tenspe: 2.131563) [&95%HPD={1.03182, 3.46175}]: 0.588692) [&95%HPD={1.35174, 4.21962}]: 12.270545, NC_065759.1_Tenang: 14.990799) [&95%HPD={8.77661, 21.4284}]: 6.979930) [&95%HPD={14.9598, 29.1708}]: 3.552987) [&95%HPD={18.3114, 33.1457}]: 10.224284, ((KX434840.1_Sphvir: 17.888488, NC_037204.1_Sphlin: 17.888488) [&95%HPD={9.95438, 26.5129}]: 13.576193, KX434862.1_Tarala: 31.464681) [&95%HPD={22.4547, 40.8376}]: 4.283320) [&95%HPD={26.5059, 44.9186}]: 7.994840, ((KX434838.1_Psechl: 21.599016, MW357301.1_Pseper: 21.599016) [&95%HPD={13.5506, 30.0268}]: 11.589926, MW357302.1_Stabio: 33.188942) [&95%HPD={23.7201, 42.7147}]: 10.553898) [&95%HPD={33.6367, 53.9018}]: 3.445927) [&95%HPD={36.9278, 57.7604}]: 4.651257) [&95%HPD={41.187, 63.4199}]: 3.118274, (KX434842.1_Ortmin: 46.475061, MW357297.1_Asiyun: 46.475061) [&95%HPD={34.3384, 59.6621}]: 8.483237) [&95%HPD={43.7509, 66.3447}]: 39.110178, ((((((((KX091850.1_Cersau: 0.828092, PP438766.1_Ceryun: 0.828092) [&95%HPD={0.241729, 1.5223}]: 57.480824, NC_069811.1_Pacbic: 58.308917) [&95%HPD={42.185, 74.5615}]: 10.481432, ((KY689117.1_Parkuh: 0.196886, MG888456.1_Parkuhasi: 0.196886) [&95%HPD={0.0016819, 0.473421}]: 59.990814, NC_086795.1_Phypar: 60.187700) [&95%HPD={44.6856, 76.4143}]: 8.602648) [&95%HPD={52.2904, 85.5547}]: 4.416894, ((KX091855.1_Hesspe: 13.254838, (KX434859.1_Heshof: 9.047375, (NC_086830.1_Astmaj: 0.181293, PP438763.1_Astbas: 0.181293) [&95%HPD={4.7e-06, 0.460043}]: 8.866081) [&95%HPD={4.55041, 13.8906}]: 4.207464) [&95%HPD={7.60788, 19.2553}]: 55.196247, ((((KX091863.1_Physha: 6.462518, NC_086824.1_Physin: 6.462518) [&95%HPD={2.92412, 10.2725}]: 23.293637, NC_086825.1_Phywer: 29.756155) [&95%HPD={17.9394, 42.4212}]: 15.563813, (MT024239.1_Phybre2: 19.852565, NC_086622.1_Phybre: 19.852565) [&95%HPD={10.4273, 29.6053}]: 25.467402) [&95%HPD={31.3215, 60.6776}]: 15.824841, (KY689119.1_Physpe: 17.592724, PP438765.1_Cermac: 17.592724) [&95%HPD={9.42766, 26.8207}]: 43.552084) [&95%HPD={45.263, 76.5551}]: 7.306277) [&95%HPD={51.3724, 84.8814}]: 4.756157) [&95%HPD={55.4515, 90.1602}]: 3.310750, (KX434856.1_Otospe: 0.562265, NC_086621.1_Otoscu: 0.562265) [&95%HPD={0.0690717, 1.18631}]: 75.955728) [&95%HPD={57.6384, 93.7348}]: 3.676785, (((KY689128.1_Ambund: 4.838132, MG888436.1_Ambpar: 4.838132) [&95%HPD={2.05577, 8.03719}]: 52.257593, (NC_069809.1_Citfal: 18.376553, (NC_085562.1_Acrjap: 3.124113, NC_086817.1_Acrhes: 3.124113) [&95%HPD={1.39251, 5.37058}]: 15.252440) [&95%HPD={9.15284, 29.0989}]: 38.719172) [&95%HPD={34.2338, 76.3022}]: 5.959568, (NC_045876.1_Psybor: 55.956981, PP072306.1_Majmou: 55.956981) [&95%HPD={32.9808, 74.6879}]: 7.098312) [&95%HPD={39.4704, 82.2087}]: 17.139484) [&95%HPD={61.1462, 98.6489}]: 5.246217, ((((((KX091851.1_Creelo: 18.748632, (NC_030267.1_Cregem: 6.452508, NC_037234.1_Crejia: 6.452508) [&95%HPD={3.21252, 10.1935}]: 12.296123) [&95%HPD={10.9353, 27.0553}]: 4.484768, (KX434867.1_Creapi: 0.508488, MW222469.1_Crespe: 0.508488) [&95%HPD={0.0805035, 1.03471}]: 22.724911) [&95%HPD={14.506, 32.7991}]: 38.995273, ((KX434818.1_Therub: 38.845359, (((KX434829.1_Thecat: 8.993556, NC_086823.1_Thesin: 8.993556) [&95%HPD={4.88732, 13.589}]: 6.561709, OM202564.1_Thespe: 15.555266) [&95%HPD={9.56234, 21.94}]: 14.045327, KY689125.1_Theele: 29.600592) [&95%HPD={19.8738, 40.3696}]: 9.244766) [&95%HPD={26.9165, 51.7886}]: 11.699876, ((KX434861.1_Hymcor: 6.361981, MG888449.1_Hymcor: 6.361981) [&95%HPD={3.01518, 10.1336}]: 6.975487, KX434870.1_Pardav: 13.337468) [&95%HPD={7.50674, 20.2887}]: 37.207766) [&95%HPD={36.2924, 66.2464}]: 11.683437) [&95%HPD={46.2153, 78.0049}]: 4.900019, (KX434811.1_Psewah: 58.158023, (PP438767.1_Chlles: 49.511474, PP438770.1_Panfra: 49.511474) [&95%HPD={32.6623, 66.386}]: 8.646548) [&95%HPD={42.0131, 74.8869}]: 8.970669) [&95%HPD={50.2564, 83.7696}]: 8.838134, ((NC_030268.1_Anazhe: 29.224415, PP072307.1_Odospe: 29.224415) [&95%HPD={15.4444, 43.5777}]: 35.852786, (NC_086822.1_Anasin: 10.597175, (NC_086826.1_Anatia: 6.955378, (OM202554.1_Anaspe: 3.524059, OM202555.1_Anagra: 3.524059) [&95%HPD={1.64895, 5.56962}]: 3.431319) [&95%HPD={4.06817, 10.2991}]: 3.641797) [&95%HPD={6.34046, 15.3292}]: 54.480026) [&95%HPD={47.2893, 81.9266}]: 10.889624) [&95%HPD={57.299, 93.7534}]: 5.593224, NC_037235.1_Sibpre: 81.560050) [&95%HPD={62.0886, 100.565}]: 3.880945) [&95%HPD={65.1479, 104.73}]: 4.430242, (((KX434815.1_Gongon: 45.018607, KX434825.1_Emppen: 45.018607) [&95%HPD={25.787, 65.3738}]: 12.154427, KX434824.1_Idolat: 57.173034) [&95%HPD={36.8163, 76.9009}]: 16.029254, (KX434828.1_Blemen: 52.365620, KX434864.1_Idodia: 52.365620) [&95%HPD={32.7875, 72.8476}]: 20.836667) [&95%HPD={53.4391, 93.726}]: 16.668950) [&95%HPD={68.8165, 110.613}]: 4.197239) [&95%HPD={71.7794, 115.377}]: 3.627871, (KX434839.1_Popspu: 83.775658, NC_077478.1_Galamo: 83.775658) [&95%HPD={60.8561, 108.037}]: 13.920689) [&95%HPD={75.2052, 120.494}]: 7.346484, (((KX434834.1_Derdes: 2.254668, KY689113.1_Derdes2: 2.254668) [&95%HPD={0.897682, 3.82687}]: 80.231583, (KX434850.1_Derlob: 63.485493, NC_069810.1_Dertru: 63.485493) [&95%HPD={44.4221, 83.2595}]: 19.000758) [&95%HPD={60.2988, 103.753}]: 11.236846, (KX434847.1_Psepin2: 8.992455, NC_086821.1_Psepin: 8.992455) [&95%HPD={4.31149, 14.6077}]: 84.730642) [&95%HPD={70.8049, 116.306}]: 11.319735) [&95%HPD={79.4831, 127.852}]: 5.453792, (((KX434808.1_Miocaf: 59.612254, KX434817.1_Tausig: 59.612254) [&95%HPD={39.9686, 79.491}]: 11.073851, (NC_066978.1_Paragr: 59.333216, NC_069808.1_Cilhum: 59.333216) [&95%HPD={39.3912, 79.0425}]: 11.352889) [&95%HPD={50.462, 91.3837}]: 28.824367, KX434858.1_Neobol: 99.510472) [&95%HPD={74.9607, 123.906}]: 10.986152) [&95%HPD={84.4396, 134.991}]: 5.371773) [&95%HPD={89.5306, 142.343}]: 7.665011, (((KU201314.1_Thespe: 64.366545, (KX434857.1_Humnad2: 2.149307, NC_030264.1_Humnad: 2.149307) [&95%HPD={0.8229, 3.67785}]: 62.217239) [&95%HPD={43.4709, 85.8747}]: 16.658726, ((KX434849.1_Themil: 8.072572, NC_086832.1_Themac: 8.072572) [&95%HPD={4.1563, 12.6319}]: 4.028964, NC_086827.1_Theoph: 12.101536) [&95%HPD={7.05213, 17.9367}]: 68.923736) [&95%HPD={58.4766, 105.243}]: 33.962375, (((KX434860.1_Singra: 0.649548, MG888464.1_Singua: 0.649548) [&95%HPD={0.156665, 1.22757}]: 54.466260, OM202561.1_Sinspe: 55.115808) [&95%HPD={32.4346, 75.851}]: 31.284247, (((NC_051892.1_Arrpal: 24.826978, NC_086829.1_Arrpur: 24.826978) [&95%HPD={14.1058, 37.3023}]: 8.780676, NC_086828.1_Arrbre: 33.607654) [&95%HPD={20.9128, 47.3884}]: 29.936620, OM202563.1_Arrpal2: 63.544274) [&95%HPD={44.8421, 83.6101}]: 22.855781) [&95%HPD={63.1291, 109.853}]: 28.587592) [&95%HPD={87.0923, 140.984}]: 8.545761) [&95%HPD={94.174, 150.534}]: 4.669321, ((KX091854.1_Spiocc2: 84.566054, ((KX434816.1_Spiocc: 55.609758, (NC_086831.1_Gonbru: 32.147799, OM177664.1_Gonspe: 32.147799) [&95%HPD={16.3789, 47.9001}]: 23.461958) [&95%HPD={35.129, 75.2432}]: 13.410024, (NC_037203.1_Amanaw: 13.312206, NC_086818.1_Amawuz: 13.312206) [&95%HPD={6.16507, 21.5409}]: 55.707575) [&95%HPD={47.2419, 92.1044}]: 15.546273) [&95%HPD={59.6249, 112.203}]: 38.165263, ((((KX434810.1_Miryun: 0.970722, NC_051490.1_Plibim: 0.970722) [&95%HPD={0.306947, 1.75269}]: 62.125879, NC_037206.1_Scesim: 63.096601) [&95%HPD={40.6568, 84.4978}]: 19.310883, (NC_037205.1_Troten: 73.710764, (NC_037208.1_Eomyun: 62.294217, NC_063851.1_Sinden: 62.294217) [&95%HPD={41.9808, 83.5075}]: 11.416547) [&95%HPD={53.2227, 96.4441}]: 8.696720) [&95%HPD={60.2964, 106.057}]: 20.466982, ((KX434846.1_Amochi: 17.213817, (MG888437.1_Amospe: 13.533449, NC_057070.1_Amohai: 13.533449) [&95%HPD={7.07198, 20.1778}]: 3.680368) [&95%HPD={10.0933, 24.8204}]: 72.553568, (MG888453.1_Leplac: 54.845390, ((NC_024028.1_Lepalb: 10.239686, OK480879.1_Lepton: 10.239686) [&95%HPD={4.9075, 16.5156}]: 32.122092, OM202571.1_Lepspe: 42.361778) [&95%HPD={24.0276, 63.5532}]: 12.483612) [&95%HPD={34.1155, 76.6455}]: 34.921995) [&95%HPD={64.9169, 114.682}]: 13.107081) [&95%HPD={76.9255, 129.618}]: 19.856851) [&95%HPD={93.4263, 150.813}]: 5.471412) [&95%HPD={97.8179, 156.623}]: 11.180430, (KY689126.1_Calspe: 65.835546, OM202562.1_Mirspe: 65.835546) [&95%HPD={39.3554, 93.0808}]: 73.547612) [&95%HPD={105.487, 170.615}]: 8.079288, (KX434826.1_Brubor: 128.864421, ((KX434843.1_Acomul: 65.046702, (NC_077476.1_Caldia: 52.820560, NC_077477.1_Rapfus: 52.820560) [&95%HPD={31.4815, 74.2794}]: 12.226142) [&95%HPD={42.4317, 88.4879}]: 36.016994, (KX434844.1_Decspe: 49.872038, PV564197.1_Pselob: 49.872038) [&95%HPD={26.225, 73.6631}]: 51.191658) [&95%HPD={73.2941, 130.462}]: 27.800726) [&95%HPD={96.5275, 161.938}]: 18.598026) [&95%HPD={112.277, 181.229}]: 11.252377, ((KX434845.1_Haavit: 64.605150, KY689130.1_Haaspe: 64.605150) [&95%HPD={40.1531, 92.5343}]: 71.944690, OM910846.1_Carspe: 136.549840) [&95%HPD={99.8935, 171.444}]: 22.164984) [&95%HPD={121.074, 195.68}]: 7.802948, MK400676.1_Erespe: 166.517772) [&95%HPD={126.133, 205.179}]: 18.095320, (KX434871.1_Metspe: 56.574272, MG888455.1_Metspl: 56.574272) [&95%HPD={26.3035, 84.622}]: 128.038820) [&95%HPD={138.409, 228.542}]: 145.766069, (((((NC_009499.1_Retsan: 34.931573, NC_015800.1_Copfor: 34.931573) [&95%HPD={17.3462, 56.3649}]: 59.754853, NC_018120.1_Masdar: 94.686426) [&95%HPD={61.7278, 127.953}]: 26.811002, NC_037496.1_Crymer: 121.497429) [&95%HPD={84.9968, 159.175}]: 23.391533, ((NC_012901.1_Blager: 82.652775, NC_082459.1_Dippun: 82.652775) [&95%HPD={50.6595, 116.643}]: 42.386597, NC_039940.1_Perbru: 125.039371) [&95%HPD={85.3033, 163.517}]: 19.849591) [&95%HPD={104.782, 185.645}]: 27.189086, NC_014274.1_Eupsin: 172.078048) [&95%HPD={124.356, 218.247}]: 158.301113) [&95%HPD={301.763, 372.548}];


Posterior mean (95% Equal-tail CI) (95% HPD CI) HPD-CI-width

t_n190       330.7238 (307.0979, 383.1295) (301.7629, 372.5481) 70.7851 (Jnode 376)
t_n191       184.6781 (138.9812, 229.2387) (138.4090, 228.5422) 90.1333 (Jnode 375)
t_n192       166.5929 (126.3606, 205.4724) (126.1329, 205.1785) 79.0457 (Jnode 374)
t_n193       158.8105 (120.5982, 195.4636) (121.0739, 195.6798) 74.6059 (Jnode 373)
t_n194       147.5739 (112.4613, 181.4766) (112.2775, 181.2293) 68.9519 (Jnode 372)
t_n195       139.5118 (106.2227, 171.6155) (105.4872, 170.6148) 65.1276 (Jnode 371)
t_n196       128.2704 (97.9576, 157.0002) (97.8179, 156.6228) 58.8050 (Jnode 370)
t_n197       123.6162 (94.4972, 150.9161) (94.1740, 150.5338) 56.3598 (Jnode 369)
t_n198       115.9407 (88.6735, 141.5412) (89.5306, 142.3426) 52.8120 (Jnode 368)
t_n199        99.1438 (74.7248, 122.5457) (75.1231, 122.8245) 47.7014 (Jnode 367)
t_n200        90.2481 (67.6822, 112.3564) (68.2366, 112.7880) 44.5514 (Jnode 366)
t_n201        83.7099 (62.4798, 104.3954) (62.5934, 104.4337) 41.8404 (Jnode 365)
t_n202        75.9120 (56.3380, 95.2730) (56.9216, 95.7943) 38.8727 (Jnode 364)
t_n203        60.5990 (43.3237, 77.9923) (43.0785, 77.5985) 34.5200 (Jnode 363)
t_n204        53.8582 (37.1374, 70.1636) (37.1017, 69.9940) 32.8922 (Jnode 362)
t_n205        40.4293 (26.3770, 56.8381) (25.3598, 55.5081) 30.1483 (Jnode 361)
t_n206        17.5256 ( 9.8078, 28.0408) ( 9.1916, 26.9802) 17.7886 (Jnode 360)
t_n207        16.1294 ( 8.7156, 26.6008) ( 8.0311, 25.3090) 17.2779 (Jnode 359)
t_n208        21.0794 (12.9799, 32.8060) (12.1380, 31.1719) 19.0339 (Jnode 358)
t_n209         9.8729 ( 6.0581, 15.1528) ( 5.6763, 14.5306)  8.8543 (Jnode 357)
t_n210         1.9781 ( 0.9178,  3.6760) ( 0.7713,  3.3888)  2.6175 (Jnode 356)
t_n211         4.1126 ( 2.1045,  7.0644) ( 1.8231,  6.5643)  4.7412 (Jnode 355)
t_n212        67.6939 (49.4946, 86.4149) (49.4644, 86.3159) 36.8516 (Jnode 354)
t_n213        39.0063 (26.4127, 54.5595) (25.6063, 53.4943) 27.8879 (Jnode 353)
t_n214        19.6155 (11.2718, 30.7841) (10.4292, 29.4570) 19.0279 (Jnode 352)
t_n215        14.0705 ( 7.8476, 22.8615) ( 7.2545, 21.7476) 14.4930 (Jnode 351)
t_n216        73.3634 (53.2493, 93.3781) (52.9444, 92.9619) 40.0175 (Jnode 350)
t_n217        55.6144 (34.4900, 74.6719) (34.1090, 74.1808) 40.0718 (Jnode 349)
t_n218        76.2922 (54.6203, 98.3341) (54.6090, 98.3166) 43.7076 (Jnode 348)
t_n219        80.2563 (55.7634, 105.0643) (55.6479, 104.9081) 49.2602 (Jnode 347)
t_n220       110.5514 (84.4708, 135.1167) (84.4396, 134.9912) 50.5516 (Jnode 346)
t_n221       105.0992 (80.0434, 128.5682) (79.4831, 127.8519) 48.3689 (Jnode 345)
t_n222        97.7543 (74.4459, 119.8103) (75.2052, 120.4943) 45.2891 (Jnode 344)
t_n223        94.1142 (71.6388, 115.2617) (71.7794, 115.3765) 43.5971 (Jnode 343)
t_n224        54.9825 (42.5399, 65.6775) (43.7509, 66.3447) 22.5938 (Jnode 342)
t_n225        51.8836 (39.9368, 62.4377) (41.1870, 63.4199) 22.2330 (Jnode 341)
t_n226        38.6258 (26.9070, 50.3294) (27.0329, 50.4261) 23.3932 (Jnode 340)
t_n227        18.7860 (12.1061, 27.2572) (11.6882, 26.6401) 14.9519 (Jnode 339)
t_n228         8.2331 ( 4.6841, 13.2139) ( 4.3454, 12.6385)  8.2930 (Jnode 338)
t_n229         1.1153 ( 0.4315,  2.2354) ( 0.3489,  2.0406)  1.6917 (Jnode 337)
t_n230         3.0089 ( 1.4759,  5.4378) ( 1.3031,  5.0628)  3.7597 (Jnode 336)
t_n231        47.2292 (36.2166, 57.2106) (36.9278, 57.7604) 20.8326 (Jnode 335)
t_n232        37.7264 (28.4035, 46.9077) (28.5648, 47.0508) 18.4861 (Jnode 334)
t_n233        32.7952 (24.5482, 41.0221) (24.4054, 40.8315) 16.4261 (Jnode 333)
t_n234        29.7070 (22.2237, 37.2348) (22.1467, 37.1270) 14.9803 (Jnode 332)
t_n235        26.5100 (19.8493, 33.4374) (19.9890, 33.5368) 13.5479 (Jnode 331)
t_n236        20.0072 (14.8541, 25.4923) (14.8482, 25.4791) 10.6308 (Jnode 330)
t_n237        16.6724 (12.1759, 21.4502) (12.0906, 21.3277)  9.2371 (Jnode 329)
t_n238         8.1342 ( 4.7470, 12.2799) ( 4.4803, 11.9501)  7.4697 (Jnode 328)
t_n239        14.7880 (10.6810, 19.2797) (10.5170, 19.0684)  8.5514 (Jnode 327)
t_n240        13.4077 ( 9.5867, 17.7178) ( 9.4889, 17.5776)  8.0887 (Jnode 326)
t_n241         8.6246 ( 5.6806, 12.1922) ( 5.5658, 12.0285)  6.4627 (Jnode 325)
t_n242         4.9447 ( 2.7340,  7.9236) ( 2.5785,  7.6718)  5.0932 (Jnode 324)
t_n243         1.5878 ( 0.7184,  2.9193) ( 0.6141,  2.6968)  2.0827 (Jnode 323)
t_n244        10.8240 ( 7.0383, 15.1114) ( 6.8760, 14.9302)  8.0542 (Jnode 322)
t_n245        14.9887 (10.3080, 20.2086) (10.0474, 19.9130)  9.8656 (Jnode 321)
t_n246        11.2187 ( 6.9916, 16.2455) ( 6.7884, 15.9208)  9.1324 (Jnode 320)
t_n247        20.5587 (14.6229, 26.9528) (14.2822, 26.5096) 12.2274 (Jnode 319)
t_n248        17.5852 (12.3251, 23.6804) (12.1188, 23.3883) 11.2695 (Jnode 318)
t_n249        11.0459 ( 7.3914, 15.5011) ( 7.0630, 15.0904)  8.0274 (Jnode 317)
t_n250         7.9312 ( 5.0289, 11.6117) ( 4.8464, 11.3265)  6.4801 (Jnode 316)
t_n251         6.1561 ( 3.5670,  9.5312) ( 3.3740,  9.2312)  5.8571 (Jnode 315)
t_n252        20.0898 (12.5907, 28.1986) (12.5563, 28.1523) 15.5960 (Jnode 314)
t_n253         0.0677 ( 0.0016,  0.2729) ( 0.0000,  0.2109)  0.2109 (Jnode 313)
t_n254        43.7625 (33.2695, 53.5784) (33.6367, 53.9018) 20.2652 (Jnode 312)
t_n255        35.7516 (26.5466, 45.0254) (26.5059, 44.9186) 18.4127 (Jnode 311)
t_n256        25.5373 (18.3840, 33.2406) (18.3114, 33.1457) 14.8343 (Jnode 310)
t_n257        20.2206 (13.9633, 27.4026) (13.6839, 27.0769) 13.3930 (Jnode 309)
t_n258        15.9244 (10.2839, 22.5371) (10.2451, 22.4381) 12.1931 (Jnode 308)
t_n259         1.3841 ( 0.6130,  2.6051) ( 0.4987,  2.3866)  1.8878 (Jnode 307)
t_n260        21.9909 (15.1822, 29.4838) (14.9598, 29.1708) 14.2111 (Jnode 306)
t_n261        15.0282 ( 9.2027, 21.9941) ( 8.7766, 21.4284) 12.6517 (Jnode 305)
t_n262         2.7267 ( 1.5086,  4.4496) ( 1.3517,  4.2196)  2.8679 (Jnode 304)
t_n263         2.1315 ( 1.1094,  3.6199) ( 1.0318,  3.4617)  2.4299 (Jnode 303)
t_n264        31.4604 (22.4935, 40.8901) (22.4547, 40.8376) 18.3829 (Jnode 302)
t_n265        17.8845 (10.3770, 27.1322) ( 9.9544, 26.5129) 16.5585 (Jnode 301)
t_n266        33.2139 (23.9274, 42.9821) (23.7201, 42.7147) 18.9945 (Jnode 300)
t_n267        21.6054 (13.8370, 30.4310) (13.5506, 30.0268) 16.4762 (Jnode 299)
t_n268        46.5287 (32.9966, 58.6021) (34.3384, 59.6621) 25.3237 (Jnode 298)
t_n269        89.9313 (68.3005, 110.2049) (68.8165, 110.6131) 41.7966 (Jnode 297)
t_n270        85.5018 (65.1906, 104.7888) (65.1479, 104.7301) 39.5822 (Jnode 296)
t_n271        80.2400 (60.9944, 98.5580) (61.1462, 98.6489) 37.5027 (Jnode 295)
t_n272        76.5531 (58.0992, 94.2383) (57.6384, 93.7348) 36.0963 (Jnode 294)
t_n273        73.2367 (55.5422, 90.2664) (55.4515, 90.1602) 34.7087 (Jnode 293)
t_n274        68.8378 (51.9196, 85.2482) (52.2904, 85.5547) 33.2642 (Jnode 292)
t_n275        58.3396 (41.6042, 74.0979) (42.1850, 74.5615) 32.3765 (Jnode 291)
t_n276         0.8294 ( 0.3130,  1.6769) ( 0.2417,  1.5223)  1.2806 (Jnode 290)
t_n277        60.2140 (44.0912, 75.9204) (44.6856, 76.4143) 31.7286 (Jnode 289)
t_n278         0.1975 ( 0.0197,  0.5602) ( 0.0017,  0.4734)  0.4717 (Jnode 288)
t_n279        68.4772 (51.5226, 85.0937) (51.3724, 84.8814) 33.5090 (Jnode 287)
t_n280        13.2652 ( 8.1536, 20.1518) ( 7.6079, 19.2553) 11.6474 (Jnode 286)
t_n281         9.0555 ( 5.0452, 14.6656) ( 4.5504, 13.8906)  9.3402 (Jnode 285)
t_n282         0.1825 ( 0.0154,  0.5413) ( 0.0000,  0.4600)  0.4600 (Jnode 284)
t_n283        61.1844 (45.7034, 77.0398) (45.2630, 76.5551) 31.2920 (Jnode 283)
t_n284        45.3592 (31.8974, 61.6543) (31.3215, 60.6776) 29.3561 (Jnode 282)
t_n285        29.8005 (18.7441, 43.4811) (17.9394, 42.4212) 24.4819 (Jnode 281)
t_n286         6.4625 ( 3.3918, 11.0534) ( 2.9241, 10.2725)  7.3484 (Jnode 280)
t_n287        19.8429 (11.4170, 30.9493) (10.4273, 29.6053) 19.1780 (Jnode 279)
t_n288        17.5640 ( 9.9994, 27.7920) ( 9.4277, 26.8207) 17.3930 (Jnode 278)
t_n289         0.5624 ( 0.1310,  1.3644) ( 0.0691,  1.1863)  1.1172 (Jnode 277)
t_n290        63.0773 (38.5669, 81.5500) (39.4704, 82.2087) 42.7383 (Jnode 276)
t_n291        57.1464 (32.9946, 75.3754) (34.2338, 76.3022) 42.0684 (Jnode 275)
t_n292         4.8353 ( 2.3839,  8.6460) ( 2.0558,  8.0372)  5.9814 (Jnode 274)
t_n293        18.4111 (10.0642, 30.9142) ( 9.1528, 29.0989) 19.9460 (Jnode 273)
t_n294         3.1354 ( 1.5108,  5.6956) ( 1.3925,  5.3706)  3.9781 (Jnode 272)
t_n295        55.9837 (31.6707, 73.8498) (32.9808, 74.6879) 41.7071 (Jnode 271)
t_n296        81.6143 (61.8545, 100.3951) (62.0886, 100.5653) 38.4767 (Jnode 270)
t_n297        76.0095 (57.4623, 93.9379) (57.2990, 93.7534) 36.4544 (Jnode 269)
t_n298        67.1753 (50.3237, 83.8906) (50.2564, 83.7696) 33.5132 (Jnode 268)
t_n299        62.2549 (46.3573, 78.2454) (46.2153, 78.0049) 31.7896 (Jnode 267)
t_n300        23.2605 (15.0686, 33.5980) (14.5060, 32.7991) 18.2931 (Jnode 266)
t_n301        18.7739 (11.6802, 28.0719) (10.9353, 27.0553) 16.1200 (Jnode 265)
t_n302         6.4566 ( 3.4895, 10.6900) ( 3.2125, 10.1935)  6.9810 (Jnode 264)
t_n303         0.5066 ( 0.1375,  1.1650) ( 0.0805,  1.0347)  0.9542 (Jnode 263)
t_n304        50.5532 (35.9977, 66.0159) (36.2924, 66.2464) 29.9540 (Jnode 262)
t_n305        38.8327 (27.2108, 52.1172) (26.9165, 51.7886) 24.8721 (Jnode 261)
t_n306        29.6205 (20.1613, 40.8283) (19.8738, 40.3696) 20.4957 (Jnode 260)
t_n307        15.5432 ( 9.9699, 22.5710) ( 9.5623, 21.9400) 12.3777 (Jnode 259)
t_n308         8.9971 ( 5.1886, 14.1468) ( 4.8873, 13.5890)  8.7016 (Jnode 258)
t_n309        13.3601 ( 7.8805, 21.0746) ( 7.5067, 20.2887) 12.7820 (Jnode 257)
t_n310         6.3797 ( 3.4157, 10.7702) ( 3.0152, 10.1336)  7.1184 (Jnode 256)
t_n311        58.2025 (41.3516, 74.4270) (42.0131, 74.8869) 32.8739 (Jnode 255)
t_n312        49.5425 (32.6138, 66.3665) (32.6623, 66.3860) 33.7237 (Jnode 254)
t_n313        65.1173 (47.9682, 82.7868) (47.2893, 81.9266) 34.6373 (Jnode 253)
t_n314        29.2456 (16.6931, 45.3188) (15.4444, 43.5777) 28.1333 (Jnode 252)
t_n315        10.6005 ( 6.6627, 15.8244) ( 6.3405, 15.3292)  8.9888 (Jnode 251)
t_n316         6.9545 ( 4.2552, 10.6198) ( 4.0682, 10.2991)  6.2310 (Jnode 250)
t_n317         3.5254 ( 1.8455,  5.9062) ( 1.6489,  5.5696)  3.9207 (Jnode 249)
t_n318        73.2445 (52.7154, 93.0865) (53.4391, 93.7260) 40.2869 (Jnode 248)
t_n319        57.1591 (36.6435, 76.7794) (36.8163, 76.9009) 40.0845 (Jnode 247)
t_n320        45.0483 (26.0307, 65.7636) (25.7870, 65.3738) 39.5869 (Jnode 246)
t_n321        52.4217 (31.5732, 71.8084) (32.7875, 72.8476) 40.0601 (Jnode 245)
t_n322        83.8518 (59.7093, 107.0005) (60.8561, 108.0366) 47.1805 (Jnode 244)
t_n323        93.7742 (70.7906, 116.3040) (70.8049, 116.3062) 45.5013 (Jnode 243)
t_n324        82.5263 (60.7797, 104.3355) (60.2988, 103.7526) 43.4538 (Jnode 242)
t_n325         2.2512 ( 1.0540,  4.1129) ( 0.8977,  3.8269)  2.9292 (Jnode 241)
t_n326        63.4818 (44.6123, 83.4735) (44.4221, 83.2595) 38.8374 (Jnode 240)
t_n327         8.9900 ( 4.7246, 15.4676) ( 4.3115, 14.6077) 10.2962 (Jnode 239)
t_n328        99.5276 (74.5032, 123.5831) (74.9607, 123.9064) 48.9457 (Jnode 238)
t_n329        70.7070 (50.2893, 91.2975) (50.4620, 91.3837) 40.9216 (Jnode 237)
t_n330        59.6450 (39.2925, 78.8531) (39.9686, 79.4910) 39.5224 (Jnode 236)
t_n331        59.3428 (38.6579, 78.3903) (39.3912, 79.0425) 39.6513 (Jnode 235)
t_n332       115.0540 (87.3704, 141.3617) (87.0923, 140.9836) 53.8913 (Jnode 234)
t_n333        81.0640 (58.0917, 104.9488) (58.4766, 105.2428) 46.7661 (Jnode 233)
t_n334        64.3564 (44.1956, 86.8503) (43.4709, 85.8747) 42.4038 (Jnode 232)
t_n335         2.1560 ( 0.9946,  4.0081) ( 0.8229,  3.6778)  2.8549 (Jnode 231)
t_n336        12.1177 ( 7.3499, 18.4767) ( 7.0521, 17.9367) 10.8845 (Jnode 230)
t_n337         8.0711 ( 4.4419, 13.1420) ( 4.1563, 12.6319)  8.4756 (Jnode 229)
t_n338        86.4902 (63.1363, 109.8728) (63.1291, 109.8526) 46.7236 (Jnode 228)
t_n339        55.1440 (32.6238, 76.1556) (32.4346, 75.8510) 43.4164 (Jnode 227)
t_n340         0.6493 ( 0.2202,  1.3602) ( 0.1567,  1.2276)  1.0709 (Jnode 226)
t_n341        63.5775 (45.3107, 84.1545) (44.8421, 83.6101) 38.7680 (Jnode 225)
t_n342        33.6387 (21.7727, 48.5265) (20.9128, 47.3884) 26.4757 (Jnode 224)
t_n343        24.8844 (14.7326, 38.2033) (14.1058, 37.3023) 23.1965 (Jnode 223)
t_n344       122.7968 (93.5594, 151.0826) (93.4263, 150.8132) 57.3869 (Jnode 222)
t_n345        84.6358 (59.5588, 112.1597) (59.6249, 112.2032) 52.5783 (Jnode 221)
t_n346        69.0689 (47.6987, 92.8601) (47.2419, 92.1044) 44.8625 (Jnode 220)
t_n347        55.6355 (35.8508, 76.3561) (35.1290, 75.2432) 40.1142 (Jnode 219)
t_n348        32.1701 (18.2122, 50.6106) (16.3789, 47.9001) 31.5212 (Jnode 218)
t_n349        13.3501 ( 7.0559, 23.0731) ( 6.1651, 21.5409) 15.3759 (Jnode 217)
t_n350       102.9494 (76.5833, 129.4248) (76.9255, 129.6182) 52.6927 (Jnode 216)
t_n351        82.4622 (60.3657, 106.1707) (60.2964, 106.0568) 45.7604 (Jnode 215)
t_n352        63.1190 (41.6680, 85.5848) (40.6568, 84.4978) 43.8410 (Jnode 214)
t_n353         0.9746 ( 0.3891,  1.9513) ( 0.3069,  1.7527)  1.4457 (Jnode 213)
t_n354        73.7445 (52.9597, 96.2937) (53.2227, 96.4441) 43.2214 (Jnode 212)
t_n355        62.3172 (42.2665, 83.9118) (41.9808, 83.5075) 41.5267 (Jnode 211)
t_n356        89.8244 (65.2627, 115.0688) (64.9169, 114.6818) 49.7649 (Jnode 210)
t_n357        17.2295 (10.7680, 25.9112) (10.0933, 24.8204) 14.7271 (Jnode 209)
t_n358        13.5485 ( 7.9050, 21.3134) ( 7.0720, 20.1778) 13.1059 (Jnode 208)
t_n359        54.9054 (34.2756, 77.0259) (34.1155, 76.6455) 42.5300 (Jnode 207)
t_n360        42.4116 (24.7859, 64.6838) (24.0276, 63.5532) 39.5255 (Jnode 206)
t_n361        10.2605 ( 5.4331, 17.5360) ( 4.9075, 16.5156) 11.6081 (Jnode 205)
t_n362        65.9053 (40.7901, 94.8523) (39.3554, 93.0808) 53.7254 (Jnode 204)
t_n363       128.9526 (95.8860, 161.3808) (96.5275, 161.9384) 65.4109 (Jnode 203)
t_n364       101.1055 (72.6496, 130.0191) (73.2941, 130.4618) 57.1677 (Jnode 202)
t_n365        65.0824 (42.2898, 88.3608) (42.4317, 88.4879) 46.0562 (Jnode 201)
t_n366        52.8156 (31.3197, 74.1741) (31.4815, 74.2794) 42.7979 (Jnode 200)
t_n367        49.8796 (27.0361, 75.0472) (26.2250, 73.6631) 47.4380 (Jnode 199)
t_n368       136.6423 (100.9859, 172.8550) (99.8935, 171.4439) 71.5505 (Jnode 198)
t_n369        64.7557 (40.1612, 92.5511) (40.1531, 92.5343) 52.3812 (Jnode 197)
t_n370        56.6286 (28.4570, 87.5374) (26.3035, 84.6220) 58.3185 (Jnode 196)
t_n371       172.2302 (126.4915, 221.2337) (124.3556, 218.2469) 93.8914 (Jnode 195)
t_n372       145.0387 (105.6915, 187.0953) (104.7824, 185.6449) 80.8625 (Jnode 194)
t_n373       121.5209 (85.8363, 160.1096) (84.9968, 159.1751) 74.1782 (Jnode 193)
t_n374        94.7357 (63.6753, 130.4944) (61.7278, 127.9531) 66.2253 (Jnode 192)
t_n375        34.9331 (19.5878, 59.9939) (17.3462, 56.3649) 39.0187 (Jnode 191)
t_n376       125.1675 (87.7445, 166.0600) (85.3033, 163.5173) 78.2140 (Jnode 190)
t_n377        82.7816 (52.7012, 119.6041) (50.6595, 116.6427) 65.9831 (Jnode 189)
mu             0.0027 ( 0.0022,  0.0034) ( 0.0021,  0.0033)  0.0012
sigma2         0.1446 ( 0.1146,  0.1810) ( 0.1129,  0.1785)  0.0657
lnL         -189.2091 (-216.2910, -163.5730) (-216.2910, -163.5730) 52.7180
