MCMCTREE (paml version 4.10.8.iq2mc, November 2024) AA.dummy.phy


*** Locus 1 ***
    189      1

16CI1f_Psebet                   A
23spal_Amespa2                  A
41K26_Amepic                    A
43assoi_Ameass                  A
59T3_Amedum                     A
AA001_Ameand                    A
AA003_Ameser                    A
AA005_Amespa                    A
AAP07_Aptapt                    A
ADEC02_Amedec                   A
KU201314.1_Thespe               A
KU201316.1_Staspe               A
KX091850.1_Cersau               A
KX091851.1_Creelo               A
KX091854.1_Spiocc2              A
KX091855.1_Hesspe               A
KX091863.1_Physha               A
KX091864.1_Rholat               A
KX434808.1_Miocaf               A
KX434810.1_Miryun               A
KX434811.1_Psewah               A
KX434812.1_Cammou               A
KX434813.1_Mesala2              A
KX434815.1_Gongon               A
KX434816.1_Spiocc               A
KX434817.1_Tausig               A
KX434818.1_Therub               A
KX434819.1_Hiemaj               A
KX434820.1_Iripol               A
KX434821.1_Plispe               A
KX434823.1_Hetspe               A
KX434824.1_Idolat               A
KX434825.1_Emppen               A
KX434826.1_Brubor               A
KX434828.1_Blemen               A
KX434829.1_Thecat               A
KX434830.1_Hiemul               A
KX434834.1_Derdes               A
KX434837.1_Toxhau               A
KX434838.1_Psechl               A
KX434839.1_Popspu               A
KX434840.1_Sphvir               A
KX434841.1_Psespe               A
KX434842.1_Ortmin               A
KX434843.1_Acomul               A
KX434844.1_Decspe               A
KX434845.1_Haavit               A
KX434846.1_Amochi               A
KX434847.1_Psepin2              A
KX434849.1_Themil               A
KX434850.1_Derlob               A
KX434851.1_Pnimed               A
KX434855.1_Propic               A
KX434856.1_Otospe               A
KX434857.1_Humnad2              A
KX434858.1_Neobol               A
KX434859.1_Heshof               A
KX434860.1_Singra               A
KX434861.1_Hymcor               A
KX434862.1_Tarala               A
KX434863.1_Polgri               A
KX434864.1_Idodia               A
KX434867.1_Creapi               A
KX434868.1_Prospe               A
KX434870.1_Pardav               A
KX434871.1_Metspe               A
KX619654.1_Rhospe               A
KY689113.1_Derdes2              A
KY689117.1_Parkuh               A
KY689118.1_Stepor               A
KY689119.1_Physpe               A
KY689125.1_Theele               A
KY689126.1_Calspe               A
KY689128.1_Ambund               A
KY689130.1_Haaspe               A
KY689136.1_Hiedul               A
MG888436.1_Ambpar               A
MG888437.1_Amospe               A
MG888449.1_Hymcor               A
MG888453.1_Leplac               A
MG888455.1_Metspl               A
MG888456.1_Parkuhasi            A
MG888457.1_Pargig               A
MG888464.1_Singua               A
MK400676.1_Erespe               A
MN267041.1_Mekqui               A
MT024239.1_Phybre2              A
MW222469.1_Crespe               A
MW357297.1_Asiyun               A
MW357298.1_Hiespe2              A
MW357300.1_Mesala               A
MW357301.1_Pseper               A
MW357302.1_Stabio               A
MW357303.1_Yermex               A
NC_007702.1_Tamtam              A
NC_009499.1_Retsan              A
NC_012901.1_Blager              A
NC_014274.1_Eupsin              A
NC_015800.1_Copfor              A
NC_018120.1_Masdar              A
NC_024028.1_Lepalb              A
NC_029326.1_Hiefor              A
NC_030264.1_Humnad              A
NC_030265.1_Manrel              A
NC_030266.1_Tensin              A
NC_030267.1_Cregem              A
NC_030268.1_Anazhe              A
NC_034282.1_Rhobra              A
NC_034283.1_Hiepat              A
NC_034284.1_Rhoval              A
NC_037203.1_Amanaw              A
NC_037204.1_Sphlin              A
NC_037205.1_Troten              A
NC_037206.1_Scesim              A
NC_037207.1_Schbic              A
NC_037208.1_Eomyun              A
NC_037234.1_Crejia              A
NC_037235.1_Sibpre              A
NC_037496.1_Crymer              A
NC_037697.1_Parpol              A
NC_039940.1_Perbru              A
NC_045876.1_Psybor              A
NC_048984.1_Hiemem              A
NC_051489.1_Rholon              A
NC_051490.1_Plibim              A
NC_051892.1_Arrpal              A
NC_057070.1_Amohai              A
NC_063851.1_Sinden              A
NC_065745.1_Hiechi              A
NC_065746.1_Hiezha              A
NC_065758.1_Hiemac              A
NC_065759.1_Tenang              A
NC_065760.1_Stamac              A
NC_065761.1_Stafla              A
NC_066978.1_Paragr              A
NC_069808.1_Cilhum              A
NC_069809.1_Citfal              A
NC_069810.1_Dertru              A
NC_069811.1_Pacbic              A
NC_077476.1_Caldia              A
NC_077477.1_Rapfus              A
NC_077478.1_Galamo              A
NC_077479.1_Chestr              A
NC_082459.1_Dippun              A
NC_085562.1_Acrjap              A
NC_086621.1_Otoscu              A
NC_086622.1_Phybre              A
NC_086795.1_Phypar              A
NC_086817.1_Acrhes              A
NC_086818.1_Amawuz              A
NC_086819.1_Hielat              A
NC_086820.1_Staagr              A
NC_086821.1_Psepin              A
NC_086822.1_Anasin              A
NC_086823.1_Thesin              A
NC_086824.1_Physin              A
NC_086825.1_Phywer              A
NC_086826.1_Anatia              A
NC_086827.1_Theoph              A
NC_086828.1_Arrbre              A
NC_086829.1_Arrpur              A
NC_086830.1_Astmaj              A
NC_086831.1_Gonbru              A
NC_086832.1_Themac              A
OK480879.1_Lepton               A
OK542392.1_Hielon               A
OK542393.1_Tenaribre            A
OL414957.1_Staspe2              A
OL414959.1_Hiespe               A
OM177664.1_Gonspe               A
OM202552.1_Tenspe               A
OM202554.1_Anaspe               A
OM202555.1_Anagra               A
OM202561.1_Sinspe               A
OM202562.1_Mirspe               A
OM202563.1_Arrpal2              A
OM202564.1_Thespe               A
OM202571.1_Lepspe               A
OM910846.1_Carspe               A
OZ336339.1_Bolbra               A
PP072306.1_Majmou               A
PP072307.1_Odospe               A
PP438763.1_Astbas               A
PP438765.1_Cermac               A
PP438766.1_Ceryun               A
PP438767.1_Chlles               A
PP438770.1_Panfra               A
PV564197.1_Pselob               A
RBE05_Rivbae                    A



Printing out site pattern counts


       189          1  P

16CI1f_Psebet                   A
23spal_Amespa2                  A
41K26_Amepic                    A
43assoi_Ameass                  A
59T3_Amedum                     A
AA001_Ameand                    A
AA003_Ameser                    A
AA005_Amespa                    A
AAP07_Aptapt                    A
ADEC02_Amedec                   A
KU201314.1_Thespe               A
KU201316.1_Staspe               A
KX091850.1_Cersau               A
KX091851.1_Creelo               A
KX091854.1_Spiocc2              A
KX091855.1_Hesspe               A
KX091863.1_Physha               A
KX091864.1_Rholat               A
KX434808.1_Miocaf               A
KX434810.1_Miryun               A
KX434811.1_Psewah               A
KX434812.1_Cammou               A
KX434813.1_Mesala2              A
KX434815.1_Gongon               A
KX434816.1_Spiocc               A
KX434817.1_Tausig               A
KX434818.1_Therub               A
KX434819.1_Hiemaj               A
KX434820.1_Iripol               A
KX434821.1_Plispe               A
KX434823.1_Hetspe               A
KX434824.1_Idolat               A
KX434825.1_Emppen               A
KX434826.1_Brubor               A
KX434828.1_Blemen               A
KX434829.1_Thecat               A
KX434830.1_Hiemul               A
KX434834.1_Derdes               A
KX434837.1_Toxhau               A
KX434838.1_Psechl               A
KX434839.1_Popspu               A
KX434840.1_Sphvir               A
KX434841.1_Psespe               A
KX434842.1_Ortmin               A
KX434843.1_Acomul               A
KX434844.1_Decspe               A
KX434845.1_Haavit               A
KX434846.1_Amochi               A
KX434847.1_Psepin2              A
KX434849.1_Themil               A
KX434850.1_Derlob               A
KX434851.1_Pnimed               A
KX434855.1_Propic               A
KX434856.1_Otospe               A
KX434857.1_Humnad2              A
KX434858.1_Neobol               A
KX434859.1_Heshof               A
KX434860.1_Singra               A
KX434861.1_Hymcor               A
KX434862.1_Tarala               A
KX434863.1_Polgri               A
KX434864.1_Idodia               A
KX434867.1_Creapi               A
KX434868.1_Prospe               A
KX434870.1_Pardav               A
KX434871.1_Metspe               A
KX619654.1_Rhospe               A
KY689113.1_Derdes2              A
KY689117.1_Parkuh               A
KY689118.1_Stepor               A
KY689119.1_Physpe               A
KY689125.1_Theele               A
KY689126.1_Calspe               A
KY689128.1_Ambund               A
KY689130.1_Haaspe               A
KY689136.1_Hiedul               A
MG888436.1_Ambpar               A
MG888437.1_Amospe               A
MG888449.1_Hymcor               A
MG888453.1_Leplac               A
MG888455.1_Metspl               A
MG888456.1_Parkuhasi            A
MG888457.1_Pargig               A
MG888464.1_Singua               A
MK400676.1_Erespe               A
MN267041.1_Mekqui               A
MT024239.1_Phybre2              A
MW222469.1_Crespe               A
MW357297.1_Asiyun               A
MW357298.1_Hiespe2              A
MW357300.1_Mesala               A
MW357301.1_Pseper               A
MW357302.1_Stabio               A
MW357303.1_Yermex               A
NC_007702.1_Tamtam              A
NC_009499.1_Retsan              A
NC_012901.1_Blager              A
NC_014274.1_Eupsin              A
NC_015800.1_Copfor              A
NC_018120.1_Masdar              A
NC_024028.1_Lepalb              A
NC_029326.1_Hiefor              A
NC_030264.1_Humnad              A
NC_030265.1_Manrel              A
NC_030266.1_Tensin              A
NC_030267.1_Cregem              A
NC_030268.1_Anazhe              A
NC_034282.1_Rhobra              A
NC_034283.1_Hiepat              A
NC_034284.1_Rhoval              A
NC_037203.1_Amanaw              A
NC_037204.1_Sphlin              A
NC_037205.1_Troten              A
NC_037206.1_Scesim              A
NC_037207.1_Schbic              A
NC_037208.1_Eomyun              A
NC_037234.1_Crejia              A
NC_037235.1_Sibpre              A
NC_037496.1_Crymer              A
NC_037697.1_Parpol              A
NC_039940.1_Perbru              A
NC_045876.1_Psybor              A
NC_048984.1_Hiemem              A
NC_051489.1_Rholon              A
NC_051490.1_Plibim              A
NC_051892.1_Arrpal              A
NC_057070.1_Amohai              A
NC_063851.1_Sinden              A
NC_065745.1_Hiechi              A
NC_065746.1_Hiezha              A
NC_065758.1_Hiemac              A
NC_065759.1_Tenang              A
NC_065760.1_Stamac              A
NC_065761.1_Stafla              A
NC_066978.1_Paragr              A
NC_069808.1_Cilhum              A
NC_069809.1_Citfal              A
NC_069810.1_Dertru              A
NC_069811.1_Pacbic              A
NC_077476.1_Caldia              A
NC_077477.1_Rapfus              A
NC_077478.1_Galamo              A
NC_077479.1_Chestr              A
NC_082459.1_Dippun              A
NC_085562.1_Acrjap              A
NC_086621.1_Otoscu              A
NC_086622.1_Phybre              A
NC_086795.1_Phypar              A
NC_086817.1_Acrhes              A
NC_086818.1_Amawuz              A
NC_086819.1_Hielat              A
NC_086820.1_Staagr              A
NC_086821.1_Psepin              A
NC_086822.1_Anasin              A
NC_086823.1_Thesin              A
NC_086824.1_Physin              A
NC_086825.1_Phywer              A
NC_086826.1_Anatia              A
NC_086827.1_Theoph              A
NC_086828.1_Arrbre              A
NC_086829.1_Arrpur              A
NC_086830.1_Astmaj              A
NC_086831.1_Gonbru              A
NC_086832.1_Themac              A
OK480879.1_Lepton               A
OK542392.1_Hielon               A
OK542393.1_Tenaribre            A
OL414957.1_Staspe2              A
OL414959.1_Hiespe               A
OM177664.1_Gonspe               A
OM202552.1_Tenspe               A
OM202554.1_Anaspe               A
OM202555.1_Anagra               A
OM202561.1_Sinspe               A
OM202562.1_Mirspe               A
OM202563.1_Arrpal2              A
OM202564.1_Thespe               A
OM202571.1_Lepspe               A
OM910846.1_Carspe               A
OZ336339.1_Bolbra               A
PP072306.1_Majmou               A
PP072307.1_Odospe               A
PP438763.1_Astbas               A
PP438765.1_Cermac               A
PP438766.1_Ceryun               A
PP438767.1_Chlles               A
PP438770.1_Panfra               A
PV564197.1_Pselob               A
RBE05_Rivbae                    A



Frequencies..
                                    A      R      N      D      C      Q      E      G      H      I      L      K      M      F      P      S      T      W      Y      V
16CI1f_Psebet                  1.00000 0.00000 0.00000 0.00000 0.00000 0.00000 0.00000 0.00000 0.00000 0.00000 0.00000 0.00000 0.00000 0.00000 0.00000 0.00000 0.00000 0.00000 0.00000 0.00000
23spal_Amespa2                 1.00000 0.00000 0.00000 0.00000 0.00000 0.00000 0.00000 0.00000 0.00000 0.00000 0.00000 0.00000 0.00000 0.00000 0.00000 0.00000 0.00000 0.00000 0.00000 0.00000
41K26_Amepic                   1.00000 0.00000 0.00000 0.00000 0.00000 0.00000 0.00000 0.00000 0.00000 0.00000 0.00000 0.00000 0.00000 0.00000 0.00000 0.00000 0.00000 0.00000 0.00000 0.00000
43assoi_Ameass                 1.00000 0.00000 0.00000 0.00000 0.00000 0.00000 0.00000 0.00000 0.00000 0.00000 0.00000 0.00000 0.00000 0.00000 0.00000 0.00000 0.00000 0.00000 0.00000 0.00000
59T3_Amedum                    1.00000 0.00000 0.00000 0.00000 0.00000 0.00000 0.00000 0.00000 0.00000 0.00000 0.00000 0.00000 0.00000 0.00000 0.00000 0.00000 0.00000 0.00000 0.00000 0.00000
AA001_Ameand                   1.00000 0.00000 0.00000 0.00000 0.00000 0.00000 0.00000 0.00000 0.00000 0.00000 0.00000 0.00000 0.00000 0.00000 0.00000 0.00000 0.00000 0.00000 0.00000 0.00000
AA003_Ameser                   1.00000 0.00000 0.00000 0.00000 0.00000 0.00000 0.00000 0.00000 0.00000 0.00000 0.00000 0.00000 0.00000 0.00000 0.00000 0.00000 0.00000 0.00000 0.00000 0.00000
AA005_Amespa                   1.00000 0.00000 0.00000 0.00000 0.00000 0.00000 0.00000 0.00000 0.00000 0.00000 0.00000 0.00000 0.00000 0.00000 0.00000 0.00000 0.00000 0.00000 0.00000 0.00000
AAP07_Aptapt                   1.00000 0.00000 0.00000 0.00000 0.00000 0.00000 0.00000 0.00000 0.00000 0.00000 0.00000 0.00000 0.00000 0.00000 0.00000 0.00000 0.00000 0.00000 0.00000 0.00000
ADEC02_Amedec                  1.00000 0.00000 0.00000 0.00000 0.00000 0.00000 0.00000 0.00000 0.00000 0.00000 0.00000 0.00000 0.00000 0.00000 0.00000 0.00000 0.00000 0.00000 0.00000 0.00000
KU201314.1_Thespe              1.00000 0.00000 0.00000 0.00000 0.00000 0.00000 0.00000 0.00000 0.00000 0.00000 0.00000 0.00000 0.00000 0.00000 0.00000 0.00000 0.00000 0.00000 0.00000 0.00000
KU201316.1_Staspe              1.00000 0.00000 0.00000 0.00000 0.00000 0.00000 0.00000 0.00000 0.00000 0.00000 0.00000 0.00000 0.00000 0.00000 0.00000 0.00000 0.00000 0.00000 0.00000 0.00000
KX091850.1_Cersau              1.00000 0.00000 0.00000 0.00000 0.00000 0.00000 0.00000 0.00000 0.00000 0.00000 0.00000 0.00000 0.00000 0.00000 0.00000 0.00000 0.00000 0.00000 0.00000 0.00000
KX091851.1_Creelo              1.00000 0.00000 0.00000 0.00000 0.00000 0.00000 0.00000 0.00000 0.00000 0.00000 0.00000 0.00000 0.00000 0.00000 0.00000 0.00000 0.00000 0.00000 0.00000 0.00000
KX091854.1_Spiocc2             1.00000 0.00000 0.00000 0.00000 0.00000 0.00000 0.00000 0.00000 0.00000 0.00000 0.00000 0.00000 0.00000 0.00000 0.00000 0.00000 0.00000 0.00000 0.00000 0.00000
KX091855.1_Hesspe              1.00000 0.00000 0.00000 0.00000 0.00000 0.00000 0.00000 0.00000 0.00000 0.00000 0.00000 0.00000 0.00000 0.00000 0.00000 0.00000 0.00000 0.00000 0.00000 0.00000
KX091863.1_Physha              1.00000 0.00000 0.00000 0.00000 0.00000 0.00000 0.00000 0.00000 0.00000 0.00000 0.00000 0.00000 0.00000 0.00000 0.00000 0.00000 0.00000 0.00000 0.00000 0.00000
KX091864.1_Rholat              1.00000 0.00000 0.00000 0.00000 0.00000 0.00000 0.00000 0.00000 0.00000 0.00000 0.00000 0.00000 0.00000 0.00000 0.00000 0.00000 0.00000 0.00000 0.00000 0.00000
KX434808.1_Miocaf              1.00000 0.00000 0.00000 0.00000 0.00000 0.00000 0.00000 0.00000 0.00000 0.00000 0.00000 0.00000 0.00000 0.00000 0.00000 0.00000 0.00000 0.00000 0.00000 0.00000
KX434810.1_Miryun              1.00000 0.00000 0.00000 0.00000 0.00000 0.00000 0.00000 0.00000 0.00000 0.00000 0.00000 0.00000 0.00000 0.00000 0.00000 0.00000 0.00000 0.00000 0.00000 0.00000
KX434811.1_Psewah              1.00000 0.00000 0.00000 0.00000 0.00000 0.00000 0.00000 0.00000 0.00000 0.00000 0.00000 0.00000 0.00000 0.00000 0.00000 0.00000 0.00000 0.00000 0.00000 0.00000
KX434812.1_Cammou              1.00000 0.00000 0.00000 0.00000 0.00000 0.00000 0.00000 0.00000 0.00000 0.00000 0.00000 0.00000 0.00000 0.00000 0.00000 0.00000 0.00000 0.00000 0.00000 0.00000
KX434813.1_Mesala2             1.00000 0.00000 0.00000 0.00000 0.00000 0.00000 0.00000 0.00000 0.00000 0.00000 0.00000 0.00000 0.00000 0.00000 0.00000 0.00000 0.00000 0.00000 0.00000 0.00000
KX434815.1_Gongon              1.00000 0.00000 0.00000 0.00000 0.00000 0.00000 0.00000 0.00000 0.00000 0.00000 0.00000 0.00000 0.00000 0.00000 0.00000 0.00000 0.00000 0.00000 0.00000 0.00000
KX434816.1_Spiocc              1.00000 0.00000 0.00000 0.00000 0.00000 0.00000 0.00000 0.00000 0.00000 0.00000 0.00000 0.00000 0.00000 0.00000 0.00000 0.00000 0.00000 0.00000 0.00000 0.00000
KX434817.1_Tausig              1.00000 0.00000 0.00000 0.00000 0.00000 0.00000 0.00000 0.00000 0.00000 0.00000 0.00000 0.00000 0.00000 0.00000 0.00000 0.00000 0.00000 0.00000 0.00000 0.00000
KX434818.1_Therub              1.00000 0.00000 0.00000 0.00000 0.00000 0.00000 0.00000 0.00000 0.00000 0.00000 0.00000 0.00000 0.00000 0.00000 0.00000 0.00000 0.00000 0.00000 0.00000 0.00000
KX434819.1_Hiemaj              1.00000 0.00000 0.00000 0.00000 0.00000 0.00000 0.00000 0.00000 0.00000 0.00000 0.00000 0.00000 0.00000 0.00000 0.00000 0.00000 0.00000 0.00000 0.00000 0.00000
KX434820.1_Iripol              1.00000 0.00000 0.00000 0.00000 0.00000 0.00000 0.00000 0.00000 0.00000 0.00000 0.00000 0.00000 0.00000 0.00000 0.00000 0.00000 0.00000 0.00000 0.00000 0.00000
KX434821.1_Plispe              1.00000 0.00000 0.00000 0.00000 0.00000 0.00000 0.00000 0.00000 0.00000 0.00000 0.00000 0.00000 0.00000 0.00000 0.00000 0.00000 0.00000 0.00000 0.00000 0.00000
KX434823.1_Hetspe              1.00000 0.00000 0.00000 0.00000 0.00000 0.00000 0.00000 0.00000 0.00000 0.00000 0.00000 0.00000 0.00000 0.00000 0.00000 0.00000 0.00000 0.00000 0.00000 0.00000
KX434824.1_Idolat              1.00000 0.00000 0.00000 0.00000 0.00000 0.00000 0.00000 0.00000 0.00000 0.00000 0.00000 0.00000 0.00000 0.00000 0.00000 0.00000 0.00000 0.00000 0.00000 0.00000
KX434825.1_Emppen              1.00000 0.00000 0.00000 0.00000 0.00000 0.00000 0.00000 0.00000 0.00000 0.00000 0.00000 0.00000 0.00000 0.00000 0.00000 0.00000 0.00000 0.00000 0.00000 0.00000
KX434826.1_Brubor              1.00000 0.00000 0.00000 0.00000 0.00000 0.00000 0.00000 0.00000 0.00000 0.00000 0.00000 0.00000 0.00000 0.00000 0.00000 0.00000 0.00000 0.00000 0.00000 0.00000
KX434828.1_Blemen              1.00000 0.00000 0.00000 0.00000 0.00000 0.00000 0.00000 0.00000 0.00000 0.00000 0.00000 0.00000 0.00000 0.00000 0.00000 0.00000 0.00000 0.00000 0.00000 0.00000
KX434829.1_Thecat              1.00000 0.00000 0.00000 0.00000 0.00000 0.00000 0.00000 0.00000 0.00000 0.00000 0.00000 0.00000 0.00000 0.00000 0.00000 0.00000 0.00000 0.00000 0.00000 0.00000
KX434830.1_Hiemul              1.00000 0.00000 0.00000 0.00000 0.00000 0.00000 0.00000 0.00000 0.00000 0.00000 0.00000 0.00000 0.00000 0.00000 0.00000 0.00000 0.00000 0.00000 0.00000 0.00000
KX434834.1_Derdes              1.00000 0.00000 0.00000 0.00000 0.00000 0.00000 0.00000 0.00000 0.00000 0.00000 0.00000 0.00000 0.00000 0.00000 0.00000 0.00000 0.00000 0.00000 0.00000 0.00000
KX434837.1_Toxhau              1.00000 0.00000 0.00000 0.00000 0.00000 0.00000 0.00000 0.00000 0.00000 0.00000 0.00000 0.00000 0.00000 0.00000 0.00000 0.00000 0.00000 0.00000 0.00000 0.00000
KX434838.1_Psechl              1.00000 0.00000 0.00000 0.00000 0.00000 0.00000 0.00000 0.00000 0.00000 0.00000 0.00000 0.00000 0.00000 0.00000 0.00000 0.00000 0.00000 0.00000 0.00000 0.00000
KX434839.1_Popspu              1.00000 0.00000 0.00000 0.00000 0.00000 0.00000 0.00000 0.00000 0.00000 0.00000 0.00000 0.00000 0.00000 0.00000 0.00000 0.00000 0.00000 0.00000 0.00000 0.00000
KX434840.1_Sphvir              1.00000 0.00000 0.00000 0.00000 0.00000 0.00000 0.00000 0.00000 0.00000 0.00000 0.00000 0.00000 0.00000 0.00000 0.00000 0.00000 0.00000 0.00000 0.00000 0.00000
KX434841.1_Psespe              1.00000 0.00000 0.00000 0.00000 0.00000 0.00000 0.00000 0.00000 0.00000 0.00000 0.00000 0.00000 0.00000 0.00000 0.00000 0.00000 0.00000 0.00000 0.00000 0.00000
KX434842.1_Ortmin              1.00000 0.00000 0.00000 0.00000 0.00000 0.00000 0.00000 0.00000 0.00000 0.00000 0.00000 0.00000 0.00000 0.00000 0.00000 0.00000 0.00000 0.00000 0.00000 0.00000
KX434843.1_Acomul              1.00000 0.00000 0.00000 0.00000 0.00000 0.00000 0.00000 0.00000 0.00000 0.00000 0.00000 0.00000 0.00000 0.00000 0.00000 0.00000 0.00000 0.00000 0.00000 0.00000
KX434844.1_Decspe              1.00000 0.00000 0.00000 0.00000 0.00000 0.00000 0.00000 0.00000 0.00000 0.00000 0.00000 0.00000 0.00000 0.00000 0.00000 0.00000 0.00000 0.00000 0.00000 0.00000
KX434845.1_Haavit              1.00000 0.00000 0.00000 0.00000 0.00000 0.00000 0.00000 0.00000 0.00000 0.00000 0.00000 0.00000 0.00000 0.00000 0.00000 0.00000 0.00000 0.00000 0.00000 0.00000
KX434846.1_Amochi              1.00000 0.00000 0.00000 0.00000 0.00000 0.00000 0.00000 0.00000 0.00000 0.00000 0.00000 0.00000 0.00000 0.00000 0.00000 0.00000 0.00000 0.00000 0.00000 0.00000
KX434847.1_Psepin2             1.00000 0.00000 0.00000 0.00000 0.00000 0.00000 0.00000 0.00000 0.00000 0.00000 0.00000 0.00000 0.00000 0.00000 0.00000 0.00000 0.00000 0.00000 0.00000 0.00000
KX434849.1_Themil              1.00000 0.00000 0.00000 0.00000 0.00000 0.00000 0.00000 0.00000 0.00000 0.00000 0.00000 0.00000 0.00000 0.00000 0.00000 0.00000 0.00000 0.00000 0.00000 0.00000
KX434850.1_Derlob              1.00000 0.00000 0.00000 0.00000 0.00000 0.00000 0.00000 0.00000 0.00000 0.00000 0.00000 0.00000 0.00000 0.00000 0.00000 0.00000 0.00000 0.00000 0.00000 0.00000
KX434851.1_Pnimed              1.00000 0.00000 0.00000 0.00000 0.00000 0.00000 0.00000 0.00000 0.00000 0.00000 0.00000 0.00000 0.00000 0.00000 0.00000 0.00000 0.00000 0.00000 0.00000 0.00000
KX434855.1_Propic              1.00000 0.00000 0.00000 0.00000 0.00000 0.00000 0.00000 0.00000 0.00000 0.00000 0.00000 0.00000 0.00000 0.00000 0.00000 0.00000 0.00000 0.00000 0.00000 0.00000
KX434856.1_Otospe              1.00000 0.00000 0.00000 0.00000 0.00000 0.00000 0.00000 0.00000 0.00000 0.00000 0.00000 0.00000 0.00000 0.00000 0.00000 0.00000 0.00000 0.00000 0.00000 0.00000
KX434857.1_Humnad2             1.00000 0.00000 0.00000 0.00000 0.00000 0.00000 0.00000 0.00000 0.00000 0.00000 0.00000 0.00000 0.00000 0.00000 0.00000 0.00000 0.00000 0.00000 0.00000 0.00000
KX434858.1_Neobol              1.00000 0.00000 0.00000 0.00000 0.00000 0.00000 0.00000 0.00000 0.00000 0.00000 0.00000 0.00000 0.00000 0.00000 0.00000 0.00000 0.00000 0.00000 0.00000 0.00000
KX434859.1_Heshof              1.00000 0.00000 0.00000 0.00000 0.00000 0.00000 0.00000 0.00000 0.00000 0.00000 0.00000 0.00000 0.00000 0.00000 0.00000 0.00000 0.00000 0.00000 0.00000 0.00000
KX434860.1_Singra              1.00000 0.00000 0.00000 0.00000 0.00000 0.00000 0.00000 0.00000 0.00000 0.00000 0.00000 0.00000 0.00000 0.00000 0.00000 0.00000 0.00000 0.00000 0.00000 0.00000
KX434861.1_Hymcor              1.00000 0.00000 0.00000 0.00000 0.00000 0.00000 0.00000 0.00000 0.00000 0.00000 0.00000 0.00000 0.00000 0.00000 0.00000 0.00000 0.00000 0.00000 0.00000 0.00000
KX434862.1_Tarala              1.00000 0.00000 0.00000 0.00000 0.00000 0.00000 0.00000 0.00000 0.00000 0.00000 0.00000 0.00000 0.00000 0.00000 0.00000 0.00000 0.00000 0.00000 0.00000 0.00000
KX434863.1_Polgri              1.00000 0.00000 0.00000 0.00000 0.00000 0.00000 0.00000 0.00000 0.00000 0.00000 0.00000 0.00000 0.00000 0.00000 0.00000 0.00000 0.00000 0.00000 0.00000 0.00000
KX434864.1_Idodia              1.00000 0.00000 0.00000 0.00000 0.00000 0.00000 0.00000 0.00000 0.00000 0.00000 0.00000 0.00000 0.00000 0.00000 0.00000 0.00000 0.00000 0.00000 0.00000 0.00000
KX434867.1_Creapi              1.00000 0.00000 0.00000 0.00000 0.00000 0.00000 0.00000 0.00000 0.00000 0.00000 0.00000 0.00000 0.00000 0.00000 0.00000 0.00000 0.00000 0.00000 0.00000 0.00000
KX434868.1_Prospe              1.00000 0.00000 0.00000 0.00000 0.00000 0.00000 0.00000 0.00000 0.00000 0.00000 0.00000 0.00000 0.00000 0.00000 0.00000 0.00000 0.00000 0.00000 0.00000 0.00000
KX434870.1_Pardav              1.00000 0.00000 0.00000 0.00000 0.00000 0.00000 0.00000 0.00000 0.00000 0.00000 0.00000 0.00000 0.00000 0.00000 0.00000 0.00000 0.00000 0.00000 0.00000 0.00000
KX434871.1_Metspe              1.00000 0.00000 0.00000 0.00000 0.00000 0.00000 0.00000 0.00000 0.00000 0.00000 0.00000 0.00000 0.00000 0.00000 0.00000 0.00000 0.00000 0.00000 0.00000 0.00000
KX619654.1_Rhospe              1.00000 0.00000 0.00000 0.00000 0.00000 0.00000 0.00000 0.00000 0.00000 0.00000 0.00000 0.00000 0.00000 0.00000 0.00000 0.00000 0.00000 0.00000 0.00000 0.00000
KY689113.1_Derdes2             1.00000 0.00000 0.00000 0.00000 0.00000 0.00000 0.00000 0.00000 0.00000 0.00000 0.00000 0.00000 0.00000 0.00000 0.00000 0.00000 0.00000 0.00000 0.00000 0.00000
KY689117.1_Parkuh              1.00000 0.00000 0.00000 0.00000 0.00000 0.00000 0.00000 0.00000 0.00000 0.00000 0.00000 0.00000 0.00000 0.00000 0.00000 0.00000 0.00000 0.00000 0.00000 0.00000
KY689118.1_Stepor              1.00000 0.00000 0.00000 0.00000 0.00000 0.00000 0.00000 0.00000 0.00000 0.00000 0.00000 0.00000 0.00000 0.00000 0.00000 0.00000 0.00000 0.00000 0.00000 0.00000
KY689119.1_Physpe              1.00000 0.00000 0.00000 0.00000 0.00000 0.00000 0.00000 0.00000 0.00000 0.00000 0.00000 0.00000 0.00000 0.00000 0.00000 0.00000 0.00000 0.00000 0.00000 0.00000
KY689125.1_Theele              1.00000 0.00000 0.00000 0.00000 0.00000 0.00000 0.00000 0.00000 0.00000 0.00000 0.00000 0.00000 0.00000 0.00000 0.00000 0.00000 0.00000 0.00000 0.00000 0.00000
KY689126.1_Calspe              1.00000 0.00000 0.00000 0.00000 0.00000 0.00000 0.00000 0.00000 0.00000 0.00000 0.00000 0.00000 0.00000 0.00000 0.00000 0.00000 0.00000 0.00000 0.00000 0.00000
KY689128.1_Ambund              1.00000 0.00000 0.00000 0.00000 0.00000 0.00000 0.00000 0.00000 0.00000 0.00000 0.00000 0.00000 0.00000 0.00000 0.00000 0.00000 0.00000 0.00000 0.00000 0.00000
KY689130.1_Haaspe              1.00000 0.00000 0.00000 0.00000 0.00000 0.00000 0.00000 0.00000 0.00000 0.00000 0.00000 0.00000 0.00000 0.00000 0.00000 0.00000 0.00000 0.00000 0.00000 0.00000
KY689136.1_Hiedul              1.00000 0.00000 0.00000 0.00000 0.00000 0.00000 0.00000 0.00000 0.00000 0.00000 0.00000 0.00000 0.00000 0.00000 0.00000 0.00000 0.00000 0.00000 0.00000 0.00000
MG888436.1_Ambpar              1.00000 0.00000 0.00000 0.00000 0.00000 0.00000 0.00000 0.00000 0.00000 0.00000 0.00000 0.00000 0.00000 0.00000 0.00000 0.00000 0.00000 0.00000 0.00000 0.00000
MG888437.1_Amospe              1.00000 0.00000 0.00000 0.00000 0.00000 0.00000 0.00000 0.00000 0.00000 0.00000 0.00000 0.00000 0.00000 0.00000 0.00000 0.00000 0.00000 0.00000 0.00000 0.00000
MG888449.1_Hymcor              1.00000 0.00000 0.00000 0.00000 0.00000 0.00000 0.00000 0.00000 0.00000 0.00000 0.00000 0.00000 0.00000 0.00000 0.00000 0.00000 0.00000 0.00000 0.00000 0.00000
MG888453.1_Leplac              1.00000 0.00000 0.00000 0.00000 0.00000 0.00000 0.00000 0.00000 0.00000 0.00000 0.00000 0.00000 0.00000 0.00000 0.00000 0.00000 0.00000 0.00000 0.00000 0.00000
MG888455.1_Metspl              1.00000 0.00000 0.00000 0.00000 0.00000 0.00000 0.00000 0.00000 0.00000 0.00000 0.00000 0.00000 0.00000 0.00000 0.00000 0.00000 0.00000 0.00000 0.00000 0.00000
MG888456.1_Parkuhasi           1.00000 0.00000 0.00000 0.00000 0.00000 0.00000 0.00000 0.00000 0.00000 0.00000 0.00000 0.00000 0.00000 0.00000 0.00000 0.00000 0.00000 0.00000 0.00000 0.00000
MG888457.1_Pargig              1.00000 0.00000 0.00000 0.00000 0.00000 0.00000 0.00000 0.00000 0.00000 0.00000 0.00000 0.00000 0.00000 0.00000 0.00000 0.00000 0.00000 0.00000 0.00000 0.00000
MG888464.1_Singua              1.00000 0.00000 0.00000 0.00000 0.00000 0.00000 0.00000 0.00000 0.00000 0.00000 0.00000 0.00000 0.00000 0.00000 0.00000 0.00000 0.00000 0.00000 0.00000 0.00000
MK400676.1_Erespe              1.00000 0.00000 0.00000 0.00000 0.00000 0.00000 0.00000 0.00000 0.00000 0.00000 0.00000 0.00000 0.00000 0.00000 0.00000 0.00000 0.00000 0.00000 0.00000 0.00000
MN267041.1_Mekqui              1.00000 0.00000 0.00000 0.00000 0.00000 0.00000 0.00000 0.00000 0.00000 0.00000 0.00000 0.00000 0.00000 0.00000 0.00000 0.00000 0.00000 0.00000 0.00000 0.00000
MT024239.1_Phybre2             1.00000 0.00000 0.00000 0.00000 0.00000 0.00000 0.00000 0.00000 0.00000 0.00000 0.00000 0.00000 0.00000 0.00000 0.00000 0.00000 0.00000 0.00000 0.00000 0.00000
MW222469.1_Crespe              1.00000 0.00000 0.00000 0.00000 0.00000 0.00000 0.00000 0.00000 0.00000 0.00000 0.00000 0.00000 0.00000 0.00000 0.00000 0.00000 0.00000 0.00000 0.00000 0.00000
MW357297.1_Asiyun              1.00000 0.00000 0.00000 0.00000 0.00000 0.00000 0.00000 0.00000 0.00000 0.00000 0.00000 0.00000 0.00000 0.00000 0.00000 0.00000 0.00000 0.00000 0.00000 0.00000
MW357298.1_Hiespe2             1.00000 0.00000 0.00000 0.00000 0.00000 0.00000 0.00000 0.00000 0.00000 0.00000 0.00000 0.00000 0.00000 0.00000 0.00000 0.00000 0.00000 0.00000 0.00000 0.00000
MW357300.1_Mesala              1.00000 0.00000 0.00000 0.00000 0.00000 0.00000 0.00000 0.00000 0.00000 0.00000 0.00000 0.00000 0.00000 0.00000 0.00000 0.00000 0.00000 0.00000 0.00000 0.00000
MW357301.1_Pseper              1.00000 0.00000 0.00000 0.00000 0.00000 0.00000 0.00000 0.00000 0.00000 0.00000 0.00000 0.00000 0.00000 0.00000 0.00000 0.00000 0.00000 0.00000 0.00000 0.00000
MW357302.1_Stabio              1.00000 0.00000 0.00000 0.00000 0.00000 0.00000 0.00000 0.00000 0.00000 0.00000 0.00000 0.00000 0.00000 0.00000 0.00000 0.00000 0.00000 0.00000 0.00000 0.00000
MW357303.1_Yermex              1.00000 0.00000 0.00000 0.00000 0.00000 0.00000 0.00000 0.00000 0.00000 0.00000 0.00000 0.00000 0.00000 0.00000 0.00000 0.00000 0.00000 0.00000 0.00000 0.00000
NC_007702.1_Tamtam             1.00000 0.00000 0.00000 0.00000 0.00000 0.00000 0.00000 0.00000 0.00000 0.00000 0.00000 0.00000 0.00000 0.00000 0.00000 0.00000 0.00000 0.00000 0.00000 0.00000
NC_009499.1_Retsan             1.00000 0.00000 0.00000 0.00000 0.00000 0.00000 0.00000 0.00000 0.00000 0.00000 0.00000 0.00000 0.00000 0.00000 0.00000 0.00000 0.00000 0.00000 0.00000 0.00000
NC_012901.1_Blager             1.00000 0.00000 0.00000 0.00000 0.00000 0.00000 0.00000 0.00000 0.00000 0.00000 0.00000 0.00000 0.00000 0.00000 0.00000 0.00000 0.00000 0.00000 0.00000 0.00000
NC_014274.1_Eupsin             1.00000 0.00000 0.00000 0.00000 0.00000 0.00000 0.00000 0.00000 0.00000 0.00000 0.00000 0.00000 0.00000 0.00000 0.00000 0.00000 0.00000 0.00000 0.00000 0.00000
NC_015800.1_Copfor             1.00000 0.00000 0.00000 0.00000 0.00000 0.00000 0.00000 0.00000 0.00000 0.00000 0.00000 0.00000 0.00000 0.00000 0.00000 0.00000 0.00000 0.00000 0.00000 0.00000
NC_018120.1_Masdar             1.00000 0.00000 0.00000 0.00000 0.00000 0.00000 0.00000 0.00000 0.00000 0.00000 0.00000 0.00000 0.00000 0.00000 0.00000 0.00000 0.00000 0.00000 0.00000 0.00000
NC_024028.1_Lepalb             1.00000 0.00000 0.00000 0.00000 0.00000 0.00000 0.00000 0.00000 0.00000 0.00000 0.00000 0.00000 0.00000 0.00000 0.00000 0.00000 0.00000 0.00000 0.00000 0.00000
NC_029326.1_Hiefor             1.00000 0.00000 0.00000 0.00000 0.00000 0.00000 0.00000 0.00000 0.00000 0.00000 0.00000 0.00000 0.00000 0.00000 0.00000 0.00000 0.00000 0.00000 0.00000 0.00000
NC_030264.1_Humnad             1.00000 0.00000 0.00000 0.00000 0.00000 0.00000 0.00000 0.00000 0.00000 0.00000 0.00000 0.00000 0.00000 0.00000 0.00000 0.00000 0.00000 0.00000 0.00000 0.00000
NC_030265.1_Manrel             1.00000 0.00000 0.00000 0.00000 0.00000 0.00000 0.00000 0.00000 0.00000 0.00000 0.00000 0.00000 0.00000 0.00000 0.00000 0.00000 0.00000 0.00000 0.00000 0.00000
NC_030266.1_Tensin             1.00000 0.00000 0.00000 0.00000 0.00000 0.00000 0.00000 0.00000 0.00000 0.00000 0.00000 0.00000 0.00000 0.00000 0.00000 0.00000 0.00000 0.00000 0.00000 0.00000
NC_030267.1_Cregem             1.00000 0.00000 0.00000 0.00000 0.00000 0.00000 0.00000 0.00000 0.00000 0.00000 0.00000 0.00000 0.00000 0.00000 0.00000 0.00000 0.00000 0.00000 0.00000 0.00000
NC_030268.1_Anazhe             1.00000 0.00000 0.00000 0.00000 0.00000 0.00000 0.00000 0.00000 0.00000 0.00000 0.00000 0.00000 0.00000 0.00000 0.00000 0.00000 0.00000 0.00000 0.00000 0.00000
NC_034282.1_Rhobra             1.00000 0.00000 0.00000 0.00000 0.00000 0.00000 0.00000 0.00000 0.00000 0.00000 0.00000 0.00000 0.00000 0.00000 0.00000 0.00000 0.00000 0.00000 0.00000 0.00000
NC_034283.1_Hiepat             1.00000 0.00000 0.00000 0.00000 0.00000 0.00000 0.00000 0.00000 0.00000 0.00000 0.00000 0.00000 0.00000 0.00000 0.00000 0.00000 0.00000 0.00000 0.00000 0.00000
NC_034284.1_Rhoval             1.00000 0.00000 0.00000 0.00000 0.00000 0.00000 0.00000 0.00000 0.00000 0.00000 0.00000 0.00000 0.00000 0.00000 0.00000 0.00000 0.00000 0.00000 0.00000 0.00000
NC_037203.1_Amanaw             1.00000 0.00000 0.00000 0.00000 0.00000 0.00000 0.00000 0.00000 0.00000 0.00000 0.00000 0.00000 0.00000 0.00000 0.00000 0.00000 0.00000 0.00000 0.00000 0.00000
NC_037204.1_Sphlin             1.00000 0.00000 0.00000 0.00000 0.00000 0.00000 0.00000 0.00000 0.00000 0.00000 0.00000 0.00000 0.00000 0.00000 0.00000 0.00000 0.00000 0.00000 0.00000 0.00000
NC_037205.1_Troten             1.00000 0.00000 0.00000 0.00000 0.00000 0.00000 0.00000 0.00000 0.00000 0.00000 0.00000 0.00000 0.00000 0.00000 0.00000 0.00000 0.00000 0.00000 0.00000 0.00000
NC_037206.1_Scesim             1.00000 0.00000 0.00000 0.00000 0.00000 0.00000 0.00000 0.00000 0.00000 0.00000 0.00000 0.00000 0.00000 0.00000 0.00000 0.00000 0.00000 0.00000 0.00000 0.00000
NC_037207.1_Schbic             1.00000 0.00000 0.00000 0.00000 0.00000 0.00000 0.00000 0.00000 0.00000 0.00000 0.00000 0.00000 0.00000 0.00000 0.00000 0.00000 0.00000 0.00000 0.00000 0.00000
NC_037208.1_Eomyun             1.00000 0.00000 0.00000 0.00000 0.00000 0.00000 0.00000 0.00000 0.00000 0.00000 0.00000 0.00000 0.00000 0.00000 0.00000 0.00000 0.00000 0.00000 0.00000 0.00000
NC_037234.1_Crejia             1.00000 0.00000 0.00000 0.00000 0.00000 0.00000 0.00000 0.00000 0.00000 0.00000 0.00000 0.00000 0.00000 0.00000 0.00000 0.00000 0.00000 0.00000 0.00000 0.00000
NC_037235.1_Sibpre             1.00000 0.00000 0.00000 0.00000 0.00000 0.00000 0.00000 0.00000 0.00000 0.00000 0.00000 0.00000 0.00000 0.00000 0.00000 0.00000 0.00000 0.00000 0.00000 0.00000
NC_037496.1_Crymer             1.00000 0.00000 0.00000 0.00000 0.00000 0.00000 0.00000 0.00000 0.00000 0.00000 0.00000 0.00000 0.00000 0.00000 0.00000 0.00000 0.00000 0.00000 0.00000 0.00000
NC_037697.1_Parpol             1.00000 0.00000 0.00000 0.00000 0.00000 0.00000 0.00000 0.00000 0.00000 0.00000 0.00000 0.00000 0.00000 0.00000 0.00000 0.00000 0.00000 0.00000 0.00000 0.00000
NC_039940.1_Perbru             1.00000 0.00000 0.00000 0.00000 0.00000 0.00000 0.00000 0.00000 0.00000 0.00000 0.00000 0.00000 0.00000 0.00000 0.00000 0.00000 0.00000 0.00000 0.00000 0.00000
NC_045876.1_Psybor             1.00000 0.00000 0.00000 0.00000 0.00000 0.00000 0.00000 0.00000 0.00000 0.00000 0.00000 0.00000 0.00000 0.00000 0.00000 0.00000 0.00000 0.00000 0.00000 0.00000
NC_048984.1_Hiemem             1.00000 0.00000 0.00000 0.00000 0.00000 0.00000 0.00000 0.00000 0.00000 0.00000 0.00000 0.00000 0.00000 0.00000 0.00000 0.00000 0.00000 0.00000 0.00000 0.00000
NC_051489.1_Rholon             1.00000 0.00000 0.00000 0.00000 0.00000 0.00000 0.00000 0.00000 0.00000 0.00000 0.00000 0.00000 0.00000 0.00000 0.00000 0.00000 0.00000 0.00000 0.00000 0.00000
NC_051490.1_Plibim             1.00000 0.00000 0.00000 0.00000 0.00000 0.00000 0.00000 0.00000 0.00000 0.00000 0.00000 0.00000 0.00000 0.00000 0.00000 0.00000 0.00000 0.00000 0.00000 0.00000
NC_051892.1_Arrpal             1.00000 0.00000 0.00000 0.00000 0.00000 0.00000 0.00000 0.00000 0.00000 0.00000 0.00000 0.00000 0.00000 0.00000 0.00000 0.00000 0.00000 0.00000 0.00000 0.00000
NC_057070.1_Amohai             1.00000 0.00000 0.00000 0.00000 0.00000 0.00000 0.00000 0.00000 0.00000 0.00000 0.00000 0.00000 0.00000 0.00000 0.00000 0.00000 0.00000 0.00000 0.00000 0.00000
NC_063851.1_Sinden             1.00000 0.00000 0.00000 0.00000 0.00000 0.00000 0.00000 0.00000 0.00000 0.00000 0.00000 0.00000 0.00000 0.00000 0.00000 0.00000 0.00000 0.00000 0.00000 0.00000
NC_065745.1_Hiechi             1.00000 0.00000 0.00000 0.00000 0.00000 0.00000 0.00000 0.00000 0.00000 0.00000 0.00000 0.00000 0.00000 0.00000 0.00000 0.00000 0.00000 0.00000 0.00000 0.00000
NC_065746.1_Hiezha             1.00000 0.00000 0.00000 0.00000 0.00000 0.00000 0.00000 0.00000 0.00000 0.00000 0.00000 0.00000 0.00000 0.00000 0.00000 0.00000 0.00000 0.00000 0.00000 0.00000
NC_065758.1_Hiemac             1.00000 0.00000 0.00000 0.00000 0.00000 0.00000 0.00000 0.00000 0.00000 0.00000 0.00000 0.00000 0.00000 0.00000 0.00000 0.00000 0.00000 0.00000 0.00000 0.00000
NC_065759.1_Tenang             1.00000 0.00000 0.00000 0.00000 0.00000 0.00000 0.00000 0.00000 0.00000 0.00000 0.00000 0.00000 0.00000 0.00000 0.00000 0.00000 0.00000 0.00000 0.00000 0.00000
NC_065760.1_Stamac             1.00000 0.00000 0.00000 0.00000 0.00000 0.00000 0.00000 0.00000 0.00000 0.00000 0.00000 0.00000 0.00000 0.00000 0.00000 0.00000 0.00000 0.00000 0.00000 0.00000
NC_065761.1_Stafla             1.00000 0.00000 0.00000 0.00000 0.00000 0.00000 0.00000 0.00000 0.00000 0.00000 0.00000 0.00000 0.00000 0.00000 0.00000 0.00000 0.00000 0.00000 0.00000 0.00000
NC_066978.1_Paragr             1.00000 0.00000 0.00000 0.00000 0.00000 0.00000 0.00000 0.00000 0.00000 0.00000 0.00000 0.00000 0.00000 0.00000 0.00000 0.00000 0.00000 0.00000 0.00000 0.00000
NC_069808.1_Cilhum             1.00000 0.00000 0.00000 0.00000 0.00000 0.00000 0.00000 0.00000 0.00000 0.00000 0.00000 0.00000 0.00000 0.00000 0.00000 0.00000 0.00000 0.00000 0.00000 0.00000
NC_069809.1_Citfal             1.00000 0.00000 0.00000 0.00000 0.00000 0.00000 0.00000 0.00000 0.00000 0.00000 0.00000 0.00000 0.00000 0.00000 0.00000 0.00000 0.00000 0.00000 0.00000 0.00000
NC_069810.1_Dertru             1.00000 0.00000 0.00000 0.00000 0.00000 0.00000 0.00000 0.00000 0.00000 0.00000 0.00000 0.00000 0.00000 0.00000 0.00000 0.00000 0.00000 0.00000 0.00000 0.00000
NC_069811.1_Pacbic             1.00000 0.00000 0.00000 0.00000 0.00000 0.00000 0.00000 0.00000 0.00000 0.00000 0.00000 0.00000 0.00000 0.00000 0.00000 0.00000 0.00000 0.00000 0.00000 0.00000
NC_077476.1_Caldia             1.00000 0.00000 0.00000 0.00000 0.00000 0.00000 0.00000 0.00000 0.00000 0.00000 0.00000 0.00000 0.00000 0.00000 0.00000 0.00000 0.00000 0.00000 0.00000 0.00000
NC_077477.1_Rapfus             1.00000 0.00000 0.00000 0.00000 0.00000 0.00000 0.00000 0.00000 0.00000 0.00000 0.00000 0.00000 0.00000 0.00000 0.00000 0.00000 0.00000 0.00000 0.00000 0.00000
NC_077478.1_Galamo             1.00000 0.00000 0.00000 0.00000 0.00000 0.00000 0.00000 0.00000 0.00000 0.00000 0.00000 0.00000 0.00000 0.00000 0.00000 0.00000 0.00000 0.00000 0.00000 0.00000
NC_077479.1_Chestr             1.00000 0.00000 0.00000 0.00000 0.00000 0.00000 0.00000 0.00000 0.00000 0.00000 0.00000 0.00000 0.00000 0.00000 0.00000 0.00000 0.00000 0.00000 0.00000 0.00000
NC_082459.1_Dippun             1.00000 0.00000 0.00000 0.00000 0.00000 0.00000 0.00000 0.00000 0.00000 0.00000 0.00000 0.00000 0.00000 0.00000 0.00000 0.00000 0.00000 0.00000 0.00000 0.00000
NC_085562.1_Acrjap             1.00000 0.00000 0.00000 0.00000 0.00000 0.00000 0.00000 0.00000 0.00000 0.00000 0.00000 0.00000 0.00000 0.00000 0.00000 0.00000 0.00000 0.00000 0.00000 0.00000
NC_086621.1_Otoscu             1.00000 0.00000 0.00000 0.00000 0.00000 0.00000 0.00000 0.00000 0.00000 0.00000 0.00000 0.00000 0.00000 0.00000 0.00000 0.00000 0.00000 0.00000 0.00000 0.00000
NC_086622.1_Phybre             1.00000 0.00000 0.00000 0.00000 0.00000 0.00000 0.00000 0.00000 0.00000 0.00000 0.00000 0.00000 0.00000 0.00000 0.00000 0.00000 0.00000 0.00000 0.00000 0.00000
NC_086795.1_Phypar             1.00000 0.00000 0.00000 0.00000 0.00000 0.00000 0.00000 0.00000 0.00000 0.00000 0.00000 0.00000 0.00000 0.00000 0.00000 0.00000 0.00000 0.00000 0.00000 0.00000
NC_086817.1_Acrhes             1.00000 0.00000 0.00000 0.00000 0.00000 0.00000 0.00000 0.00000 0.00000 0.00000 0.00000 0.00000 0.00000 0.00000 0.00000 0.00000 0.00000 0.00000 0.00000 0.00000
NC_086818.1_Amawuz             1.00000 0.00000 0.00000 0.00000 0.00000 0.00000 0.00000 0.00000 0.00000 0.00000 0.00000 0.00000 0.00000 0.00000 0.00000 0.00000 0.00000 0.00000 0.00000 0.00000
NC_086819.1_Hielat             1.00000 0.00000 0.00000 0.00000 0.00000 0.00000 0.00000 0.00000 0.00000 0.00000 0.00000 0.00000 0.00000 0.00000 0.00000 0.00000 0.00000 0.00000 0.00000 0.00000
NC_086820.1_Staagr             1.00000 0.00000 0.00000 0.00000 0.00000 0.00000 0.00000 0.00000 0.00000 0.00000 0.00000 0.00000 0.00000 0.00000 0.00000 0.00000 0.00000 0.00000 0.00000 0.00000
NC_086821.1_Psepin             1.00000 0.00000 0.00000 0.00000 0.00000 0.00000 0.00000 0.00000 0.00000 0.00000 0.00000 0.00000 0.00000 0.00000 0.00000 0.00000 0.00000 0.00000 0.00000 0.00000
NC_086822.1_Anasin             1.00000 0.00000 0.00000 0.00000 0.00000 0.00000 0.00000 0.00000 0.00000 0.00000 0.00000 0.00000 0.00000 0.00000 0.00000 0.00000 0.00000 0.00000 0.00000 0.00000
NC_086823.1_Thesin             1.00000 0.00000 0.00000 0.00000 0.00000 0.00000 0.00000 0.00000 0.00000 0.00000 0.00000 0.00000 0.00000 0.00000 0.00000 0.00000 0.00000 0.00000 0.00000 0.00000
NC_086824.1_Physin             1.00000 0.00000 0.00000 0.00000 0.00000 0.00000 0.00000 0.00000 0.00000 0.00000 0.00000 0.00000 0.00000 0.00000 0.00000 0.00000 0.00000 0.00000 0.00000 0.00000
NC_086825.1_Phywer             1.00000 0.00000 0.00000 0.00000 0.00000 0.00000 0.00000 0.00000 0.00000 0.00000 0.00000 0.00000 0.00000 0.00000 0.00000 0.00000 0.00000 0.00000 0.00000 0.00000
NC_086826.1_Anatia             1.00000 0.00000 0.00000 0.00000 0.00000 0.00000 0.00000 0.00000 0.00000 0.00000 0.00000 0.00000 0.00000 0.00000 0.00000 0.00000 0.00000 0.00000 0.00000 0.00000
NC_086827.1_Theoph             1.00000 0.00000 0.00000 0.00000 0.00000 0.00000 0.00000 0.00000 0.00000 0.00000 0.00000 0.00000 0.00000 0.00000 0.00000 0.00000 0.00000 0.00000 0.00000 0.00000
NC_086828.1_Arrbre             1.00000 0.00000 0.00000 0.00000 0.00000 0.00000 0.00000 0.00000 0.00000 0.00000 0.00000 0.00000 0.00000 0.00000 0.00000 0.00000 0.00000 0.00000 0.00000 0.00000
NC_086829.1_Arrpur             1.00000 0.00000 0.00000 0.00000 0.00000 0.00000 0.00000 0.00000 0.00000 0.00000 0.00000 0.00000 0.00000 0.00000 0.00000 0.00000 0.00000 0.00000 0.00000 0.00000
NC_086830.1_Astmaj             1.00000 0.00000 0.00000 0.00000 0.00000 0.00000 0.00000 0.00000 0.00000 0.00000 0.00000 0.00000 0.00000 0.00000 0.00000 0.00000 0.00000 0.00000 0.00000 0.00000
NC_086831.1_Gonbru             1.00000 0.00000 0.00000 0.00000 0.00000 0.00000 0.00000 0.00000 0.00000 0.00000 0.00000 0.00000 0.00000 0.00000 0.00000 0.00000 0.00000 0.00000 0.00000 0.00000
NC_086832.1_Themac             1.00000 0.00000 0.00000 0.00000 0.00000 0.00000 0.00000 0.00000 0.00000 0.00000 0.00000 0.00000 0.00000 0.00000 0.00000 0.00000 0.00000 0.00000 0.00000 0.00000
OK480879.1_Lepton              1.00000 0.00000 0.00000 0.00000 0.00000 0.00000 0.00000 0.00000 0.00000 0.00000 0.00000 0.00000 0.00000 0.00000 0.00000 0.00000 0.00000 0.00000 0.00000 0.00000
OK542392.1_Hielon              1.00000 0.00000 0.00000 0.00000 0.00000 0.00000 0.00000 0.00000 0.00000 0.00000 0.00000 0.00000 0.00000 0.00000 0.00000 0.00000 0.00000 0.00000 0.00000 0.00000
OK542393.1_Tenaribre           1.00000 0.00000 0.00000 0.00000 0.00000 0.00000 0.00000 0.00000 0.00000 0.00000 0.00000 0.00000 0.00000 0.00000 0.00000 0.00000 0.00000 0.00000 0.00000 0.00000
OL414957.1_Staspe2             1.00000 0.00000 0.00000 0.00000 0.00000 0.00000 0.00000 0.00000 0.00000 0.00000 0.00000 0.00000 0.00000 0.00000 0.00000 0.00000 0.00000 0.00000 0.00000 0.00000
OL414959.1_Hiespe              1.00000 0.00000 0.00000 0.00000 0.00000 0.00000 0.00000 0.00000 0.00000 0.00000 0.00000 0.00000 0.00000 0.00000 0.00000 0.00000 0.00000 0.00000 0.00000 0.00000
OM177664.1_Gonspe              1.00000 0.00000 0.00000 0.00000 0.00000 0.00000 0.00000 0.00000 0.00000 0.00000 0.00000 0.00000 0.00000 0.00000 0.00000 0.00000 0.00000 0.00000 0.00000 0.00000
OM202552.1_Tenspe              1.00000 0.00000 0.00000 0.00000 0.00000 0.00000 0.00000 0.00000 0.00000 0.00000 0.00000 0.00000 0.00000 0.00000 0.00000 0.00000 0.00000 0.00000 0.00000 0.00000
OM202554.1_Anaspe              1.00000 0.00000 0.00000 0.00000 0.00000 0.00000 0.00000 0.00000 0.00000 0.00000 0.00000 0.00000 0.00000 0.00000 0.00000 0.00000 0.00000 0.00000 0.00000 0.00000
OM202555.1_Anagra              1.00000 0.00000 0.00000 0.00000 0.00000 0.00000 0.00000 0.00000 0.00000 0.00000 0.00000 0.00000 0.00000 0.00000 0.00000 0.00000 0.00000 0.00000 0.00000 0.00000
OM202561.1_Sinspe              1.00000 0.00000 0.00000 0.00000 0.00000 0.00000 0.00000 0.00000 0.00000 0.00000 0.00000 0.00000 0.00000 0.00000 0.00000 0.00000 0.00000 0.00000 0.00000 0.00000
OM202562.1_Mirspe              1.00000 0.00000 0.00000 0.00000 0.00000 0.00000 0.00000 0.00000 0.00000 0.00000 0.00000 0.00000 0.00000 0.00000 0.00000 0.00000 0.00000 0.00000 0.00000 0.00000
OM202563.1_Arrpal2             1.00000 0.00000 0.00000 0.00000 0.00000 0.00000 0.00000 0.00000 0.00000 0.00000 0.00000 0.00000 0.00000 0.00000 0.00000 0.00000 0.00000 0.00000 0.00000 0.00000
OM202564.1_Thespe              1.00000 0.00000 0.00000 0.00000 0.00000 0.00000 0.00000 0.00000 0.00000 0.00000 0.00000 0.00000 0.00000 0.00000 0.00000 0.00000 0.00000 0.00000 0.00000 0.00000
OM202571.1_Lepspe              1.00000 0.00000 0.00000 0.00000 0.00000 0.00000 0.00000 0.00000 0.00000 0.00000 0.00000 0.00000 0.00000 0.00000 0.00000 0.00000 0.00000 0.00000 0.00000 0.00000
OM910846.1_Carspe              1.00000 0.00000 0.00000 0.00000 0.00000 0.00000 0.00000 0.00000 0.00000 0.00000 0.00000 0.00000 0.00000 0.00000 0.00000 0.00000 0.00000 0.00000 0.00000 0.00000
OZ336339.1_Bolbra              1.00000 0.00000 0.00000 0.00000 0.00000 0.00000 0.00000 0.00000 0.00000 0.00000 0.00000 0.00000 0.00000 0.00000 0.00000 0.00000 0.00000 0.00000 0.00000 0.00000
PP072306.1_Majmou              1.00000 0.00000 0.00000 0.00000 0.00000 0.00000 0.00000 0.00000 0.00000 0.00000 0.00000 0.00000 0.00000 0.00000 0.00000 0.00000 0.00000 0.00000 0.00000 0.00000
PP072307.1_Odospe              1.00000 0.00000 0.00000 0.00000 0.00000 0.00000 0.00000 0.00000 0.00000 0.00000 0.00000 0.00000 0.00000 0.00000 0.00000 0.00000 0.00000 0.00000 0.00000 0.00000
PP438763.1_Astbas              1.00000 0.00000 0.00000 0.00000 0.00000 0.00000 0.00000 0.00000 0.00000 0.00000 0.00000 0.00000 0.00000 0.00000 0.00000 0.00000 0.00000 0.00000 0.00000 0.00000
PP438765.1_Cermac              1.00000 0.00000 0.00000 0.00000 0.00000 0.00000 0.00000 0.00000 0.00000 0.00000 0.00000 0.00000 0.00000 0.00000 0.00000 0.00000 0.00000 0.00000 0.00000 0.00000
PP438766.1_Ceryun              1.00000 0.00000 0.00000 0.00000 0.00000 0.00000 0.00000 0.00000 0.00000 0.00000 0.00000 0.00000 0.00000 0.00000 0.00000 0.00000 0.00000 0.00000 0.00000 0.00000
PP438767.1_Chlles              1.00000 0.00000 0.00000 0.00000 0.00000 0.00000 0.00000 0.00000 0.00000 0.00000 0.00000 0.00000 0.00000 0.00000 0.00000 0.00000 0.00000 0.00000 0.00000 0.00000
PP438770.1_Panfra              1.00000 0.00000 0.00000 0.00000 0.00000 0.00000 0.00000 0.00000 0.00000 0.00000 0.00000 0.00000 0.00000 0.00000 0.00000 0.00000 0.00000 0.00000 0.00000 0.00000
PV564197.1_Pselob              1.00000 0.00000 0.00000 0.00000 0.00000 0.00000 0.00000 0.00000 0.00000 0.00000 0.00000 0.00000 0.00000 0.00000 0.00000 0.00000 0.00000 0.00000 0.00000 0.00000
RBE05_Rivbae                   1.00000 0.00000 0.00000 0.00000 0.00000 0.00000 0.00000 0.00000 0.00000 0.00000 0.00000 0.00000 0.00000 0.00000 0.00000 0.00000 0.00000 0.00000 0.00000 0.00000

Homogeneity statistic: X2 = 0.00000 G = -0.00000 

Average                        1.00000 0.00000 0.00000 0.00000 0.00000 0.00000 0.00000 0.00000 0.00000 0.00000 0.00000 0.00000 0.00000 0.00000 0.00000 0.00000 0.00000 0.00000 0.00000 0.00000

# constant sites:      1 (100.00%)
Time used: 33:37:48

mean of parameters using all iterations
 373.67371  67.34213  59.31150  56.42658  52.66847  50.31386  47.08482  45.56722  43.40020  36.66155  33.51443  30.96790  27.79973  21.89593  19.28193  14.92836   6.21573   5.98307  11.43949   6.09454   1.16572   2.74683  24.92287  11.31757   5.77180   3.73312  27.31975  20.57820  28.74428  30.69497  41.88319  40.27737  37.98317  36.64547  34.26539  32.11918  25.63328  12.15258   5.53910   0.76885   1.91127  29.00832  22.47422  19.67743  17.82270  15.98678  11.33945   9.56332   4.45656   8.63885   7.92692   5.25943   3.01786   0.83691   6.71289   8.71641   6.86732  13.01777  11.41877   7.19820   5.39899   4.49779  12.97968   0.05235  27.24330  23.47291  17.21610  14.00633  11.35791   0.56012  15.50277  11.69155   2.70709   2.29687  21.40240  12.77683  19.52506  12.82941  30.60888  34.53733  32.42975  30.32322  28.52167  27.08350  25.45011  21.85083   0.40707  22.47999   0.04932  25.18780   5.90342   4.20953   0.08198  22.41050  16.46239  11.60307   2.17251   6.69979   3.88134   0.34251  25.75557  23.27182   5.17266  10.33139   2.27715  22.53936  30.57719  28.04632  23.66814  21.87413   8.81966   7.28113   2.29031   0.26960  16.82044  11.77669   8.57057   3.66436   2.11433   7.75610   3.65018  20.12151  17.57483  24.42808  10.66792   5.15915   3.45979   1.86354  26.93629  21.05576  17.11407  18.43297  33.67883  35.67574  31.36630   0.78506  24.26485   3.74656  38.14265  27.02351  22.72199  22.80589  42.22131  27.86654  23.05737   0.72088   3.58807   2.54623  28.10416  16.62475   0.16805  20.66106  10.42010   8.16408  45.47465  33.99402  28.33922  22.36018  13.13215   7.94454  38.64174  32.80475  25.55880   0.33642  29.77391  25.56903  33.48786   4.79254   3.99614  18.08217  14.43274   3.94411  19.60777  44.82963  32.05761  18.35874  15.03797  12.66041  48.55094  17.68811  18.87191  35.94034  29.32137  23.74550  18.22476   4.86262  26.13918  17.62447   0.00133   0.00888

Species tree for FigTree.  Branch lengths = posterior mean times; 95% CIs = labels
((((((((((((((((1_16CI1f_Psebet, (2_23spal_Amespa2, 3_AA005_Amespa) 206 ) 205 , (4_59T3_Amedum, 5_ADEC02_Amedec) 207 ) 204 , (((6_41K26_Amepic, 7_43assoi_Ameass) 210 , (8_AA001_Ameand, 9_AA003_Ameser) 211 ) 209 , 10_AAP07_Aptapt) 208 ) 203 , (((11_KX434837.1_Toxhau, 12_KY689118.1_Stepor) 214 , (13_MG888457.1_Pargig, 14_NC_037697.1_Parpol) 215 ) 213 , 15_NC_077479.1_Chestr) 212 ) 202 , ((16_KX434820.1_Iripol, 17_KX434823.1_Hetspe) 217 , 18_MW357303.1_Yermex) 216 ) 201 , (19_KX434841.1_Psespe, 20_NC_037207.1_Schbic) 218 ) 200 , (21_OZ336339.1_Bolbra, 22_RBE05_Rivbae) 219 ) 199 , ((((((((((23_KU201316.1_Staspe, 24_NC_065761.1_Stafla) 229 , 25_OL414957.1_Staspe2) 228 , (26_NC_065760.1_Stamac, 27_NC_086820.1_Staagr) 230 ) 227 , 28_NC_030265.1_Manrel) 226 , ((((((((29_KX091864.1_Rholat, 30_NC_034284.1_Rhoval) 238 , ((((31_NC_029326.1_Hiefor, 32_NC_065745.1_Hiechi) 242 , (33_NC_051489.1_Rholon, 34_OK542392.1_Hielon) 243 ) 241 , (35_NC_065746.1_Hiezha, 36_OL414959.1_Hiespe) 244 ) 240 , 37_NC_086819.1_Hielat) 239 ) 237 , (38_KX434819.1_Hiemaj, (39_MW357298.1_Hiespe2, 40_NC_007702.1_Tamtam) 246 ) 245 ) 236 , (((((41_KX434830.1_Hiemul, 42_NC_034283.1_Hiepat) 251 , 43_NC_065758.1_Hiemac) 250 , 44_KX434851.1_Pnimed) 249 , 45_NC_034282.1_Rhobra) 248 , 46_KX619654.1_Rhospe) 247 ) 235 , ((47_KX434813.1_Mesala2, 48_MW357300.1_Mesala) 253 , 49_NC_048984.1_Hiemem) 252 ) 234 , 50_MN267041.1_Mekqui) 233 , 51_KX434812.1_Cammou) 232 , (((((52_KX434821.1_Plispe, (53_KX434855.1_Propic, 54_KX434868.1_Prospe) 259 ) 258 , 55_KX434863.1_Polgri) 257 , (56_KY689136.1_Hiedul, ((57_NC_030266.1_Tensin, (58_OK542393.1_Tenaribre, 59_OM202552.1_Tenspe) 263 ) 262 , 60_NC_065759.1_Tenang) 261 ) 260 ) 256 , ((61_KX434840.1_Sphvir, 62_NC_037204.1_Sphlin) 265 , 63_KX434862.1_Tarala) 264 ) 255 , ((64_KX434838.1_Psechl, 65_MW357301.1_Pseper) 267 , 66_MW357302.1_Stabio) 266 ) 254 ) 231 ) 225 , (67_KX434842.1_Ortmin, 68_MW357297.1_Asiyun) 268 ) 224 , ((((((((69_KX091850.1_Cersau, 70_PP438766.1_Ceryun) 276 , 71_NC_069811.1_Pacbic) 275 , ((72_KY689117.1_Parkuh, 73_MG888456.1_Parkuhasi) 278 , 74_NC_086795.1_Phypar) 277 ) 274 , ((75_KX091855.1_Hesspe, (76_KX434859.1_Heshof, (77_NC_086830.1_Astmaj, 78_PP438763.1_Astbas) 282 ) 281 ) 280 , ((((79_KX091863.1_Physha, 80_NC_086824.1_Physin) 286 , 81_NC_086825.1_Phywer) 285 , (82_MT024239.1_Phybre2, 83_NC_086622.1_Phybre) 287 ) 284 , (84_KY689119.1_Physpe, 85_PP438765.1_Cermac) 288 ) 283 ) 279 ) 273 , (86_KX434856.1_Otospe, 87_NC_086621.1_Otoscu) 289 ) 272 , (((88_KY689128.1_Ambund, 89_MG888436.1_Ambpar) 292 , (90_NC_069809.1_Citfal, (91_NC_085562.1_Acrjap, 92_NC_086817.1_Acrhes) 294 ) 293 ) 291 , (93_NC_045876.1_Psybor, 94_PP072306.1_Majmou) 295 ) 290 ) 271 , ((((((95_KX091851.1_Creelo, (96_NC_030267.1_Cregem, 97_NC_037234.1_Crejia) 302 ) 301 , (98_KX434867.1_Creapi, 99_MW222469.1_Crespe) 303 ) 300 , ((100_KX434818.1_Therub, (((101_KX434829.1_Thecat, 102_NC_086823.1_Thesin) 308 , 103_OM202564.1_Thespe) 307 , 104_KY689125.1_Theele) 306 ) 305 , ((105_KX434861.1_Hymcor, 106_MG888449.1_Hymcor) 310 , 107_KX434870.1_Pardav) 309 ) 304 ) 299 , (108_KX434811.1_Psewah, (109_PP438767.1_Chlles, 110_PP438770.1_Panfra) 312 ) 311 ) 298 , ((111_NC_030268.1_Anazhe, 112_PP072307.1_Odospe) 314 , (113_NC_086822.1_Anasin, (114_NC_086826.1_Anatia, (115_OM202554.1_Anaspe, 116_OM202555.1_Anagra) 317 ) 316 ) 315 ) 313 ) 297 , 117_NC_037235.1_Sibpre) 296 ) 270 , (((118_KX434815.1_Gongon, 119_KX434825.1_Emppen) 320 , 120_KX434824.1_Idolat) 319 , (121_KX434828.1_Blemen, 122_KX434864.1_Idodia) 321 ) 318 ) 269 ) 223 , (123_KX434839.1_Popspu, 124_NC_077478.1_Galamo) 322 ) 222 , (((125_KX434834.1_Derdes, 126_KY689113.1_Derdes2) 325 , (127_KX434850.1_Derlob, 128_NC_069810.1_Dertru) 326 ) 324 , (129_KX434847.1_Psepin2, 130_NC_086821.1_Psepin) 327 ) 323 ) 221 , (((131_KX434808.1_Miocaf, 132_KX434817.1_Tausig) 330 , (133_NC_066978.1_Paragr, 134_NC_069808.1_Cilhum) 331 ) 329 , 135_KX434858.1_Neobol) 328 ) 220 ) 198 , (((136_KU201314.1_Thespe, (137_KX434857.1_Humnad2, 138_NC_030264.1_Humnad) 335 ) 334 , ((139_KX434849.1_Themil, 140_NC_086832.1_Themac) 337 , 141_NC_086827.1_Theoph) 336 ) 333 , (((142_KX434860.1_Singra, 143_MG888464.1_Singua) 340 , 144_OM202561.1_Sinspe) 339 , (((145_NC_051892.1_Arrpal, 146_NC_086829.1_Arrpur) 343 , 147_NC_086828.1_Arrbre) 342 , 148_OM202563.1_Arrpal2) 341 ) 338 ) 332 ) 197 , ((149_KX091854.1_Spiocc2, ((150_KX434816.1_Spiocc, (151_NC_086831.1_Gonbru, 152_OM177664.1_Gonspe) 348 ) 347 , (153_NC_037203.1_Amanaw, 154_NC_086818.1_Amawuz) 349 ) 346 ) 345 , ((((155_KX434810.1_Miryun, 156_NC_051490.1_Plibim) 353 , 157_NC_037206.1_Scesim) 352 , (158_NC_037205.1_Troten, (159_NC_037208.1_Eomyun, 160_NC_063851.1_Sinden) 355 ) 354 ) 351 , ((161_KX434846.1_Amochi, (162_MG888437.1_Amospe, 163_NC_057070.1_Amohai) 358 ) 357 , (164_MG888453.1_Leplac, ((165_NC_024028.1_Lepalb, 166_OK480879.1_Lepton) 361 , 167_OM202571.1_Lepspe) 360 ) 359 ) 356 ) 350 ) 344 ) 196 , (168_KY689126.1_Calspe, 169_OM202562.1_Mirspe) 362 ) 195 , (170_KX434826.1_Brubor, ((171_KX434843.1_Acomul, (172_NC_077476.1_Caldia, 173_NC_077477.1_Rapfus) 366 ) 365 , (174_KX434844.1_Decspe, 175_PV564197.1_Pselob) 367 ) 364 ) 363 ) 194 , ((176_KX434845.1_Haavit, 177_KY689130.1_Haaspe) 369 , 178_OM910846.1_Carspe) 368 ) 193 , 179_MK400676.1_Erespe) 192 , (180_KX434871.1_Metspe, 181_MG888455.1_Metspl) 370 ) 191 , (((((182_NC_009499.1_Retsan, 183_NC_015800.1_Copfor) 375 , 184_NC_018120.1_Masdar) 374 , 185_NC_037496.1_Crymer) 373 , ((186_NC_012901.1_Blager, 187_NC_082459.1_Dippun) 377 , 188_NC_039940.1_Perbru) 376 ) 372 , 189_NC_014274.1_Eupsin) 371 ) 190 ;

((((((((((((((((16CI1f_Psebet: 14.928362, (23spal_Amespa2: 6.215730, AA005_Amespa: 6.215730): 8.712633): 4.353568, (59T3_Amedum: 5.983072, ADEC02_Amedec: 5.983072): 13.298858): 2.613998, (((41K26_Amepic: 1.165721, 43assoi_Ameass: 1.165721): 4.928822, (AA001_Ameand: 2.746827, AA003_Ameser: 2.746827): 3.347717): 5.344944, AAP07_Aptapt: 11.439487): 10.456441): 5.903798, (((KX434837.1_Toxhau: 5.771803, KY689118.1_Stepor: 5.771803): 5.545764, (MG888457.1_Pargig: 3.733118, NC_037697.1_Parpol: 3.733118): 7.584449): 13.605303, NC_077479.1_Chestr: 24.922871): 2.876855): 3.168171, ((KX434820.1_Iripol: 20.578198, KX434823.1_Hetspe: 20.578198): 6.741554, MW357303.1_Yermex: 27.319753): 3.648144): 2.546534, (KX434841.1_Psespe: 28.744275, NC_037207.1_Schbic: 28.744275): 4.770155): 3.147122, (OZ336339.1_Bolbra: 30.694975, RBE05_Rivbae: 30.694975): 5.966577): 6.738646, ((((((((((KU201316.1_Staspe: 0.768846, NC_065761.1_Stafla: 0.768846): 4.770255, OL414957.1_Staspe2: 5.539101): 6.613483, (NC_065760.1_Stamac: 1.911267, NC_086820.1_Staagr: 1.911267): 10.241317): 13.480699, NC_030265.1_Manrel: 25.633282): 6.485897, ((((((((KX091864.1_Rholat: 4.456564, NC_034284.1_Rhoval: 4.456564): 5.106760, ((((NC_029326.1_Hiefor: 3.017861, NC_065745.1_Hiechi: 3.017861): 2.241571, (NC_051489.1_Rholon: 0.836909, OK542392.1_Hielon: 0.836909): 4.422523): 2.667484, (NC_065746.1_Hiezha: 6.712885, OL414959.1_Hiespe: 6.712885): 1.214031): 0.711933, NC_086819.1_Hielat: 8.638850): 0.924474): 1.776122, (KX434819.1_Hiemaj: 8.716409, (MW357298.1_Hiespe2: 6.867321, NC_007702.1_Tamtam: 6.867321): 1.849087): 2.623038): 4.647333, (((((KX434830.1_Hiemul: 4.497791, NC_034283.1_Hiepat: 4.497791): 0.901201, NC_065758.1_Hiemac: 5.398992): 1.799208, KX434851.1_Pnimed: 7.198200): 4.220574, NC_034282.1_Rhobra: 11.418774): 1.598993, KX619654.1_Rhospe: 13.017767): 2.969013): 1.835923, ((KX434813.1_Mesala2: 0.052351, MW357300.1_Mesala: 0.052351): 12.927328, NC_048984.1_Hiemem: 12.979679): 4.843023): 1.854728, MN267041.1_Mekqui: 19.677430): 2.796787, KX434812.1_Cammou: 22.474217): 6.534108, (((((KX434821.1_Plispe: 11.357907, (KX434855.1_Propic: 0.560120, KX434868.1_Prospe: 0.560120): 10.797787): 2.648421, KX434863.1_Polgri: 14.006328): 3.209771, (KY689136.1_Hiedul: 15.502767, ((NC_030266.1_Tensin: 2.707091, (OK542393.1_Tenaribre: 2.296868, OM202552.1_Tenspe: 2.296868): 0.410223): 8.984461, NC_065759.1_Tenang: 11.691552): 3.811216): 1.713332): 6.256809, ((KX434840.1_Sphvir: 12.776826, NC_037204.1_Sphlin: 12.776826): 8.625575, KX434862.1_Tarala: 21.402401): 2.070507): 3.770392, ((KX434838.1_Psechl: 12.829406, MW357301.1_Pseper: 12.829406): 6.695654, MW357302.1_Stabio: 19.525060): 7.718241): 1.765024): 3.110854): 2.146208, (KX434842.1_Ortmin: 30.608881, MW357297.1_Asiyun: 30.608881): 3.656506): 2.380083, ((((((((KX091850.1_Cersau: 0.407074, PP438766.1_Ceryun: 0.407074): 21.443755, NC_069811.1_Pacbic: 21.850829): 3.599279, ((KY689117.1_Parkuh: 0.049317, MG888456.1_Parkuhasi: 0.049317): 22.430675, NC_086795.1_Phypar: 22.479992): 2.970116): 1.633389, ((KX091855.1_Hesspe: 5.903424, (KX434859.1_Heshof: 4.209528, (NC_086830.1_Astmaj: 0.081977, PP438763.1_Astbas: 0.081977): 4.127552): 1.693896): 19.284377, ((((KX091863.1_Physha: 2.172513, NC_086824.1_Physin: 2.172513): 9.430552, NC_086825.1_Phywer: 11.603065): 4.859329, (MT024239.1_Phybre2: 6.699793, NC_086622.1_Phybre: 6.699793): 9.762601): 5.948107, (KY689119.1_Physpe: 3.881338, PP438765.1_Cermac: 3.881338): 18.529164): 2.777299): 1.895696): 1.438169, (KX434856.1_Otospe: 0.342509, NC_086621.1_Otoscu: 0.342509): 28.179156): 1.801556, (((KY689128.1_Ambund: 5.172663, MG888436.1_Ambpar: 5.172663): 18.099158, (NC_069809.1_Citfal: 10.331392, (NC_085562.1_Acrjap: 2.277151, NC_086817.1_Acrhes: 2.277151): 8.054240): 12.940429): 2.483754, (NC_045876.1_Psybor: 22.539362, PP072306.1_Majmou: 22.539362): 3.216212): 4.567647): 2.106528, ((((((KX091851.1_Creelo: 7.281132, (NC_030267.1_Cregem: 2.290306, NC_037234.1_Crejia: 2.290306): 4.990826): 1.538530, (KX434867.1_Creapi: 0.269597, MW222469.1_Crespe: 0.269597): 8.550065): 13.054471, ((KX434818.1_Therub: 11.776685, (((KX434829.1_Thecat: 2.114326, NC_086823.1_Thesin: 2.114326): 1.550033, OM202564.1_Thespe: 3.664358): 4.906208, KY689125.1_Theele: 8.570566): 3.206119): 5.043758, ((KX434861.1_Hymcor: 3.650176, MG888449.1_Hymcor: 3.650176): 4.105925, KX434870.1_Pardav: 7.756101): 9.064342): 5.053690): 1.794010, (KX434811.1_Psewah: 20.121510, (PP438767.1_Chlles: 17.574834, PP438770.1_Panfra: 17.574834): 2.546677): 3.546633): 4.378178, ((NC_030268.1_Anazhe: 10.667925, PP072307.1_Odospe: 10.667925): 13.760150, (NC_086822.1_Anasin: 5.159149, (NC_086826.1_Anatia: 3.459786, (OM202554.1_Anaspe: 1.863537, OM202555.1_Anagra: 1.863537): 1.596250): 1.699363): 19.268926): 3.618246): 2.530867, NC_037235.1_Sibpre: 30.577189): 1.852560): 2.107577, (((KX434815.1_Gongon: 17.114074, KX434825.1_Emppen: 17.114074): 3.941689, KX434824.1_Idolat: 21.055763): 5.880525, (KX434828.1_Blemen: 18.432972, KX434864.1_Idodia: 18.432972): 8.503315): 7.601038): 2.108144): 1.337697, (KX434839.1_Popspu: 33.678830, NC_077478.1_Galamo: 33.678830): 4.304337): 2.294201, (((KX434834.1_Derdes: 0.785060, KY689113.1_Derdes2: 0.785060): 30.581238, (KX434850.1_Derlob: 24.264846, NC_069810.1_Dertru: 24.264846): 7.101452): 4.309442, (KX434847.1_Psepin2: 3.746556, NC_086821.1_Psepin: 3.746556): 31.929185): 4.601628): 1.605824, (((KX434808.1_Miocaf: 22.721986, KX434817.1_Tausig: 22.721986): 4.301525, (NC_066978.1_Paragr: 22.805886, NC_069808.1_Cilhum: 22.805886): 4.217625): 11.119144, KX434858.1_Neobol: 38.142655): 3.740538): 1.517005): 2.167027, (((KU201314.1_Thespe: 23.057373, (KX434857.1_Humnad2: 0.720885, NC_030264.1_Humnad: 0.720885): 22.336488): 4.809165, ((KX434849.1_Themil: 2.546231, NC_086832.1_Themac: 2.546231): 1.041838, NC_086827.1_Theoph: 3.588069): 24.278469): 14.354772, (((KX434860.1_Singra: 0.168048, MG888464.1_Singua: 0.168048): 16.456706, OM202561.1_Sinspe: 16.624754): 11.479405, (((NC_051892.1_Arrpal: 8.164078, NC_086829.1_Arrpur: 8.164078): 2.256023, NC_086828.1_Arrbre: 10.420102): 10.240963, OM202563.1_Arrpal2: 20.661064): 7.443094): 14.117152): 3.345914): 1.517592, ((KX091854.1_Spiocc2: 33.994023, ((KX434816.1_Spiocc: 22.360180, (NC_086831.1_Gonbru: 13.132148, OM177664.1_Gonspe: 13.132148): 9.228031): 5.979042, (NC_037203.1_Amanaw: 7.944538, NC_086818.1_Amawuz: 7.944538): 20.394684): 5.654801): 11.480629, ((((KX434810.1_Miryun: 0.336420, NC_051490.1_Plibim: 0.336420): 25.222381, NC_037206.1_Scesim: 25.558801): 7.245948, (NC_037205.1_Troten: 29.773913, (NC_037208.1_Eomyun: 25.569031, NC_063851.1_Sinden: 25.569031): 4.204882): 3.030836): 5.836996, ((KX434846.1_Amochi: 4.792539, (MG888437.1_Amospe: 3.996140, NC_057070.1_Amohai: 3.996140): 0.796399): 28.695319, (MG888453.1_Leplac: 18.082167, ((NC_024028.1_Lepalb: 3.944107, OK480879.1_Lepton: 3.944107): 10.488635, OM202571.1_Lepspe: 14.432742): 3.649425): 15.405691): 5.153887): 6.832907): 1.610165): 3.229044, (KY689126.1_Calspe: 19.607772, OM202562.1_Mirspe: 19.607772): 30.706088): 2.354611, (KX434826.1_Brubor: 44.829627, ((KX434843.1_Acomul: 18.358735, (NC_077476.1_Caldia: 15.037969, NC_077477.1_Rapfus: 15.037969): 3.320766): 13.698872, (KX434844.1_Decspe: 12.660414, PV564197.1_Pselob: 12.660414): 19.397193): 12.772020): 7.838845): 3.758113, ((KX434845.1_Haavit: 17.688114, KY689130.1_Haaspe: 17.688114): 30.862831, OM910846.1_Carspe: 48.550945): 7.875639): 2.884912, MK400676.1_Erespe: 59.311496): 8.030633, (KX434871.1_Metspe: 18.871910, MG888455.1_Metspl: 18.871910): 48.470218): 306.331580, (((((NC_009499.1_Retsan: 4.862620, NC_015800.1_Copfor: 4.862620): 13.362141, NC_018120.1_Masdar: 18.224760): 5.520739, NC_037496.1_Crymer: 23.745499): 5.575875, ((NC_012901.1_Blager: 17.624475, NC_082459.1_Dippun: 17.624475): 8.514708, NC_039940.1_Perbru: 26.139183): 3.182190): 6.618962, NC_014274.1_Eupsin: 35.940336): 337.733373);

((((((((((((((((16CI1f_Psebet: 14.928362, (23spal_Amespa2: 6.215730, AA005_Amespa: 6.215730) [&95%HPD={3.87659, 8.69527}]: 8.712633) [&95%HPD={11.2878, 18.9342}]: 4.353568, (59T3_Amedum: 5.983072, ADEC02_Amedec: 5.983072) [&95%HPD={3.51608, 8.68929}]: 13.298858) [&95%HPD={15.0787, 23.5678}]: 2.613998, (((41K26_Amepic: 1.165721, 43assoi_Ameass: 1.165721) [&95%HPD={0.523203, 1.93629}]: 4.928822, (AA001_Ameand: 2.746827, AA003_Ameser: 2.746827) [&95%HPD={1.40504, 4.29041}]: 3.347717) [&95%HPD={3.65724, 8.65612}]: 5.344944, AAP07_Aptapt: 11.439487) [&95%HPD={7.70559, 15.2871}]: 10.456441) [&95%HPD={17.3963, 26.261}]: 5.903798, (((KX434837.1_Toxhau: 5.771803, KY689118.1_Stepor: 5.771803) [&95%HPD={3.44851, 8.18868}]: 5.545764, (MG888457.1_Pargig: 3.733118, NC_037697.1_Parpol: 3.733118) [&95%HPD={2.11095, 5.52734}]: 7.584449) [&95%HPD={7.53579, 15.1992}]: 13.605303, NC_077479.1_Chestr: 24.922871) [&95%HPD={20.3131, 29.6945}]: 2.876855) [&95%HPD={22.9363, 32.4225}]: 3.168171, ((KX434820.1_Iripol: 20.578198, KX434823.1_Hetspe: 20.578198) [&95%HPD={15.7191, 25.4798}]: 6.741554, MW357303.1_Yermex: 27.319753) [&95%HPD={22.232, 32.0831}]: 3.648144) [&95%HPD={25.9304, 35.8298}]: 2.546534, (KX434841.1_Psespe: 28.744275, NC_037207.1_Schbic: 28.744275) [&95%HPD={23.4164, 33.9059}]: 4.770155) [&95%HPD={28.4256, 38.5634}]: 3.147122, (OZ336339.1_Bolbra: 30.694975, RBE05_Rivbae: 30.694975) [&95%HPD={25.1364, 36.3191}]: 5.966577) [&95%HPD={31.5982, 41.8421}]: 6.738646, ((((((((((KU201316.1_Staspe: 0.768846, NC_065761.1_Stafla: 0.768846) [&95%HPD={0.247748, 1.39507}]: 4.770255, OL414957.1_Staspe2: 5.539101) [&95%HPD={3.18598, 8.08775}]: 6.613483, (NC_065760.1_Stamac: 1.911267, NC_086820.1_Staagr: 1.911267) [&95%HPD={0.829189, 3.12098}]: 10.241317) [&95%HPD={8.02423, 16.2752}]: 13.480699, NC_030265.1_Manrel: 25.633282) [&95%HPD={21.5306, 29.8707}]: 6.485897, ((((((((KX091864.1_Rholat: 4.456564, NC_034284.1_Rhoval: 4.456564) [&95%HPD={2.90666, 6.03429}]: 5.106760, ((((NC_029326.1_Hiefor: 3.017861, NC_065745.1_Hiechi: 3.017861) [&95%HPD={1.85311, 4.24689}]: 2.241571, (NC_051489.1_Rholon: 0.836909, OK542392.1_Hielon: 0.836909) [&95%HPD={0.390534, 1.33366}]: 4.422523) [&95%HPD={3.64897, 7.0135}]: 2.667484, (NC_065746.1_Hiezha: 6.712885, OL414959.1_Hiespe: 6.712885) [&95%HPD={4.8221, 8.77449}]: 1.214031) [&95%HPD={5.85163, 10.2156}]: 0.711933, NC_086819.1_Hielat: 8.638850) [&95%HPD={6.37231, 10.9962}]: 0.924474) [&95%HPD={7.05125, 12.001}]: 1.776122, (KX434819.1_Hiemaj: 8.716409, (MW357298.1_Hiespe2: 6.867321, NC_007702.1_Tamtam: 6.867321) [&95%HPD={4.856, 8.96634}]: 1.849087) [&95%HPD={6.32306, 11.1066}]: 2.623038) [&95%HPD={8.70632, 14.2389}]: 4.647333, (((((KX434830.1_Hiemul: 4.497791, NC_034283.1_Hiepat: 4.497791) [&95%HPD={2.93221, 6.22481}]: 0.901201, NC_065758.1_Hiemac: 5.398992) [&95%HPD={3.62342, 7.34483}]: 1.799208, KX434851.1_Pnimed: 7.198200) [&95%HPD={5.05174, 9.48413}]: 4.220574, NC_034282.1_Rhobra: 11.418774) [&95%HPD={8.62232, 14.3669}]: 1.598993, KX619654.1_Rhospe: 13.017767) [&95%HPD={10.1179, 16.1536}]: 2.969013) [&95%HPD={12.8345, 19.3398}]: 1.835923, ((KX434813.1_Mesala2: 0.052351, MW357300.1_Mesala: 0.052351) [&95%HPD={9.8e-06, 0.162763}]: 12.927328, NC_048984.1_Hiemem: 12.979679) [&95%HPD={9.8278, 16.2212}]: 4.843023) [&95%HPD={14.4199, 21.2509}]: 1.854728, MN267041.1_Mekqui: 19.677430) [&95%HPD={16.1062, 23.2757}]: 2.796787, KX434812.1_Cammou: 22.474217) [&95%HPD={18.7364, 26.1518}]: 6.534108, (((((KX434821.1_Plispe: 11.357907, (KX434855.1_Propic: 0.560120, KX434868.1_Prospe: 0.560120) [&95%HPD={0.228191, 0.964396}]: 10.797787) [&95%HPD={8.43116, 14.4166}]: 2.648421, KX434863.1_Polgri: 14.006328) [&95%HPD={10.6928, 17.2119}]: 3.209771, (KY689136.1_Hiedul: 15.502767, ((NC_030266.1_Tensin: 2.707091, (OK542393.1_Tenaribre: 2.296868, OM202552.1_Tenspe: 2.296868) [&95%HPD={1.08213, 3.6337}]: 0.410223) [&95%HPD={1.31536, 4.23737}]: 8.984461, NC_065759.1_Tenang: 11.691552) [&95%HPD={8.57862, 14.8432}]: 3.811216) [&95%HPD={12.2234, 19.0185}]: 1.713332) [&95%HPD={13.6025, 20.5353}]: 6.256809, ((KX434840.1_Sphvir: 12.776826, NC_037204.1_Sphlin: 12.776826) [&95%HPD={9.12018, 16.5758}]: 8.625575, KX434862.1_Tarala: 21.402401) [&95%HPD={17.6263, 24.9759}]: 2.070507) [&95%HPD={19.9559, 27.1033}]: 3.770392, ((KX434838.1_Psechl: 12.829406, MW357301.1_Pseper: 12.829406) [&95%HPD={9.17079, 16.2857}]: 6.695654, MW357302.1_Stabio: 19.525060) [&95%HPD={15.7044, 23.5728}]: 7.718241) [&95%HPD={23.6456, 30.8494}]: 1.765024) [&95%HPD={25.2966, 32.596}]: 3.110854) [&95%HPD={28.5997, 35.9717}]: 2.146208, (KX434842.1_Ortmin: 30.608881, MW357297.1_Asiyun: 30.608881) [&95%HPD={26.647, 34.5638}]: 3.656506) [&95%HPD={30.678, 38.0185}]: 2.380083, ((((((((KX091850.1_Cersau: 0.407074, PP438766.1_Ceryun: 0.407074) [&95%HPD={0.114733, 0.757876}]: 21.443755, NC_069811.1_Pacbic: 21.850829) [&95%HPD={18.3844, 25.6738}]: 3.599279, ((KY689117.1_Parkuh: 0.049317, MG888456.1_Parkuhasi: 0.049317) [&95%HPD={0.0001345, 0.122276}]: 22.430675, NC_086795.1_Phypar: 22.479992) [&95%HPD={18.8578, 26.1473}]: 2.970116) [&95%HPD={21.8381, 29.2232}]: 1.633389, ((KX091855.1_Hesspe: 5.903424, (KX434859.1_Heshof: 4.209528, (NC_086830.1_Astmaj: 0.081977, PP438763.1_Astbas: 0.081977) [&95%HPD={0.0001065, 0.202582}]: 4.127552) [&95%HPD={2.21088, 6.37935}]: 1.693896) [&95%HPD={3.31873, 8.7498}]: 19.284377, ((((KX091863.1_Physha: 2.172513, NC_086824.1_Physin: 2.172513) [&95%HPD={1.18808, 3.28224}]: 9.430552, NC_086825.1_Phywer: 11.603065) [&95%HPD={8.69293, 14.7033}]: 4.859329, (MT024239.1_Phybre2: 6.699793, NC_086622.1_Phybre: 6.699793) [&95%HPD={4.23746, 9.08324}]: 9.762601) [&95%HPD={13.1867, 19.8448}]: 5.948107, (KY689119.1_Physpe: 3.881338, PP438765.1_Cermac: 3.881338) [&95%HPD={2.15033, 5.85177}]: 18.529164) [&95%HPD={19.0115, 26.0513}]: 2.777299) [&95%HPD={21.707, 28.9048}]: 1.895696) [&95%HPD={23.3757, 30.8832}]: 1.438169, (KX434856.1_Otospe: 0.342509, NC_086621.1_Otoscu: 0.342509) [&95%HPD={0.0209665, 0.749903}]: 28.179156) [&95%HPD={24.7791, 32.3706}]: 1.801556, (((KY689128.1_Ambund: 5.172663, MG888436.1_Ambpar: 5.172663) [&95%HPD={2.47301, 8.13177}]: 18.099158, (NC_069809.1_Citfal: 10.331392, (NC_085562.1_Acrjap: 2.277151, NC_086817.1_Acrhes: 2.277151) [&95%HPD={1.06473, 3.70012}]: 8.054240) [&95%HPD={6.75036, 14.1999}]: 12.940429) [&95%HPD={19.5453, 27.4197}]: 2.483754, (NC_045876.1_Psybor: 22.539362, PP072306.1_Majmou: 22.539362) [&95%HPD={18.4536, 26.5985}]: 3.216212) [&95%HPD={21.8716, 29.6597}]: 4.567647) [&95%HPD={26.5924, 34.1889}]: 2.106528, ((((((KX091851.1_Creelo: 7.281132, (NC_030267.1_Cregem: 2.290306, NC_037234.1_Crejia: 2.290306) [&95%HPD={1.29492, 3.4038}]: 4.990826) [&95%HPD={4.83694, 10.0577}]: 1.538530, (KX434867.1_Creapi: 0.269597, MW222469.1_Crespe: 0.269597) [&95%HPD={0.0527208, 0.534958}]: 8.550065) [&95%HPD={5.94782, 11.8957}]: 13.054471, ((KX434818.1_Therub: 11.776685, (((KX434829.1_Thecat: 2.114326, NC_086823.1_Thesin: 2.114326) [&95%HPD={1.28844, 2.98296}]: 1.550033, OM202564.1_Thespe: 3.664358) [&95%HPD={2.39566, 5.07375}]: 4.906208, KY689125.1_Theele: 8.570566) [&95%HPD={6.15699, 11.0368}]: 3.206119) [&95%HPD={8.80655, 14.7247}]: 5.043758, ((KX434861.1_Hymcor: 3.650176, MG888449.1_Hymcor: 3.650176) [&95%HPD={2.03489, 5.26697}]: 4.105925, KX434870.1_Pardav: 7.756101) [&95%HPD={5.21183, 10.6177}]: 9.064342) [&95%HPD={13.5619, 20.2794}]: 5.053690) [&95%HPD={18.2265, 25.3594}]: 1.794010, (KX434811.1_Psewah: 20.121510, (PP438767.1_Chlles: 17.574834, PP438770.1_Panfra: 17.574834) [&95%HPD={13.8557, 20.9667}]: 2.546677) [&95%HPD={16.5692, 23.7514}]: 3.546633) [&95%HPD={20.1109, 27.4347}]: 4.378178, ((NC_030268.1_Anazhe: 10.667925, PP072307.1_Odospe: 10.667925) [&95%HPD={7.08141, 14.6328}]: 13.760150, (NC_086822.1_Anasin: 5.159149, (NC_086826.1_Anatia: 3.459786, (OM202554.1_Anaspe: 1.863537, OM202555.1_Anagra: 1.863537) [&95%HPD={0.864376, 2.94356}]: 1.596250) [&95%HPD={1.82501, 5.32067}]: 1.699363) [&95%HPD={2.82036, 7.78861}]: 19.268926) [&95%HPD={20.7731, 28.3539}]: 3.618246) [&95%HPD={24.312, 31.8365}]: 2.530867, NC_037235.1_Sibpre: 30.577189) [&95%HPD={26.6771, 34.3326}]: 1.852560) [&95%HPD={28.6657, 36.372}]: 2.107577, (((KX434815.1_Gongon: 17.114074, KX434825.1_Emppen: 17.114074) [&95%HPD={13.1564, 21.1215}]: 3.941689, KX434824.1_Idolat: 21.055763) [&95%HPD={16.9386, 25.2224}]: 5.880525, (KX434828.1_Blemen: 18.432972, KX434864.1_Idodia: 18.432972) [&95%HPD={14.1508, 22.7901}]: 8.503315) [&95%HPD={22.7975, 31.1038}]: 7.601038) [&95%HPD={30.8273, 38.7925}]: 2.108144) [&95%HPD={32.7663, 40.8691}]: 1.337697, (KX434839.1_Popspu: 33.678830, NC_077478.1_Galamo: 33.678830) [&95%HPD={29.3508, 38.3863}]: 4.304337) [&95%HPD={33.9189, 42.47}]: 2.294201, (((KX434834.1_Derdes: 0.785060, KY689113.1_Derdes2: 0.785060) [&95%HPD={0.248658, 1.42745}]: 30.581238, (KX434850.1_Derlob: 24.264846, NC_069810.1_Dertru: 24.264846) [&95%HPD={19.3029, 29.279}]: 7.101452) [&95%HPD={26.6937, 36.2535}]: 4.309442, (KX434847.1_Psepin2: 3.746556, NC_086821.1_Psepin: 3.746556) [&95%HPD={1.47763, 6.37257}]: 31.929185) [&95%HPD={31.0515, 40.433}]: 4.601628) [&95%HPD={35.7334, 45.0477}]: 1.605824, (((KX434808.1_Miocaf: 22.721986, KX434817.1_Tausig: 22.721986) [&95%HPD={17.1023, 28.3048}]: 4.301525, (NC_066978.1_Paragr: 22.805886, NC_069808.1_Cilhum: 22.805886) [&95%HPD={17.2443, 28.4971}]: 4.217625) [&95%HPD={21.2772, 32.7203}]: 11.119144, KX434858.1_Neobol: 38.142655) [&95%HPD={33.2227, 43.0878}]: 3.740538) [&95%HPD={37.2186, 46.9492}]: 1.517005) [&95%HPD={38.324, 48.4615}]: 2.167027, (((KU201314.1_Thespe: 23.057373, (KX434857.1_Humnad2: 0.720885, NC_030264.1_Humnad: 0.720885) [&95%HPD={0.254032, 1.3103}]: 22.336488) [&95%HPD={16.7867, 28.9987}]: 4.809165, ((KX434849.1_Themil: 2.546231, NC_086832.1_Themac: 2.546231) [&95%HPD={1.07328, 4.16779}]: 1.041838, NC_086827.1_Theoph: 3.588069) [&95%HPD={1.59212, 5.88619}]: 24.278469) [&95%HPD={21.3646, 34.1623}]: 14.354772, (((KX434860.1_Singra: 0.168048, MG888464.1_Singua: 0.168048) [&95%HPD={0.0391832, 0.330777}]: 16.456706, OM202561.1_Sinspe: 16.624754) [&95%HPD={10.9788, 22.1633}]: 11.479405, (((NC_051892.1_Arrpal: 8.164078, NC_086829.1_Arrpur: 8.164078) [&95%HPD={4.85827, 11.5913}]: 2.256023, NC_086828.1_Arrbre: 10.420102) [&95%HPD={6.54026, 14.6117}]: 10.240963, OM202563.1_Arrpal2: 20.661064) [&95%HPD={14.7206, 26.382}]: 7.443094) [&95%HPD={21.5699, 34.4279}]: 14.117152) [&95%HPD={37.0587, 47.5594}]: 3.345914) [&95%HPD={40.237, 50.9888}]: 1.517592, ((KX091854.1_Spiocc2: 33.994023, ((KX434816.1_Spiocc: 22.360180, (NC_086831.1_Gonbru: 13.132148, OM177664.1_Gonspe: 13.132148) [&95%HPD={8.28573, 18.0597}]: 9.228031) [&95%HPD={16.1996, 28.764}]: 5.979042, (NC_037203.1_Amanaw: 7.944538, NC_086818.1_Amawuz: 7.944538) [&95%HPD={4.04103, 12.3317}]: 20.394684) [&95%HPD={21.5826, 34.9024}]: 5.654801) [&95%HPD={27.2799, 40.6742}]: 11.480629, ((((KX434810.1_Miryun: 0.336420, NC_051490.1_Plibim: 0.336420) [&95%HPD={0.0903766, 0.649315}]: 25.222381, NC_037206.1_Scesim: 25.558801) [&95%HPD={19.8594, 31.5125}]: 7.245948, (NC_037205.1_Troten: 29.773913, (NC_037208.1_Eomyun: 25.569031, NC_063851.1_Sinden: 25.569031) [&95%HPD={20.0757, 31.5693}]: 4.204882) [&95%HPD={24.0478, 35.5318}]: 3.030836) [&95%HPD={27.1153, 38.6087}]: 5.836996, ((KX434846.1_Amochi: 4.792539, (MG888437.1_Amospe: 3.996140, NC_057070.1_Amohai: 3.996140) [&95%HPD={1.76562, 6.26768}]: 0.796399) [&95%HPD={2.10139, 7.52463}]: 28.695319, (MG888453.1_Leplac: 18.082167, ((NC_024028.1_Lepalb: 3.944107, OK480879.1_Lepton: 3.944107) [&95%HPD={2.06747, 6.14235}]: 10.488635, OM202571.1_Lepspe: 14.432742) [&95%HPD={9.42673, 19.6951}]: 3.649425) [&95%HPD={12.4966, 24.0446}]: 15.405691) [&95%HPD={27.5709, 39.2462}]: 5.153887) [&95%HPD={32.9292, 44.326}]: 6.832907) [&95%HPD={40.1491, 51.2859}]: 1.610165) [&95%HPD={41.5874, 52.7611}]: 3.229044, (KY689126.1_Calspe: 19.607772, OM202562.1_Mirspe: 19.607772) [&95%HPD={10.4872, 28.2994}]: 30.706088) [&95%HPD={44.4058, 56.4924}]: 2.354611, (KX434826.1_Brubor: 44.829627, ((KX434843.1_Acomul: 18.358735, (NC_077476.1_Caldia: 15.037969, NC_077477.1_Rapfus: 15.037969) [&95%HPD={9.31514, 21.0313}]: 3.320766) [&95%HPD={11.785, 25.0357}]: 13.698872, (KX434844.1_Decspe: 12.660414, PV564197.1_Pselob: 12.660414) [&95%HPD={7.17207, 18.7665}]: 19.397193) [&95%HPD={23.8947, 39.4677}]: 12.772020) [&95%HPD={37.9437, 51.6361}]: 7.838845) [&95%HPD={46.5265, 59.1893}]: 3.758113, ((KX434845.1_Haavit: 17.688114, KY689130.1_Haaspe: 17.688114) [&95%HPD={9.07027, 26.4299}]: 30.862831, OM910846.1_Carspe: 48.550945) [&95%HPD={41.1143, 55.9098}]: 7.875639) [&95%HPD={49.6418, 63.4784}]: 2.884912, MK400676.1_Erespe: 59.311496) [&95%HPD={52.1891, 66.993}]: 8.030633, (KX434871.1_Metspe: 18.871910, MG888455.1_Metspl: 18.871910) [&95%HPD={7.37409, 31.1319}]: 48.470218) [&95%HPD={58.5393, 77.0521}]: 306.331580, (((((NC_009499.1_Retsan: 4.862620, NC_015800.1_Copfor: 4.862620) [&95%HPD={1.60762, 9.11082}]: 13.362141, NC_018120.1_Masdar: 18.224760) [&95%HPD={6.90549, 31.3581}]: 5.520739, NC_037496.1_Crymer: 23.745499) [&95%HPD={9.37891, 40.9326}]: 5.575875, ((NC_012901.1_Blager: 17.624475, NC_082459.1_Dippun: 17.624475) [&95%HPD={6.5187, 30.5552}]: 8.514708, NC_039940.1_Perbru: 26.139183) [&95%HPD={10.43, 45.0908}]: 3.182190) [&95%HPD={11.4874, 50.3666}]: 6.618962, NC_014274.1_Eupsin: 35.940336) [&95%HPD={14.8451, 63.3767}]: 337.733373) [&95%HPD={312.517, 447.361}];


Posterior mean (95% Equal-tail CI) (95% HPD CI) HPD-CI-width

t_n190       373.4788 (313.5413, 448.7849) (312.5167, 447.3606) 134.8439 (Jnode 376)
t_n191        67.3779 (59.1758, 78.1176) (58.5393, 77.0521) 18.5129 (Jnode 375)
t_n192        59.3293 (52.6962, 67.6244) (52.1891, 66.9930) 14.8039 (Jnode 374)
t_n193        56.4380 (50.1378, 64.0610) (49.6418, 63.4784) 13.8366 (Jnode 373)
t_n194        52.6780 (46.8962, 59.6554) (46.5265, 59.1893) 12.6628 (Jnode 372)
t_n195        50.3286 (44.7892, 56.9522) (44.4058, 56.4924) 12.0866 (Jnode 371)
t_n196        47.0998 (41.9954, 53.2324) (41.5874, 52.7611) 11.1737 (Jnode 370)
t_n197        45.5764 (40.6337, 51.4936) (40.2370, 50.9888) 10.7518 (Jnode 369)
t_n198        43.4111 (38.7648, 49.0511) (38.3240, 48.4615) 10.1375 (Jnode 368)
t_n199        36.6665 (31.7512, 42.0427) (31.5982, 41.8421) 10.2439 (Jnode 367)
t_n200        33.5204 (28.5675, 38.8127) (28.4256, 38.5634) 10.1378 (Jnode 366)
t_n201        30.9767 (26.1631, 36.1134) (25.9304, 35.8298)  9.8993 (Jnode 365)
t_n202        27.8092 (23.1857, 32.7617) (22.9363, 32.4225)  9.4862 (Jnode 364)
t_n203        21.9099 (17.5853, 26.5337) (17.3963, 26.2610)  8.8647 (Jnode 363)
t_n204        19.2900 (15.1931, 23.7243) (15.0787, 23.5678)  8.4891 (Jnode 362)
t_n205        14.9345 (11.2878, 18.9371) (11.2878, 18.9342)  7.6464 (Jnode 361)
t_n206         6.2155 ( 4.0490,  8.9228) ( 3.8766,  8.6953)  4.8187 (Jnode 360)
t_n207         5.9846 ( 3.6556,  8.9277) ( 3.5161,  8.6893)  5.1732 (Jnode 359)
t_n208        11.4461 ( 7.8939, 15.5297) ( 7.7056, 15.2871)  7.5815 (Jnode 358)
t_n209         6.0918 ( 3.8416,  8.9367) ( 3.6572,  8.6561)  4.9989 (Jnode 357)
t_n210         1.1633 ( 0.5816,  2.0648) ( 0.5232,  1.9363)  1.4131 (Jnode 356)
t_n211         2.7434 ( 1.5007,  4.4745) ( 1.4050,  4.2904)  2.8854 (Jnode 355)
t_n212        24.9239 (20.3869, 29.8171) (20.3131, 29.6945)  9.3814 (Jnode 354)
t_n213        11.3143 ( 7.7101, 15.4722) ( 7.5358, 15.1992)  7.6634 (Jnode 353)
t_n214         5.7697 ( 3.6656,  8.4856) ( 3.4485,  8.1887)  4.7402 (Jnode 352)
t_n215         3.7354 ( 2.2494,  5.7325) ( 2.1110,  5.5273)  3.4164 (Jnode 351)
t_n216        27.3426 (22.5753, 32.4432) (22.2320, 32.0831)  9.8511 (Jnode 350)
t_n217        20.6007 (15.8507, 25.6449) (15.7191, 25.4798)  9.7608 (Jnode 349)
t_n218        28.7501 (23.6543, 34.1898) (23.4164, 33.9059) 10.4896 (Jnode 348)
t_n219        30.6909 (25.1827, 36.3832) (25.1364, 36.3191) 11.1827 (Jnode 347)
t_n220        41.8969 (37.4691, 47.2711) (37.2186, 46.9492)  9.7306 (Jnode 346)
t_n221        40.2881 (36.0742, 45.4638) (35.7334, 45.0477)  9.3143 (Jnode 345)
t_n222        37.9961 (34.1118, 42.7165) (33.9189, 42.4700)  8.5511 (Jnode 344)
t_n223        36.6575 (32.9696, 41.1452) (32.7663, 40.8691)  8.1028 (Jnode 343)
t_n224        34.2768 (30.9499, 38.3034) (30.6780, 38.0185)  7.3405 (Jnode 342)
t_n225        32.1308 (28.6772, 36.0984) (28.5997, 35.9717)  7.3719 (Jnode 341)
t_n226        25.6597 (21.5010, 29.8463) (21.5306, 29.8707)  8.3401 (Jnode 340)
t_n227        12.1731 ( 8.2323, 16.4969) ( 8.0242, 16.2752)  8.2510 (Jnode 339)
t_n228         5.5480 ( 3.3652,  8.3639) ( 3.1860,  8.0877)  4.9018 (Jnode 338)
t_n229         0.7724 ( 0.3084,  1.5237) ( 0.2477,  1.3951)  1.1473 (Jnode 337)
t_n230         1.9113 ( 0.9644,  3.3548) ( 0.8292,  3.1210)  2.2918 (Jnode 336)
t_n231        29.0158 (25.5297, 32.8653) (25.2966, 32.5960)  7.2994 (Jnode 335)
t_n232        22.4852 (18.8302, 26.2879) (18.7364, 26.1518)  7.4154 (Jnode 334)
t_n233        19.6887 (16.1792, 23.3725) (16.1062, 23.2757)  7.1696 (Jnode 333)
t_n234        17.8243 (14.4667, 21.3091) (14.4199, 21.2509)  6.8310 (Jnode 332)
t_n235        15.9849 (12.8397, 19.3561) (12.8345, 19.3398)  6.5053 (Jnode 331)
t_n236        11.3410 ( 8.7232, 14.2575) ( 8.7063, 14.2389)  5.5326 (Jnode 330)
t_n237         9.5650 ( 7.2501, 12.2305) ( 7.0513, 12.0010)  4.9497 (Jnode 329)
t_n238         4.4550 ( 3.0326,  6.2010) ( 2.9067,  6.0343)  3.1276 (Jnode 328)
t_n239         8.6399 ( 6.4726, 11.1145) ( 6.3723, 10.9962)  4.6239 (Jnode 327)
t_n240         7.9314 ( 5.8919, 10.2806) ( 5.8516, 10.2156)  4.3640 (Jnode 326)
t_n241         5.2667 ( 3.7289,  7.1010) ( 3.6490,  7.0135)  3.3645 (Jnode 325)
t_n242         3.0196 ( 1.9498,  4.3859) ( 1.8531,  4.2469)  2.3938 (Jnode 324)
t_n243         0.8350 ( 0.4348,  1.4074) ( 0.3905,  1.3337)  0.9431 (Jnode 323)
t_n244         6.7184 ( 4.8916,  8.8775) ( 4.8221,  8.7745)  3.9524 (Jnode 322)
t_n245         8.7138 ( 6.4631, 11.2867) ( 6.3231, 11.1066)  4.7836 (Jnode 321)
t_n246         6.8663 ( 4.9645,  9.1069) ( 4.8560,  8.9663)  4.1103 (Jnode 320)
t_n247        13.0181 (10.1195, 16.1561) (10.1179, 16.1536)  6.0357 (Jnode 319)
t_n248        11.4196 ( 8.6886, 14.4499) ( 8.6223, 14.3669)  5.7445 (Jnode 318)
t_n249         7.1999 ( 5.1324,  9.6077) ( 5.0517,  9.4841)  4.4324 (Jnode 317)
t_n250         5.4032 ( 3.7110,  7.4611) ( 3.6234,  7.3448)  3.7214 (Jnode 316)
t_n251         4.5040 ( 3.0097,  6.3599) ( 2.9322,  6.2248)  3.2926 (Jnode 315)
t_n252        12.9716 ( 9.8948, 16.3288) ( 9.8278, 16.2212)  6.3934 (Jnode 314)
t_n253         0.0527 ( 0.0012,  0.2066) ( 0.0000,  0.1628)  0.1628 (Jnode 313)
t_n254        27.2538 (23.7984, 31.0507) (23.6456, 30.8494)  7.2039 (Jnode 312)
t_n255        23.4749 (20.0230, 27.1804) (19.9559, 27.1033)  7.1475 (Jnode 311)
t_n256        17.2190 (13.8418, 20.8169) (13.6025, 20.5353)  6.9328 (Jnode 310)
t_n257        14.0031 (10.8372, 17.4036) (10.6928, 17.2119)  6.5191 (Jnode 309)
t_n258        11.3582 ( 8.5105, 14.5097) ( 8.4312, 14.4166)  5.9854 (Jnode 308)
t_n259         0.5621 ( 0.2595,  1.0340) ( 0.2282,  0.9644)  0.7362 (Jnode 307)
t_n260        15.5100 (12.2348, 19.0444) (12.2234, 19.0185)  6.7951 (Jnode 306)
t_n261        11.6990 ( 8.6920, 15.0070) ( 8.5786, 14.8432)  6.2646 (Jnode 305)
t_n262         2.7090 ( 1.4565,  4.4450) ( 1.3154,  4.2374)  2.9220 (Jnode 304)
t_n263         2.2970 ( 1.2084,  3.8375) ( 1.0821,  3.6337)  2.5516 (Jnode 303)
t_n264        21.4102 (17.8328, 25.2242) (17.6263, 24.9759)  7.3496 (Jnode 302)
t_n265        12.7738 ( 9.1503, 16.6204) ( 9.1202, 16.5758)  7.4556 (Jnode 301)
t_n266        19.5330 (15.6320, 23.5195) (15.7044, 23.5728)  7.8684 (Jnode 300)
t_n267        12.8286 ( 9.3781, 16.5239) ( 9.1708, 16.2857)  7.1149 (Jnode 299)
t_n268        30.6105 (26.7877, 34.7481) (26.6470, 34.5638)  7.9168 (Jnode 298)
t_n269        34.5437 (30.8930, 38.9357) (30.8273, 38.7925)  7.9651 (Jnode 297)
t_n270        32.4395 (28.8609, 36.6573) (28.6657, 36.3720)  7.7063 (Jnode 296)
t_n271        30.3249 (26.8009, 34.4399) (26.5924, 34.1889)  7.5966 (Jnode 295)
t_n272        28.5288 (24.9510, 32.5700) (24.7791, 32.3706)  7.5916 (Jnode 294)
t_n273        27.0888 (23.5305, 31.0967) (23.3757, 30.8832)  7.5075 (Jnode 293)
t_n274        25.4591 (21.9593, 29.3956) (21.8381, 29.2232)  7.3851 (Jnode 292)
t_n275        21.8614 (18.3654, 25.6642) (18.3844, 25.6738)  7.2894 (Jnode 291)
t_n276         0.4070 ( 0.1511,  0.8442) ( 0.1147,  0.7579)  0.6431 (Jnode 290)
t_n277        22.4951 (18.9849, 26.3278) (18.8578, 26.1473)  7.2895 (Jnode 289)
t_n278         0.0493 ( 0.0048,  0.1467) ( 0.0001,  0.1223)  0.1221 (Jnode 288)
t_n279        25.1893 (21.7669, 28.9872) (21.7070, 28.9048)  7.1979 (Jnode 287)
t_n280         5.9066 ( 3.4807,  9.0342) ( 3.3187,  8.7498)  5.4311 (Jnode 286)
t_n281         4.2107 ( 2.4025,  6.6584) ( 2.2109,  6.3793)  4.1685 (Jnode 285)
t_n282         0.0816 ( 0.0071,  0.2412) ( 0.0001,  0.2026)  0.2025 (Jnode 284)
t_n283        22.4169 (19.0545, 26.1239) (19.0115, 26.0513)  7.0398 (Jnode 283)
t_n284        16.4663 (13.2482, 19.9343) (13.1867, 19.8448)  6.6581 (Jnode 282)
t_n285        11.6013 ( 8.7350, 14.7582) ( 8.6929, 14.7033)  6.0103 (Jnode 281)
t_n286         2.1735 ( 1.2797,  3.4254) ( 1.1881,  3.2822)  2.0942 (Jnode 280)
t_n287         6.6928 ( 4.4684,  9.3480) ( 4.2375,  9.0832)  4.8458 (Jnode 279)
t_n288         3.8865 ( 2.2615,  6.0426) ( 2.1503,  5.8518)  3.7014 (Jnode 278)
t_n289         0.3430 ( 0.0680,  0.8828) ( 0.0210,  0.7499)  0.7289 (Jnode 277)
t_n290        25.7599 (21.9746, 29.8235) (21.8716, 29.6597)  7.7881 (Jnode 276)
t_n291        23.2809 (19.4451, 27.3545) (19.5453, 27.4197)  7.8744 (Jnode 275)
t_n292         5.1770 ( 2.7412,  8.5571) ( 2.4730,  8.1318)  5.6588 (Jnode 274)
t_n293        10.3534 ( 6.8357, 14.2966) ( 6.7504, 14.1999)  7.4496 (Jnode 273)
t_n294         2.2849 ( 1.1688,  3.8945) ( 1.0647,  3.7001)  2.6354 (Jnode 272)
t_n295        22.5503 (18.5730, 26.7244) (18.4536, 26.5985)  8.1449 (Jnode 271)
t_n296        30.5921 (26.9947, 34.7271) (26.6771, 34.3326)  7.6555 (Jnode 270)
t_n297        28.0593 (24.4980, 32.0664) (24.3120, 31.8365)  7.5245 (Jnode 269)
t_n298        23.6763 (20.1466, 27.4925) (20.1109, 27.4347)  7.3238 (Jnode 268)
t_n299        21.8817 (18.4269, 25.6103) (18.2265, 25.3594)  7.1329 (Jnode 267)
t_n300         8.8207 ( 6.0023, 11.9691) ( 5.9478, 11.8957)  5.9479 (Jnode 266)
t_n301         7.2852 ( 4.8664, 10.1028) ( 4.8369, 10.0577)  5.2207 (Jnode 265)
t_n302         2.2914 ( 1.3732,  3.5245) ( 1.2949,  3.4038)  2.1089 (Jnode 264)
t_n303         0.2710 ( 0.0808,  0.6045) ( 0.0527,  0.5350)  0.4822 (Jnode 263)
t_n304        16.8239 (13.6028, 20.3325) (13.5619, 20.2794)  6.7175 (Jnode 262)
t_n305        11.7773 ( 8.9793, 14.9239) ( 8.8065, 14.7247)  5.9182 (Jnode 261)
t_n306         8.5710 ( 6.2931, 11.1882) ( 6.1570, 11.0368)  4.8799 (Jnode 260)
t_n307         3.6659 ( 2.4601,  5.1836) ( 2.3957,  5.0737)  2.6781 (Jnode 259)
t_n308         2.1168 ( 1.3665,  3.1101) ( 1.2884,  2.9830)  1.6945 (Jnode 258)
t_n309         7.7623 ( 5.2402, 10.6817) ( 5.2118, 10.6177)  5.4059 (Jnode 257)
t_n310         3.6547 ( 2.2141,  5.5102) ( 2.0349,  5.2670)  3.2321 (Jnode 256)
t_n311        20.1218 (16.6235, 23.8349) (16.5692, 23.7514)  7.1822 (Jnode 255)
t_n312        17.5657 (14.1150, 21.2486) (13.8557, 20.9667)  7.1109 (Jnode 254)
t_n313        24.4472 (20.7817, 28.3712) (20.7731, 28.3539)  7.5808 (Jnode 253)
t_n314        10.6801 ( 7.1075, 14.6807) ( 7.0814, 14.6328)  7.5514 (Jnode 252)
t_n315         5.1592 ( 2.9584,  7.9793) ( 2.8204,  7.7886)  4.9682 (Jnode 251)
t_n316         3.4584 ( 1.9319,  5.5233) ( 1.8250,  5.3207)  3.4957 (Jnode 250)
t_n317         1.8619 ( 0.9816,  3.1392) ( 0.8644,  2.9436)  2.0792 (Jnode 249)
t_n318        26.9404 (22.8689, 31.2047) (22.7975, 31.1038)  8.3063 (Jnode 248)
t_n319        21.0646 (16.9722, 25.2871) (16.9386, 25.2224)  8.2838 (Jnode 247)
t_n320        17.1186 (13.2329, 21.2089) (13.1564, 21.1215)  7.9651 (Jnode 246)
t_n321        18.4334 (14.1641, 22.8168) (14.1508, 22.7901)  8.6392 (Jnode 245)
t_n322        33.6837 (29.4051, 38.4507) (29.3508, 38.3863)  9.0355 (Jnode 244)
t_n323        35.6873 (31.2745, 40.7351) (31.0515, 40.4330)  9.3815 (Jnode 243)
t_n324        31.3741 (26.7512, 36.3421) (26.6937, 36.2535)  9.5598 (Jnode 242)
t_n325         0.7847 ( 0.3215,  1.5888) ( 0.2487,  1.4274)  1.1788 (Jnode 241)
t_n326        24.2805 (19.3204, 29.3143) (19.3029, 29.2790)  9.9761 (Jnode 240)
t_n327         3.7407 ( 1.7299,  6.8342) ( 1.4776,  6.3726)  4.8949 (Jnode 239)
t_n328        38.1588 (33.5628, 43.4934) (33.2227, 43.0878)  9.8651 (Jnode 238)
t_n329        27.0312 (21.1483, 32.6267) (21.2772, 32.7203) 11.4430 (Jnode 237)
t_n330        22.7162 (17.1089, 28.3141) (17.1023, 28.3048) 11.2025 (Jnode 236)
t_n331        22.8178 (17.2095, 28.4762) (17.2443, 28.4971) 11.2528 (Jnode 235)
t_n332        42.2347 (37.3737, 47.9778) (37.0587, 47.5594) 10.5007 (Jnode 234)
t_n333        27.8709 (21.2927, 34.1185) (21.3646, 34.1623) 12.7978 (Jnode 233)
t_n334        23.0504 (16.9357, 29.1648) (16.7867, 28.9987) 12.2119 (Jnode 232)
t_n335         0.7218 ( 0.3081,  1.4427) ( 0.2540,  1.3103)  1.0563 (Jnode 231)
t_n336         3.5876 ( 1.8117,  6.2588) ( 1.5921,  5.8862)  4.2941 (Jnode 230)
t_n337         2.5485 ( 1.2651,  4.4962) ( 1.0733,  4.1678)  3.0945 (Jnode 229)
t_n338        28.1065 (21.4346, 34.3667) (21.5699, 34.4279) 12.8580 (Jnode 228)
t_n339        16.6195 (11.1728, 22.4511) (10.9788, 22.1633) 11.1845 (Jnode 227)
t_n340         0.1678 ( 0.0548,  0.3704) ( 0.0392,  0.3308)  0.2916 (Jnode 226)
t_n341        20.6600 (14.8333, 26.5077) (14.7206, 26.3820) 11.6614 (Jnode 225)
t_n342        10.4214 ( 6.7126, 14.8560) ( 6.5403, 14.6117)  8.0714 (Jnode 224)
t_n343         8.1681 ( 5.1412, 11.9604) ( 4.8583, 11.5913)  6.7330 (Jnode 223)
t_n344        45.4919 (40.3729, 51.6722) (40.1491, 51.2859) 11.1368 (Jnode 222)
t_n345        33.9928 (27.1374, 40.5839) (27.2799, 40.6742) 13.3942 (Jnode 221)
t_n346        28.3444 (21.6838, 35.0234) (21.5826, 34.9024) 13.3197 (Jnode 220)
t_n347        22.3623 (16.2265, 28.8083) (16.1996, 28.7640) 12.5644 (Jnode 219)
t_n348        13.1471 ( 8.6132, 18.4872) ( 8.2857, 18.0597)  9.7740 (Jnode 218)
t_n349         7.9642 ( 4.3438, 12.8321) ( 4.0410, 12.3317)  8.2907 (Jnode 217)
t_n350        38.6609 (33.2169, 44.7314) (32.9292, 44.3260) 11.3968 (Jnode 216)
t_n351        32.8275 (27.2892, 38.8015) (27.1153, 38.6087) 11.4934 (Jnode 215)
t_n352        25.5726 (19.9290, 31.5981) (19.8594, 31.5125) 11.6531 (Jnode 214)
t_n353         0.3364 ( 0.1239,  0.7299) ( 0.0904,  0.6493)  0.5589 (Jnode 213)
t_n354        29.7930 (24.1972, 35.7225) (24.0478, 35.5318) 11.4839 (Jnode 212)
t_n355        25.5907 (20.0372, 31.5410) (20.0757, 31.5693) 11.4936 (Jnode 211)
t_n356        33.5088 (27.8411, 39.5411) (27.5709, 39.2462) 11.6753 (Jnode 210)
t_n357         4.7930 ( 2.4792,  8.0540) ( 2.1014,  7.5246)  5.4232 (Jnode 209)
t_n358         3.9977 ( 2.0828,  6.7139) ( 1.7656,  6.2677)  4.5021 (Jnode 208)
t_n359        18.0842 (12.5130, 24.0867) (12.4966, 24.0446) 11.5480 (Jnode 207)
t_n360        14.4315 ( 9.6108, 19.9406) ( 9.4267, 19.6951) 10.2684 (Jnode 206)
t_n361         3.9466 ( 2.2224,  6.4094) ( 2.0675,  6.1424)  4.0749 (Jnode 205)
t_n362        19.6353 (10.8349, 28.7575) (10.4872, 28.2994) 17.8122 (Jnode 204)
t_n363        44.8475 (38.1405, 51.8863) (37.9437, 51.6361) 13.6925 (Jnode 203)
t_n364        32.0769 (24.1761, 39.7652) (23.8947, 39.4677) 15.5731 (Jnode 202)
t_n365        18.3590 (12.0766, 25.4173) (11.7850, 25.0357) 13.2507 (Jnode 201)
t_n366        15.0440 ( 9.6188, 21.4093) ( 9.3151, 21.0313) 11.7162 (Jnode 200)
t_n367        12.6621 ( 7.3601, 19.1451) ( 7.1721, 18.7665) 11.5944 (Jnode 199)
t_n368        48.5811 (41.3276, 56.1562) (41.1143, 55.9098) 14.7955 (Jnode 198)
t_n369        17.6872 ( 9.5129, 26.9946) ( 9.0703, 26.4299) 17.3597 (Jnode 197)
t_n370        18.8645 ( 8.2671, 32.4169) ( 7.3741, 31.1319) 23.7578 (Jnode 196)
t_n371        35.9553 (15.2990, 64.1477) (14.8451, 63.3767) 48.5317 (Jnode 195)
t_n372        29.3449 (12.8147, 52.1453) (11.4874, 50.3666) 38.8792 (Jnode 194)
t_n373        23.7583 (10.4951, 42.6687) ( 9.3789, 40.9326) 31.5537 (Jnode 193)
t_n374        18.2244 ( 8.0406, 33.1720) ( 6.9055, 31.3581) 24.4526 (Jnode 192)
t_n375         4.8662 ( 1.9959,  9.9999) ( 1.6076,  9.1108)  7.5032 (Jnode 191)
t_n376        26.1547 (11.4383, 46.6810) (10.4300, 45.0908) 34.6608 (Jnode 190)
t_n377        17.6243 ( 7.7634, 32.5262) ( 6.5187, 30.5552) 24.0365 (Jnode 189)
mu             0.0013 ( 0.0004,  0.0031) ( 0.0002,  0.0028)  0.0025
sigma2         0.0089 ( 0.0066,  0.0117) ( 0.0065,  0.0115)  0.0050
lnL         -207.2838 (-234.0760, -182.2600) (-233.9750, -182.2290) 51.7460
