MCMCTREE (paml version 4.10.8.iq2mc, November 2024) AA.dummy.phy


*** Locus 1 ***
    189      1

16CI1f_Psebet                   A
23spal_Amespa2                  A
41K26_Amepic                    A
43assoi_Ameass                  A
59T3_Amedum                     A
AA001_Ameand                    A
AA003_Ameser                    A
AA005_Amespa                    A
AAP07_Aptapt                    A
ADEC02_Amedec                   A
KU201314.1_Thespe               A
KU201316.1_Staspe               A
KX091850.1_Cersau               A
KX091851.1_Creelo               A
KX091854.1_Spiocc2              A
KX091855.1_Hesspe               A
KX091863.1_Physha               A
KX091864.1_Rholat               A
KX434808.1_Miocaf               A
KX434810.1_Miryun               A
KX434811.1_Psewah               A
KX434812.1_Cammou               A
KX434813.1_Mesala2              A
KX434815.1_Gongon               A
KX434816.1_Spiocc               A
KX434817.1_Tausig               A
KX434818.1_Therub               A
KX434819.1_Hiemaj               A
KX434820.1_Iripol               A
KX434821.1_Plispe               A
KX434823.1_Hetspe               A
KX434824.1_Idolat               A
KX434825.1_Emppen               A
KX434826.1_Brubor               A
KX434828.1_Blemen               A
KX434829.1_Thecat               A
KX434830.1_Hiemul               A
KX434834.1_Derdes               A
KX434837.1_Toxhau               A
KX434838.1_Psechl               A
KX434839.1_Popspu               A
KX434840.1_Sphvir               A
KX434841.1_Psespe               A
KX434842.1_Ortmin               A
KX434843.1_Acomul               A
KX434844.1_Decspe               A
KX434845.1_Haavit               A
KX434846.1_Amochi               A
KX434847.1_Psepin2              A
KX434849.1_Themil               A
KX434850.1_Derlob               A
KX434851.1_Pnimed               A
KX434855.1_Propic               A
KX434856.1_Otospe               A
KX434857.1_Humnad2              A
KX434858.1_Neobol               A
KX434859.1_Heshof               A
KX434860.1_Singra               A
KX434861.1_Hymcor               A
KX434862.1_Tarala               A
KX434863.1_Polgri               A
KX434864.1_Idodia               A
KX434867.1_Creapi               A
KX434868.1_Prospe               A
KX434870.1_Pardav               A
KX434871.1_Metspe               A
KX619654.1_Rhospe               A
KY689113.1_Derdes2              A
KY689117.1_Parkuh               A
KY689118.1_Stepor               A
KY689119.1_Physpe               A
KY689125.1_Theele               A
KY689126.1_Calspe               A
KY689128.1_Ambund               A
KY689130.1_Haaspe               A
KY689136.1_Hiedul               A
MG888436.1_Ambpar               A
MG888437.1_Amospe               A
MG888449.1_Hymcor               A
MG888453.1_Leplac               A
MG888455.1_Metspl               A
MG888456.1_Parkuhasi            A
MG888457.1_Pargig               A
MG888464.1_Singua               A
MK400676.1_Erespe               A
MN267041.1_Mekqui               A
MT024239.1_Phybre2              A
MW222469.1_Crespe               A
MW357297.1_Asiyun               A
MW357298.1_Hiespe2              A
MW357300.1_Mesala               A
MW357301.1_Pseper               A
MW357302.1_Stabio               A
MW357303.1_Yermex               A
NC_007702.1_Tamtam              A
NC_009499.1_Retsan              A
NC_012901.1_Blager              A
NC_014274.1_Eupsin              A
NC_015800.1_Copfor              A
NC_018120.1_Masdar              A
NC_024028.1_Lepalb              A
NC_029326.1_Hiefor              A
NC_030264.1_Humnad              A
NC_030265.1_Manrel              A
NC_030266.1_Tensin              A
NC_030267.1_Cregem              A
NC_030268.1_Anazhe              A
NC_034282.1_Rhobra              A
NC_034283.1_Hiepat              A
NC_034284.1_Rhoval              A
NC_037203.1_Amanaw              A
NC_037204.1_Sphlin              A
NC_037205.1_Troten              A
NC_037206.1_Scesim              A
NC_037207.1_Schbic              A
NC_037208.1_Eomyun              A
NC_037234.1_Crejia              A
NC_037235.1_Sibpre              A
NC_037496.1_Crymer              A
NC_037697.1_Parpol              A
NC_039940.1_Perbru              A
NC_045876.1_Psybor              A
NC_048984.1_Hiemem              A
NC_051489.1_Rholon              A
NC_051490.1_Plibim              A
NC_051892.1_Arrpal              A
NC_057070.1_Amohai              A
NC_063851.1_Sinden              A
NC_065745.1_Hiechi              A
NC_065746.1_Hiezha              A
NC_065758.1_Hiemac              A
NC_065759.1_Tenang              A
NC_065760.1_Stamac              A
NC_065761.1_Stafla              A
NC_066978.1_Paragr              A
NC_069808.1_Cilhum              A
NC_069809.1_Citfal              A
NC_069810.1_Dertru              A
NC_069811.1_Pacbic              A
NC_077476.1_Caldia              A
NC_077477.1_Rapfus              A
NC_077478.1_Galamo              A
NC_077479.1_Chestr              A
NC_082459.1_Dippun              A
NC_085562.1_Acrjap              A
NC_086621.1_Otoscu              A
NC_086622.1_Phybre              A
NC_086795.1_Phypar              A
NC_086817.1_Acrhes              A
NC_086818.1_Amawuz              A
NC_086819.1_Hielat              A
NC_086820.1_Staagr              A
NC_086821.1_Psepin              A
NC_086822.1_Anasin              A
NC_086823.1_Thesin              A
NC_086824.1_Physin              A
NC_086825.1_Phywer              A
NC_086826.1_Anatia              A
NC_086827.1_Theoph              A
NC_086828.1_Arrbre              A
NC_086829.1_Arrpur              A
NC_086830.1_Astmaj              A
NC_086831.1_Gonbru              A
NC_086832.1_Themac              A
OK480879.1_Lepton               A
OK542392.1_Hielon               A
OK542393.1_Tenaribre            A
OL414957.1_Staspe2              A
OL414959.1_Hiespe               A
OM177664.1_Gonspe               A
OM202552.1_Tenspe               A
OM202554.1_Anaspe               A
OM202555.1_Anagra               A
OM202561.1_Sinspe               A
OM202562.1_Mirspe               A
OM202563.1_Arrpal2              A
OM202564.1_Thespe               A
OM202571.1_Lepspe               A
OM910846.1_Carspe               A
OZ336339.1_Bolbra               A
PP072306.1_Majmou               A
PP072307.1_Odospe               A
PP438763.1_Astbas               A
PP438765.1_Cermac               A
PP438766.1_Ceryun               A
PP438767.1_Chlles               A
PP438770.1_Panfra               A
PV564197.1_Pselob               A
RBE05_Rivbae                    A



Printing out site pattern counts


       189          1  P

16CI1f_Psebet                   A
23spal_Amespa2                  A
41K26_Amepic                    A
43assoi_Ameass                  A
59T3_Amedum                     A
AA001_Ameand                    A
AA003_Ameser                    A
AA005_Amespa                    A
AAP07_Aptapt                    A
ADEC02_Amedec                   A
KU201314.1_Thespe               A
KU201316.1_Staspe               A
KX091850.1_Cersau               A
KX091851.1_Creelo               A
KX091854.1_Spiocc2              A
KX091855.1_Hesspe               A
KX091863.1_Physha               A
KX091864.1_Rholat               A
KX434808.1_Miocaf               A
KX434810.1_Miryun               A
KX434811.1_Psewah               A
KX434812.1_Cammou               A
KX434813.1_Mesala2              A
KX434815.1_Gongon               A
KX434816.1_Spiocc               A
KX434817.1_Tausig               A
KX434818.1_Therub               A
KX434819.1_Hiemaj               A
KX434820.1_Iripol               A
KX434821.1_Plispe               A
KX434823.1_Hetspe               A
KX434824.1_Idolat               A
KX434825.1_Emppen               A
KX434826.1_Brubor               A
KX434828.1_Blemen               A
KX434829.1_Thecat               A
KX434830.1_Hiemul               A
KX434834.1_Derdes               A
KX434837.1_Toxhau               A
KX434838.1_Psechl               A
KX434839.1_Popspu               A
KX434840.1_Sphvir               A
KX434841.1_Psespe               A
KX434842.1_Ortmin               A
KX434843.1_Acomul               A
KX434844.1_Decspe               A
KX434845.1_Haavit               A
KX434846.1_Amochi               A
KX434847.1_Psepin2              A
KX434849.1_Themil               A
KX434850.1_Derlob               A
KX434851.1_Pnimed               A
KX434855.1_Propic               A
KX434856.1_Otospe               A
KX434857.1_Humnad2              A
KX434858.1_Neobol               A
KX434859.1_Heshof               A
KX434860.1_Singra               A
KX434861.1_Hymcor               A
KX434862.1_Tarala               A
KX434863.1_Polgri               A
KX434864.1_Idodia               A
KX434867.1_Creapi               A
KX434868.1_Prospe               A
KX434870.1_Pardav               A
KX434871.1_Metspe               A
KX619654.1_Rhospe               A
KY689113.1_Derdes2              A
KY689117.1_Parkuh               A
KY689118.1_Stepor               A
KY689119.1_Physpe               A
KY689125.1_Theele               A
KY689126.1_Calspe               A
KY689128.1_Ambund               A
KY689130.1_Haaspe               A
KY689136.1_Hiedul               A
MG888436.1_Ambpar               A
MG888437.1_Amospe               A
MG888449.1_Hymcor               A
MG888453.1_Leplac               A
MG888455.1_Metspl               A
MG888456.1_Parkuhasi            A
MG888457.1_Pargig               A
MG888464.1_Singua               A
MK400676.1_Erespe               A
MN267041.1_Mekqui               A
MT024239.1_Phybre2              A
MW222469.1_Crespe               A
MW357297.1_Asiyun               A
MW357298.1_Hiespe2              A
MW357300.1_Mesala               A
MW357301.1_Pseper               A
MW357302.1_Stabio               A
MW357303.1_Yermex               A
NC_007702.1_Tamtam              A
NC_009499.1_Retsan              A
NC_012901.1_Blager              A
NC_014274.1_Eupsin              A
NC_015800.1_Copfor              A
NC_018120.1_Masdar              A
NC_024028.1_Lepalb              A
NC_029326.1_Hiefor              A
NC_030264.1_Humnad              A
NC_030265.1_Manrel              A
NC_030266.1_Tensin              A
NC_030267.1_Cregem              A
NC_030268.1_Anazhe              A
NC_034282.1_Rhobra              A
NC_034283.1_Hiepat              A
NC_034284.1_Rhoval              A
NC_037203.1_Amanaw              A
NC_037204.1_Sphlin              A
NC_037205.1_Troten              A
NC_037206.1_Scesim              A
NC_037207.1_Schbic              A
NC_037208.1_Eomyun              A
NC_037234.1_Crejia              A
NC_037235.1_Sibpre              A
NC_037496.1_Crymer              A
NC_037697.1_Parpol              A
NC_039940.1_Perbru              A
NC_045876.1_Psybor              A
NC_048984.1_Hiemem              A
NC_051489.1_Rholon              A
NC_051490.1_Plibim              A
NC_051892.1_Arrpal              A
NC_057070.1_Amohai              A
NC_063851.1_Sinden              A
NC_065745.1_Hiechi              A
NC_065746.1_Hiezha              A
NC_065758.1_Hiemac              A
NC_065759.1_Tenang              A
NC_065760.1_Stamac              A
NC_065761.1_Stafla              A
NC_066978.1_Paragr              A
NC_069808.1_Cilhum              A
NC_069809.1_Citfal              A
NC_069810.1_Dertru              A
NC_069811.1_Pacbic              A
NC_077476.1_Caldia              A
NC_077477.1_Rapfus              A
NC_077478.1_Galamo              A
NC_077479.1_Chestr              A
NC_082459.1_Dippun              A
NC_085562.1_Acrjap              A
NC_086621.1_Otoscu              A
NC_086622.1_Phybre              A
NC_086795.1_Phypar              A
NC_086817.1_Acrhes              A
NC_086818.1_Amawuz              A
NC_086819.1_Hielat              A
NC_086820.1_Staagr              A
NC_086821.1_Psepin              A
NC_086822.1_Anasin              A
NC_086823.1_Thesin              A
NC_086824.1_Physin              A
NC_086825.1_Phywer              A
NC_086826.1_Anatia              A
NC_086827.1_Theoph              A
NC_086828.1_Arrbre              A
NC_086829.1_Arrpur              A
NC_086830.1_Astmaj              A
NC_086831.1_Gonbru              A
NC_086832.1_Themac              A
OK480879.1_Lepton               A
OK542392.1_Hielon               A
OK542393.1_Tenaribre            A
OL414957.1_Staspe2              A
OL414959.1_Hiespe               A
OM177664.1_Gonspe               A
OM202552.1_Tenspe               A
OM202554.1_Anaspe               A
OM202555.1_Anagra               A
OM202561.1_Sinspe               A
OM202562.1_Mirspe               A
OM202563.1_Arrpal2              A
OM202564.1_Thespe               A
OM202571.1_Lepspe               A
OM910846.1_Carspe               A
OZ336339.1_Bolbra               A
PP072306.1_Majmou               A
PP072307.1_Odospe               A
PP438763.1_Astbas               A
PP438765.1_Cermac               A
PP438766.1_Ceryun               A
PP438767.1_Chlles               A
PP438770.1_Panfra               A
PV564197.1_Pselob               A
RBE05_Rivbae                    A



Frequencies..
                                    A      R      N      D      C      Q      E      G      H      I      L      K      M      F      P      S      T      W      Y      V
16CI1f_Psebet                  1.00000 0.00000 0.00000 0.00000 0.00000 0.00000 0.00000 0.00000 0.00000 0.00000 0.00000 0.00000 0.00000 0.00000 0.00000 0.00000 0.00000 0.00000 0.00000 0.00000
23spal_Amespa2                 1.00000 0.00000 0.00000 0.00000 0.00000 0.00000 0.00000 0.00000 0.00000 0.00000 0.00000 0.00000 0.00000 0.00000 0.00000 0.00000 0.00000 0.00000 0.00000 0.00000
41K26_Amepic                   1.00000 0.00000 0.00000 0.00000 0.00000 0.00000 0.00000 0.00000 0.00000 0.00000 0.00000 0.00000 0.00000 0.00000 0.00000 0.00000 0.00000 0.00000 0.00000 0.00000
43assoi_Ameass                 1.00000 0.00000 0.00000 0.00000 0.00000 0.00000 0.00000 0.00000 0.00000 0.00000 0.00000 0.00000 0.00000 0.00000 0.00000 0.00000 0.00000 0.00000 0.00000 0.00000
59T3_Amedum                    1.00000 0.00000 0.00000 0.00000 0.00000 0.00000 0.00000 0.00000 0.00000 0.00000 0.00000 0.00000 0.00000 0.00000 0.00000 0.00000 0.00000 0.00000 0.00000 0.00000
AA001_Ameand                   1.00000 0.00000 0.00000 0.00000 0.00000 0.00000 0.00000 0.00000 0.00000 0.00000 0.00000 0.00000 0.00000 0.00000 0.00000 0.00000 0.00000 0.00000 0.00000 0.00000
AA003_Ameser                   1.00000 0.00000 0.00000 0.00000 0.00000 0.00000 0.00000 0.00000 0.00000 0.00000 0.00000 0.00000 0.00000 0.00000 0.00000 0.00000 0.00000 0.00000 0.00000 0.00000
AA005_Amespa                   1.00000 0.00000 0.00000 0.00000 0.00000 0.00000 0.00000 0.00000 0.00000 0.00000 0.00000 0.00000 0.00000 0.00000 0.00000 0.00000 0.00000 0.00000 0.00000 0.00000
AAP07_Aptapt                   1.00000 0.00000 0.00000 0.00000 0.00000 0.00000 0.00000 0.00000 0.00000 0.00000 0.00000 0.00000 0.00000 0.00000 0.00000 0.00000 0.00000 0.00000 0.00000 0.00000
ADEC02_Amedec                  1.00000 0.00000 0.00000 0.00000 0.00000 0.00000 0.00000 0.00000 0.00000 0.00000 0.00000 0.00000 0.00000 0.00000 0.00000 0.00000 0.00000 0.00000 0.00000 0.00000
KU201314.1_Thespe              1.00000 0.00000 0.00000 0.00000 0.00000 0.00000 0.00000 0.00000 0.00000 0.00000 0.00000 0.00000 0.00000 0.00000 0.00000 0.00000 0.00000 0.00000 0.00000 0.00000
KU201316.1_Staspe              1.00000 0.00000 0.00000 0.00000 0.00000 0.00000 0.00000 0.00000 0.00000 0.00000 0.00000 0.00000 0.00000 0.00000 0.00000 0.00000 0.00000 0.00000 0.00000 0.00000
KX091850.1_Cersau              1.00000 0.00000 0.00000 0.00000 0.00000 0.00000 0.00000 0.00000 0.00000 0.00000 0.00000 0.00000 0.00000 0.00000 0.00000 0.00000 0.00000 0.00000 0.00000 0.00000
KX091851.1_Creelo              1.00000 0.00000 0.00000 0.00000 0.00000 0.00000 0.00000 0.00000 0.00000 0.00000 0.00000 0.00000 0.00000 0.00000 0.00000 0.00000 0.00000 0.00000 0.00000 0.00000
KX091854.1_Spiocc2             1.00000 0.00000 0.00000 0.00000 0.00000 0.00000 0.00000 0.00000 0.00000 0.00000 0.00000 0.00000 0.00000 0.00000 0.00000 0.00000 0.00000 0.00000 0.00000 0.00000
KX091855.1_Hesspe              1.00000 0.00000 0.00000 0.00000 0.00000 0.00000 0.00000 0.00000 0.00000 0.00000 0.00000 0.00000 0.00000 0.00000 0.00000 0.00000 0.00000 0.00000 0.00000 0.00000
KX091863.1_Physha              1.00000 0.00000 0.00000 0.00000 0.00000 0.00000 0.00000 0.00000 0.00000 0.00000 0.00000 0.00000 0.00000 0.00000 0.00000 0.00000 0.00000 0.00000 0.00000 0.00000
KX091864.1_Rholat              1.00000 0.00000 0.00000 0.00000 0.00000 0.00000 0.00000 0.00000 0.00000 0.00000 0.00000 0.00000 0.00000 0.00000 0.00000 0.00000 0.00000 0.00000 0.00000 0.00000
KX434808.1_Miocaf              1.00000 0.00000 0.00000 0.00000 0.00000 0.00000 0.00000 0.00000 0.00000 0.00000 0.00000 0.00000 0.00000 0.00000 0.00000 0.00000 0.00000 0.00000 0.00000 0.00000
KX434810.1_Miryun              1.00000 0.00000 0.00000 0.00000 0.00000 0.00000 0.00000 0.00000 0.00000 0.00000 0.00000 0.00000 0.00000 0.00000 0.00000 0.00000 0.00000 0.00000 0.00000 0.00000
KX434811.1_Psewah              1.00000 0.00000 0.00000 0.00000 0.00000 0.00000 0.00000 0.00000 0.00000 0.00000 0.00000 0.00000 0.00000 0.00000 0.00000 0.00000 0.00000 0.00000 0.00000 0.00000
KX434812.1_Cammou              1.00000 0.00000 0.00000 0.00000 0.00000 0.00000 0.00000 0.00000 0.00000 0.00000 0.00000 0.00000 0.00000 0.00000 0.00000 0.00000 0.00000 0.00000 0.00000 0.00000
KX434813.1_Mesala2             1.00000 0.00000 0.00000 0.00000 0.00000 0.00000 0.00000 0.00000 0.00000 0.00000 0.00000 0.00000 0.00000 0.00000 0.00000 0.00000 0.00000 0.00000 0.00000 0.00000
KX434815.1_Gongon              1.00000 0.00000 0.00000 0.00000 0.00000 0.00000 0.00000 0.00000 0.00000 0.00000 0.00000 0.00000 0.00000 0.00000 0.00000 0.00000 0.00000 0.00000 0.00000 0.00000
KX434816.1_Spiocc              1.00000 0.00000 0.00000 0.00000 0.00000 0.00000 0.00000 0.00000 0.00000 0.00000 0.00000 0.00000 0.00000 0.00000 0.00000 0.00000 0.00000 0.00000 0.00000 0.00000
KX434817.1_Tausig              1.00000 0.00000 0.00000 0.00000 0.00000 0.00000 0.00000 0.00000 0.00000 0.00000 0.00000 0.00000 0.00000 0.00000 0.00000 0.00000 0.00000 0.00000 0.00000 0.00000
KX434818.1_Therub              1.00000 0.00000 0.00000 0.00000 0.00000 0.00000 0.00000 0.00000 0.00000 0.00000 0.00000 0.00000 0.00000 0.00000 0.00000 0.00000 0.00000 0.00000 0.00000 0.00000
KX434819.1_Hiemaj              1.00000 0.00000 0.00000 0.00000 0.00000 0.00000 0.00000 0.00000 0.00000 0.00000 0.00000 0.00000 0.00000 0.00000 0.00000 0.00000 0.00000 0.00000 0.00000 0.00000
KX434820.1_Iripol              1.00000 0.00000 0.00000 0.00000 0.00000 0.00000 0.00000 0.00000 0.00000 0.00000 0.00000 0.00000 0.00000 0.00000 0.00000 0.00000 0.00000 0.00000 0.00000 0.00000
KX434821.1_Plispe              1.00000 0.00000 0.00000 0.00000 0.00000 0.00000 0.00000 0.00000 0.00000 0.00000 0.00000 0.00000 0.00000 0.00000 0.00000 0.00000 0.00000 0.00000 0.00000 0.00000
KX434823.1_Hetspe              1.00000 0.00000 0.00000 0.00000 0.00000 0.00000 0.00000 0.00000 0.00000 0.00000 0.00000 0.00000 0.00000 0.00000 0.00000 0.00000 0.00000 0.00000 0.00000 0.00000
KX434824.1_Idolat              1.00000 0.00000 0.00000 0.00000 0.00000 0.00000 0.00000 0.00000 0.00000 0.00000 0.00000 0.00000 0.00000 0.00000 0.00000 0.00000 0.00000 0.00000 0.00000 0.00000
KX434825.1_Emppen              1.00000 0.00000 0.00000 0.00000 0.00000 0.00000 0.00000 0.00000 0.00000 0.00000 0.00000 0.00000 0.00000 0.00000 0.00000 0.00000 0.00000 0.00000 0.00000 0.00000
KX434826.1_Brubor              1.00000 0.00000 0.00000 0.00000 0.00000 0.00000 0.00000 0.00000 0.00000 0.00000 0.00000 0.00000 0.00000 0.00000 0.00000 0.00000 0.00000 0.00000 0.00000 0.00000
KX434828.1_Blemen              1.00000 0.00000 0.00000 0.00000 0.00000 0.00000 0.00000 0.00000 0.00000 0.00000 0.00000 0.00000 0.00000 0.00000 0.00000 0.00000 0.00000 0.00000 0.00000 0.00000
KX434829.1_Thecat              1.00000 0.00000 0.00000 0.00000 0.00000 0.00000 0.00000 0.00000 0.00000 0.00000 0.00000 0.00000 0.00000 0.00000 0.00000 0.00000 0.00000 0.00000 0.00000 0.00000
KX434830.1_Hiemul              1.00000 0.00000 0.00000 0.00000 0.00000 0.00000 0.00000 0.00000 0.00000 0.00000 0.00000 0.00000 0.00000 0.00000 0.00000 0.00000 0.00000 0.00000 0.00000 0.00000
KX434834.1_Derdes              1.00000 0.00000 0.00000 0.00000 0.00000 0.00000 0.00000 0.00000 0.00000 0.00000 0.00000 0.00000 0.00000 0.00000 0.00000 0.00000 0.00000 0.00000 0.00000 0.00000
KX434837.1_Toxhau              1.00000 0.00000 0.00000 0.00000 0.00000 0.00000 0.00000 0.00000 0.00000 0.00000 0.00000 0.00000 0.00000 0.00000 0.00000 0.00000 0.00000 0.00000 0.00000 0.00000
KX434838.1_Psechl              1.00000 0.00000 0.00000 0.00000 0.00000 0.00000 0.00000 0.00000 0.00000 0.00000 0.00000 0.00000 0.00000 0.00000 0.00000 0.00000 0.00000 0.00000 0.00000 0.00000
KX434839.1_Popspu              1.00000 0.00000 0.00000 0.00000 0.00000 0.00000 0.00000 0.00000 0.00000 0.00000 0.00000 0.00000 0.00000 0.00000 0.00000 0.00000 0.00000 0.00000 0.00000 0.00000
KX434840.1_Sphvir              1.00000 0.00000 0.00000 0.00000 0.00000 0.00000 0.00000 0.00000 0.00000 0.00000 0.00000 0.00000 0.00000 0.00000 0.00000 0.00000 0.00000 0.00000 0.00000 0.00000
KX434841.1_Psespe              1.00000 0.00000 0.00000 0.00000 0.00000 0.00000 0.00000 0.00000 0.00000 0.00000 0.00000 0.00000 0.00000 0.00000 0.00000 0.00000 0.00000 0.00000 0.00000 0.00000
KX434842.1_Ortmin              1.00000 0.00000 0.00000 0.00000 0.00000 0.00000 0.00000 0.00000 0.00000 0.00000 0.00000 0.00000 0.00000 0.00000 0.00000 0.00000 0.00000 0.00000 0.00000 0.00000
KX434843.1_Acomul              1.00000 0.00000 0.00000 0.00000 0.00000 0.00000 0.00000 0.00000 0.00000 0.00000 0.00000 0.00000 0.00000 0.00000 0.00000 0.00000 0.00000 0.00000 0.00000 0.00000
KX434844.1_Decspe              1.00000 0.00000 0.00000 0.00000 0.00000 0.00000 0.00000 0.00000 0.00000 0.00000 0.00000 0.00000 0.00000 0.00000 0.00000 0.00000 0.00000 0.00000 0.00000 0.00000
KX434845.1_Haavit              1.00000 0.00000 0.00000 0.00000 0.00000 0.00000 0.00000 0.00000 0.00000 0.00000 0.00000 0.00000 0.00000 0.00000 0.00000 0.00000 0.00000 0.00000 0.00000 0.00000
KX434846.1_Amochi              1.00000 0.00000 0.00000 0.00000 0.00000 0.00000 0.00000 0.00000 0.00000 0.00000 0.00000 0.00000 0.00000 0.00000 0.00000 0.00000 0.00000 0.00000 0.00000 0.00000
KX434847.1_Psepin2             1.00000 0.00000 0.00000 0.00000 0.00000 0.00000 0.00000 0.00000 0.00000 0.00000 0.00000 0.00000 0.00000 0.00000 0.00000 0.00000 0.00000 0.00000 0.00000 0.00000
KX434849.1_Themil              1.00000 0.00000 0.00000 0.00000 0.00000 0.00000 0.00000 0.00000 0.00000 0.00000 0.00000 0.00000 0.00000 0.00000 0.00000 0.00000 0.00000 0.00000 0.00000 0.00000
KX434850.1_Derlob              1.00000 0.00000 0.00000 0.00000 0.00000 0.00000 0.00000 0.00000 0.00000 0.00000 0.00000 0.00000 0.00000 0.00000 0.00000 0.00000 0.00000 0.00000 0.00000 0.00000
KX434851.1_Pnimed              1.00000 0.00000 0.00000 0.00000 0.00000 0.00000 0.00000 0.00000 0.00000 0.00000 0.00000 0.00000 0.00000 0.00000 0.00000 0.00000 0.00000 0.00000 0.00000 0.00000
KX434855.1_Propic              1.00000 0.00000 0.00000 0.00000 0.00000 0.00000 0.00000 0.00000 0.00000 0.00000 0.00000 0.00000 0.00000 0.00000 0.00000 0.00000 0.00000 0.00000 0.00000 0.00000
KX434856.1_Otospe              1.00000 0.00000 0.00000 0.00000 0.00000 0.00000 0.00000 0.00000 0.00000 0.00000 0.00000 0.00000 0.00000 0.00000 0.00000 0.00000 0.00000 0.00000 0.00000 0.00000
KX434857.1_Humnad2             1.00000 0.00000 0.00000 0.00000 0.00000 0.00000 0.00000 0.00000 0.00000 0.00000 0.00000 0.00000 0.00000 0.00000 0.00000 0.00000 0.00000 0.00000 0.00000 0.00000
KX434858.1_Neobol              1.00000 0.00000 0.00000 0.00000 0.00000 0.00000 0.00000 0.00000 0.00000 0.00000 0.00000 0.00000 0.00000 0.00000 0.00000 0.00000 0.00000 0.00000 0.00000 0.00000
KX434859.1_Heshof              1.00000 0.00000 0.00000 0.00000 0.00000 0.00000 0.00000 0.00000 0.00000 0.00000 0.00000 0.00000 0.00000 0.00000 0.00000 0.00000 0.00000 0.00000 0.00000 0.00000
KX434860.1_Singra              1.00000 0.00000 0.00000 0.00000 0.00000 0.00000 0.00000 0.00000 0.00000 0.00000 0.00000 0.00000 0.00000 0.00000 0.00000 0.00000 0.00000 0.00000 0.00000 0.00000
KX434861.1_Hymcor              1.00000 0.00000 0.00000 0.00000 0.00000 0.00000 0.00000 0.00000 0.00000 0.00000 0.00000 0.00000 0.00000 0.00000 0.00000 0.00000 0.00000 0.00000 0.00000 0.00000
KX434862.1_Tarala              1.00000 0.00000 0.00000 0.00000 0.00000 0.00000 0.00000 0.00000 0.00000 0.00000 0.00000 0.00000 0.00000 0.00000 0.00000 0.00000 0.00000 0.00000 0.00000 0.00000
KX434863.1_Polgri              1.00000 0.00000 0.00000 0.00000 0.00000 0.00000 0.00000 0.00000 0.00000 0.00000 0.00000 0.00000 0.00000 0.00000 0.00000 0.00000 0.00000 0.00000 0.00000 0.00000
KX434864.1_Idodia              1.00000 0.00000 0.00000 0.00000 0.00000 0.00000 0.00000 0.00000 0.00000 0.00000 0.00000 0.00000 0.00000 0.00000 0.00000 0.00000 0.00000 0.00000 0.00000 0.00000
KX434867.1_Creapi              1.00000 0.00000 0.00000 0.00000 0.00000 0.00000 0.00000 0.00000 0.00000 0.00000 0.00000 0.00000 0.00000 0.00000 0.00000 0.00000 0.00000 0.00000 0.00000 0.00000
KX434868.1_Prospe              1.00000 0.00000 0.00000 0.00000 0.00000 0.00000 0.00000 0.00000 0.00000 0.00000 0.00000 0.00000 0.00000 0.00000 0.00000 0.00000 0.00000 0.00000 0.00000 0.00000
KX434870.1_Pardav              1.00000 0.00000 0.00000 0.00000 0.00000 0.00000 0.00000 0.00000 0.00000 0.00000 0.00000 0.00000 0.00000 0.00000 0.00000 0.00000 0.00000 0.00000 0.00000 0.00000
KX434871.1_Metspe              1.00000 0.00000 0.00000 0.00000 0.00000 0.00000 0.00000 0.00000 0.00000 0.00000 0.00000 0.00000 0.00000 0.00000 0.00000 0.00000 0.00000 0.00000 0.00000 0.00000
KX619654.1_Rhospe              1.00000 0.00000 0.00000 0.00000 0.00000 0.00000 0.00000 0.00000 0.00000 0.00000 0.00000 0.00000 0.00000 0.00000 0.00000 0.00000 0.00000 0.00000 0.00000 0.00000
KY689113.1_Derdes2             1.00000 0.00000 0.00000 0.00000 0.00000 0.00000 0.00000 0.00000 0.00000 0.00000 0.00000 0.00000 0.00000 0.00000 0.00000 0.00000 0.00000 0.00000 0.00000 0.00000
KY689117.1_Parkuh              1.00000 0.00000 0.00000 0.00000 0.00000 0.00000 0.00000 0.00000 0.00000 0.00000 0.00000 0.00000 0.00000 0.00000 0.00000 0.00000 0.00000 0.00000 0.00000 0.00000
KY689118.1_Stepor              1.00000 0.00000 0.00000 0.00000 0.00000 0.00000 0.00000 0.00000 0.00000 0.00000 0.00000 0.00000 0.00000 0.00000 0.00000 0.00000 0.00000 0.00000 0.00000 0.00000
KY689119.1_Physpe              1.00000 0.00000 0.00000 0.00000 0.00000 0.00000 0.00000 0.00000 0.00000 0.00000 0.00000 0.00000 0.00000 0.00000 0.00000 0.00000 0.00000 0.00000 0.00000 0.00000
KY689125.1_Theele              1.00000 0.00000 0.00000 0.00000 0.00000 0.00000 0.00000 0.00000 0.00000 0.00000 0.00000 0.00000 0.00000 0.00000 0.00000 0.00000 0.00000 0.00000 0.00000 0.00000
KY689126.1_Calspe              1.00000 0.00000 0.00000 0.00000 0.00000 0.00000 0.00000 0.00000 0.00000 0.00000 0.00000 0.00000 0.00000 0.00000 0.00000 0.00000 0.00000 0.00000 0.00000 0.00000
KY689128.1_Ambund              1.00000 0.00000 0.00000 0.00000 0.00000 0.00000 0.00000 0.00000 0.00000 0.00000 0.00000 0.00000 0.00000 0.00000 0.00000 0.00000 0.00000 0.00000 0.00000 0.00000
KY689130.1_Haaspe              1.00000 0.00000 0.00000 0.00000 0.00000 0.00000 0.00000 0.00000 0.00000 0.00000 0.00000 0.00000 0.00000 0.00000 0.00000 0.00000 0.00000 0.00000 0.00000 0.00000
KY689136.1_Hiedul              1.00000 0.00000 0.00000 0.00000 0.00000 0.00000 0.00000 0.00000 0.00000 0.00000 0.00000 0.00000 0.00000 0.00000 0.00000 0.00000 0.00000 0.00000 0.00000 0.00000
MG888436.1_Ambpar              1.00000 0.00000 0.00000 0.00000 0.00000 0.00000 0.00000 0.00000 0.00000 0.00000 0.00000 0.00000 0.00000 0.00000 0.00000 0.00000 0.00000 0.00000 0.00000 0.00000
MG888437.1_Amospe              1.00000 0.00000 0.00000 0.00000 0.00000 0.00000 0.00000 0.00000 0.00000 0.00000 0.00000 0.00000 0.00000 0.00000 0.00000 0.00000 0.00000 0.00000 0.00000 0.00000
MG888449.1_Hymcor              1.00000 0.00000 0.00000 0.00000 0.00000 0.00000 0.00000 0.00000 0.00000 0.00000 0.00000 0.00000 0.00000 0.00000 0.00000 0.00000 0.00000 0.00000 0.00000 0.00000
MG888453.1_Leplac              1.00000 0.00000 0.00000 0.00000 0.00000 0.00000 0.00000 0.00000 0.00000 0.00000 0.00000 0.00000 0.00000 0.00000 0.00000 0.00000 0.00000 0.00000 0.00000 0.00000
MG888455.1_Metspl              1.00000 0.00000 0.00000 0.00000 0.00000 0.00000 0.00000 0.00000 0.00000 0.00000 0.00000 0.00000 0.00000 0.00000 0.00000 0.00000 0.00000 0.00000 0.00000 0.00000
MG888456.1_Parkuhasi           1.00000 0.00000 0.00000 0.00000 0.00000 0.00000 0.00000 0.00000 0.00000 0.00000 0.00000 0.00000 0.00000 0.00000 0.00000 0.00000 0.00000 0.00000 0.00000 0.00000
MG888457.1_Pargig              1.00000 0.00000 0.00000 0.00000 0.00000 0.00000 0.00000 0.00000 0.00000 0.00000 0.00000 0.00000 0.00000 0.00000 0.00000 0.00000 0.00000 0.00000 0.00000 0.00000
MG888464.1_Singua              1.00000 0.00000 0.00000 0.00000 0.00000 0.00000 0.00000 0.00000 0.00000 0.00000 0.00000 0.00000 0.00000 0.00000 0.00000 0.00000 0.00000 0.00000 0.00000 0.00000
MK400676.1_Erespe              1.00000 0.00000 0.00000 0.00000 0.00000 0.00000 0.00000 0.00000 0.00000 0.00000 0.00000 0.00000 0.00000 0.00000 0.00000 0.00000 0.00000 0.00000 0.00000 0.00000
MN267041.1_Mekqui              1.00000 0.00000 0.00000 0.00000 0.00000 0.00000 0.00000 0.00000 0.00000 0.00000 0.00000 0.00000 0.00000 0.00000 0.00000 0.00000 0.00000 0.00000 0.00000 0.00000
MT024239.1_Phybre2             1.00000 0.00000 0.00000 0.00000 0.00000 0.00000 0.00000 0.00000 0.00000 0.00000 0.00000 0.00000 0.00000 0.00000 0.00000 0.00000 0.00000 0.00000 0.00000 0.00000
MW222469.1_Crespe              1.00000 0.00000 0.00000 0.00000 0.00000 0.00000 0.00000 0.00000 0.00000 0.00000 0.00000 0.00000 0.00000 0.00000 0.00000 0.00000 0.00000 0.00000 0.00000 0.00000
MW357297.1_Asiyun              1.00000 0.00000 0.00000 0.00000 0.00000 0.00000 0.00000 0.00000 0.00000 0.00000 0.00000 0.00000 0.00000 0.00000 0.00000 0.00000 0.00000 0.00000 0.00000 0.00000
MW357298.1_Hiespe2             1.00000 0.00000 0.00000 0.00000 0.00000 0.00000 0.00000 0.00000 0.00000 0.00000 0.00000 0.00000 0.00000 0.00000 0.00000 0.00000 0.00000 0.00000 0.00000 0.00000
MW357300.1_Mesala              1.00000 0.00000 0.00000 0.00000 0.00000 0.00000 0.00000 0.00000 0.00000 0.00000 0.00000 0.00000 0.00000 0.00000 0.00000 0.00000 0.00000 0.00000 0.00000 0.00000
MW357301.1_Pseper              1.00000 0.00000 0.00000 0.00000 0.00000 0.00000 0.00000 0.00000 0.00000 0.00000 0.00000 0.00000 0.00000 0.00000 0.00000 0.00000 0.00000 0.00000 0.00000 0.00000
MW357302.1_Stabio              1.00000 0.00000 0.00000 0.00000 0.00000 0.00000 0.00000 0.00000 0.00000 0.00000 0.00000 0.00000 0.00000 0.00000 0.00000 0.00000 0.00000 0.00000 0.00000 0.00000
MW357303.1_Yermex              1.00000 0.00000 0.00000 0.00000 0.00000 0.00000 0.00000 0.00000 0.00000 0.00000 0.00000 0.00000 0.00000 0.00000 0.00000 0.00000 0.00000 0.00000 0.00000 0.00000
NC_007702.1_Tamtam             1.00000 0.00000 0.00000 0.00000 0.00000 0.00000 0.00000 0.00000 0.00000 0.00000 0.00000 0.00000 0.00000 0.00000 0.00000 0.00000 0.00000 0.00000 0.00000 0.00000
NC_009499.1_Retsan             1.00000 0.00000 0.00000 0.00000 0.00000 0.00000 0.00000 0.00000 0.00000 0.00000 0.00000 0.00000 0.00000 0.00000 0.00000 0.00000 0.00000 0.00000 0.00000 0.00000
NC_012901.1_Blager             1.00000 0.00000 0.00000 0.00000 0.00000 0.00000 0.00000 0.00000 0.00000 0.00000 0.00000 0.00000 0.00000 0.00000 0.00000 0.00000 0.00000 0.00000 0.00000 0.00000
NC_014274.1_Eupsin             1.00000 0.00000 0.00000 0.00000 0.00000 0.00000 0.00000 0.00000 0.00000 0.00000 0.00000 0.00000 0.00000 0.00000 0.00000 0.00000 0.00000 0.00000 0.00000 0.00000
NC_015800.1_Copfor             1.00000 0.00000 0.00000 0.00000 0.00000 0.00000 0.00000 0.00000 0.00000 0.00000 0.00000 0.00000 0.00000 0.00000 0.00000 0.00000 0.00000 0.00000 0.00000 0.00000
NC_018120.1_Masdar             1.00000 0.00000 0.00000 0.00000 0.00000 0.00000 0.00000 0.00000 0.00000 0.00000 0.00000 0.00000 0.00000 0.00000 0.00000 0.00000 0.00000 0.00000 0.00000 0.00000
NC_024028.1_Lepalb             1.00000 0.00000 0.00000 0.00000 0.00000 0.00000 0.00000 0.00000 0.00000 0.00000 0.00000 0.00000 0.00000 0.00000 0.00000 0.00000 0.00000 0.00000 0.00000 0.00000
NC_029326.1_Hiefor             1.00000 0.00000 0.00000 0.00000 0.00000 0.00000 0.00000 0.00000 0.00000 0.00000 0.00000 0.00000 0.00000 0.00000 0.00000 0.00000 0.00000 0.00000 0.00000 0.00000
NC_030264.1_Humnad             1.00000 0.00000 0.00000 0.00000 0.00000 0.00000 0.00000 0.00000 0.00000 0.00000 0.00000 0.00000 0.00000 0.00000 0.00000 0.00000 0.00000 0.00000 0.00000 0.00000
NC_030265.1_Manrel             1.00000 0.00000 0.00000 0.00000 0.00000 0.00000 0.00000 0.00000 0.00000 0.00000 0.00000 0.00000 0.00000 0.00000 0.00000 0.00000 0.00000 0.00000 0.00000 0.00000
NC_030266.1_Tensin             1.00000 0.00000 0.00000 0.00000 0.00000 0.00000 0.00000 0.00000 0.00000 0.00000 0.00000 0.00000 0.00000 0.00000 0.00000 0.00000 0.00000 0.00000 0.00000 0.00000
NC_030267.1_Cregem             1.00000 0.00000 0.00000 0.00000 0.00000 0.00000 0.00000 0.00000 0.00000 0.00000 0.00000 0.00000 0.00000 0.00000 0.00000 0.00000 0.00000 0.00000 0.00000 0.00000
NC_030268.1_Anazhe             1.00000 0.00000 0.00000 0.00000 0.00000 0.00000 0.00000 0.00000 0.00000 0.00000 0.00000 0.00000 0.00000 0.00000 0.00000 0.00000 0.00000 0.00000 0.00000 0.00000
NC_034282.1_Rhobra             1.00000 0.00000 0.00000 0.00000 0.00000 0.00000 0.00000 0.00000 0.00000 0.00000 0.00000 0.00000 0.00000 0.00000 0.00000 0.00000 0.00000 0.00000 0.00000 0.00000
NC_034283.1_Hiepat             1.00000 0.00000 0.00000 0.00000 0.00000 0.00000 0.00000 0.00000 0.00000 0.00000 0.00000 0.00000 0.00000 0.00000 0.00000 0.00000 0.00000 0.00000 0.00000 0.00000
NC_034284.1_Rhoval             1.00000 0.00000 0.00000 0.00000 0.00000 0.00000 0.00000 0.00000 0.00000 0.00000 0.00000 0.00000 0.00000 0.00000 0.00000 0.00000 0.00000 0.00000 0.00000 0.00000
NC_037203.1_Amanaw             1.00000 0.00000 0.00000 0.00000 0.00000 0.00000 0.00000 0.00000 0.00000 0.00000 0.00000 0.00000 0.00000 0.00000 0.00000 0.00000 0.00000 0.00000 0.00000 0.00000
NC_037204.1_Sphlin             1.00000 0.00000 0.00000 0.00000 0.00000 0.00000 0.00000 0.00000 0.00000 0.00000 0.00000 0.00000 0.00000 0.00000 0.00000 0.00000 0.00000 0.00000 0.00000 0.00000
NC_037205.1_Troten             1.00000 0.00000 0.00000 0.00000 0.00000 0.00000 0.00000 0.00000 0.00000 0.00000 0.00000 0.00000 0.00000 0.00000 0.00000 0.00000 0.00000 0.00000 0.00000 0.00000
NC_037206.1_Scesim             1.00000 0.00000 0.00000 0.00000 0.00000 0.00000 0.00000 0.00000 0.00000 0.00000 0.00000 0.00000 0.00000 0.00000 0.00000 0.00000 0.00000 0.00000 0.00000 0.00000
NC_037207.1_Schbic             1.00000 0.00000 0.00000 0.00000 0.00000 0.00000 0.00000 0.00000 0.00000 0.00000 0.00000 0.00000 0.00000 0.00000 0.00000 0.00000 0.00000 0.00000 0.00000 0.00000
NC_037208.1_Eomyun             1.00000 0.00000 0.00000 0.00000 0.00000 0.00000 0.00000 0.00000 0.00000 0.00000 0.00000 0.00000 0.00000 0.00000 0.00000 0.00000 0.00000 0.00000 0.00000 0.00000
NC_037234.1_Crejia             1.00000 0.00000 0.00000 0.00000 0.00000 0.00000 0.00000 0.00000 0.00000 0.00000 0.00000 0.00000 0.00000 0.00000 0.00000 0.00000 0.00000 0.00000 0.00000 0.00000
NC_037235.1_Sibpre             1.00000 0.00000 0.00000 0.00000 0.00000 0.00000 0.00000 0.00000 0.00000 0.00000 0.00000 0.00000 0.00000 0.00000 0.00000 0.00000 0.00000 0.00000 0.00000 0.00000
NC_037496.1_Crymer             1.00000 0.00000 0.00000 0.00000 0.00000 0.00000 0.00000 0.00000 0.00000 0.00000 0.00000 0.00000 0.00000 0.00000 0.00000 0.00000 0.00000 0.00000 0.00000 0.00000
NC_037697.1_Parpol             1.00000 0.00000 0.00000 0.00000 0.00000 0.00000 0.00000 0.00000 0.00000 0.00000 0.00000 0.00000 0.00000 0.00000 0.00000 0.00000 0.00000 0.00000 0.00000 0.00000
NC_039940.1_Perbru             1.00000 0.00000 0.00000 0.00000 0.00000 0.00000 0.00000 0.00000 0.00000 0.00000 0.00000 0.00000 0.00000 0.00000 0.00000 0.00000 0.00000 0.00000 0.00000 0.00000
NC_045876.1_Psybor             1.00000 0.00000 0.00000 0.00000 0.00000 0.00000 0.00000 0.00000 0.00000 0.00000 0.00000 0.00000 0.00000 0.00000 0.00000 0.00000 0.00000 0.00000 0.00000 0.00000
NC_048984.1_Hiemem             1.00000 0.00000 0.00000 0.00000 0.00000 0.00000 0.00000 0.00000 0.00000 0.00000 0.00000 0.00000 0.00000 0.00000 0.00000 0.00000 0.00000 0.00000 0.00000 0.00000
NC_051489.1_Rholon             1.00000 0.00000 0.00000 0.00000 0.00000 0.00000 0.00000 0.00000 0.00000 0.00000 0.00000 0.00000 0.00000 0.00000 0.00000 0.00000 0.00000 0.00000 0.00000 0.00000
NC_051490.1_Plibim             1.00000 0.00000 0.00000 0.00000 0.00000 0.00000 0.00000 0.00000 0.00000 0.00000 0.00000 0.00000 0.00000 0.00000 0.00000 0.00000 0.00000 0.00000 0.00000 0.00000
NC_051892.1_Arrpal             1.00000 0.00000 0.00000 0.00000 0.00000 0.00000 0.00000 0.00000 0.00000 0.00000 0.00000 0.00000 0.00000 0.00000 0.00000 0.00000 0.00000 0.00000 0.00000 0.00000
NC_057070.1_Amohai             1.00000 0.00000 0.00000 0.00000 0.00000 0.00000 0.00000 0.00000 0.00000 0.00000 0.00000 0.00000 0.00000 0.00000 0.00000 0.00000 0.00000 0.00000 0.00000 0.00000
NC_063851.1_Sinden             1.00000 0.00000 0.00000 0.00000 0.00000 0.00000 0.00000 0.00000 0.00000 0.00000 0.00000 0.00000 0.00000 0.00000 0.00000 0.00000 0.00000 0.00000 0.00000 0.00000
NC_065745.1_Hiechi             1.00000 0.00000 0.00000 0.00000 0.00000 0.00000 0.00000 0.00000 0.00000 0.00000 0.00000 0.00000 0.00000 0.00000 0.00000 0.00000 0.00000 0.00000 0.00000 0.00000
NC_065746.1_Hiezha             1.00000 0.00000 0.00000 0.00000 0.00000 0.00000 0.00000 0.00000 0.00000 0.00000 0.00000 0.00000 0.00000 0.00000 0.00000 0.00000 0.00000 0.00000 0.00000 0.00000
NC_065758.1_Hiemac             1.00000 0.00000 0.00000 0.00000 0.00000 0.00000 0.00000 0.00000 0.00000 0.00000 0.00000 0.00000 0.00000 0.00000 0.00000 0.00000 0.00000 0.00000 0.00000 0.00000
NC_065759.1_Tenang             1.00000 0.00000 0.00000 0.00000 0.00000 0.00000 0.00000 0.00000 0.00000 0.00000 0.00000 0.00000 0.00000 0.00000 0.00000 0.00000 0.00000 0.00000 0.00000 0.00000
NC_065760.1_Stamac             1.00000 0.00000 0.00000 0.00000 0.00000 0.00000 0.00000 0.00000 0.00000 0.00000 0.00000 0.00000 0.00000 0.00000 0.00000 0.00000 0.00000 0.00000 0.00000 0.00000
NC_065761.1_Stafla             1.00000 0.00000 0.00000 0.00000 0.00000 0.00000 0.00000 0.00000 0.00000 0.00000 0.00000 0.00000 0.00000 0.00000 0.00000 0.00000 0.00000 0.00000 0.00000 0.00000
NC_066978.1_Paragr             1.00000 0.00000 0.00000 0.00000 0.00000 0.00000 0.00000 0.00000 0.00000 0.00000 0.00000 0.00000 0.00000 0.00000 0.00000 0.00000 0.00000 0.00000 0.00000 0.00000
NC_069808.1_Cilhum             1.00000 0.00000 0.00000 0.00000 0.00000 0.00000 0.00000 0.00000 0.00000 0.00000 0.00000 0.00000 0.00000 0.00000 0.00000 0.00000 0.00000 0.00000 0.00000 0.00000
NC_069809.1_Citfal             1.00000 0.00000 0.00000 0.00000 0.00000 0.00000 0.00000 0.00000 0.00000 0.00000 0.00000 0.00000 0.00000 0.00000 0.00000 0.00000 0.00000 0.00000 0.00000 0.00000
NC_069810.1_Dertru             1.00000 0.00000 0.00000 0.00000 0.00000 0.00000 0.00000 0.00000 0.00000 0.00000 0.00000 0.00000 0.00000 0.00000 0.00000 0.00000 0.00000 0.00000 0.00000 0.00000
NC_069811.1_Pacbic             1.00000 0.00000 0.00000 0.00000 0.00000 0.00000 0.00000 0.00000 0.00000 0.00000 0.00000 0.00000 0.00000 0.00000 0.00000 0.00000 0.00000 0.00000 0.00000 0.00000
NC_077476.1_Caldia             1.00000 0.00000 0.00000 0.00000 0.00000 0.00000 0.00000 0.00000 0.00000 0.00000 0.00000 0.00000 0.00000 0.00000 0.00000 0.00000 0.00000 0.00000 0.00000 0.00000
NC_077477.1_Rapfus             1.00000 0.00000 0.00000 0.00000 0.00000 0.00000 0.00000 0.00000 0.00000 0.00000 0.00000 0.00000 0.00000 0.00000 0.00000 0.00000 0.00000 0.00000 0.00000 0.00000
NC_077478.1_Galamo             1.00000 0.00000 0.00000 0.00000 0.00000 0.00000 0.00000 0.00000 0.00000 0.00000 0.00000 0.00000 0.00000 0.00000 0.00000 0.00000 0.00000 0.00000 0.00000 0.00000
NC_077479.1_Chestr             1.00000 0.00000 0.00000 0.00000 0.00000 0.00000 0.00000 0.00000 0.00000 0.00000 0.00000 0.00000 0.00000 0.00000 0.00000 0.00000 0.00000 0.00000 0.00000 0.00000
NC_082459.1_Dippun             1.00000 0.00000 0.00000 0.00000 0.00000 0.00000 0.00000 0.00000 0.00000 0.00000 0.00000 0.00000 0.00000 0.00000 0.00000 0.00000 0.00000 0.00000 0.00000 0.00000
NC_085562.1_Acrjap             1.00000 0.00000 0.00000 0.00000 0.00000 0.00000 0.00000 0.00000 0.00000 0.00000 0.00000 0.00000 0.00000 0.00000 0.00000 0.00000 0.00000 0.00000 0.00000 0.00000
NC_086621.1_Otoscu             1.00000 0.00000 0.00000 0.00000 0.00000 0.00000 0.00000 0.00000 0.00000 0.00000 0.00000 0.00000 0.00000 0.00000 0.00000 0.00000 0.00000 0.00000 0.00000 0.00000
NC_086622.1_Phybre             1.00000 0.00000 0.00000 0.00000 0.00000 0.00000 0.00000 0.00000 0.00000 0.00000 0.00000 0.00000 0.00000 0.00000 0.00000 0.00000 0.00000 0.00000 0.00000 0.00000
NC_086795.1_Phypar             1.00000 0.00000 0.00000 0.00000 0.00000 0.00000 0.00000 0.00000 0.00000 0.00000 0.00000 0.00000 0.00000 0.00000 0.00000 0.00000 0.00000 0.00000 0.00000 0.00000
NC_086817.1_Acrhes             1.00000 0.00000 0.00000 0.00000 0.00000 0.00000 0.00000 0.00000 0.00000 0.00000 0.00000 0.00000 0.00000 0.00000 0.00000 0.00000 0.00000 0.00000 0.00000 0.00000
NC_086818.1_Amawuz             1.00000 0.00000 0.00000 0.00000 0.00000 0.00000 0.00000 0.00000 0.00000 0.00000 0.00000 0.00000 0.00000 0.00000 0.00000 0.00000 0.00000 0.00000 0.00000 0.00000
NC_086819.1_Hielat             1.00000 0.00000 0.00000 0.00000 0.00000 0.00000 0.00000 0.00000 0.00000 0.00000 0.00000 0.00000 0.00000 0.00000 0.00000 0.00000 0.00000 0.00000 0.00000 0.00000
NC_086820.1_Staagr             1.00000 0.00000 0.00000 0.00000 0.00000 0.00000 0.00000 0.00000 0.00000 0.00000 0.00000 0.00000 0.00000 0.00000 0.00000 0.00000 0.00000 0.00000 0.00000 0.00000
NC_086821.1_Psepin             1.00000 0.00000 0.00000 0.00000 0.00000 0.00000 0.00000 0.00000 0.00000 0.00000 0.00000 0.00000 0.00000 0.00000 0.00000 0.00000 0.00000 0.00000 0.00000 0.00000
NC_086822.1_Anasin             1.00000 0.00000 0.00000 0.00000 0.00000 0.00000 0.00000 0.00000 0.00000 0.00000 0.00000 0.00000 0.00000 0.00000 0.00000 0.00000 0.00000 0.00000 0.00000 0.00000
NC_086823.1_Thesin             1.00000 0.00000 0.00000 0.00000 0.00000 0.00000 0.00000 0.00000 0.00000 0.00000 0.00000 0.00000 0.00000 0.00000 0.00000 0.00000 0.00000 0.00000 0.00000 0.00000
NC_086824.1_Physin             1.00000 0.00000 0.00000 0.00000 0.00000 0.00000 0.00000 0.00000 0.00000 0.00000 0.00000 0.00000 0.00000 0.00000 0.00000 0.00000 0.00000 0.00000 0.00000 0.00000
NC_086825.1_Phywer             1.00000 0.00000 0.00000 0.00000 0.00000 0.00000 0.00000 0.00000 0.00000 0.00000 0.00000 0.00000 0.00000 0.00000 0.00000 0.00000 0.00000 0.00000 0.00000 0.00000
NC_086826.1_Anatia             1.00000 0.00000 0.00000 0.00000 0.00000 0.00000 0.00000 0.00000 0.00000 0.00000 0.00000 0.00000 0.00000 0.00000 0.00000 0.00000 0.00000 0.00000 0.00000 0.00000
NC_086827.1_Theoph             1.00000 0.00000 0.00000 0.00000 0.00000 0.00000 0.00000 0.00000 0.00000 0.00000 0.00000 0.00000 0.00000 0.00000 0.00000 0.00000 0.00000 0.00000 0.00000 0.00000
NC_086828.1_Arrbre             1.00000 0.00000 0.00000 0.00000 0.00000 0.00000 0.00000 0.00000 0.00000 0.00000 0.00000 0.00000 0.00000 0.00000 0.00000 0.00000 0.00000 0.00000 0.00000 0.00000
NC_086829.1_Arrpur             1.00000 0.00000 0.00000 0.00000 0.00000 0.00000 0.00000 0.00000 0.00000 0.00000 0.00000 0.00000 0.00000 0.00000 0.00000 0.00000 0.00000 0.00000 0.00000 0.00000
NC_086830.1_Astmaj             1.00000 0.00000 0.00000 0.00000 0.00000 0.00000 0.00000 0.00000 0.00000 0.00000 0.00000 0.00000 0.00000 0.00000 0.00000 0.00000 0.00000 0.00000 0.00000 0.00000
NC_086831.1_Gonbru             1.00000 0.00000 0.00000 0.00000 0.00000 0.00000 0.00000 0.00000 0.00000 0.00000 0.00000 0.00000 0.00000 0.00000 0.00000 0.00000 0.00000 0.00000 0.00000 0.00000
NC_086832.1_Themac             1.00000 0.00000 0.00000 0.00000 0.00000 0.00000 0.00000 0.00000 0.00000 0.00000 0.00000 0.00000 0.00000 0.00000 0.00000 0.00000 0.00000 0.00000 0.00000 0.00000
OK480879.1_Lepton              1.00000 0.00000 0.00000 0.00000 0.00000 0.00000 0.00000 0.00000 0.00000 0.00000 0.00000 0.00000 0.00000 0.00000 0.00000 0.00000 0.00000 0.00000 0.00000 0.00000
OK542392.1_Hielon              1.00000 0.00000 0.00000 0.00000 0.00000 0.00000 0.00000 0.00000 0.00000 0.00000 0.00000 0.00000 0.00000 0.00000 0.00000 0.00000 0.00000 0.00000 0.00000 0.00000
OK542393.1_Tenaribre           1.00000 0.00000 0.00000 0.00000 0.00000 0.00000 0.00000 0.00000 0.00000 0.00000 0.00000 0.00000 0.00000 0.00000 0.00000 0.00000 0.00000 0.00000 0.00000 0.00000
OL414957.1_Staspe2             1.00000 0.00000 0.00000 0.00000 0.00000 0.00000 0.00000 0.00000 0.00000 0.00000 0.00000 0.00000 0.00000 0.00000 0.00000 0.00000 0.00000 0.00000 0.00000 0.00000
OL414959.1_Hiespe              1.00000 0.00000 0.00000 0.00000 0.00000 0.00000 0.00000 0.00000 0.00000 0.00000 0.00000 0.00000 0.00000 0.00000 0.00000 0.00000 0.00000 0.00000 0.00000 0.00000
OM177664.1_Gonspe              1.00000 0.00000 0.00000 0.00000 0.00000 0.00000 0.00000 0.00000 0.00000 0.00000 0.00000 0.00000 0.00000 0.00000 0.00000 0.00000 0.00000 0.00000 0.00000 0.00000
OM202552.1_Tenspe              1.00000 0.00000 0.00000 0.00000 0.00000 0.00000 0.00000 0.00000 0.00000 0.00000 0.00000 0.00000 0.00000 0.00000 0.00000 0.00000 0.00000 0.00000 0.00000 0.00000
OM202554.1_Anaspe              1.00000 0.00000 0.00000 0.00000 0.00000 0.00000 0.00000 0.00000 0.00000 0.00000 0.00000 0.00000 0.00000 0.00000 0.00000 0.00000 0.00000 0.00000 0.00000 0.00000
OM202555.1_Anagra              1.00000 0.00000 0.00000 0.00000 0.00000 0.00000 0.00000 0.00000 0.00000 0.00000 0.00000 0.00000 0.00000 0.00000 0.00000 0.00000 0.00000 0.00000 0.00000 0.00000
OM202561.1_Sinspe              1.00000 0.00000 0.00000 0.00000 0.00000 0.00000 0.00000 0.00000 0.00000 0.00000 0.00000 0.00000 0.00000 0.00000 0.00000 0.00000 0.00000 0.00000 0.00000 0.00000
OM202562.1_Mirspe              1.00000 0.00000 0.00000 0.00000 0.00000 0.00000 0.00000 0.00000 0.00000 0.00000 0.00000 0.00000 0.00000 0.00000 0.00000 0.00000 0.00000 0.00000 0.00000 0.00000
OM202563.1_Arrpal2             1.00000 0.00000 0.00000 0.00000 0.00000 0.00000 0.00000 0.00000 0.00000 0.00000 0.00000 0.00000 0.00000 0.00000 0.00000 0.00000 0.00000 0.00000 0.00000 0.00000
OM202564.1_Thespe              1.00000 0.00000 0.00000 0.00000 0.00000 0.00000 0.00000 0.00000 0.00000 0.00000 0.00000 0.00000 0.00000 0.00000 0.00000 0.00000 0.00000 0.00000 0.00000 0.00000
OM202571.1_Lepspe              1.00000 0.00000 0.00000 0.00000 0.00000 0.00000 0.00000 0.00000 0.00000 0.00000 0.00000 0.00000 0.00000 0.00000 0.00000 0.00000 0.00000 0.00000 0.00000 0.00000
OM910846.1_Carspe              1.00000 0.00000 0.00000 0.00000 0.00000 0.00000 0.00000 0.00000 0.00000 0.00000 0.00000 0.00000 0.00000 0.00000 0.00000 0.00000 0.00000 0.00000 0.00000 0.00000
OZ336339.1_Bolbra              1.00000 0.00000 0.00000 0.00000 0.00000 0.00000 0.00000 0.00000 0.00000 0.00000 0.00000 0.00000 0.00000 0.00000 0.00000 0.00000 0.00000 0.00000 0.00000 0.00000
PP072306.1_Majmou              1.00000 0.00000 0.00000 0.00000 0.00000 0.00000 0.00000 0.00000 0.00000 0.00000 0.00000 0.00000 0.00000 0.00000 0.00000 0.00000 0.00000 0.00000 0.00000 0.00000
PP072307.1_Odospe              1.00000 0.00000 0.00000 0.00000 0.00000 0.00000 0.00000 0.00000 0.00000 0.00000 0.00000 0.00000 0.00000 0.00000 0.00000 0.00000 0.00000 0.00000 0.00000 0.00000
PP438763.1_Astbas              1.00000 0.00000 0.00000 0.00000 0.00000 0.00000 0.00000 0.00000 0.00000 0.00000 0.00000 0.00000 0.00000 0.00000 0.00000 0.00000 0.00000 0.00000 0.00000 0.00000
PP438765.1_Cermac              1.00000 0.00000 0.00000 0.00000 0.00000 0.00000 0.00000 0.00000 0.00000 0.00000 0.00000 0.00000 0.00000 0.00000 0.00000 0.00000 0.00000 0.00000 0.00000 0.00000
PP438766.1_Ceryun              1.00000 0.00000 0.00000 0.00000 0.00000 0.00000 0.00000 0.00000 0.00000 0.00000 0.00000 0.00000 0.00000 0.00000 0.00000 0.00000 0.00000 0.00000 0.00000 0.00000
PP438767.1_Chlles              1.00000 0.00000 0.00000 0.00000 0.00000 0.00000 0.00000 0.00000 0.00000 0.00000 0.00000 0.00000 0.00000 0.00000 0.00000 0.00000 0.00000 0.00000 0.00000 0.00000
PP438770.1_Panfra              1.00000 0.00000 0.00000 0.00000 0.00000 0.00000 0.00000 0.00000 0.00000 0.00000 0.00000 0.00000 0.00000 0.00000 0.00000 0.00000 0.00000 0.00000 0.00000 0.00000
PV564197.1_Pselob              1.00000 0.00000 0.00000 0.00000 0.00000 0.00000 0.00000 0.00000 0.00000 0.00000 0.00000 0.00000 0.00000 0.00000 0.00000 0.00000 0.00000 0.00000 0.00000 0.00000
RBE05_Rivbae                   1.00000 0.00000 0.00000 0.00000 0.00000 0.00000 0.00000 0.00000 0.00000 0.00000 0.00000 0.00000 0.00000 0.00000 0.00000 0.00000 0.00000 0.00000 0.00000 0.00000

Homogeneity statistic: X2 = 0.00000 G = -0.00000 

Average                        1.00000 0.00000 0.00000 0.00000 0.00000 0.00000 0.00000 0.00000 0.00000 0.00000 0.00000 0.00000 0.00000 0.00000 0.00000 0.00000 0.00000 0.00000 0.00000 0.00000

# constant sites:      1 (100.00%)
Time used: 33:44:13

mean of parameters using all iterations
 373.65135  67.37910  59.31670  56.42144  52.65032  50.28844  47.04902  45.53248  43.37053  36.62954  33.48762  30.94457  27.78240  21.88671  19.27267  14.92226   6.21161   5.98851  11.46614   6.11529   1.16874   2.75874  24.90714  11.30851   5.76739   3.73131  27.30195  20.56990  28.73076  30.66909  41.85786  40.25673  37.96601  36.63205  34.26099  32.12353  25.65196  12.15501   5.54072   0.76922   1.91204  29.02028  22.50755  19.71523  17.85999  16.02373  11.36244   9.58374   4.46529   8.65895   7.94608   5.27244   3.02416   0.83904   6.72755   8.73295   6.88000  13.05236  11.45068   7.21859   5.41572   4.51157  13.01253   0.05269  27.25384  23.47562  17.20689  13.99866  11.35175   0.56027  15.49280  11.67878   2.70187   2.29173  21.40265  12.78715  19.54725  12.84584  30.61036  34.52710  32.42227  30.31917  28.51737  27.07991  25.44534  21.84764   0.40894  22.47081   0.04920  25.18220   5.91818   4.22394   0.08253  22.40554  16.45906  11.59827   2.17736   6.69066   3.88063   0.34283  25.76329  23.27400   5.16531  10.32958   2.27522  22.55012  30.57296  28.04344  23.67420  21.87883   8.82307   7.28555   2.29424   0.26896  16.83285  11.79356   8.58613   3.66986   2.11727   7.76350   3.65410  20.12499  17.57422  24.43028  10.67813   5.15715   3.45481   1.86104  26.93683  21.04697  17.09985  18.44617  33.66455  35.66797  31.36990   0.78703  24.27984   3.71870  38.12188  27.05665  22.75600  22.83895  42.18070  27.81864  23.01384   0.72180   3.58569   2.54353  28.04317  16.57794   0.16741  20.60866  10.38334   8.13630  45.43095  33.89907  28.23542  22.25853  13.06908   7.92667  38.56331  32.73618  25.49607   0.33417  29.70865  25.51116  33.39958   4.73969   3.95212  17.99322  14.35439   3.92513  19.51673  44.80905  32.05559  18.38785  15.06433  12.64695  48.51914  17.68039  18.80826  35.50325  28.96897  23.45926  18.00410   4.78636  25.83064  17.43918   0.00133   0.00890

Species tree for FigTree.  Branch lengths = posterior mean times; 95% CIs = labels
((((((((((((((((1_16CI1f_Psebet, (2_23spal_Amespa2, 3_AA005_Amespa) 206 ) 205 , (4_59T3_Amedum, 5_ADEC02_Amedec) 207 ) 204 , (((6_41K26_Amepic, 7_43assoi_Ameass) 210 , (8_AA001_Ameand, 9_AA003_Ameser) 211 ) 209 , 10_AAP07_Aptapt) 208 ) 203 , (((11_KX434837.1_Toxhau, 12_KY689118.1_Stepor) 214 , (13_MG888457.1_Pargig, 14_NC_037697.1_Parpol) 215 ) 213 , 15_NC_077479.1_Chestr) 212 ) 202 , ((16_KX434820.1_Iripol, 17_KX434823.1_Hetspe) 217 , 18_MW357303.1_Yermex) 216 ) 201 , (19_KX434841.1_Psespe, 20_NC_037207.1_Schbic) 218 ) 200 , (21_OZ336339.1_Bolbra, 22_RBE05_Rivbae) 219 ) 199 , ((((((((((23_KU201316.1_Staspe, 24_NC_065761.1_Stafla) 229 , 25_OL414957.1_Staspe2) 228 , (26_NC_065760.1_Stamac, 27_NC_086820.1_Staagr) 230 ) 227 , 28_NC_030265.1_Manrel) 226 , ((((((((29_KX091864.1_Rholat, 30_NC_034284.1_Rhoval) 238 , ((((31_NC_029326.1_Hiefor, 32_NC_065745.1_Hiechi) 242 , (33_NC_051489.1_Rholon, 34_OK542392.1_Hielon) 243 ) 241 , (35_NC_065746.1_Hiezha, 36_OL414959.1_Hiespe) 244 ) 240 , 37_NC_086819.1_Hielat) 239 ) 237 , (38_KX434819.1_Hiemaj, (39_MW357298.1_Hiespe2, 40_NC_007702.1_Tamtam) 246 ) 245 ) 236 , (((((41_KX434830.1_Hiemul, 42_NC_034283.1_Hiepat) 251 , 43_NC_065758.1_Hiemac) 250 , 44_KX434851.1_Pnimed) 249 , 45_NC_034282.1_Rhobra) 248 , 46_KX619654.1_Rhospe) 247 ) 235 , ((47_KX434813.1_Mesala2, 48_MW357300.1_Mesala) 253 , 49_NC_048984.1_Hiemem) 252 ) 234 , 50_MN267041.1_Mekqui) 233 , 51_KX434812.1_Cammou) 232 , (((((52_KX434821.1_Plispe, (53_KX434855.1_Propic, 54_KX434868.1_Prospe) 259 ) 258 , 55_KX434863.1_Polgri) 257 , (56_KY689136.1_Hiedul, ((57_NC_030266.1_Tensin, (58_OK542393.1_Tenaribre, 59_OM202552.1_Tenspe) 263 ) 262 , 60_NC_065759.1_Tenang) 261 ) 260 ) 256 , ((61_KX434840.1_Sphvir, 62_NC_037204.1_Sphlin) 265 , 63_KX434862.1_Tarala) 264 ) 255 , ((64_KX434838.1_Psechl, 65_MW357301.1_Pseper) 267 , 66_MW357302.1_Stabio) 266 ) 254 ) 231 ) 225 , (67_KX434842.1_Ortmin, 68_MW357297.1_Asiyun) 268 ) 224 , ((((((((69_KX091850.1_Cersau, 70_PP438766.1_Ceryun) 276 , 71_NC_069811.1_Pacbic) 275 , ((72_KY689117.1_Parkuh, 73_MG888456.1_Parkuhasi) 278 , 74_NC_086795.1_Phypar) 277 ) 274 , ((75_KX091855.1_Hesspe, (76_KX434859.1_Heshof, (77_NC_086830.1_Astmaj, 78_PP438763.1_Astbas) 282 ) 281 ) 280 , ((((79_KX091863.1_Physha, 80_NC_086824.1_Physin) 286 , 81_NC_086825.1_Phywer) 285 , (82_MT024239.1_Phybre2, 83_NC_086622.1_Phybre) 287 ) 284 , (84_KY689119.1_Physpe, 85_PP438765.1_Cermac) 288 ) 283 ) 279 ) 273 , (86_KX434856.1_Otospe, 87_NC_086621.1_Otoscu) 289 ) 272 , (((88_KY689128.1_Ambund, 89_MG888436.1_Ambpar) 292 , (90_NC_069809.1_Citfal, (91_NC_085562.1_Acrjap, 92_NC_086817.1_Acrhes) 294 ) 293 ) 291 , (93_NC_045876.1_Psybor, 94_PP072306.1_Majmou) 295 ) 290 ) 271 , ((((((95_KX091851.1_Creelo, (96_NC_030267.1_Cregem, 97_NC_037234.1_Crejia) 302 ) 301 , (98_KX434867.1_Creapi, 99_MW222469.1_Crespe) 303 ) 300 , ((100_KX434818.1_Therub, (((101_KX434829.1_Thecat, 102_NC_086823.1_Thesin) 308 , 103_OM202564.1_Thespe) 307 , 104_KY689125.1_Theele) 306 ) 305 , ((105_KX434861.1_Hymcor, 106_MG888449.1_Hymcor) 310 , 107_KX434870.1_Pardav) 309 ) 304 ) 299 , (108_KX434811.1_Psewah, (109_PP438767.1_Chlles, 110_PP438770.1_Panfra) 312 ) 311 ) 298 , ((111_NC_030268.1_Anazhe, 112_PP072307.1_Odospe) 314 , (113_NC_086822.1_Anasin, (114_NC_086826.1_Anatia, (115_OM202554.1_Anaspe, 116_OM202555.1_Anagra) 317 ) 316 ) 315 ) 313 ) 297 , 117_NC_037235.1_Sibpre) 296 ) 270 , (((118_KX434815.1_Gongon, 119_KX434825.1_Emppen) 320 , 120_KX434824.1_Idolat) 319 , (121_KX434828.1_Blemen, 122_KX434864.1_Idodia) 321 ) 318 ) 269 ) 223 , (123_KX434839.1_Popspu, 124_NC_077478.1_Galamo) 322 ) 222 , (((125_KX434834.1_Derdes, 126_KY689113.1_Derdes2) 325 , (127_KX434850.1_Derlob, 128_NC_069810.1_Dertru) 326 ) 324 , (129_KX434847.1_Psepin2, 130_NC_086821.1_Psepin) 327 ) 323 ) 221 , (((131_KX434808.1_Miocaf, 132_KX434817.1_Tausig) 330 , (133_NC_066978.1_Paragr, 134_NC_069808.1_Cilhum) 331 ) 329 , 135_KX434858.1_Neobol) 328 ) 220 ) 198 , (((136_KU201314.1_Thespe, (137_KX434857.1_Humnad2, 138_NC_030264.1_Humnad) 335 ) 334 , ((139_KX434849.1_Themil, 140_NC_086832.1_Themac) 337 , 141_NC_086827.1_Theoph) 336 ) 333 , (((142_KX434860.1_Singra, 143_MG888464.1_Singua) 340 , 144_OM202561.1_Sinspe) 339 , (((145_NC_051892.1_Arrpal, 146_NC_086829.1_Arrpur) 343 , 147_NC_086828.1_Arrbre) 342 , 148_OM202563.1_Arrpal2) 341 ) 338 ) 332 ) 197 , ((149_KX091854.1_Spiocc2, ((150_KX434816.1_Spiocc, (151_NC_086831.1_Gonbru, 152_OM177664.1_Gonspe) 348 ) 347 , (153_NC_037203.1_Amanaw, 154_NC_086818.1_Amawuz) 349 ) 346 ) 345 , ((((155_KX434810.1_Miryun, 156_NC_051490.1_Plibim) 353 , 157_NC_037206.1_Scesim) 352 , (158_NC_037205.1_Troten, (159_NC_037208.1_Eomyun, 160_NC_063851.1_Sinden) 355 ) 354 ) 351 , ((161_KX434846.1_Amochi, (162_MG888437.1_Amospe, 163_NC_057070.1_Amohai) 358 ) 357 , (164_MG888453.1_Leplac, ((165_NC_024028.1_Lepalb, 166_OK480879.1_Lepton) 361 , 167_OM202571.1_Lepspe) 360 ) 359 ) 356 ) 350 ) 344 ) 196 , (168_KY689126.1_Calspe, 169_OM202562.1_Mirspe) 362 ) 195 , (170_KX434826.1_Brubor, ((171_KX434843.1_Acomul, (172_NC_077476.1_Caldia, 173_NC_077477.1_Rapfus) 366 ) 365 , (174_KX434844.1_Decspe, 175_PV564197.1_Pselob) 367 ) 364 ) 363 ) 194 , ((176_KX434845.1_Haavit, 177_KY689130.1_Haaspe) 369 , 178_OM910846.1_Carspe) 368 ) 193 , 179_MK400676.1_Erespe) 192 , (180_KX434871.1_Metspe, 181_MG888455.1_Metspl) 370 ) 191 , (((((182_NC_009499.1_Retsan, 183_NC_015800.1_Copfor) 375 , 184_NC_018120.1_Masdar) 374 , 185_NC_037496.1_Crymer) 373 , ((186_NC_012901.1_Blager, 187_NC_082459.1_Dippun) 377 , 188_NC_039940.1_Perbru) 376 ) 372 , 189_NC_014274.1_Eupsin) 371 ) 190 ;

((((((((((((((((16CI1f_Psebet: 14.922262, (23spal_Amespa2: 6.211612, AA005_Amespa: 6.211612): 8.710651): 4.350410, (59T3_Amedum: 5.988509, ADEC02_Amedec: 5.988509): 13.284164): 2.614040, (((41K26_Amepic: 1.168740, 43assoi_Ameass: 1.168740): 4.946553, (AA001_Ameand: 2.758741, AA003_Ameser: 2.758741): 3.356553): 5.350848, AAP07_Aptapt: 11.466142): 10.420571): 5.895691, (((KX434837.1_Toxhau: 5.767391, KY689118.1_Stepor: 5.767391): 5.541118, (MG888457.1_Pargig: 3.731308, NC_037697.1_Parpol: 3.731308): 7.577200): 13.598633, NC_077479.1_Chestr: 24.907142): 2.875262): 3.162165, ((KX434820.1_Iripol: 20.569899, KX434823.1_Hetspe: 20.569899): 6.732050, MW357303.1_Yermex: 27.301949): 3.642619): 2.543050, (KX434841.1_Psespe: 28.730759, NC_037207.1_Schbic: 28.730759): 4.756859): 3.141919, (OZ336339.1_Bolbra: 30.669089, RBE05_Rivbae: 30.669089): 5.960448): 6.740994, ((((((((((KU201316.1_Staspe: 0.769220, NC_065761.1_Stafla: 0.769220): 4.771504, OL414957.1_Staspe2: 5.540724): 6.614283, (NC_065760.1_Stamac: 1.912037, NC_086820.1_Staagr: 1.912037): 10.242971): 13.496953, NC_030265.1_Manrel: 25.651961): 6.471567, ((((((((KX091864.1_Rholat: 4.465293, NC_034284.1_Rhoval: 4.465293): 5.118446, ((((NC_029326.1_Hiefor: 3.024161, NC_065745.1_Hiechi: 3.024161): 2.248275, (NC_051489.1_Rholon: 0.839036, OK542392.1_Hielon: 0.839036): 4.433401): 2.673641, (NC_065746.1_Hiezha: 6.727554, OL414959.1_Hiespe: 6.727554): 1.218523): 0.712876, NC_086819.1_Hielat: 8.658953): 0.924786): 1.778704, (KX434819.1_Hiemaj: 8.732950, (MW357298.1_Hiespe2: 6.879997, NC_007702.1_Tamtam: 6.879997): 1.852953): 2.629493): 4.661291, (((((KX434830.1_Hiemul: 4.511573, NC_034283.1_Hiepat: 4.511573): 0.904150, NC_065758.1_Hiemac: 5.415723): 1.802868, KX434851.1_Pnimed: 7.218591): 4.232084, NC_034282.1_Rhobra: 11.450675): 1.601686, KX619654.1_Rhospe: 13.052361): 2.971373): 1.836257, ((KX434813.1_Mesala2: 0.052685, MW357300.1_Mesala: 0.052685): 12.959840, NC_048984.1_Hiemem: 13.012525): 4.847466): 1.855236, MN267041.1_Mekqui: 19.715227): 2.792320, KX434812.1_Cammou: 22.507547): 6.512731, (((((KX434821.1_Plispe: 11.351745, (KX434855.1_Propic: 0.560270, KX434868.1_Prospe: 0.560270): 10.791475): 2.646914, KX434863.1_Polgri: 13.998660): 3.208229, (KY689136.1_Hiedul: 15.492803, ((NC_030266.1_Tensin: 2.701869, (OK542393.1_Tenaribre: 2.291732, OM202552.1_Tenspe: 2.291732): 0.410137): 8.976912, NC_065759.1_Tenang: 11.678781): 3.814023): 1.714085): 6.268735, ((KX434840.1_Sphvir: 12.787152, NC_037204.1_Sphlin: 12.787152): 8.615502, KX434862.1_Tarala: 21.402653): 2.072970): 3.778219, ((KX434838.1_Psechl: 12.845837, MW357301.1_Pseper: 12.845837): 6.701415, MW357302.1_Stabio: 19.547252): 7.706591): 1.766435): 3.103249): 2.137462, (KX434842.1_Ortmin: 30.610363, MW357297.1_Asiyun: 30.610363): 3.650626): 2.371062, ((((((((KX091850.1_Cersau: 0.408939, PP438766.1_Ceryun: 0.408939): 21.438701, NC_069811.1_Pacbic: 21.847640): 3.597697, ((KY689117.1_Parkuh: 0.049200, MG888456.1_Parkuhasi: 0.049200): 22.421615, NC_086795.1_Phypar: 22.470814): 2.974523): 1.634577, ((KX091855.1_Hesspe: 5.918178, (KX434859.1_Heshof: 4.223942, (NC_086830.1_Astmaj: 0.082526, PP438763.1_Astbas: 0.082526): 4.141416): 1.694235): 19.264020, ((((KX091863.1_Physha: 2.177361, NC_086824.1_Physin: 2.177361): 9.420907, NC_086825.1_Phywer: 11.598268): 4.860796, (MT024239.1_Phybre2: 6.690661, NC_086622.1_Phybre: 6.690661): 9.768403): 5.946476, (KY689119.1_Physpe: 3.880633, PP438765.1_Cermac: 3.880633): 18.524908): 2.776657): 1.897717): 1.437455, (KX434856.1_Otospe: 0.342826, NC_086621.1_Otoscu: 0.342826): 28.174543): 1.801798, (((KY689128.1_Ambund: 5.165313, MG888436.1_Ambpar: 5.165313): 18.108691, (NC_069809.1_Citfal: 10.329578, (NC_085562.1_Acrjap: 2.275225, NC_086817.1_Acrhes: 2.275225): 8.054353): 12.944427): 2.489290, (NC_045876.1_Psybor: 22.550124, PP072306.1_Majmou: 22.550124): 3.213170): 4.555873): 2.103100, ((((((KX091851.1_Creelo: 7.285553, (NC_030267.1_Cregem: 2.294241, NC_037234.1_Crejia: 2.294241): 4.991312): 1.537515, (KX434867.1_Creapi: 0.268958, MW222469.1_Crespe: 0.268958): 8.554110): 13.055759, ((KX434818.1_Therub: 11.793558, (((KX434829.1_Thecat: 2.117265, NC_086823.1_Thesin: 2.117265): 1.552594, OM202564.1_Thespe: 3.669859): 4.916273, KY689125.1_Theele: 8.586132): 3.207426): 5.039288, ((KX434861.1_Hymcor: 3.654101, MG888449.1_Hymcor: 3.654101): 4.109401, KX434870.1_Pardav: 7.763502): 9.069344): 5.045982): 1.795369, (KX434811.1_Psewah: 20.124995, (PP438767.1_Chlles: 17.574220, PP438770.1_Panfra: 17.574220): 2.550775): 3.549202): 4.369241, ((NC_030268.1_Anazhe: 10.678126, PP072307.1_Odospe: 10.678126): 13.752151, (NC_086822.1_Anasin: 5.157153, (NC_086826.1_Anatia: 3.454811, (OM202554.1_Anaspe: 1.861038, OM202555.1_Anagra: 1.861038): 1.593773): 1.702342): 19.273125): 3.613160): 2.529522, NC_037235.1_Sibpre: 30.572960): 1.849307): 2.104830, (((KX434815.1_Gongon: 17.099847, KX434825.1_Emppen: 17.099847): 3.947124, KX434824.1_Idolat: 21.046970): 5.889861, (KX434828.1_Blemen: 18.446168, KX434864.1_Idodia: 18.446168): 8.490664): 7.590265): 2.104955): 1.333956, (KX434839.1_Popspu: 33.664550, NC_077478.1_Galamo: 33.664550): 4.301458): 2.290722, (((KX434834.1_Derdes: 0.787032, KY689113.1_Derdes2: 0.787032): 30.582870, (KX434850.1_Derlob: 24.279844, NC_069810.1_Dertru: 24.279844): 7.090058): 4.298072, (KX434847.1_Psepin2: 3.718697, NC_086821.1_Psepin: 3.718697): 31.949277): 4.588755): 1.601134, (((KX434808.1_Miocaf: 22.755995, KX434817.1_Tausig: 22.755995): 4.300657, (NC_066978.1_Paragr: 22.838954, NC_069808.1_Cilhum: 22.838954): 4.217698): 11.065228, KX434858.1_Neobol: 38.121880): 3.735984): 1.512668): 2.161950, (((KU201314.1_Thespe: 23.013838, (KX434857.1_Humnad2: 0.721801, NC_030264.1_Humnad: 0.721801): 22.292038): 4.804804, ((KX434849.1_Themil: 2.543533, NC_086832.1_Themac: 2.543533): 1.042159, NC_086827.1_Theoph: 3.585692): 24.232950): 14.362054, (((KX434860.1_Singra: 0.167411, MG888464.1_Singua: 0.167411): 16.410527, OM202561.1_Sinspe: 16.577938): 11.465236, (((NC_051892.1_Arrpal: 8.136300, NC_086829.1_Arrpur: 8.136300): 2.247040, NC_086828.1_Arrbre: 10.383340): 10.225325, OM202563.1_Arrpal2: 20.608665): 7.434509): 14.137522): 3.351785): 1.516535, ((KX091854.1_Spiocc2: 33.899065, ((KX434816.1_Spiocc: 22.258532, (NC_086831.1_Gonbru: 13.069079, OM177664.1_Gonspe: 13.069079): 9.189453): 5.976893, (NC_037203.1_Amanaw: 7.926670, NC_086818.1_Amawuz: 7.926670): 20.308755): 5.663641): 11.531881, ((((KX434810.1_Miryun: 0.334168, NC_051490.1_Plibim: 0.334168): 25.161904, NC_037206.1_Scesim: 25.496072): 7.240103, (NC_037205.1_Troten: 29.708654, (NC_037208.1_Eomyun: 25.511160, NC_063851.1_Sinden: 25.511160): 4.197494): 3.027521): 5.827139, ((KX434846.1_Amochi: 4.739687, (MG888437.1_Amospe: 3.952124, NC_057070.1_Amohai: 3.952124): 0.787563): 28.659895, (MG888453.1_Leplac: 17.993218, ((NC_024028.1_Lepalb: 3.925132, OK480879.1_Lepton: 3.925132): 10.429255, OM202571.1_Lepspe: 14.354387): 3.638831): 15.406364): 5.163732): 6.867632): 1.618069): 3.239428, (KY689126.1_Calspe: 19.516726, OM202562.1_Mirspe: 19.516726): 30.771717): 2.361877, (KX434826.1_Brubor: 44.809050, ((KX434843.1_Acomul: 18.387850, (NC_077476.1_Caldia: 15.064332, NC_077477.1_Rapfus: 15.064332): 3.323519): 13.667737, (KX434844.1_Decspe: 12.646952, PV564197.1_Pselob: 12.646952): 19.408636): 12.753463): 7.841270): 3.771125, ((KX434845.1_Haavit: 17.680393, KY689130.1_Haaspe: 17.680393): 30.838743, OM910846.1_Carspe: 48.519136): 7.902309): 2.895256, MK400676.1_Erespe: 59.316701): 8.062398, (KX434871.1_Metspe: 18.808257, MG888455.1_Metspl: 18.808257): 48.570841): 306.272250, (((((NC_009499.1_Retsan: 4.786362, NC_015800.1_Copfor: 4.786362): 13.217740, NC_018120.1_Masdar: 18.004102): 5.455161, NC_037496.1_Crymer: 23.459262): 5.509709, ((NC_012901.1_Blager: 17.439182, NC_082459.1_Dippun: 17.439182): 8.391458, NC_039940.1_Perbru: 25.830640): 3.138331): 6.534284, NC_014274.1_Eupsin: 35.503255): 338.148093);

((((((((((((((((16CI1f_Psebet: 14.922262, (23spal_Amespa2: 6.211612, AA005_Amespa: 6.211612) [&95%HPD={3.84686, 8.6154}]: 8.710651) [&95%HPD={11.1028, 18.7957}]: 4.350410, (59T3_Amedum: 5.988509, ADEC02_Amedec: 5.988509) [&95%HPD={3.47278, 8.55393}]: 13.284164) [&95%HPD={15.0339, 23.5892}]: 2.614040, (((41K26_Amepic: 1.168740, 43assoi_Ameass: 1.168740) [&95%HPD={0.51988, 1.92636}]: 4.946553, (AA001_Ameand: 2.758741, AA003_Ameser: 2.758741) [&95%HPD={1.37774, 4.3088}]: 3.356553) [&95%HPD={3.69084, 8.72822}]: 5.350848, AAP07_Aptapt: 11.466142) [&95%HPD={7.68576, 15.3359}]: 10.420571) [&95%HPD={17.3602, 26.3132}]: 5.895691, (((KX434837.1_Toxhau: 5.767391, KY689118.1_Stepor: 5.767391) [&95%HPD={3.46477, 8.21835}]: 5.541118, (MG888457.1_Pargig: 3.731308, NC_037697.1_Parpol: 3.731308) [&95%HPD={2.05693, 5.53537}]: 7.577200) [&95%HPD={7.5211, 15.2846}]: 13.598633, NC_077479.1_Chestr: 24.907142) [&95%HPD={20.0286, 29.5433}]: 2.875262) [&95%HPD={22.8851, 32.6015}]: 3.162165, ((KX434820.1_Iripol: 20.569899, KX434823.1_Hetspe: 20.569899) [&95%HPD={15.8847, 25.5429}]: 6.732050, MW357303.1_Yermex: 27.301949) [&95%HPD={22.2518, 32.1377}]: 3.642619) [&95%HPD={26.0319, 36.0743}]: 2.543050, (KX434841.1_Psespe: 28.730759, NC_037207.1_Schbic: 28.730759) [&95%HPD={23.4125, 34.0007}]: 4.756859) [&95%HPD={28.4107, 38.6995}]: 3.141919, (OZ336339.1_Bolbra: 30.669089, RBE05_Rivbae: 30.669089) [&95%HPD={24.9666, 36.2821}]: 5.960448) [&95%HPD={31.4999, 41.9056}]: 6.740994, ((((((((((KU201316.1_Staspe: 0.769220, NC_065761.1_Stafla: 0.769220) [&95%HPD={0.24458, 1.38312}]: 4.771504, OL414957.1_Staspe2: 5.540724) [&95%HPD={3.24634, 8.18313}]: 6.614283, (NC_065760.1_Stamac: 1.912037, NC_086820.1_Staagr: 1.912037) [&95%HPD={0.838845, 3.12119}]: 10.242971) [&95%HPD={7.99376, 16.245}]: 13.496953, NC_030265.1_Manrel: 25.651961) [&95%HPD={21.4069, 29.7574}]: 6.471567, ((((((((KX091864.1_Rholat: 4.465293, NC_034284.1_Rhoval: 4.465293) [&95%HPD={2.88047, 6.11913}]: 5.118446, ((((NC_029326.1_Hiefor: 3.024161, NC_065745.1_Hiechi: 3.024161) [&95%HPD={1.80816, 4.24661}]: 2.248275, (NC_051489.1_Rholon: 0.839036, OK542392.1_Hielon: 0.839036) [&95%HPD={0.38802, 1.32485}]: 4.433401) [&95%HPD={3.59354, 7.03093}]: 2.673641, (NC_065746.1_Hiezha: 6.727554, OL414959.1_Hiespe: 6.727554) [&95%HPD={4.72772, 8.7454}]: 1.218523) [&95%HPD={5.79539, 10.26}]: 0.712876, NC_086819.1_Hielat: 8.658953) [&95%HPD={6.27639, 10.9808}]: 0.924786) [&95%HPD={7.04704, 12.0745}]: 1.778704, (KX434819.1_Hiemaj: 8.732950, (MW357298.1_Hiespe2: 6.879997, NC_007702.1_Tamtam: 6.879997) [&95%HPD={4.77667, 9.03981}]: 1.852953) [&95%HPD={6.37649, 11.2772}]: 2.629493) [&95%HPD={8.55223, 14.2073}]: 4.661291, (((((KX434830.1_Hiemul: 4.511573, NC_034283.1_Hiepat: 4.511573) [&95%HPD={2.94005, 6.29738}]: 0.904150, NC_065758.1_Hiemac: 5.415723) [&95%HPD={3.56799, 7.31288}]: 1.802868, KX434851.1_Pnimed: 7.218591) [&95%HPD={5.02353, 9.49356}]: 4.232084, NC_034282.1_Rhobra: 11.450675) [&95%HPD={8.57199, 14.3985}]: 1.601686, KX619654.1_Rhospe: 13.052361) [&95%HPD={10.1252, 16.2311}]: 2.971373) [&95%HPD={12.7252, 19.3811}]: 1.836257, ((KX434813.1_Mesala2: 0.052685, MW357300.1_Mesala: 0.052685) [&95%HPD={7e-07, 0.163536}]: 12.959840, NC_048984.1_Hiemem: 13.012525) [&95%HPD={9.81109, 16.2931}]: 4.847466) [&95%HPD={14.4329, 21.4033}]: 1.855236, MN267041.1_Mekqui: 19.715227) [&95%HPD={16.1395, 23.3973}]: 2.792320, KX434812.1_Cammou: 22.507547) [&95%HPD={18.8252, 26.237}]: 6.512731, (((((KX434821.1_Plispe: 11.351745, (KX434855.1_Propic: 0.560270, KX434868.1_Prospe: 0.560270) [&95%HPD={0.219743, 0.953147}]: 10.791475) [&95%HPD={8.43744, 14.4736}]: 2.646914, KX434863.1_Polgri: 13.998660) [&95%HPD={10.766, 17.3338}]: 3.208229, (KY689136.1_Hiedul: 15.492803, ((NC_030266.1_Tensin: 2.701869, (OK542393.1_Tenaribre: 2.291732, OM202552.1_Tenspe: 2.291732) [&95%HPD={1.11383, 3.64416}]: 0.410137) [&95%HPD={1.33996, 4.22702}]: 8.976912, NC_065759.1_Tenang: 11.678781) [&95%HPD={8.50049, 14.7566}]: 3.814023) [&95%HPD={12.1037, 18.8963}]: 1.714085) [&95%HPD={13.8431, 20.7577}]: 6.268735, ((KX434840.1_Sphvir: 12.787152, NC_037204.1_Sphlin: 12.787152) [&95%HPD={8.86748, 16.4909}]: 8.615502, KX434862.1_Tarala: 21.402653) [&95%HPD={17.7157, 25.0568}]: 2.072970) [&95%HPD={19.9043, 27.0212}]: 3.778219, ((KX434838.1_Psechl: 12.845837, MW357301.1_Pseper: 12.845837) [&95%HPD={9.36891, 16.3855}]: 6.701415, MW357302.1_Stabio: 19.547252) [&95%HPD={15.5896, 23.3748}]: 7.706591) [&95%HPD={23.705, 30.8811}]: 1.766435) [&95%HPD={25.4667, 32.74}]: 3.103249) [&95%HPD={28.2807, 35.6943}]: 2.137462, (KX434842.1_Ortmin: 30.610363, MW357297.1_Asiyun: 30.610363) [&95%HPD={26.6862, 34.6224}]: 3.650626) [&95%HPD={30.803, 38.1644}]: 2.371062, ((((((((KX091850.1_Cersau: 0.408939, PP438766.1_Ceryun: 0.408939) [&95%HPD={0.118809, 0.77588}]: 21.438701, NC_069811.1_Pacbic: 21.847640) [&95%HPD={18.2286, 25.4887}]: 3.597697, ((KY689117.1_Parkuh: 0.049200, MG888456.1_Parkuhasi: 0.049200) [&95%HPD={0.0002306, 0.120902}]: 22.421615, NC_086795.1_Phypar: 22.470814) [&95%HPD={18.8666, 26.188}]: 2.974523) [&95%HPD={21.8705, 29.2048}]: 1.634577, ((KX091855.1_Hesspe: 5.918178, (KX434859.1_Heshof: 4.223942, (NC_086830.1_Astmaj: 0.082526, PP438763.1_Astbas: 0.082526) [&95%HPD={0.0002193, 0.204338}]: 4.141416) [&95%HPD={2.23282, 6.42826}]: 1.694235) [&95%HPD={3.26433, 8.6893}]: 19.264020, ((((KX091863.1_Physha: 2.177361, NC_086824.1_Physin: 2.177361) [&95%HPD={1.18089, 3.28703}]: 9.420907, NC_086825.1_Phywer: 11.598268) [&95%HPD={8.66719, 14.7084}]: 4.860796, (MT024239.1_Phybre2: 6.690661, NC_086622.1_Phybre: 6.690661) [&95%HPD={4.40151, 9.1894}]: 9.768403) [&95%HPD={13.2035, 19.9203}]: 5.946476, (KY689119.1_Physpe: 3.880633, PP438765.1_Cermac: 3.880633) [&95%HPD={2.11127, 5.79889}]: 18.524908) [&95%HPD={18.8255, 25.9137}]: 2.776657) [&95%HPD={21.5632, 28.8015}]: 1.897717) [&95%HPD={23.3391, 30.7993}]: 1.437455, (KX434856.1_Otospe: 0.342826, NC_086621.1_Otoscu: 0.342826) [&95%HPD={0.0320012, 0.766744}]: 28.174543) [&95%HPD={24.786, 32.3657}]: 1.801798, (((KY689128.1_Ambund: 5.165313, MG888436.1_Ambpar: 5.165313) [&95%HPD={2.58347, 8.1077}]: 18.108691, (NC_069809.1_Citfal: 10.329578, (NC_085562.1_Acrjap: 2.275225, NC_086817.1_Acrhes: 2.275225) [&95%HPD={1.04964, 3.6602}]: 8.054353) [&95%HPD={6.72292, 14.1022}]: 12.944427) [&95%HPD={19.4066, 27.2778}]: 2.489290, (NC_045876.1_Psybor: 22.550124, PP072306.1_Majmou: 22.550124) [&95%HPD={18.6378, 26.7499}]: 3.213170) [&95%HPD={21.8491, 29.5763}]: 4.555873) [&95%HPD={26.6422, 34.2904}]: 2.103100, ((((((KX091851.1_Creelo: 7.285553, (NC_030267.1_Cregem: 2.294241, NC_037234.1_Crejia: 2.294241) [&95%HPD={1.30319, 3.42667}]: 4.991312) [&95%HPD={4.69699, 9.92592}]: 1.537515, (KX434867.1_Creapi: 0.268958, MW222469.1_Crespe: 0.268958) [&95%HPD={0.0579493, 0.54432}]: 8.554110) [&95%HPD={5.84184, 11.8213}]: 13.055759, ((KX434818.1_Therub: 11.793558, (((KX434829.1_Thecat: 2.117265, NC_086823.1_Thesin: 2.117265) [&95%HPD={1.32263, 3.01404}]: 1.552594, OM202564.1_Thespe: 3.669859) [&95%HPD={2.42339, 5.09409}]: 4.916273, KY689125.1_Theele: 8.586132) [&95%HPD={6.22288, 11.103}]: 3.207426) [&95%HPD={8.92252, 14.8171}]: 5.039288, ((KX434861.1_Hymcor: 3.654101, MG888449.1_Hymcor: 3.654101) [&95%HPD={2.1407, 5.33079}]: 4.109401, KX434870.1_Pardav: 7.763502) [&95%HPD={5.12107, 10.5351}]: 9.069344) [&95%HPD={13.6374, 20.349}]: 5.045982) [&95%HPD={18.4413, 25.5337}]: 1.795369, (KX434811.1_Psewah: 20.124995, (PP438767.1_Chlles: 17.574220, PP438770.1_Panfra: 17.574220) [&95%HPD={14.0187, 21.0183}]: 2.550775) [&95%HPD={16.6396, 23.7145}]: 3.549202) [&95%HPD={20.0935, 27.345}]: 4.369241, ((NC_030268.1_Anazhe: 10.678126, PP072307.1_Odospe: 10.678126) [&95%HPD={6.95017, 14.4188}]: 13.752151, (NC_086822.1_Anasin: 5.157153, (NC_086826.1_Anatia: 3.454811, (OM202554.1_Anaspe: 1.861038, OM202555.1_Anagra: 1.861038) [&95%HPD={0.906344, 2.97898}]: 1.593773) [&95%HPD={1.81047, 5.31488}]: 1.702342) [&95%HPD={2.82142, 7.80877}]: 19.273125) [&95%HPD={20.6144, 28.1895}]: 3.613160) [&95%HPD={24.2716, 31.764}]: 2.529522, NC_037235.1_Sibpre: 30.572960) [&95%HPD={26.8124, 34.4602}]: 1.849307) [&95%HPD={28.7798, 36.5611}]: 2.104830, (((KX434815.1_Gongon: 17.099847, KX434825.1_Emppen: 17.099847) [&95%HPD={12.8939, 20.9238}]: 3.947124, KX434824.1_Idolat: 21.046970) [&95%HPD={16.8856, 25.2751}]: 5.889861, (KX434828.1_Blemen: 18.446168, KX434864.1_Idodia: 18.446168) [&95%HPD={14.1513, 22.7598}]: 8.490664) [&95%HPD={22.8253, 31.2128}]: 7.590265) [&95%HPD={30.5418, 38.5691}]: 2.104955) [&95%HPD={32.7155, 40.8486}]: 1.333956, (KX434839.1_Popspu: 33.664550, NC_077478.1_Galamo: 33.664550) [&95%HPD={29.1813, 38.1364}]: 4.301458) [&95%HPD={33.8653, 42.4257}]: 2.290722, (((KX434834.1_Derdes: 0.787032, KY689113.1_Derdes2: 0.787032) [&95%HPD={0.24885, 1.4558}]: 30.582870, (KX434850.1_Derlob: 24.279844, NC_069810.1_Dertru: 24.279844) [&95%HPD={19.2047, 29.2795}]: 7.090058) [&95%HPD={26.6047, 36.1932}]: 4.298072, (KX434847.1_Psepin2: 3.718697, NC_086821.1_Psepin: 3.718697) [&95%HPD={1.50096, 6.41543}]: 31.949277) [&95%HPD={31.0292, 40.3135}]: 4.588755) [&95%HPD={35.9118, 45.1691}]: 1.601134, (((KX434808.1_Miocaf: 22.755995, KX434817.1_Tausig: 22.755995) [&95%HPD={17.0848, 28.3466}]: 4.300657, (NC_066978.1_Paragr: 22.838954, NC_069808.1_Cilhum: 22.838954) [&95%HPD={17.3107, 28.5864}]: 4.217698) [&95%HPD={21.3034, 32.7089}]: 11.065228, KX434858.1_Neobol: 38.121880) [&95%HPD={33.308, 43.1403}]: 3.735984) [&95%HPD={37.282, 46.9532}]: 1.512668) [&95%HPD={38.5208, 48.6641}]: 2.161950, (((KU201314.1_Thespe: 23.013838, (KX434857.1_Humnad2: 0.721801, NC_030264.1_Humnad: 0.721801) [&95%HPD={0.254615, 1.30751}]: 22.292038) [&95%HPD={16.9041, 29.0292}]: 4.804804, ((KX434849.1_Themil: 2.543533, NC_086832.1_Themac: 2.543533) [&95%HPD={1.14541, 4.22499}]: 1.042159, NC_086827.1_Theoph: 3.585692) [&95%HPD={1.6288, 5.84748}]: 24.232950) [&95%HPD={21.5638, 34.2803}]: 14.362054, (((KX434860.1_Singra: 0.167411, MG888464.1_Singua: 0.167411) [&95%HPD={0.0362601, 0.327493}]: 16.410527, OM202561.1_Sinspe: 16.577938) [&95%HPD={11.0485, 22.2764}]: 11.465236, (((NC_051892.1_Arrpal: 8.136300, NC_086829.1_Arrpur: 8.136300) [&95%HPD={4.71149, 11.4202}]: 2.247040, NC_086828.1_Arrbre: 10.383340) [&95%HPD={6.46303, 14.5374}]: 10.225325, OM202563.1_Arrpal2: 20.608665) [&95%HPD={14.8645, 26.4819}]: 7.434509) [&95%HPD={21.5482, 34.5601}]: 14.137522) [&95%HPD={37.2244, 47.8274}]: 3.351785) [&95%HPD={40.3735, 51.1024}]: 1.516535, ((KX091854.1_Spiocc2: 33.899065, ((KX434816.1_Spiocc: 22.258532, (NC_086831.1_Gonbru: 13.069079, OM177664.1_Gonspe: 13.069079) [&95%HPD={8.13816, 17.8664}]: 9.189453) [&95%HPD={15.967, 28.409}]: 5.976893, (NC_037203.1_Amanaw: 7.926670, NC_086818.1_Amawuz: 7.926670) [&95%HPD={3.99397, 12.3078}]: 20.308755) [&95%HPD={21.3349, 34.5399}]: 5.663641) [&95%HPD={27.0485, 40.3685}]: 11.531881, ((((KX434810.1_Miryun: 0.334168, NC_051490.1_Plibim: 0.334168) [&95%HPD={0.0883307, 0.634393}]: 25.161904, NC_037206.1_Scesim: 25.496072) [&95%HPD={19.7632, 31.3063}]: 7.240103, (NC_037205.1_Troten: 29.708654, (NC_037208.1_Eomyun: 25.511160, NC_063851.1_Sinden: 25.511160) [&95%HPD={19.8633, 31.2035}]: 4.197494) [&95%HPD={23.9179, 35.3547}]: 3.027521) [&95%HPD={27.1332, 38.623}]: 5.827139, ((KX434846.1_Amochi: 4.739687, (MG888437.1_Amospe: 3.952124, NC_057070.1_Amohai: 3.952124) [&95%HPD={1.76861, 6.3207}]: 0.787563) [&95%HPD={2.12967, 7.59773}]: 28.659895, (MG888453.1_Leplac: 17.993218, ((NC_024028.1_Lepalb: 3.925132, OK480879.1_Lepton: 3.925132) [&95%HPD={2.06244, 6.13915}]: 10.429255, OM202571.1_Lepspe: 14.354387) [&95%HPD={9.46653, 19.4661}]: 3.638831) [&95%HPD={12.4368, 23.7431}]: 15.406364) [&95%HPD={27.7722, 39.2447}]: 5.163732) [&95%HPD={33.0752, 44.3596}]: 6.867632) [&95%HPD={40.245, 51.3674}]: 1.618069) [&95%HPD={41.7862, 52.9755}]: 3.239428, (KY689126.1_Calspe: 19.516726, OM202562.1_Mirspe: 19.516726) [&95%HPD={10.4099, 28.2869}]: 30.771717) [&95%HPD={44.4092, 56.5472}]: 2.361877, (KX434826.1_Brubor: 44.809050, ((KX434843.1_Acomul: 18.387850, (NC_077476.1_Caldia: 15.064332, NC_077477.1_Rapfus: 15.064332) [&95%HPD={9.39454, 20.9544}]: 3.323519) [&95%HPD={11.696, 24.8848}]: 13.667737, (KX434844.1_Decspe: 12.646952, PV564197.1_Pselob: 12.646952) [&95%HPD={6.93961, 18.4911}]: 19.408636) [&95%HPD={24.2669, 39.7091}]: 12.753463) [&95%HPD={37.9039, 51.607}]: 7.841270) [&95%HPD={46.6392, 59.4542}]: 3.771125, ((KX434845.1_Haavit: 17.680393, KY689130.1_Haaspe: 17.680393) [&95%HPD={9.47099, 26.5111}]: 30.838743, OM910846.1_Carspe: 48.519136) [&95%HPD={40.9935, 55.758}]: 7.902309) [&95%HPD={49.3856, 63.3299}]: 2.895256, MK400676.1_Erespe: 59.316701) [&95%HPD={52.3332, 67.2462}]: 8.062398, (KX434871.1_Metspe: 18.808257, MG888455.1_Metspl: 18.808257) [&95%HPD={7.44994, 31.115}]: 48.570841) [&95%HPD={58.6276, 77.5449}]: 306.272250, (((((NC_009499.1_Retsan: 4.786362, NC_015800.1_Copfor: 4.786362) [&95%HPD={1.62117, 8.89455}]: 13.217740, NC_018120.1_Masdar: 18.004102) [&95%HPD={6.76726, 31.2347}]: 5.455161, NC_037496.1_Crymer: 23.459262) [&95%HPD={8.92282, 40.4298}]: 5.509709, ((NC_012901.1_Blager: 17.439182, NC_082459.1_Dippun: 17.439182) [&95%HPD={6.52629, 30.5639}]: 8.391458, NC_039940.1_Perbru: 25.830640) [&95%HPD={9.79518, 44.6414}]: 3.138331) [&95%HPD={11.2922, 50.4055}]: 6.534284, NC_014274.1_Eupsin: 35.503255) [&95%HPD={13.6566, 62.1512}]: 338.148093) [&95%HPD={312.363, 447.003}];


Posterior mean (95% Equal-tail CI) (95% HPD CI) HPD-CI-width

t_n190       373.7393 (313.3302, 448.3765) (312.3626, 447.0025) 134.6399 (Jnode 376)
t_n191        67.3616 (59.0688, 78.3744) (58.6276, 77.5449) 18.9173 (Jnode 375)
t_n192        59.3073 (52.5846, 67.6558) (52.3332, 67.2462) 14.9129 (Jnode 374)
t_n193        56.4165 (50.0584, 64.1344) (49.3856, 63.3299) 13.9443 (Jnode 373)
t_n194        52.6513 (46.8140, 59.7422) (46.6392, 59.4542) 12.8150 (Jnode 372)
t_n195        50.2888 (44.7281, 56.9662) (44.4092, 56.5472) 12.1380 (Jnode 371)
t_n196        47.0487 (41.9705, 53.2185) (41.7862, 52.9755) 11.1893 (Jnode 370)
t_n197        45.5265 (40.6191, 51.4436) (40.3735, 51.1024) 10.7289 (Jnode 369)
t_n198        43.3654 (38.7095, 48.8955) (38.5208, 48.6641) 10.1433 (Jnode 368)
t_n199        36.6153 (31.6858, 42.1241) (31.4999, 41.9056) 10.4057 (Jnode 367)
t_n200        33.4885 (28.5862, 38.9527) (28.4107, 38.6995) 10.2888 (Jnode 366)
t_n201        30.9433 (26.1771, 36.2434) (26.0319, 36.0743) 10.0423 (Jnode 365)
t_n202        27.7812 (23.1547, 32.9041) (22.8851, 32.6015)  9.7163 (Jnode 364)
t_n203        21.8986 (17.5997, 26.6301) (17.3602, 26.3132)  8.9530 (Jnode 363)
t_n204        19.2811 (15.2207, 23.7820) (15.0339, 23.5892)  8.5553 (Jnode 362)
t_n205        14.9286 (11.3124, 19.0461) (11.1028, 18.7957)  7.6929 (Jnode 361)
t_n206         6.2149 ( 4.0564,  8.9362) ( 3.8469,  8.6154)  4.7685 (Jnode 360)
t_n207         5.9936 ( 3.7107,  8.9020) ( 3.4728,  8.5539)  5.0812 (Jnode 359)
t_n208        11.4645 ( 7.8854, 15.5482) ( 7.6858, 15.3359)  7.6501 (Jnode 358)
t_n209         6.1185 ( 3.8722,  8.9927) ( 3.6908,  8.7282)  5.0374 (Jnode 357)
t_n210         1.1695 ( 0.5829,  2.0632) ( 0.5199,  1.9264)  1.4065 (Jnode 356)
t_n211         2.7592 ( 1.5091,  4.5304) ( 1.3777,  4.3088)  2.9311 (Jnode 355)
t_n212        24.9109 (20.3376, 29.8817) (20.0286, 29.5433)  9.5147 (Jnode 354)
t_n213        11.3065 ( 7.6600, 15.4635) ( 7.5211, 15.2846)  7.7635 (Jnode 353)
t_n214         5.7679 ( 3.6259,  8.4922) ( 3.4648,  8.2183)  4.7536 (Jnode 352)
t_n215         3.7324 ( 2.2221,  5.7901) ( 2.0569,  5.5354)  3.4784 (Jnode 351)
t_n216        27.3068 (22.5613, 32.4735) (22.2518, 32.1377)  9.8859 (Jnode 350)
t_n217        20.5744 (15.8913, 25.5611) (15.8847, 25.5429)  9.6582 (Jnode 349)
t_n218        28.7184 (23.6157, 34.2525) (23.4125, 34.0007) 10.5882 (Jnode 348)
t_n219        30.6552 (25.0496, 36.3754) (24.9666, 36.2821) 11.3155 (Jnode 347)
t_n220        41.8493 (37.4176, 47.1324) (37.2820, 46.9532)  9.6711 (Jnode 346)
t_n221        40.2449 (36.0130, 45.2907) (35.9118, 45.1691)  9.2573 (Jnode 345)
t_n222        37.9567 (34.0647, 42.6631) (33.8653, 42.4257)  8.5603 (Jnode 344)
t_n223        36.6253 (32.9161, 41.1228) (32.7155, 40.8486)  8.1331 (Jnode 343)
t_n224        34.2604 (30.9175, 38.3684) (30.8030, 38.1644)  7.3614 (Jnode 342)
t_n225        32.1237 (28.7174, 36.1546) (28.2807, 35.6943)  7.4136 (Jnode 341)
t_n226        25.6527 (21.5153, 29.8756) (21.4069, 29.7574)  8.3505 (Jnode 340)
t_n227        12.1656 ( 8.1914, 16.4877) ( 7.9938, 16.2450)  8.2512 (Jnode 339)
t_n228         5.5458 ( 3.3508,  8.3713) ( 3.2463,  8.1831)  4.9368 (Jnode 338)
t_n229         0.7680 ( 0.3109,  1.5123) ( 0.2446,  1.3831)  1.1385 (Jnode 337)
t_n230         1.9116 ( 0.9607,  3.3389) ( 0.8388,  3.1212)  2.2823 (Jnode 336)
t_n231        29.0186 (25.5878, 32.9047) (25.4667, 32.7400)  7.2733 (Jnode 335)
t_n232        22.5044 (18.8527, 26.2827) (18.8252, 26.2370)  7.4117 (Jnode 334)
t_n233        19.7126 (16.1738, 23.4658) (16.1395, 23.3973)  7.2578 (Jnode 333)
t_n234        17.8592 (14.4715, 21.4763) (14.4329, 21.4033)  6.9704 (Jnode 332)
t_n235        16.0204 (12.8163, 19.4860) (12.7252, 19.3811)  6.6560 (Jnode 331)
t_n236        11.3569 ( 8.6836, 14.3577) ( 8.5522, 14.2073)  5.6551 (Jnode 330)
t_n237         9.5784 ( 7.2140, 12.2731) ( 7.0470, 12.0745)  5.0275 (Jnode 329)
t_n238         4.4598 ( 3.0113,  6.2697) ( 2.8805,  6.1191)  3.2387 (Jnode 328)
t_n239         8.6546 ( 6.4338, 11.2091) ( 6.2764, 10.9808)  4.7044 (Jnode 327)
t_n240         7.9446 ( 5.8721, 10.3717) ( 5.7954, 10.2600)  4.4647 (Jnode 326)
t_n241         5.2720 ( 3.6839,  7.1726) ( 3.5935,  7.0309)  3.4374 (Jnode 325)
t_n242         3.0257 ( 1.9304,  4.4230) ( 1.8082,  4.2466)  2.4385 (Jnode 324)
t_n243         0.8392 ( 0.4390,  1.4137) ( 0.3880,  1.3249)  0.9368 (Jnode 323)
t_n244         6.7259 ( 4.8636,  8.9131) ( 4.7277,  8.7454)  4.0177 (Jnode 322)
t_n245         8.7286 ( 6.4509, 11.3811) ( 6.3765, 11.2772)  4.9007 (Jnode 321)
t_n246         6.8830 ( 4.9060,  9.2031) ( 4.7767,  9.0398)  4.2631 (Jnode 320)
t_n247        13.0523 (10.1492, 16.2655) (10.1252, 16.2311)  6.1058 (Jnode 319)
t_n248        11.4471 ( 8.6655, 14.5314) ( 8.5720, 14.3985)  5.8265 (Jnode 318)
t_n249         7.2186 ( 5.1430,  9.6628) ( 5.0235,  9.4936)  4.4700 (Jnode 317)
t_n250         5.4140 ( 3.6926,  7.4844) ( 3.5680,  7.3129)  3.7449 (Jnode 316)
t_n251         4.5079 ( 2.9981,  6.3918) ( 2.9401,  6.2974)  3.3573 (Jnode 315)
t_n252        13.0102 ( 9.8837, 16.3759) ( 9.8111, 16.2931)  6.4820 (Jnode 314)
t_n253         0.0524 ( 0.0013,  0.2082) ( 0.0000,  0.1635)  0.1635 (Jnode 313)
t_n254        27.2530 (23.8341, 31.0618) (23.7050, 30.8811)  7.1761 (Jnode 312)
t_n255        23.4780 (20.0372, 27.1907) (19.9043, 27.0212)  7.1169 (Jnode 311)
t_n256        17.2033 (13.8087, 20.7428) (13.8431, 20.7577)  6.9146 (Jnode 310)
t_n257        14.0057 (10.8333, 17.4181) (10.7660, 17.3338)  6.5678 (Jnode 309)
t_n258        11.3510 ( 8.4761, 14.5315) ( 8.4374, 14.4736)  6.0362 (Jnode 308)
t_n259         0.5610 ( 0.2627,  1.0255) ( 0.2197,  0.9531)  0.7334 (Jnode 307)
t_n260        15.4860 (12.1984, 19.0111) (12.1037, 18.8963)  6.7926 (Jnode 306)
t_n261        11.6764 ( 8.6738, 14.9686) ( 8.5005, 14.7566)  6.2561 (Jnode 305)
t_n262         2.6989 ( 1.4723,  4.4568) ( 1.3400,  4.2270)  2.8871 (Jnode 304)
t_n263         2.2874 ( 1.2084,  3.8241) ( 1.1138,  3.6442)  2.5303 (Jnode 303)
t_n264        21.4101 (17.8159, 25.1876) (17.7157, 25.0568)  7.3411 (Jnode 302)
t_n265        12.7896 ( 9.1157, 16.8000) ( 8.8675, 16.4909)  7.6234 (Jnode 301)
t_n266        19.5478 (15.6704, 23.4667) (15.5896, 23.3748)  7.7852 (Jnode 300)
t_n267        12.8426 ( 9.4709, 16.5134) ( 9.3689, 16.3855)  7.0166 (Jnode 299)
t_n268        30.6170 (26.7921, 34.7395) (26.6862, 34.6224)  7.9363 (Jnode 298)
t_n269        34.5213 (30.8556, 38.9508) (30.5418, 38.5691)  8.0273 (Jnode 297)
t_n270        32.4125 (28.8485, 36.6957) (28.7798, 36.5611)  7.7813 (Jnode 296)
t_n271        30.3194 (26.7917, 34.4579) (26.6422, 34.2904)  7.6482 (Jnode 295)
t_n272        28.5123 (24.9648, 32.6035) (24.7860, 32.3657)  7.5797 (Jnode 294)
t_n273        27.0757 (23.5315, 31.0561) (23.3391, 30.7993)  7.4602 (Jnode 293)
t_n274        25.4355 (21.9458, 29.3101) (21.8705, 29.2048)  7.3343 (Jnode 292)
t_n275        21.8409 (18.3555, 25.6585) (18.2286, 25.4887)  7.2601 (Jnode 291)
t_n276         0.4079 ( 0.1500,  0.8520) ( 0.1188,  0.7759)  0.6571 (Jnode 290)
t_n277        22.4640 (18.9390, 26.2676) (18.8666, 26.1880)  7.3214 (Jnode 289)
t_n278         0.0490 ( 0.0049,  0.1459) ( 0.0002,  0.1209)  0.1207 (Jnode 288)
t_n279        25.1807 (21.7513, 29.0248) (21.5632, 28.8015)  7.2383 (Jnode 287)
t_n280         5.9157 ( 3.4590,  8.9533) ( 3.2643,  8.6893)  5.4250 (Jnode 286)
t_n281         4.2247 ( 2.3754,  6.6763) ( 2.2328,  6.4283)  4.1954 (Jnode 285)
t_n282         0.0824 ( 0.0071,  0.2462) ( 0.0002,  0.2043)  0.2041 (Jnode 284)
t_n283        22.4044 (19.0250, 26.1152) (18.8255, 25.9137)  7.0881 (Jnode 283)
t_n284        16.4703 (13.2198, 19.9546) (13.2035, 19.9203)  6.7168 (Jnode 282)
t_n285        11.6008 ( 8.7235, 14.8097) ( 8.6672, 14.7084)  6.0412 (Jnode 281)
t_n286         2.1791 ( 1.2644,  3.4393) ( 1.1809,  3.2870)  2.1061 (Jnode 280)
t_n287         6.7023 ( 4.4925,  9.3383) ( 4.4015,  9.1894)  4.7879 (Jnode 279)
t_n288         3.8749 ( 2.2488,  6.0135) ( 2.1113,  5.7989)  3.6876 (Jnode 278)
t_n289         0.3430 ( 0.0697,  0.8809) ( 0.0320,  0.7667)  0.7347 (Jnode 277)
t_n290        25.7627 (22.0614, 29.8181) (21.8491, 29.5763)  7.7272 (Jnode 276)
t_n291        23.2669 (19.4638, 27.3551) (19.4066, 27.2778)  7.8712 (Jnode 275)
t_n292         5.1638 ( 2.7553,  8.4030) ( 2.5835,  8.1077)  5.5242 (Jnode 274)
t_n293        10.3297 ( 6.8641, 14.2996) ( 6.7229, 14.1022)  7.3793 (Jnode 273)
t_n294         2.2757 ( 1.1783,  3.8937) ( 1.0496,  3.6602)  2.6106 (Jnode 272)
t_n295        22.5521 (18.5807, 26.7178) (18.6378, 26.7499)  8.1121 (Jnode 271)
t_n296        30.5669 (27.0142, 34.7489) (26.8124, 34.4602)  7.6478 (Jnode 270)
t_n297        28.0391 (24.4862, 32.0323) (24.2716, 31.7640)  7.4925 (Jnode 269)
t_n298        23.6786 (20.1726, 27.4659) (20.0935, 27.3450)  7.2516 (Jnode 268)
t_n299        21.8836 (18.5146, 25.6161) (18.4413, 25.5337)  7.0924 (Jnode 267)
t_n300         8.8234 ( 6.0218, 12.0459) ( 5.8418, 11.8213)  5.9794 (Jnode 266)
t_n301         7.2863 ( 4.8660, 10.1754) ( 4.6970,  9.9259)  5.2289 (Jnode 265)
t_n302         2.2949 ( 1.3748,  3.5607) ( 1.3032,  3.4267)  2.1235 (Jnode 264)
t_n303         0.2703 ( 0.0790,  0.5988) ( 0.0579,  0.5443)  0.4864 (Jnode 263)
t_n304        16.8376 (13.6188, 20.3319) (13.6374, 20.3490)  6.7116 (Jnode 262)
t_n305        11.7965 ( 8.9860, 14.9012) ( 8.9225, 14.8171)  5.8945 (Jnode 261)
t_n306         8.5869 ( 6.2975, 11.2204) ( 6.2229, 11.1030)  4.8801 (Jnode 260)
t_n307         3.6722 ( 2.4771,  5.1909) ( 2.4234,  5.0941)  2.6707 (Jnode 259)
t_n308         2.1184 ( 1.3796,  3.1104) ( 1.3226,  3.0140)  1.6914 (Jnode 258)
t_n309         7.7599 ( 5.2419, 10.6788) ( 5.1211, 10.5351)  5.4141 (Jnode 257)
t_n310         3.6497 ( 2.2422,  5.5039) ( 2.1407,  5.3308)  3.1901 (Jnode 256)
t_n311        20.1318 (16.7392, 23.8235) (16.6396, 23.7145)  7.0748 (Jnode 255)
t_n312        17.5820 (14.2027, 21.2113) (14.0187, 21.0183)  6.9996 (Jnode 254)
t_n313        24.4219 (20.7566, 28.3557) (20.6144, 28.1895)  7.5751 (Jnode 253)
t_n314        10.6690 ( 7.0567, 14.5358) ( 6.9502, 14.4188)  7.4686 (Jnode 252)
t_n315         5.1518 ( 2.9564,  8.0071) ( 2.8214,  7.8088)  4.9874 (Jnode 251)
t_n316         3.4540 ( 1.9349,  5.5325) ( 1.8105,  5.3149)  3.5044 (Jnode 250)
t_n317         1.8591 ( 0.9834,  3.1249) ( 0.9063,  2.9790)  2.0726 (Jnode 249)
t_n318        26.9188 (22.8190, 31.2128) (22.8253, 31.2128)  8.3874 (Jnode 248)
t_n319        21.0432 (16.8820, 25.2741) (16.8856, 25.2751)  8.3895 (Jnode 247)
t_n320        17.1003 (13.1595, 21.2214) (12.8939, 20.9238)  8.0300 (Jnode 246)
t_n321        18.4311 (14.1865, 22.8150) (14.1513, 22.7598)  8.6085 (Jnode 245)
t_n322        33.6511 (29.3437, 38.3526) (29.1813, 38.1364)  8.9550 (Jnode 244)
t_n323        35.6589 (31.2726, 40.6372) (31.0292, 40.3135)  9.2844 (Jnode 243)
t_n324        31.3557 (26.6972, 36.3153) (26.6047, 36.1932)  9.5884 (Jnode 242)
t_n325         0.7868 ( 0.3228,  1.6193) ( 0.2488,  1.4558)  1.2070 (Jnode 241)
t_n326        24.2859 (19.2797, 29.3717) (19.2047, 29.2795) 10.0748 (Jnode 240)
t_n327         3.7204 ( 1.7019,  6.8147) ( 1.5010,  6.4154)  4.9145 (Jnode 239)
t_n328        38.1152 (33.4920, 43.3693) (33.3080, 43.1403)  9.8323 (Jnode 238)
t_n329        27.0511 (21.1906, 32.6095) (21.3034, 32.7089) 11.4054 (Jnode 237)
t_n330        22.7389 (17.1202, 28.3873) (17.0848, 28.3466) 11.2618 (Jnode 236)
t_n331        22.8209 (17.1564, 28.4756) (17.3107, 28.5864) 11.2757 (Jnode 235)
t_n332        42.1740 (37.3289, 47.9726) (37.2244, 47.8274) 10.6029 (Jnode 234)
t_n333        27.8142 (21.3308, 34.0909) (21.5638, 34.2803) 12.7165 (Jnode 233)
t_n334        23.0077 (16.9574, 29.1000) (16.9041, 29.0292) 12.1252 (Jnode 232)
t_n335         0.7217 ( 0.3091,  1.4479) ( 0.2546,  1.3075)  1.0529 (Jnode 231)
t_n336         3.5836 ( 1.8106,  6.1720) ( 1.6288,  5.8475)  4.2187 (Jnode 230)
t_n337         2.5408 ( 1.2518,  4.4557) ( 1.1454,  4.2250)  3.0796 (Jnode 229)
t_n338        28.0390 (21.3260, 34.3678) (21.5482, 34.5601) 13.0119 (Jnode 228)
t_n339        16.5842 (11.1646, 22.4358) (11.0485, 22.2764) 11.2278 (Jnode 227)
t_n340         0.1673 ( 0.0543,  0.3707) ( 0.0363,  0.3275)  0.2912 (Jnode 226)
t_n341        20.6095 (14.8956, 26.5152) (14.8645, 26.4819) 11.6174 (Jnode 225)
t_n342        10.3879 ( 6.6512, 14.8122) ( 6.4630, 14.5374)  8.0744 (Jnode 224)
t_n343         8.1387 ( 5.0969, 11.9261) ( 4.7115, 11.4202)  6.7087 (Jnode 223)
t_n344        45.4309 (40.3964, 51.5597) (40.2450, 51.3674) 11.1224 (Jnode 222)
t_n345        33.8852 (27.1039, 40.4480) (27.0485, 40.3685) 13.3200 (Jnode 221)
t_n346        28.2122 (21.5195, 34.7707) (21.3349, 34.5399) 13.2050 (Jnode 220)
t_n347        22.2485 (16.1340, 28.6368) (15.9670, 28.4090) 12.4420 (Jnode 219)
t_n348        13.0545 ( 8.5589, 18.4167) ( 8.1382, 17.8664)  9.7283 (Jnode 218)
t_n349         7.9271 ( 4.3213, 12.8039) ( 3.9940, 12.3078)  8.3138 (Jnode 217)
t_n350        38.5616 (33.1663, 44.5210) (33.0752, 44.3596) 11.2844 (Jnode 216)
t_n351        32.7270 (27.2212, 38.7218) (27.1332, 38.6230) 11.4898 (Jnode 215)
t_n352        25.4959 (19.8080, 31.3813) (19.7632, 31.3063) 11.5431 (Jnode 214)
t_n353         0.3339 ( 0.1228,  0.7136) ( 0.0883,  0.6344)  0.5461 (Jnode 213)
t_n354        29.7023 (24.1634, 35.6532) (23.9179, 35.3547) 11.4367 (Jnode 212)
t_n355        25.4997 (19.9832, 31.3731) (19.8633, 31.2035) 11.3402 (Jnode 211)
t_n356        33.4039 (27.8447, 39.3559) (27.7722, 39.2447) 11.4725 (Jnode 210)
t_n357         4.7411 ( 2.4203,  8.1287) ( 2.1297,  7.5977)  5.4681 (Jnode 209)
t_n358         3.9545 ( 2.0320,  6.7252) ( 1.7686,  6.3207)  4.5521 (Jnode 208)
t_n359        17.9953 (12.5371, 23.8713) (12.4368, 23.7431) 11.3062 (Jnode 207)
t_n360        14.3573 ( 9.6429, 19.6596) ( 9.4665, 19.4661)  9.9995 (Jnode 206)
t_n361         3.9301 ( 2.1998,  6.3808) ( 2.0624,  6.1391)  4.0767 (Jnode 205)
t_n362        19.5260 (10.7895, 28.7543) (10.4099, 28.2869) 17.8770 (Jnode 204)
t_n363        44.7983 (38.1931, 51.9409) (37.9039, 51.6070) 13.7031 (Jnode 203)
t_n364        32.0715 (24.2694, 39.7208) (24.2669, 39.7091) 15.4422 (Jnode 202)
t_n365        18.3798 (12.1551, 25.3952) (11.6960, 24.8848) 13.1888 (Jnode 201)
t_n366        15.0507 ( 9.7039, 21.4019) ( 9.3945, 20.9544) 11.5598 (Jnode 200)
t_n367        12.6416 ( 7.4046, 19.0930) ( 6.9396, 18.4911) 11.5515 (Jnode 199)
t_n368        48.5330 (41.3083, 56.1728) (40.9935, 55.7580) 14.7645 (Jnode 198)
t_n369        17.6881 ( 9.6826, 26.8507) ( 9.4710, 26.5111) 17.0401 (Jnode 197)
t_n370        18.8252 ( 8.1847, 32.2275) ( 7.4499, 31.1150) 23.6650 (Jnode 196)
t_n371        35.4930 (15.0632, 64.4142) (13.6566, 62.1512) 48.4946 (Jnode 195)
t_n372        28.9584 (12.5780, 52.6524) (11.2922, 50.4055) 39.1133 (Jnode 194)
t_n373        23.4560 (10.2831, 42.9658) ( 8.9228, 40.4298) 31.5070 (Jnode 193)
t_n374        18.0054 ( 7.9253, 33.3813) ( 6.7673, 31.2347) 24.4674 (Jnode 192)
t_n375         4.7861 ( 1.9603,  9.8286) ( 1.6212,  8.8946)  7.2734 (Jnode 191)
t_n376        25.8214 (11.2163, 47.0250) ( 9.7952, 44.6414) 34.8462 (Jnode 190)
t_n377        17.4317 ( 7.5924, 32.6701) ( 6.5263, 30.5639) 24.0376 (Jnode 189)
mu             0.0013 ( 0.0004,  0.0031) ( 0.0003,  0.0028)  0.0025
sigma2         0.0089 ( 0.0066,  0.0118) ( 0.0064,  0.0115)  0.0051
lnL         -207.2748 (-234.5690, -181.5230) (-233.6530, -180.9270) 52.7260
